../Core/Src/main.c:110:5:main	8	static
../Core/Src/main.c:174:6:SystemClock_Config	88	static
../Core/Src/main.c:227:6:PeriphCommonClock_Config	72	static
../Core/Src/main.c:254:13:MX_CRC_Init	8	static
../Core/Src/main.c:280:13:MX_DMA2D_Init	8	static
../Core/Src/main.c:317:13:MX_DSIHOST_DSI_Init	176	static
../Core/Src/main.c:426:13:MX_I2C1_Init	8	static
../Core/Src/main.c:460:13:MX_I2C2_Init	8	static
../Core/Src/main.c:494:13:MX_LTDC_Init	64	static
../Core/Src/main.c:556:13:MX_QUADSPI_Init	8	static
../Core/Src/main.c:591:13:MX_SAI1_Init	8	static
../Core/Src/main.c:641:13:MX_SDIO_SD_Init	4	static
../Core/Src/main.c:669:13:MX_TIM1_Init	32	static
../Core/Src/main.c:715:13:MX_USART3_UART_Init	8	static
../Core/Src/main.c:748:13:MX_USART6_UART_Init	8	static
../Core/Src/main.c:779:13:MX_DMA_Init	16	static
../Core/Src/main.c:796:13:MX_FMC_Init	40	static
../Core/Src/main.c:847:13:MX_GPIO_Init	72	static
../Core/Src/main.c:986:6:HAL_TIM_PeriodElapsedCallback	16	static
../Core/Src/main.c:1003:6:Error_Handler	4	static,ignoring_inline_asm
