../Core/Src/main.c:110:5:main	576	static
../Core/Src/main.c:211:6:SystemClock_Config	88	static
../Core/Src/main.c:264:6:PeriphCommonClock_Config	72	static
../Core/Src/main.c:291:13:MX_CRC_Init	8	static
../Core/Src/main.c:317:13:MX_DMA2D_Init	8	static
../Core/Src/main.c:354:13:MX_DSIHOST_DSI_Init	176	static
../Core/Src/main.c:463:13:MX_I2C1_Init	8	static
../Core/Src/main.c:497:13:MX_I2C2_Init	8	static
../Core/Src/main.c:531:13:MX_LTDC_Init	64	static
../Core/Src/main.c:593:13:MX_QUADSPI_Init	8	static
../Core/Src/main.c:628:13:MX_SAI1_Init	8	static
../Core/Src/main.c:678:13:MX_SDIO_SD_Init	4	static
../Core/Src/main.c:706:13:MX_TIM1_Init	32	static
../Core/Src/main.c:752:13:MX_USART3_UART_Init	8	static
../Core/Src/main.c:785:13:MX_USART6_UART_Init	8	static
../Core/Src/main.c:816:13:MX_DMA_Init	16	static
../Core/Src/main.c:833:13:MX_FMC_Init	40	static
../Core/Src/main.c:884:13:MX_GPIO_Init	72	static
../Core/Src/main.c:1023:6:HAL_TIM_PeriodElapsedCallback	16	static
../Core/Src/main.c:1040:6:Error_Handler	4	static,ignoring_inline_asm
