../Core/Src/stm32f4xx_it.c:80:6:NMI_Handler	4	static
../Core/Src/stm32f4xx_it.c:95:6:HardFault_Handler	4	static
../Core/Src/stm32f4xx_it.c:110:6:MemManage_Handler	4	static
../Core/Src/stm32f4xx_it.c:125:6:BusFault_Handler	4	static
../Core/Src/stm32f4xx_it.c:140:6:UsageFault_Handler	4	static
../Core/Src/stm32f4xx_it.c:155:6:SVC_Handler	4	static
../Core/Src/stm32f4xx_it.c:168:6:DebugMon_Handler	4	static
../Core/Src/stm32f4xx_it.c:181:6:PendSV_Handler	4	static
../Core/Src/stm32f4xx_it.c:194:6:SysTick_Handler	4	static
../Core/Src/stm32f4xx_it.c:215:6:RCC_IRQHandler	4	static
../Core/Src/stm32f4xx_it.c:228:6:SDIO_IRQHandler	8	static
../Core/Src/stm32f4xx_it.c:242:6:TIM6_DAC_IRQHandler	8	static
../Core/Src/stm32f4xx_it.c:256:6:DMA2_Stream1_IRQHandler	8	static
../Core/Src/stm32f4xx_it.c:270:6:DMA2_Stream3_IRQHandler	8	static
../Core/Src/stm32f4xx_it.c:284:6:OTG_FS_IRQHandler	8	static
../Core/Src/stm32f4xx_it.c:298:6:DMA2_Stream6_IRQHandler	8	static
../Core/Src/stm32f4xx_it.c:312:6:DMA2_Stream7_IRQHandler	8	static
../Core/Src/stm32f4xx_it.c:326:6:USART6_IRQHandler	8	static
../Core/Src/stm32f4xx_it.c:340:6:LTDC_IRQHandler	8	static
../Core/Src/stm32f4xx_it.c:354:6:DMA2D_IRQHandler	8	static
../Core/Src/stm32f4xx_it.c:368:6:DSI_IRQHandler	8	static
