../Core/Src/stm32f4xx_it.c:76:6:NMI_Handler	4	static
../Core/Src/stm32f4xx_it.c:91:6:HardFault_Handler	4	static
../Core/Src/stm32f4xx_it.c:106:6:MemManage_Handler	4	static
../Core/Src/stm32f4xx_it.c:121:6:BusFault_Handler	4	static
../Core/Src/stm32f4xx_it.c:136:6:UsageFault_Handler	4	static
../Core/Src/stm32f4xx_it.c:151:6:SVC_Handler	4	static
../Core/Src/stm32f4xx_it.c:164:6:DebugMon_Handler	4	static
../Core/Src/stm32f4xx_it.c:177:6:PendSV_Handler	4	static
../Core/Src/stm32f4xx_it.c:190:6:SysTick_Handler	4	static
../Core/Src/stm32f4xx_it.c:211:6:RCC_IRQHandler	4	static
../Core/Src/stm32f4xx_it.c:224:6:TIM6_DAC_IRQHandler	8	static
../Core/Src/stm32f4xx_it.c:238:6:DMA2_Stream3_IRQHandler	8	static
../Core/Src/stm32f4xx_it.c:252:6:OTG_FS_IRQHandler	8	static
../Core/Src/stm32f4xx_it.c:266:6:DMA2_Stream6_IRQHandler	8	static
../Core/Src/stm32f4xx_it.c:280:6:LTDC_IRQHandler	8	static
../Core/Src/stm32f4xx_it.c:294:6:DMA2D_IRQHandler	8	static
../Core/Src/stm32f4xx_it.c:308:6:DSI_IRQHandler	8	static
