../Core/Src/stm32f4xx_hal_msp.c:63:6:HAL_MspInit	16	static
../Core/Src/stm32f4xx_hal_msp.c:86:6:HAL_CRC_MspInit	24	static
../Core/Src/stm32f4xx_hal_msp.c:109:6:HAL_CRC_MspDeInit	16	static
../Core/Src/stm32f4xx_hal_msp.c:131:6:HAL_DMA2D_MspInit	24	static
../Core/Src/stm32f4xx_hal_msp.c:157:6:HAL_DMA2D_MspDeInit	16	static
../Core/Src/stm32f4xx_hal_msp.c:182:6:HAL_DSI_MspInit	48	static
../Core/Src/stm32f4xx_hal_msp.c:221:6:HAL_DSI_MspDeInit	16	static
../Core/Src/stm32f4xx_hal_msp.c:251:6:HAL_I2C_MspInit	56	static
../Core/Src/stm32f4xx_hal_msp.c:311:6:HAL_I2C_MspDeInit	16	static
../Core/Src/stm32f4xx_hal_msp.c:362:6:HAL_LTDC_MspInit	24	static
../Core/Src/stm32f4xx_hal_msp.c:388:6:HAL_LTDC_MspDeInit	16	static
../Core/Src/stm32f4xx_hal_msp.c:413:6:HAL_QSPI_MspInit	48	static
../Core/Src/stm32f4xx_hal_msp.c:469:6:HAL_QSPI_MspDeInit	16	static
../Core/Src/stm32f4xx_hal_msp.c:505:6:HAL_SD_MspInit	48	static
../Core/Src/stm32f4xx_hal_msp.c:555:6:HAL_SD_MspDeInit	16	static
../Core/Src/stm32f4xx_hal_msp.c:591:6:HAL_TIM_Base_MspInit	24	static
../Core/Src/stm32f4xx_hal_msp.c:614:6:HAL_TIM_Base_MspDeInit	16	static
../Core/Src/stm32f4xx_hal_msp.c:636:6:HAL_UART_MspInit	56	static
../Core/Src/stm32f4xx_hal_msp.c:696:6:HAL_UART_MspDeInit	16	static
../Core/Src/stm32f4xx_hal_msp.c:739:13:HAL_FMC_MspInit	32	static
../Core/Src/stm32f4xx_hal_msp.c:874:6:HAL_SDRAM_MspInit	16	static
../Core/Src/stm32f4xx_hal_msp.c:886:13:HAL_FMC_MspDeInit	8	static
../Core/Src/stm32f4xx_hal_msp.c:984:6:HAL_SDRAM_MspDeInit	16	static
../Core/Src/stm32f4xx_hal_msp.c:996:6:HAL_SAI_MspInit	40	static
../Core/Src/stm32f4xx_hal_msp.c:1040:6:HAL_SAI_MspDeInit	16	static
