E:/Dokumente/Weiterbildung/Studium Elektrotechnik/SA/Voicemail-Box/DevSandbox/VoiceMailBoxApplication/../../Software/LibVoiceMailBox/Inc/IFile.hpp:14:8:constexpr VMB::IFile::IFile()	16	static
E:/Dokumente/Weiterbildung/Studium Elektrotechnik/SA/Voicemail-Box/DevSandbox/VoiceMailBoxApplication/../../Software/LibVoiceMailBox/Inc/IFile.hpp:24:11:VMB::IFile::~IFile()	16	static
E:/Dokumente/Weiterbildung/Studium Elektrotechnik/SA/Voicemail-Box/DevSandbox/VoiceMailBoxApplication/../../Software/LibVoiceMailBox/Inc/IFile.hpp:24:11:virtual VMB::IFile::~IFile()	16	static
../Core/Src/VMB/FAT32File.cpp:19:2:VMB::FAT32File::FAT32File()	32	static
../Core/Src/VMB/FAT32File.cpp:36:2:VMB::FAT32File::~FAT32File()	16	static
../Core/Src/VMB/FAT32File.cpp:36:2:virtual VMB::FAT32File::~FAT32File()	16	static
../Core/Src/VMB/FAT32File.cpp:41:7:bool VMB::FAT32File::open(const char*, VMB::IFile::AccessMode)	56	static
../Core/Src/VMB/FAT32File.cpp:81:7:bool VMB::FAT32File::close()	16	static
../Core/Src/VMB/FAT32File.cpp:88:15:unsigned int VMB::FAT32File::write(const char*)	32	static
