E:/Dokumente/Weiterbildung/Studium Elektrotechnik/SA/Voicemail-Box/DevSandbox/Audio/Audio_playback_and_record/Src/main.c:46:5:main	1
E:/Dokumente/Weiterbildung/Studium Elektrotechnik/SA/Voicemail-Box/DevSandbox/Audio/Audio_playback_and_record/Src/main.c:89:6:Toggle_Leds	2
E:/Dokumente/Weiterbildung/Studium Elektrotechnik/SA/Voicemail-Box/DevSandbox/Audio/Audio_playback_and_record/Src/main.c:109:13:AUDIO_InitApplication	5
E:/Dokumente/Weiterbildung/Studium Elektrotechnik/SA/Voicemail-Box/DevSandbox/Audio/Audio_playback_and_record/Src/main.c:188:13:USBH_UserProcess	6
E:/Dokumente/Weiterbildung/Studium Elektrotechnik/SA/Voicemail-Box/DevSandbox/Audio/Audio_playback_and_record/Src/main.c:244:13:SystemClock_Config	1
