../Core/Src/main.c:83:5:main	16	static
../Core/Src/main.c:167:6:SystemClock_Config	120	static
../Core/Src/main.c:223:6:PeriphCommonClock_Config	200	static
../Core/Src/main.c:242:13:MX_I2C1_Init	8	static
../Core/Src/main.c:290:13:MX_SDMMC1_SD_Init	8	static
../Core/Src/main.c:321:13:MX_SPI1_Init	8	static
../Core/Src/main.c:369:13:MX_USART3_UART_Init	8	static
../Core/Src/main.c:417:13:MX_GPIO_Init	56	static
../Core/Src/main.c:510:6:MPU_Config	24	static
../Core/Src/main.c:541:6:Error_Handler	4	static,ignoring_inline_asm
