../Core/Src/main.c:92:5:main	16	static
../Core/Src/main.c:156:13:MX_ADC1_Init	48	static
../Core/Src/main.c:225:13:MX_I2C1_Init	8	static
../Core/Src/main.c:273:13:MX_I2S2_Init	8	static
../Core/Src/main.c:309:13:MX_SDMMC1_SD_Init	8	static
../Core/Src/main.c:340:13:MX_SPI1_Init	8	static
../Core/Src/main.c:388:13:MX_USART1_UART_Init	8	static
../Core/Src/main.c:434:13:MX_DMA_Init	16	static
../Core/Src/main.c:470:13:MX_GPIO_Init	56	static
../Core/Src/main.c:544:6:Error_Handler	4	static,ignoring_inline_asm
