E:/Dokumente/Weiterbildung/Studium Elektrotechnik/SA/Voicemail-Box/DevSandbox/Audio/Audio_playback_and_record/Utilities/Log/lcd_log.c:122:6:LCD_LOG_Init	8	static
E:/Dokumente/Weiterbildung/Studium Elektrotechnik/SA/Voicemail-Box/DevSandbox/Audio/Audio_playback_and_record/Utilities/Log/lcd_log.c:136:6:LCD_LOG_DeInit	4	static
E:/Dokumente/Weiterbildung/Studium Elektrotechnik/SA/Voicemail-Box/DevSandbox/Audio/Audio_playback_and_record/Utilities/Log/lcd_log.c:158:6:LCD_LOG_SetHeader	16	static
E:/Dokumente/Weiterbildung/Studium Elektrotechnik/SA/Voicemail-Box/DevSandbox/Audio/Audio_playback_and_record/Utilities/Log/lcd_log.c:182:6:LCD_LOG_SetFooter	24	static
E:/Dokumente/Weiterbildung/Studium Elektrotechnik/SA/Voicemail-Box/DevSandbox/Audio/Audio_playback_and_record/Utilities/Log/lcd_log.c:206:6:LCD_LOG_ClearTextZone	16	static
E:/Dokumente/Weiterbildung/Studium Elektrotechnik/SA/Voicemail-Box/DevSandbox/Audio/Audio_playback_and_record/Utilities/Log/lcd_log.c:224:1:__io_putchar	32	static
E:/Dokumente/Weiterbildung/Studium Elektrotechnik/SA/Voicemail-Box/DevSandbox/Audio/Audio_playback_and_record/Utilities/Log/lcd_log.c:300:6:LCD_LOG_UpdateDisplay	16	static
E:/Dokumente/Weiterbildung/Studium Elektrotechnik/SA/Voicemail-Box/DevSandbox/Audio/Audio_playback_and_record/Utilities/Log/lcd_log.c:348:13:LCD_LOG_ScrollBack	8	static
E:/Dokumente/Weiterbildung/Studium Elektrotechnik/SA/Voicemail-Box/DevSandbox/Audio/Audio_playback_and_record/Utilities/Log/lcd_log.c:420:13:LCD_LOG_ScrollForward	8	static
