/home/dominik/Documents/studium/sem08/SA/Voicemail-Box/Software/DevSandbox/F469Discovery_Application/../../BSP_VoiceMailBox/inc/HAL_abstraction.hpp:155:14:void VoiceMailBox::VMB_HAL_Delay(uint32_t)	16	static
/home/dominik/Documents/studium/sem08/SA/Voicemail-Box/Software/DevSandbox/F469Discovery_Application/../../BSP_VoiceMailBox/inc/HAL_abstraction.hpp:160:18:uint64_t VoiceMailBox::VMB_HAL_UpdateTick(uint64_t)	64	static
/home/dominik/Documents/studium/sem08/SA/Voicemail-Box/Software/DevSandbox/F469Discovery_Application/../../BSP_VoiceMailBox/inc/HAL_abstraction.hpp:195:18:uint64_t VoiceMailBox::VMB_HAL_GetTickCountInMs()	8	static
/home/dominik/st/stm32cubeide_1.15.1/plugins/com.st.stm32cube.ide.mcu.externaltools.gnu-tools-for-stm32.12.3.rel1.linux64_1.1.0.202410170702/tools/arm-none-eabi/include/c++/12.3.1/arm-none-eabi/thumb/v7e-m+fp/softfp/bits/c++config.h:516:3:constexpr bool std::__is_constant_evaluated()	4	static
/home/dominik/st/stm32cubeide_1.15.1/plugins/com.st.stm32cube.ide.mcu.externaltools.gnu-tools-for-stm32.12.3.rel1.linux64_1.1.0.202410170702/tools/arm-none-eabi/include/c++/12.3.1/type_traits:67:17:constexpr std::integral_constant<_Tp, __v>::operator value_type() const [with _Tp = bool; _Tp __v = true]	16	static
/home/dominik/Documents/studium/sem08/SA/Voicemail-Box/Software/DevSandbox/F469Discovery_Application/../../BSP_VoiceMailBox/inc/peripherals/uart.hpp:116:8:bool VoiceMailBox::UART::isSending() const	16	static
/home/dominik/Documents/studium/sem08/SA/Voicemail-Box/Software/DevSandbox/F469Discovery_Application/../../BSP_VoiceMailBox/inc/peripherals/uart.hpp:131:12:uint32_t VoiceMailBox::UART::getBufferSize() const	16	static
/home/dominik/st/stm32cubeide_1.15.1/plugins/com.st.stm32cube.ide.mcu.externaltools.gnu-tools-for-stm32.12.3.rel1.linux64_1.1.0.202410170702/tools/arm-none-eabi/include/c++/12.3.1/bits/char_traits.h:393:7:static std::size_t std::char_traits<char>::length(const char_type*)	16	static
/home/dominik/st/stm32cubeide_1.15.1/plugins/com.st.stm32cube.ide.mcu.externaltools.gnu-tools-for-stm32.12.3.rel1.linux64_1.1.0.202410170702/tools/arm-none-eabi/include/c++/12.3.1/bits/basic_string.h:4020:3:std::string std::__cxx11::to_string(int)	40	static
/home/dominik/st/stm32cubeide_1.15.1/plugins/com.st.stm32cube.ide.mcu.externaltools.gnu-tools-for-stm32.12.3.rel1.linux64_1.1.0.202410170702/tools/arm-none-eabi/include/c++/12.3.1/bits/basic_string.h:4034:3:std::string std::__cxx11::to_string(unsigned int)	32	static
/home/dominik/st/stm32cubeide_1.15.1/plugins/com.st.stm32cube.ide.mcu.externaltools.gnu-tools-for-stm32.12.3.rel1.linux64_1.1.0.202410170702/tools/arm-none-eabi/include/c++/12.3.1/bits/basic_string.h:4059:3:std::string std::__cxx11::to_string(long unsigned int)	32	static
/home/dominik/Documents/studium/sem08/SA/Voicemail-Box/Software/DevSandbox/F469Discovery_Application/../../BSP_VoiceMailBox/inc/utilities/File.hpp:133:8:bool VoiceMailBox::File::isOpen() const	16	static
/home/dominik/st/stm32cubeide_1.15.1/plugins/com.st.stm32cube.ide.mcu.externaltools.gnu-tools-for-stm32.12.3.rel1.linux64_1.1.0.202410170702/tools/arm-none-eabi/include/c++/12.3.1/arm-none-eabi/thumb/v7e-m+fp/softfp/bits/gthr-default.h:229:1:int __gthread_key_delete(__gthread_key_t)	16	static
/home/dominik/Documents/studium/sem08/SA/Voicemail-Box/Software/DevSandbox/F469Discovery_Application/../../BSP_VoiceMailBox/inc/peripherals/ATCommandClient.hpp:90:8:void VoiceMailBox::ATCommandClient::toggleLED()	16	static
/home/dominik/Documents/studium/sem08/SA/Voicemail-Box/Software/DevSandbox/F469Discovery_Application/../../BSP_VoiceMailBox/inc/peripherals/ATCommandClient.hpp:94:8:void VoiceMailBox::ATCommandClient::setLED(bool)	16	static
/home/dominik/st/stm32cubeide_1.15.1/plugins/com.st.stm32cube.ide.mcu.externaltools.gnu-tools-for-stm32.12.3.rel1.linux64_1.1.0.202410170702/tools/arm-none-eabi/include/c++/12.3.1/bit:248:5:constexpr int std::__countr_zero(_Tp) [with _Tp = int]	32	static
/home/dominik/st/stm32cubeide_1.15.1/plugins/com.st.stm32cube.ide.mcu.externaltools.gnu-tools-for-stm32.12.3.rel1.linux64_1.1.0.202410170702/tools/arm-none-eabi/include/c++/12.3.1/bit:365:5:constexpr _Tp std::__bit_width(_Tp) [with _Tp = int]	24	static
/home/dominik/Documents/studium/sem08/SA/Voicemail-Box/Software/BSP_VoiceMailBox/src/peripherals/ATCommandClient.cpp:14:3:VoiceMailBox::AutoLedClearer::AutoLedClearer(VoiceMailBox::DigitalPin*)	16	static
/home/dominik/Documents/studium/sem08/SA/Voicemail-Box/Software/BSP_VoiceMailBox/src/peripherals/ATCommandClient.cpp:20:3:VoiceMailBox::AutoLedClearer::~AutoLedClearer()	16	static
/home/dominik/Documents/studium/sem08/SA/Voicemail-Box/Software/BSP_VoiceMailBox/src/peripherals/ATCommandClient.cpp:30:2:VoiceMailBox::ATCommandClient::ATCommandClient(VoiceMailBox::VMB_UART_Handle*, uint16_t)	64	static
/home/dominik/Documents/studium/sem08/SA/Voicemail-Box/Software/BSP_VoiceMailBox/src/peripherals/ATCommandClient.cpp:41:2:VoiceMailBox::ATCommandClient::ATCommandClient(VoiceMailBox::VMB_UART_Handle*, uint16_t, VoiceMailBox::DigitalPin&)	64	static
/home/dominik/Documents/studium/sem08/SA/Voicemail-Box/Software/BSP_VoiceMailBox/src/peripherals/ATCommandClient.cpp:53:2:VoiceMailBox::ATCommandClient::~ATCommandClient()	16	static
/home/dominik/Documents/studium/sem08/SA/Voicemail-Box/Software/BSP_VoiceMailBox/src/peripherals/ATCommandClient.cpp:53:2:virtual VoiceMailBox::ATCommandClient::~ATCommandClient()	16	static
/home/dominik/Documents/studium/sem08/SA/Voicemail-Box/Software/BSP_VoiceMailBox/src/peripherals/ATCommandClient.cpp:57:7:void VoiceMailBox::ATCommandClient::setup()	16	static
/home/dominik/Documents/studium/sem08/SA/Voicemail-Box/Software/BSP_VoiceMailBox/src/peripherals/ATCommandClient.cpp:75:7:bool VoiceMailBox::ATCommandClient::sendCommand(const std::string&)	16	static
/home/dominik/Documents/studium/sem08/SA/Voicemail-Box/Software/BSP_VoiceMailBox/src/peripherals/ATCommandClient.cpp:79:7:bool VoiceMailBox::ATCommandClient::sendCommand(const char*)	48	static
/home/dominik/Documents/studium/sem08/SA/Voicemail-Box/Software/BSP_VoiceMailBox/src/peripherals/ATCommandClient.cpp:94:7:bool VoiceMailBox::ATCommandClient::sendBytes(const uint8_t*, uint16_t)	48	static
/home/dominik/Documents/studium/sem08/SA/Voicemail-Box/Software/BSP_VoiceMailBox/src/peripherals/ATCommandClient.cpp:108:7:bool VoiceMailBox::ATCommandClient::waitUntil(const char*, uint32_t)	24	static
/home/dominik/Documents/studium/sem08/SA/Voicemail-Box/Software/BSP_VoiceMailBox/src/peripherals/ATCommandClient.cpp:112:7:bool VoiceMailBox::ATCommandClient::waitUntilAndFlush(const char*, uint32_t)	24	static
/home/dominik/Documents/studium/sem08/SA/Voicemail-Box/Software/BSP_VoiceMailBox/src/peripherals/ATCommandClient.cpp:116:7:void VoiceMailBox::ATCommandClient::flushRX()	16	static
/home/dominik/Documents/studium/sem08/SA/Voicemail-Box/Software/BSP_VoiceMailBox/src/peripherals/ATCommandClient.cpp:120:11:uint32_t VoiceMailBox::ATCommandClient::flushNBytes(uint32_t)	16	static
/home/dominik/Documents/studium/sem08/SA/Voicemail-Box/Software/BSP_VoiceMailBox/src/peripherals/ATCommandClient.cpp:126:7:bool VoiceMailBox::ATCommandClient::doesRespond()	16	static
/home/dominik/Documents/studium/sem08/SA/Voicemail-Box/Software/BSP_VoiceMailBox/src/peripherals/ATCommandClient.cpp:145:7:bool VoiceMailBox::ATCommandClient::connectToWifi(const std::string&, const std::string&)	128	static
/home/dominik/Documents/studium/sem08/SA/Voicemail-Box/Software/BSP_VoiceMailBox/src/peripherals/ATCommandClient.cpp:170:7:bool VoiceMailBox::ATCommandClient::sendFileToServer(const std::string&, const std::string&, const std::string&, uint16_t)	1960	static
/home/dominik/Documents/studium/sem08/SA/Voicemail-Box/Software/BSP_VoiceMailBox/src/peripherals/ATCommandClient.cpp:348:7:bool VoiceMailBox::ATCommandClient::downloadFileFromServer(const std::string&, const std::string&, const std::string&, uint16_t)	720	static
/home/dominik/Documents/studium/sem08/SA/Voicemail-Box/Software/DevSandbox/F469Discovery_Application/../../BSP_VoiceMailBox/inc/peripherals/ATCommandClient.hpp:76:10:VoiceMailBox::ATCommandClient::DownloadData::DownloadData()	16	static
/home/dominik/Documents/studium/sem08/SA/Voicemail-Box/Software/DevSandbox/F469Discovery_Application/../../BSP_VoiceMailBox/inc/peripherals/ATCommandClient.hpp:76:10:VoiceMailBox::ATCommandClient::DownloadData::~DownloadData()	16	static
/home/dominik/Documents/studium/sem08/SA/Voicemail-Box/Software/BSP_VoiceMailBox/src/peripherals/ATCommandClient.cpp:390:7:bool VoiceMailBox::ATCommandClient::readFileDownloadResponse(uint32_t)	792	static
/home/dominik/Documents/studium/sem08/SA/Voicemail-Box/Software/BSP_VoiceMailBox/src/peripherals/ATCommandClient.cpp:467:7:bool VoiceMailBox::ATCommandClient::processFrame(DownloadData&, uint8_t*, uint32_t)	656	static
/home/dominik/Documents/studium/sem08/SA/Voicemail-Box/Software/BSP_VoiceMailBox/src/peripherals/ATCommandClient.cpp:581:7:bool VoiceMailBox::ATCommandClient::convertToUInt16(const std::string&, uint16_t&)	96	static
/home/dominik/Documents/studium/sem08/SA/Voicemail-Box/Software/BSP_VoiceMailBox/src/peripherals/ATCommandClient.cpp:600:7:bool VoiceMailBox::ATCommandClient::convertToUInt32(const std::string&, uint32_t&)	104	static
/home/dominik/st/stm32cubeide_1.15.1/plugins/com.st.stm32cube.ide.mcu.externaltools.gnu-tools-for-stm32.12.3.rel1.linux64_1.1.0.202410170702/tools/arm-none-eabi/include/c++/12.3.1/bits/charconv.h:47:5:constexpr unsigned int std::__detail::__to_chars_len(_Tp, int) [with _Tp = unsigned int]	32	static
/home/dominik/st/stm32cubeide_1.15.1/plugins/com.st.stm32cube.ide.mcu.externaltools.gnu-tools-for-stm32.12.3.rel1.linux64_1.1.0.202410170702/tools/arm-none-eabi/include/c++/12.3.1/bits/charconv.h:72:5:void std::__detail::__to_chars_10_impl(char*, unsigned int, _Tp) [with _Tp = unsigned int]	40	static
/home/dominik/st/stm32cubeide_1.15.1/plugins/com.st.stm32cube.ide.mcu.externaltools.gnu-tools-for-stm32.12.3.rel1.linux64_1.1.0.202410170702/tools/arm-none-eabi/include/c++/12.3.1/bits/charconv.h:47:5:constexpr unsigned int std::__detail::__to_chars_len(_Tp, int) [with _Tp = long unsigned int]	32	static
/home/dominik/st/stm32cubeide_1.15.1/plugins/com.st.stm32cube.ide.mcu.externaltools.gnu-tools-for-stm32.12.3.rel1.linux64_1.1.0.202410170702/tools/arm-none-eabi/include/c++/12.3.1/bits/charconv.h:72:5:void std::__detail::__to_chars_10_impl(char*, unsigned int, _Tp) [with _Tp = long unsigned int]	40	static
/home/dominik/st/stm32cubeide_1.15.1/plugins/com.st.stm32cube.ide.mcu.externaltools.gnu-tools-for-stm32.12.3.rel1.linux64_1.1.0.202410170702/tools/arm-none-eabi/include/c++/12.3.1/bits/basic_string.h:3524:5:std::__cxx11::basic_string<_CharT, _Traits, _Alloc> std::operator+(__cxx11::basic_string<_CharT, _Traits, _Alloc>&&, __cxx11::basic_string<_CharT, _Traits, _Alloc>&&) [with _CharT = char; _Traits = char_traits<char>; _Alloc = allocator<char>]	56	static
/home/dominik/st/stm32cubeide_1.15.1/plugins/com.st.stm32cube.ide.mcu.externaltools.gnu-tools-for-stm32.12.3.rel1.linux64_1.1.0.202410170702/tools/arm-none-eabi/include/c++/12.3.1/bits/basic_string.h:3547:5:std::__cxx11::basic_string<_CharT, _Traits, _Alloc> std::operator+(const _CharT*, __cxx11::basic_string<_CharT, _Traits, _Alloc>&&) [with _CharT = char; _Traits = char_traits<char>; _Alloc = allocator<char>]	24	static
/home/dominik/st/stm32cubeide_1.15.1/plugins/com.st.stm32cube.ide.mcu.externaltools.gnu-tools-for-stm32.12.3.rel1.linux64_1.1.0.202410170702/tools/arm-none-eabi/include/c++/12.3.1/bit:195:5:constexpr int std::__countl_zero(_Tp) [with _Tp = int]	40	static
/home/dominik/st/stm32cubeide_1.15.1/plugins/com.st.stm32cube.ide.mcu.externaltools.gnu-tools-for-stm32.12.3.rel1.linux64_1.1.0.202410170702/tools/arm-none-eabi/include/c++/12.3.1/bits/basic_string.tcc:610:5:std::__cxx11::basic_string<_CharT, _Traits, _Alloc> std::operator+(const _CharT*, const __cxx11::basic_string<_CharT, _Traits, _Alloc>&) [with _CharT = char; _Traits = char_traits<char>; _Alloc = allocator<char>]	40	static
/home/dominik/st/stm32cubeide_1.15.1/plugins/com.st.stm32cube.ide.mcu.externaltools.gnu-tools-for-stm32.12.3.rel1.linux64_1.1.0.202410170702/tools/arm-none-eabi/include/c++/12.3.1/bits/basic_string.h:3561:5:std::__cxx11::basic_string<_CharT, _Traits, _Alloc> std::operator+(__cxx11::basic_string<_CharT, _Traits, _Alloc>&&, const _CharT*) [with _CharT = char; _Traits = char_traits<char>; _Alloc = allocator<char>]	24	static
/home/dominik/st/stm32cubeide_1.15.1/plugins/com.st.stm32cube.ide.mcu.externaltools.gnu-tools-for-stm32.12.3.rel1.linux64_1.1.0.202410170702/tools/arm-none-eabi/include/c++/12.3.1/bits/basic_string.h:3510:5:std::__cxx11::basic_string<_CharT, _Traits, _Alloc> std::operator+(__cxx11::basic_string<_CharT, _Traits, _Alloc>&&, const __cxx11::basic_string<_CharT, _Traits, _Alloc>&) [with _CharT = char; _Traits = char_traits<char>; _Alloc = allocator<char>]	24	static
/home/dominik/st/stm32cubeide_1.15.1/plugins/com.st.stm32cube.ide.mcu.externaltools.gnu-tools-for-stm32.12.3.rel1.linux64_1.1.0.202410170702/tools/arm-none-eabi/include/c++/12.3.1/bits/stl_algobase.h:230:5:constexpr const _Tp& std::min(const _Tp&, const _Tp&) [with _Tp = long unsigned int]	16	static
/home/dominik/st/stm32cubeide_1.15.1/plugins/com.st.stm32cube.ide.mcu.externaltools.gnu-tools-for-stm32.12.3.rel1.linux64_1.1.0.202410170702/tools/arm-none-eabi/include/c++/12.3.1/charconv:550:5:std::__detail::__integer_from_chars_result_type<_Tp> std::from_chars(const char*, const char*, _Tp&, int) [with _Tp = long unsigned int]	48	static
/home/dominik/st/stm32cubeide_1.15.1/plugins/com.st.stm32cube.ide.mcu.externaltools.gnu-tools-for-stm32.12.3.rel1.linux64_1.1.0.202410170702/tools/arm-none-eabi/include/c++/12.3.1/bits/stl_algobase.h:230:5:constexpr const _Tp& std::min(const _Tp&, const _Tp&) [with _Tp = unsigned int]	16	static
/home/dominik/st/stm32cubeide_1.15.1/plugins/com.st.stm32cube.ide.mcu.externaltools.gnu-tools-for-stm32.12.3.rel1.linux64_1.1.0.202410170702/tools/arm-none-eabi/include/c++/12.3.1/charconv:550:5:std::__detail::__integer_from_chars_result_type<_Tp> std::from_chars(const char*, const char*, _Tp&, int) [with _Tp = long long unsigned int]	56	static
/home/dominik/st/stm32cubeide_1.15.1/plugins/com.st.stm32cube.ide.mcu.externaltools.gnu-tools-for-stm32.12.3.rel1.linux64_1.1.0.202410170702/tools/arm-none-eabi/include/c++/12.3.1/bits/allocator.h:205:7:bool std::operator==(const allocator<char>&, const allocator<char>&)	16	static
/home/dominik/st/stm32cubeide_1.15.1/plugins/com.st.stm32cube.ide.mcu.externaltools.gnu-tools-for-stm32.12.3.rel1.linux64_1.1.0.202410170702/tools/arm-none-eabi/include/c++/12.3.1/bits/move.h:104:5:constexpr typename std::remove_reference<_Tp>::type&& std::move(_Tp&&) [with _Tp = __cxx11::basic_string<char>&]	16	static
/home/dominik/st/stm32cubeide_1.15.1/plugins/com.st.stm32cube.ide.mcu.externaltools.gnu-tools-for-stm32.12.3.rel1.linux64_1.1.0.202410170702/tools/arm-none-eabi/include/c++/12.3.1/ext/alloc_traits.h:97:29:static constexpr _Alloc __gnu_cxx::__alloc_traits<_Alloc, <template-parameter-1-2> >::_S_select_on_copy(const _Alloc&) [with _Alloc = std::allocator<char>; <template-parameter-1-2> = char]	16	static
/home/dominik/st/stm32cubeide_1.15.1/plugins/com.st.stm32cube.ide.mcu.externaltools.gnu-tools-for-stm32.12.3.rel1.linux64_1.1.0.202410170702/tools/arm-none-eabi/include/c++/12.3.1/charconv:453:5:bool std::__detail::__from_chars_pow2_base(const char*&, const char*, _Tp&, int) [with bool _DecOnly = true; _Tp = unsigned int]	56	static
/home/dominik/st/stm32cubeide_1.15.1/plugins/com.st.stm32cube.ide.mcu.externaltools.gnu-tools-for-stm32.12.3.rel1.linux64_1.1.0.202410170702/tools/arm-none-eabi/include/c++/12.3.1/charconv:453:5:bool std::__detail::__from_chars_pow2_base(const char*&, const char*, _Tp&, int) [with bool _DecOnly = false; _Tp = unsigned int]	56	static
/home/dominik/st/stm32cubeide_1.15.1/plugins/com.st.stm32cube.ide.mcu.externaltools.gnu-tools-for-stm32.12.3.rel1.linux64_1.1.0.202410170702/tools/arm-none-eabi/include/c++/12.3.1/charconv:510:5:bool std::__detail::__from_chars_alnum(const char*&, const char*, _Tp&, int) [with bool _DecOnly = true; _Tp = unsigned int]	40	static
/home/dominik/st/stm32cubeide_1.15.1/plugins/com.st.stm32cube.ide.mcu.externaltools.gnu-tools-for-stm32.12.3.rel1.linux64_1.1.0.202410170702/tools/arm-none-eabi/include/c++/12.3.1/charconv:510:5:bool std::__detail::__from_chars_alnum(const char*&, const char*, _Tp&, int) [with bool _DecOnly = false; _Tp = unsigned int]	40	static
/home/dominik/st/stm32cubeide_1.15.1/plugins/com.st.stm32cube.ide.mcu.externaltools.gnu-tools-for-stm32.12.3.rel1.linux64_1.1.0.202410170702/tools/arm-none-eabi/include/c++/12.3.1/charconv:453:5:bool std::__detail::__from_chars_pow2_base(const char*&, const char*, _Tp&, int) [with bool _DecOnly = true; _Tp = long long unsigned int]	96	static
/home/dominik/st/stm32cubeide_1.15.1/plugins/com.st.stm32cube.ide.mcu.externaltools.gnu-tools-for-stm32.12.3.rel1.linux64_1.1.0.202410170702/tools/arm-none-eabi/include/c++/12.3.1/charconv:453:5:bool std::__detail::__from_chars_pow2_base(const char*&, const char*, _Tp&, int) [with bool _DecOnly = false; _Tp = long long unsigned int]	96	static
/home/dominik/st/stm32cubeide_1.15.1/plugins/com.st.stm32cube.ide.mcu.externaltools.gnu-tools-for-stm32.12.3.rel1.linux64_1.1.0.202410170702/tools/arm-none-eabi/include/c++/12.3.1/charconv:510:5:bool std::__detail::__from_chars_alnum(const char*&, const char*, _Tp&, int) [with bool _DecOnly = true; _Tp = long long unsigned int]	72	static
/home/dominik/st/stm32cubeide_1.15.1/plugins/com.st.stm32cube.ide.mcu.externaltools.gnu-tools-for-stm32.12.3.rel1.linux64_1.1.0.202410170702/tools/arm-none-eabi/include/c++/12.3.1/charconv:510:5:bool std::__detail::__from_chars_alnum(const char*&, const char*, _Tp&, int) [with bool _DecOnly = false; _Tp = long long unsigned int]	72	static
/home/dominik/st/stm32cubeide_1.15.1/plugins/com.st.stm32cube.ide.mcu.externaltools.gnu-tools-for-stm32.12.3.rel1.linux64_1.1.0.202410170702/tools/arm-none-eabi/include/c++/12.3.1/bits/alloc_traits.h:562:7:static std::allocator_traits<std::allocator<_Tp1> >::allocator_type std::allocator_traits<std::allocator<_Tp1> >::select_on_container_copy_construction(const allocator_type&) [with _Tp = char]	16	static
/home/dominik/st/stm32cubeide_1.15.1/plugins/com.st.stm32cube.ide.mcu.externaltools.gnu-tools-for-stm32.12.3.rel1.linux64_1.1.0.202410170702/tools/arm-none-eabi/include/c++/12.3.1/charconv:436:5:unsigned char std::__detail::__from_chars_alnum_to_val(unsigned char) [with bool _DecOnly = true]	16	static
/home/dominik/st/stm32cubeide_1.15.1/plugins/com.st.stm32cube.ide.mcu.externaltools.gnu-tools-for-stm32.12.3.rel1.linux64_1.1.0.202410170702/tools/arm-none-eabi/include/c++/12.3.1/bit:365:5:constexpr _Tp std::__bit_width(_Tp) [with _Tp = unsigned char]	24	static
/home/dominik/st/stm32cubeide_1.15.1/plugins/com.st.stm32cube.ide.mcu.externaltools.gnu-tools-for-stm32.12.3.rel1.linux64_1.1.0.202410170702/tools/arm-none-eabi/include/c++/12.3.1/charconv:436:5:unsigned char std::__detail::__from_chars_alnum_to_val(unsigned char) [with bool _DecOnly = false]	16	static
/home/dominik/st/stm32cubeide_1.15.1/plugins/com.st.stm32cube.ide.mcu.externaltools.gnu-tools-for-stm32.12.3.rel1.linux64_1.1.0.202410170702/tools/arm-none-eabi/include/c++/12.3.1/charconv:402:5:bool std::__detail::__raise_and_add(_Tp&, int, unsigned char) [with _Tp = unsigned int]	32	static
/home/dominik/st/stm32cubeide_1.15.1/plugins/com.st.stm32cube.ide.mcu.externaltools.gnu-tools-for-stm32.12.3.rel1.linux64_1.1.0.202410170702/tools/arm-none-eabi/include/c++/12.3.1/charconv:402:5:bool std::__detail::__raise_and_add(_Tp&, int, unsigned char) [with _Tp = long long unsigned int]	120	static
/home/dominik/st/stm32cubeide_1.15.1/plugins/com.st.stm32cube.ide.mcu.externaltools.gnu-tools-for-stm32.12.3.rel1.linux64_1.1.0.202410170702/tools/arm-none-eabi/include/c++/12.3.1/bit:195:5:constexpr int std::__countl_zero(_Tp) [with _Tp = unsigned char]	40	static
/home/dominik/Documents/studium/sem08/SA/Voicemail-Box/Software/BSP_VoiceMailBox/src/peripherals/ATCommandClient.cpp:619:1:void __static_initialization_and_destruction_0(int, int)	16	static
/home/dominik/Documents/studium/sem08/SA/Voicemail-Box/Software/BSP_VoiceMailBox/src/peripherals/ATCommandClient.cpp:619:1:cpp)	8	static
/home/dominik/Documents/studium/sem08/SA/Voicemail-Box/Software/BSP_VoiceMailBox/src/peripherals/ATCommandClient.cpp:619:1:cpp)	8	static
