/home/dominik/Documents/studium/sem08/SA/Voicemail-Box/Software/DevSandbox/F469Discovery_Application/../../BSP_VoiceMailBox/inc/HAL_abstraction.hpp:155:14:void VoiceMailBox::VMB_HAL_Delay(uint32_t)	16	static
/home/dominik/Documents/studium/sem08/SA/Voicemail-Box/Software/DevSandbox/F469Discovery_Application/../../BSP_VoiceMailBox/inc/HAL_abstraction.hpp:160:18:uint64_t VoiceMailBox::VMB_HAL_UpdateTick(uint64_t)	64	static
/home/dominik/Documents/studium/sem08/SA/Voicemail-Box/Software/DevSandbox/F469Discovery_Application/../../BSP_VoiceMailBox/inc/HAL_abstraction.hpp:195:18:uint64_t VoiceMailBox::VMB_HAL_GetTickCountInMs()	8	static
/home/dominik/st/stm32cubeide_1.15.1/plugins/com.st.stm32cube.ide.mcu.externaltools.gnu-tools-for-stm32.12.3.rel1.linux64_1.1.0.202410170702/tools/arm-none-eabi/include/c++/12.3.1/new:174:33:void* operator new(std::size_t, void*)	16	static
/home/dominik/st/stm32cubeide_1.15.1/plugins/com.st.stm32cube.ide.mcu.externaltools.gnu-tools-for-stm32.12.3.rel1.linux64_1.1.0.202410170702/tools/arm-none-eabi/include/c++/12.3.1/bits/std_function.h:85:17:void* std::_Any_data::_M_access()	16	static
/home/dominik/st/stm32cubeide_1.15.1/plugins/com.st.stm32cube.ide.mcu.externaltools.gnu-tools-for-stm32.12.3.rel1.linux64_1.1.0.202410170702/tools/arm-none-eabi/include/c++/12.3.1/bits/std_function.h:86:17:const void* std::_Any_data::_M_access() const	16	static
/home/dominik/st/stm32cubeide_1.15.1/plugins/com.st.stm32cube.ide.mcu.externaltools.gnu-tools-for-stm32.12.3.rel1.linux64_1.1.0.202410170702/tools/arm-none-eabi/include/c++/12.3.1/bits/std_function.h:241:5:std::_Function_base::~_Function_base()	16	static
/home/dominik/Documents/studium/sem08/SA/Voicemail-Box/Software/DevSandbox/F469Discovery_Application/../../BSP_VoiceMailBox/inc/peripherals/i2s.hpp:59:8:bool VoiceMailBox::I2S::isDataReady() const	16	static
/home/dominik/Documents/studium/sem08/SA/Voicemail-Box/Software/DevSandbox/F469Discovery_Application/../../BSP_VoiceMailBox/inc/peripherals/i2s.hpp:66:8:bool VoiceMailBox::I2S::isDataReadyAndClearFlag()	24	static
/home/dominik/Documents/studium/sem08/SA/Voicemail-Box/Software/DevSandbox/F469Discovery_Application/../../BSP_VoiceMailBox/inc/peripherals/i2s.hpp:79:8:void VoiceMailBox::I2S::clearDataReadyFlag()	16	static
/home/dominik/Documents/studium/sem08/SA/Voicemail-Box/Software/DevSandbox/F469Discovery_Application/../../BSP_VoiceMailBox/inc/peripherals/i2s.hpp:86:21:volatile int16_t* VoiceMailBox::I2S::getRxBufPtr()	16	static
/home/dominik/Documents/studium/sem08/SA/Voicemail-Box/Software/DevSandbox/F469Discovery_Application/../../BSP_VoiceMailBox/inc/peripherals/i2s.hpp:93:21:volatile int16_t* VoiceMailBox::I2S::getTxBufPtr()	16	static
/home/dominik/Documents/studium/sem08/SA/Voicemail-Box/Software/DevSandbox/F469Discovery_Application/../../BSP_VoiceMailBox/inc/peripherals/i2s.hpp:99:12:uint32_t VoiceMailBox::I2S::getBufferSize() const	16	static
/home/dominik/Documents/studium/sem08/SA/Voicemail-Box/Software/DevSandbox/F469Discovery_Application/../../BSP_VoiceMailBox/inc/peripherals/i2s.hpp:110:8:void VoiceMailBox::I2S::clearTxBuf()	16	static
/home/dominik/Documents/studium/sem08/SA/Voicemail-Box/Software/DevSandbox/F469Discovery_Application/../../BSP_VoiceMailBox/inc/peripherals/Codec_TLV320AIC3104.hpp:167:8:virtual bool VoiceMailBox::Codec_TLV320AIC3104::startDMA()	16	static
/home/dominik/Documents/studium/sem08/SA/Voicemail-Box/Software/DevSandbox/F469Discovery_Application/../../BSP_VoiceMailBox/inc/peripherals/Codec_TLV320AIC3104.hpp:173:8:virtual bool VoiceMailBox::Codec_TLV320AIC3104::stopDMA()	16	static
/home/dominik/Documents/studium/sem08/SA/Voicemail-Box/Software/DevSandbox/F469Discovery_Application/../../BSP_VoiceMailBox/inc/peripherals/Codec_TLV320AIC3104.hpp:178:8:virtual bool VoiceMailBox::Codec_TLV320AIC3104::isDataReady() const	16	static
/home/dominik/Documents/studium/sem08/SA/Voicemail-Box/Software/DevSandbox/F469Discovery_Application/../../BSP_VoiceMailBox/inc/peripherals/Codec_TLV320AIC3104.hpp:184:8:virtual bool VoiceMailBox::Codec_TLV320AIC3104::isDataReadyAndClearFlag()	16	static
/home/dominik/Documents/studium/sem08/SA/Voicemail-Box/Software/DevSandbox/F469Discovery_Application/../../BSP_VoiceMailBox/inc/peripherals/Codec_TLV320AIC3104.hpp:189:8:virtual void VoiceMailBox::Codec_TLV320AIC3104::clearDataReadyFlag()	16	static
/home/dominik/Documents/studium/sem08/SA/Voicemail-Box/Software/DevSandbox/F469Discovery_Application/../../BSP_VoiceMailBox/inc/peripherals/Codec_TLV320AIC3104.hpp:195:21:virtual volatile int16_t* VoiceMailBox::Codec_TLV320AIC3104::getRxBufPtr()	16	static
/home/dominik/Documents/studium/sem08/SA/Voicemail-Box/Software/DevSandbox/F469Discovery_Application/../../BSP_VoiceMailBox/inc/peripherals/Codec_TLV320AIC3104.hpp:201:21:virtual volatile int16_t* VoiceMailBox::Codec_TLV320AIC3104::getTxBufPtr()	16	static
/home/dominik/Documents/studium/sem08/SA/Voicemail-Box/Software/DevSandbox/F469Discovery_Application/../../BSP_VoiceMailBox/inc/peripherals/Codec_TLV320AIC3104.hpp:207:12:virtual uint32_t VoiceMailBox::Codec_TLV320AIC3104::getBufferSize() const	16	static
/home/dominik/Documents/studium/sem08/SA/Voicemail-Box/Software/DevSandbox/F469Discovery_Application/../../BSP_VoiceMailBox/inc/peripherals/Codec_TLV320AIC3104.hpp:213:12:virtual uint32_t VoiceMailBox::Codec_TLV320AIC3104::getSampleRate() const	16	static
/home/dominik/Documents/studium/sem08/SA/Voicemail-Box/Software/DevSandbox/F469Discovery_Application/../../BSP_VoiceMailBox/inc/peripherals/Codec_TLV320AIC3104.hpp:221:12:virtual uint16_t VoiceMailBox::Codec_TLV320AIC3104::getBitsPerSample() const	16	static
/home/dominik/Documents/studium/sem08/SA/Voicemail-Box/Software/DevSandbox/F469Discovery_Application/../../BSP_VoiceMailBox/inc/peripherals/Codec_TLV320AIC3104.hpp:229:12:virtual uint16_t VoiceMailBox::Codec_TLV320AIC3104::getNumChannels() const	16	static
/home/dominik/Documents/studium/sem08/SA/Voicemail-Box/Software/DevSandbox/F469Discovery_Application/../../BSP_VoiceMailBox/inc/peripherals/Codec_TLV320AIC3104.hpp:236:8:virtual void VoiceMailBox::Codec_TLV320AIC3104::clearTxBuf()	16	static
/home/dominik/Documents/studium/sem08/SA/Voicemail-Box/Software/DevSandbox/F469Discovery_Application/../../BSP_VoiceMailBox/inc/peripherals/Codec_TLV320AIC3104.hpp:303:9:virtual float VoiceMailBox::Codec_TLV320AIC3104::getProcessingTimeRatio() const	16	static
/home/dominik/st/stm32cubeide_1.15.1/plugins/com.st.stm32cube.ide.mcu.externaltools.gnu-tools-for-stm32.12.3.rel1.linux64_1.1.0.202410170702/tools/arm-none-eabi/include/c++/12.3.1/arm-none-eabi/thumb/v7e-m+fp/softfp/bits/gthr-default.h:229:1:int __gthread_key_delete(__gthread_key_t)	16	static
/home/dominik/Documents/studium/sem08/SA/Voicemail-Box/Software/DevSandbox/F469Discovery_Application/../../BSP_VoiceMailBox/inc/peripherals/AudioCodec.hpp:20:8:constexpr VoiceMailBox::AudioCodec::AudioCodec()	16	static
/home/dominik/Documents/studium/sem08/SA/Voicemail-Box/Software/DevSandbox/F469Discovery_Application/../../BSP_VoiceMailBox/inc/peripherals/AudioCodec.hpp:23:11:VoiceMailBox::AudioCodec::~AudioCodec()	16	static
/home/dominik/Documents/studium/sem08/SA/Voicemail-Box/Software/DevSandbox/F469Discovery_Application/../../BSP_VoiceMailBox/inc/peripherals/AudioCodec.hpp:23:11:virtual VoiceMailBox::AudioCodec::~AudioCodec()	16	static
/home/dominik/Documents/studium/sem08/SA/Voicemail-Box/Software/BSP_VoiceMailBox/src/peripherals/Codec_TLV320AIC3104.cpp:17:29:VoiceMailBox::Codec_TLV320AIC3104::Codec_TLV320AIC3104(VoiceMailBox::VMB_I2S_Handle*, uint16_t, VoiceMailBox::I2C&, uint8_t, VoiceMailBox::VMB_GPIO*, uint16_t)::<lambda(VoiceMailBox::I2S&)>	16	static
/home/dominik/st/stm32cubeide_1.15.1/plugins/com.st.stm32cube.ide.mcu.externaltools.gnu-tools-for-stm32.12.3.rel1.linux64_1.1.0.202410170702/tools/arm-none-eabi/include/c++/12.3.1/bits/std_function.h:334:11:std::function<void(VoiceMailBox::I2S&)>::~function()	16	static
/home/dominik/Documents/studium/sem08/SA/Voicemail-Box/Software/BSP_VoiceMailBox/src/peripherals/Codec_TLV320AIC3104.cpp:18:25:VoiceMailBox::Codec_TLV320AIC3104::Codec_TLV320AIC3104(VoiceMailBox::VMB_I2S_Handle*, uint16_t, VoiceMailBox::I2C&, uint8_t, VoiceMailBox::VMB_GPIO*, uint16_t)::<lambda(VoiceMailBox::I2S&)>	16	static
/home/dominik/Documents/studium/sem08/SA/Voicemail-Box/Software/BSP_VoiceMailBox/src/peripherals/Codec_TLV320AIC3104.cpp:6:2:VoiceMailBox::Codec_TLV320AIC3104::Codec_TLV320AIC3104(VoiceMailBox::VMB_I2S_Handle*, uint16_t, VoiceMailBox::I2C&, uint8_t, VoiceMailBox::VMB_GPIO*, uint16_t)	72	static
/home/dominik/Documents/studium/sem08/SA/Voicemail-Box/Software/BSP_VoiceMailBox/src/peripherals/Codec_TLV320AIC3104.cpp:22:2:VoiceMailBox::Codec_TLV320AIC3104::~Codec_TLV320AIC3104()	16	static
/home/dominik/Documents/studium/sem08/SA/Voicemail-Box/Software/BSP_VoiceMailBox/src/peripherals/Codec_TLV320AIC3104.cpp:22:2:virtual VoiceMailBox::Codec_TLV320AIC3104::~Codec_TLV320AIC3104()	16	static
/home/dominik/Documents/studium/sem08/SA/Voicemail-Box/Software/BSP_VoiceMailBox/src/peripherals/Codec_TLV320AIC3104.cpp:27:7:void VoiceMailBox::Codec_TLV320AIC3104::reset()	16	static
/home/dominik/Documents/studium/sem08/SA/Voicemail-Box/Software/BSP_VoiceMailBox/src/peripherals/Codec_TLV320AIC3104.cpp:38:7:void VoiceMailBox::Codec_TLV320AIC3104::setup()	24	static
/home/dominik/Documents/studium/sem08/SA/Voicemail-Box/Software/BSP_VoiceMailBox/src/peripherals/Codec_TLV320AIC3104.cpp:103:7:void VoiceMailBox::Codec_TLV320AIC3104::onI2S_DMA_TxRx_HalfCpltCallback()	16	static
/home/dominik/Documents/studium/sem08/SA/Voicemail-Box/Software/BSP_VoiceMailBox/src/peripherals/Codec_TLV320AIC3104.cpp:113:7:void VoiceMailBox::Codec_TLV320AIC3104::onI2S_DMA_TxRx_CpltCallback()	16	static
/home/dominik/Documents/studium/sem08/SA/Voicemail-Box/Software/BSP_VoiceMailBox/src/peripherals/Codec_TLV320AIC3104.cpp:125:7:virtual void VoiceMailBox::Codec_TLV320AIC3104::startDataProcessing()	16	static
/home/dominik/Documents/studium/sem08/SA/Voicemail-Box/Software/BSP_VoiceMailBox/src/peripherals/Codec_TLV320AIC3104.cpp:131:7:virtual void VoiceMailBox::Codec_TLV320AIC3104::endDataProcessing()	16	static
/home/dominik/Documents/studium/sem08/SA/Voicemail-Box/Software/BSP_VoiceMailBox/src/peripherals/Codec_TLV320AIC3104.cpp:138:7:void VoiceMailBox::Codec_TLV320AIC3104::setMicrophoneGainDB(float)	24	static
/home/dominik/Documents/studium/sem08/SA/Voicemail-Box/Software/BSP_VoiceMailBox/src/peripherals/Codec_TLV320AIC3104.cpp:155:7:void VoiceMailBox::Codec_TLV320AIC3104::writeRegister(uint8_t, uint8_t)	24	static
/home/dominik/Documents/studium/sem08/SA/Voicemail-Box/Software/BSP_VoiceMailBox/src/peripherals/Codec_TLV320AIC3104.cpp:164:10:uint8_t VoiceMailBox::Codec_TLV320AIC3104::readRegister(uint8_t)	24	static
/home/dominik/Documents/studium/sem08/SA/Voicemail-Box/Software/BSP_VoiceMailBox/src/peripherals/Codec_TLV320AIC3104.cpp:175:10:uint8_t VoiceMailBox::Codec_TLV320AIC3104::getCurrentRegisterPage()	16	static
/home/dominik/Documents/studium/sem08/SA/Voicemail-Box/Software/BSP_VoiceMailBox/src/peripherals/Codec_TLV320AIC3104.cpp:179:7:void VoiceMailBox::Codec_TLV320AIC3104::setCurrentRegisterPage(uint8_t)	24	static
/home/dominik/st/stm32cubeide_1.15.1/plugins/com.st.stm32cube.ide.mcu.externaltools.gnu-tools-for-stm32.12.3.rel1.linux64_1.1.0.202410170702/tools/arm-none-eabi/include/c++/12.3.1/bits/std_function.h:334:11:std::function<void(VoiceMailBox::DigitalPin&)>::~function()	16	static
/home/dominik/st/stm32cubeide_1.15.1/plugins/com.st.stm32cube.ide.mcu.externaltools.gnu-tools-for-stm32.12.3.rel1.linux64_1.1.0.202410170702/tools/arm-none-eabi/include/c++/12.3.1/bits/std_function.h:239:5:constexpr std::_Function_base::_Function_base()	16	static
/home/dominik/st/stm32cubeide_1.15.1/plugins/com.st.stm32cube.ide.mcu.externaltools.gnu-tools-for-stm32.12.3.rel1.linux64_1.1.0.202410170702/tools/arm-none-eabi/include/c++/12.3.1/bits/std_function.h:435:2:)>::function(_Functor&&) [with _Functor = VoiceMailBox::Codec_TLV320AIC3104::Codec_TLV320AIC3104(VoiceMailBox::VMB_I2S_Handle*, uint16_t, VoiceMailBox::I2C&, uint8_t, VoiceMailBox::VMB_GPIO*, uint16_t)::<lambda(VoiceMailBox::I2S&)>; _Constraints = void; _Res = void; _ArgTypes = {VoiceMailBox::I2S&}]	24	static
/home/dominik/st/stm32cubeide_1.15.1/plugins/com.st.stm32cube.ide.mcu.externaltools.gnu-tools-for-stm32.12.3.rel1.linux64_1.1.0.202410170702/tools/arm-none-eabi/include/c++/12.3.1/bits/std_function.h:435:2:)>::function(_Functor&&) [with _Functor = VoiceMailBox::Codec_TLV320AIC3104::Codec_TLV320AIC3104(VoiceMailBox::VMB_I2S_Handle*, uint16_t, VoiceMailBox::I2C&, uint8_t, VoiceMailBox::VMB_GPIO*, uint16_t)::<lambda(VoiceMailBox::I2S&)>; _Constraints = void; _Res = void; _ArgTypes = {VoiceMailBox::I2S&}]	24	static
/home/dominik/st/stm32cubeide_1.15.1/plugins/com.st.stm32cube.ide.mcu.externaltools.gnu-tools-for-stm32.12.3.rel1.linux64_1.1.0.202410170702/tools/arm-none-eabi/include/c++/12.3.1/bits/std_function.h:235:4:static bool std::_Function_base::_Base_manager<_Functor>::_M_not_empty_function(const _Tp&) [with _Tp = VoiceMailBox::Codec_TLV320AIC3104::Codec_TLV320AIC3104(VoiceMailBox::VMB_I2S_Handle*, uint16_t, VoiceMailBox::I2C&, uint8_t, VoiceMailBox::VMB_GPIO*, uint16_t)::<lambda(VoiceMailBox::I2S&)>; _Functor = VoiceMailBox::Codec_TLV320AIC3104::Codec_TLV320AIC3104(VoiceMailBox::VMB_I2S_Handle*, uint16_t, VoiceMailBox::I2C&, uint8_t, VoiceMailBox::VMB_GPIO*, uint16_t)::<lambda(VoiceMailBox::I2S&)>]	16	static
/home/dominik/st/stm32cubeide_1.15.1/plugins/com.st.stm32cube.ide.mcu.externaltools.gnu-tools-for-stm32.12.3.rel1.linux64_1.1.0.202410170702/tools/arm-none-eabi/include/c++/12.3.1/bits/move.h:77:5:constexpr _Tp&& std::forward(typename remove_reference<_Tp>::type&) [with _Tp = VoiceMailBox::Codec_TLV320AIC3104::Codec_TLV320AIC3104(VoiceMailBox::VMB_I2S_Handle*, uint16_t, VoiceMailBox::I2C&, uint8_t, VoiceMailBox::VMB_GPIO*, uint16_t)::<lambda(VoiceMailBox::I2S&)>]	16	static
/home/dominik/st/stm32cubeide_1.15.1/plugins/com.st.stm32cube.ide.mcu.externaltools.gnu-tools-for-stm32.12.3.rel1.linux64_1.1.0.202410170702/tools/arm-none-eabi/include/c++/12.3.1/bits/std_function.h:211:4:static void std::_Function_base::_Base_manager<_Functor>::_M_init_functor(std::_Any_data&, _Fn&&) [with _Fn = VoiceMailBox::Codec_TLV320AIC3104::Codec_TLV320AIC3104(VoiceMailBox::VMB_I2S_Handle*, uint16_t, VoiceMailBox::I2C&, uint8_t, VoiceMailBox::VMB_GPIO*, uint16_t)::<lambda(VoiceMailBox::I2S&)>; _Functor = VoiceMailBox::Codec_TLV320AIC3104::Codec_TLV320AIC3104(VoiceMailBox::VMB_I2S_Handle*, uint16_t, VoiceMailBox::I2C&, uint8_t, VoiceMailBox::VMB_GPIO*, uint16_t)::<lambda(VoiceMailBox::I2S&)>]	24	static
/home/dominik/st/stm32cubeide_1.15.1/plugins/com.st.stm32cube.ide.mcu.externaltools.gnu-tools-for-stm32.12.3.rel1.linux64_1.1.0.202410170702/tools/arm-none-eabi/include/c++/12.3.1/bits/std_function.h:288:7:) [with _Res = void; _Functor = VoiceMailBox::Codec_TLV320AIC3104::Codec_TLV320AIC3104(VoiceMailBox::VMB_I2S_Handle*, uint16_t, VoiceMailBox::I2C&, uint8_t, VoiceMailBox::VMB_GPIO*, uint16_t)::<lambda(VoiceMailBox::I2S&)>; _ArgTypes = {VoiceMailBox::I2S&}]	24	static
/home/dominik/st/stm32cubeide_1.15.1/plugins/com.st.stm32cube.ide.mcu.externaltools.gnu-tools-for-stm32.12.3.rel1.linux64_1.1.0.202410170702/tools/arm-none-eabi/include/c++/12.3.1/bits/std_function.h:267:7:), _Functor>::_M_manager(std::_Any_data&, const std::_Any_data&, std::_Manager_operation) [with _Res = void; _Functor = VoiceMailBox::Codec_TLV320AIC3104::Codec_TLV320AIC3104(VoiceMailBox::VMB_I2S_Handle*, uint16_t, VoiceMailBox::I2C&, uint8_t, VoiceMailBox::VMB_GPIO*, uint16_t)::<lambda(VoiceMailBox::I2S&)>; _ArgTypes = {VoiceMailBox::I2S&}]	32	static
/home/dominik/st/stm32cubeide_1.15.1/plugins/com.st.stm32cube.ide.mcu.externaltools.gnu-tools-for-stm32.12.3.rel1.linux64_1.1.0.202410170702/tools/arm-none-eabi/include/c++/12.3.1/bits/std_function.h:235:4:static bool std::_Function_base::_Base_manager<_Functor>::_M_not_empty_function(const _Tp&) [with _Tp = VoiceMailBox::Codec_TLV320AIC3104::Codec_TLV320AIC3104(VoiceMailBox::VMB_I2S_Handle*, uint16_t, VoiceMailBox::I2C&, uint8_t, VoiceMailBox::VMB_GPIO*, uint16_t)::<lambda(VoiceMailBox::I2S&)>; _Functor = VoiceMailBox::Codec_TLV320AIC3104::Codec_TLV320AIC3104(VoiceMailBox::VMB_I2S_Handle*, uint16_t, VoiceMailBox::I2C&, uint8_t, VoiceMailBox::VMB_GPIO*, uint16_t)::<lambda(VoiceMailBox::I2S&)>]	16	static
/home/dominik/st/stm32cubeide_1.15.1/plugins/com.st.stm32cube.ide.mcu.externaltools.gnu-tools-for-stm32.12.3.rel1.linux64_1.1.0.202410170702/tools/arm-none-eabi/include/c++/12.3.1/bits/move.h:77:5:constexpr _Tp&& std::forward(typename remove_reference<_Tp>::type&) [with _Tp = VoiceMailBox::Codec_TLV320AIC3104::Codec_TLV320AIC3104(VoiceMailBox::VMB_I2S_Handle*, uint16_t, VoiceMailBox::I2C&, uint8_t, VoiceMailBox::VMB_GPIO*, uint16_t)::<lambda(VoiceMailBox::I2S&)>]	16	static
/home/dominik/st/stm32cubeide_1.15.1/plugins/com.st.stm32cube.ide.mcu.externaltools.gnu-tools-for-stm32.12.3.rel1.linux64_1.1.0.202410170702/tools/arm-none-eabi/include/c++/12.3.1/bits/std_function.h:211:4:static void std::_Function_base::_Base_manager<_Functor>::_M_init_functor(std::_Any_data&, _Fn&&) [with _Fn = VoiceMailBox::Codec_TLV320AIC3104::Codec_TLV320AIC3104(VoiceMailBox::VMB_I2S_Handle*, uint16_t, VoiceMailBox::I2C&, uint8_t, VoiceMailBox::VMB_GPIO*, uint16_t)::<lambda(VoiceMailBox::I2S&)>; _Functor = VoiceMailBox::Codec_TLV320AIC3104::Codec_TLV320AIC3104(VoiceMailBox::VMB_I2S_Handle*, uint16_t, VoiceMailBox::I2C&, uint8_t, VoiceMailBox::VMB_GPIO*, uint16_t)::<lambda(VoiceMailBox::I2S&)>]	24	static
/home/dominik/st/stm32cubeide_1.15.1/plugins/com.st.stm32cube.ide.mcu.externaltools.gnu-tools-for-stm32.12.3.rel1.linux64_1.1.0.202410170702/tools/arm-none-eabi/include/c++/12.3.1/bits/std_function.h:288:7:) [with _Res = void; _Functor = VoiceMailBox::Codec_TLV320AIC3104::Codec_TLV320AIC3104(VoiceMailBox::VMB_I2S_Handle*, uint16_t, VoiceMailBox::I2C&, uint8_t, VoiceMailBox::VMB_GPIO*, uint16_t)::<lambda(VoiceMailBox::I2S&)>; _ArgTypes = {VoiceMailBox::I2S&}]	24	static
/home/dominik/st/stm32cubeide_1.15.1/plugins/com.st.stm32cube.ide.mcu.externaltools.gnu-tools-for-stm32.12.3.rel1.linux64_1.1.0.202410170702/tools/arm-none-eabi/include/c++/12.3.1/bits/std_function.h:267:7:), _Functor>::_M_manager(std::_Any_data&, const std::_Any_data&, std::_Manager_operation) [with _Res = void; _Functor = VoiceMailBox::Codec_TLV320AIC3104::Codec_TLV320AIC3104(VoiceMailBox::VMB_I2S_Handle*, uint16_t, VoiceMailBox::I2C&, uint8_t, VoiceMailBox::VMB_GPIO*, uint16_t)::<lambda(VoiceMailBox::I2S&)>; _ArgTypes = {VoiceMailBox::I2S&}]	32	static
/home/dominik/st/stm32cubeide_1.15.1/plugins/com.st.stm32cube.ide.mcu.externaltools.gnu-tools-for-stm32.12.3.rel1.linux64_1.1.0.202410170702/tools/arm-none-eabi/include/c++/12.3.1/bits/std_function.h:150:4:static void std::_Function_base::_Base_manager<_Functor>::_M_create(std::_Any_data&, _Fn&&, std::true_type) [with _Fn = VoiceMailBox::Codec_TLV320AIC3104::Codec_TLV320AIC3104(VoiceMailBox::VMB_I2S_Handle*, uint16_t, VoiceMailBox::I2C&, uint8_t, VoiceMailBox::VMB_GPIO*, uint16_t)::<lambda(VoiceMailBox::I2S&)>; _Functor = VoiceMailBox::Codec_TLV320AIC3104::Codec_TLV320AIC3104(VoiceMailBox::VMB_I2S_Handle*, uint16_t, VoiceMailBox::I2C&, uint8_t, VoiceMailBox::VMB_GPIO*, uint16_t)::<lambda(VoiceMailBox::I2S&)>]	32	static
/home/dominik/st/stm32cubeide_1.15.1/plugins/com.st.stm32cube.ide.mcu.externaltools.gnu-tools-for-stm32.12.3.rel1.linux64_1.1.0.202410170702/tools/arm-none-eabi/include/c++/12.3.1/bits/std_function.h:134:2:static _Functor* std::_Function_base::_Base_manager<_Functor>::_M_get_pointer(const std::_Any_data&) [with _Functor = VoiceMailBox::Codec_TLV320AIC3104::Codec_TLV320AIC3104(VoiceMailBox::VMB_I2S_Handle*, uint16_t, VoiceMailBox::I2C&, uint8_t, VoiceMailBox::VMB_GPIO*, uint16_t)::<lambda(VoiceMailBox::I2S&)>]	24	static
/home/dominik/st/stm32cubeide_1.15.1/plugins/com.st.stm32cube.ide.mcu.externaltools.gnu-tools-for-stm32.12.3.rel1.linux64_1.1.0.202410170702/tools/arm-none-eabi/include/c++/12.3.1/bits/move.h:77:5:constexpr _Tp&& std::forward(typename remove_reference<_Tp>::type&) [with _Tp = VoiceMailBox::I2S&]	16	static
/home/dominik/st/stm32cubeide_1.15.1/plugins/com.st.stm32cube.ide.mcu.externaltools.gnu-tools-for-stm32.12.3.rel1.linux64_1.1.0.202410170702/tools/arm-none-eabi/include/c++/12.3.1/bits/invoke.h:149:5:) [with _Res = void; _Callable = VoiceMailBox::Codec_TLV320AIC3104::Codec_TLV320AIC3104(VoiceMailBox::VMB_I2S_Handle*, uint16_t, VoiceMailBox::I2C&, uint8_t, VoiceMailBox::VMB_GPIO*, uint16_t)::<lambda(VoiceMailBox::I2S&)>&; _Args = {VoiceMailBox::I2S&}]	24	static
/home/dominik/st/stm32cubeide_1.15.1/plugins/com.st.stm32cube.ide.mcu.externaltools.gnu-tools-for-stm32.12.3.rel1.linux64_1.1.0.202410170702/tools/arm-none-eabi/include/c++/12.3.1/bits/std_function.h:90:7:_Tp& std::_Any_data::_M_access() [with _Tp = VoiceMailBox::Codec_TLV320AIC3104::Codec_TLV320AIC3104(VoiceMailBox::VMB_I2S_Handle*, uint16_t, VoiceMailBox::I2C&, uint8_t, VoiceMailBox::VMB_GPIO*, uint16_t)::<lambda(VoiceMailBox::I2S&)>*]	16	static
/home/dominik/st/stm32cubeide_1.15.1/plugins/com.st.stm32cube.ide.mcu.externaltools.gnu-tools-for-stm32.12.3.rel1.linux64_1.1.0.202410170702/tools/arm-none-eabi/include/c++/12.3.1/bits/std_function.h:180:2:static bool std::_Function_base::_Base_manager<_Functor>::_M_manager(std::_Any_data&, const std::_Any_data&, std::_Manager_operation) [with _Functor = VoiceMailBox::Codec_TLV320AIC3104::Codec_TLV320AIC3104(VoiceMailBox::VMB_I2S_Handle*, uint16_t, VoiceMailBox::I2C&, uint8_t, VoiceMailBox::VMB_GPIO*, uint16_t)::<lambda(VoiceMailBox::I2S&)>]	32	static
/home/dominik/st/stm32cubeide_1.15.1/plugins/com.st.stm32cube.ide.mcu.externaltools.gnu-tools-for-stm32.12.3.rel1.linux64_1.1.0.202410170702/tools/arm-none-eabi/include/c++/12.3.1/bits/std_function.h:150:4:static void std::_Function_base::_Base_manager<_Functor>::_M_create(std::_Any_data&, _Fn&&, std::true_type) [with _Fn = VoiceMailBox::Codec_TLV320AIC3104::Codec_TLV320AIC3104(VoiceMailBox::VMB_I2S_Handle*, uint16_t, VoiceMailBox::I2C&, uint8_t, VoiceMailBox::VMB_GPIO*, uint16_t)::<lambda(VoiceMailBox::I2S&)>; _Functor = VoiceMailBox::Codec_TLV320AIC3104::Codec_TLV320AIC3104(VoiceMailBox::VMB_I2S_Handle*, uint16_t, VoiceMailBox::I2C&, uint8_t, VoiceMailBox::VMB_GPIO*, uint16_t)::<lambda(VoiceMailBox::I2S&)>]	32	static
/home/dominik/st/stm32cubeide_1.15.1/plugins/com.st.stm32cube.ide.mcu.externaltools.gnu-tools-for-stm32.12.3.rel1.linux64_1.1.0.202410170702/tools/arm-none-eabi/include/c++/12.3.1/bits/std_function.h:134:2:static _Functor* std::_Function_base::_Base_manager<_Functor>::_M_get_pointer(const std::_Any_data&) [with _Functor = VoiceMailBox::Codec_TLV320AIC3104::Codec_TLV320AIC3104(VoiceMailBox::VMB_I2S_Handle*, uint16_t, VoiceMailBox::I2C&, uint8_t, VoiceMailBox::VMB_GPIO*, uint16_t)::<lambda(VoiceMailBox::I2S&)>]	24	static
/home/dominik/st/stm32cubeide_1.15.1/plugins/com.st.stm32cube.ide.mcu.externaltools.gnu-tools-for-stm32.12.3.rel1.linux64_1.1.0.202410170702/tools/arm-none-eabi/include/c++/12.3.1/bits/invoke.h:149:5:) [with _Res = void; _Callable = VoiceMailBox::Codec_TLV320AIC3104::Codec_TLV320AIC3104(VoiceMailBox::VMB_I2S_Handle*, uint16_t, VoiceMailBox::I2C&, uint8_t, VoiceMailBox::VMB_GPIO*, uint16_t)::<lambda(VoiceMailBox::I2S&)>&; _Args = {VoiceMailBox::I2S&}]	24	static
/home/dominik/st/stm32cubeide_1.15.1/plugins/com.st.stm32cube.ide.mcu.externaltools.gnu-tools-for-stm32.12.3.rel1.linux64_1.1.0.202410170702/tools/arm-none-eabi/include/c++/12.3.1/bits/std_function.h:90:7:_Tp& std::_Any_data::_M_access() [with _Tp = VoiceMailBox::Codec_TLV320AIC3104::Codec_TLV320AIC3104(VoiceMailBox::VMB_I2S_Handle*, uint16_t, VoiceMailBox::I2C&, uint8_t, VoiceMailBox::VMB_GPIO*, uint16_t)::<lambda(VoiceMailBox::I2S&)>*]	16	static
/home/dominik/st/stm32cubeide_1.15.1/plugins/com.st.stm32cube.ide.mcu.externaltools.gnu-tools-for-stm32.12.3.rel1.linux64_1.1.0.202410170702/tools/arm-none-eabi/include/c++/12.3.1/bits/std_function.h:180:2:static bool std::_Function_base::_Base_manager<_Functor>::_M_manager(std::_Any_data&, const std::_Any_data&, std::_Manager_operation) [with _Functor = VoiceMailBox::Codec_TLV320AIC3104::Codec_TLV320AIC3104(VoiceMailBox::VMB_I2S_Handle*, uint16_t, VoiceMailBox::I2C&, uint8_t, VoiceMailBox::VMB_GPIO*, uint16_t)::<lambda(VoiceMailBox::I2S&)>]	32	static
/home/dominik/st/stm32cubeide_1.15.1/plugins/com.st.stm32cube.ide.mcu.externaltools.gnu-tools-for-stm32.12.3.rel1.linux64_1.1.0.202410170702/tools/arm-none-eabi/include/c++/12.3.1/bits/std_function.h:95:7:const _Tp& std::_Any_data::_M_access() const [with _Tp = VoiceMailBox::Codec_TLV320AIC3104::Codec_TLV320AIC3104(VoiceMailBox::VMB_I2S_Handle*, uint16_t, VoiceMailBox::I2C&, uint8_t, VoiceMailBox::VMB_GPIO*, uint16_t)::<lambda(VoiceMailBox::I2S&)>]	16	static
/home/dominik/st/stm32cubeide_1.15.1/plugins/com.st.stm32cube.ide.mcu.externaltools.gnu-tools-for-stm32.12.3.rel1.linux64_1.1.0.202410170702/tools/arm-none-eabi/include/c++/12.3.1/bits/move.h:49:5:constexpr _Tp* std::__addressof(_Tp&) [with _Tp = const VoiceMailBox::Codec_TLV320AIC3104::Codec_TLV320AIC3104(VoiceMailBox::VMB_I2S_Handle*, uint16_t, VoiceMailBox::I2C&, uint8_t, VoiceMailBox::VMB_GPIO*, uint16_t)::<lambda(VoiceMailBox::I2S&)>]	16	static
/home/dominik/st/stm32cubeide_1.15.1/plugins/com.st.stm32cube.ide.mcu.externaltools.gnu-tools-for-stm32.12.3.rel1.linux64_1.1.0.202410170702/tools/arm-none-eabi/include/c++/12.3.1/bits/move.h:77:5:constexpr _Tp&& std::forward(typename remove_reference<_Tp>::type&) [with _Tp = VoiceMailBox::Codec_TLV320AIC3104::Codec_TLV320AIC3104(VoiceMailBox::VMB_I2S_Handle*, uint16_t, VoiceMailBox::I2C&, uint8_t, VoiceMailBox::VMB_GPIO*, uint16_t)::<lambda(VoiceMailBox::I2S&)>&]	16	static
/home/dominik/st/stm32cubeide_1.15.1/plugins/com.st.stm32cube.ide.mcu.externaltools.gnu-tools-for-stm32.12.3.rel1.linux64_1.1.0.202410170702/tools/arm-none-eabi/include/c++/12.3.1/bits/invoke.h:60:5:) [with _Res = void; _Fn = VoiceMailBox::Codec_TLV320AIC3104::Codec_TLV320AIC3104(VoiceMailBox::VMB_I2S_Handle*, uint16_t, VoiceMailBox::I2C&, uint8_t, VoiceMailBox::VMB_GPIO*, uint16_t)::<lambda(VoiceMailBox::I2S&)>&; _Args = {VoiceMailBox::I2S&}]	32	static
/home/dominik/st/stm32cubeide_1.15.1/plugins/com.st.stm32cube.ide.mcu.externaltools.gnu-tools-for-stm32.12.3.rel1.linux64_1.1.0.202410170702/tools/arm-none-eabi/include/c++/12.3.1/bits/std_function.h:90:7:_Tp& std::_Any_data::_M_access() [with _Tp = const std::type_info*]	16	static
/home/dominik/st/stm32cubeide_1.15.1/plugins/com.st.stm32cube.ide.mcu.externaltools.gnu-tools-for-stm32.12.3.rel1.linux64_1.1.0.202410170702/tools/arm-none-eabi/include/c++/12.3.1/bits/std_function.h:211:4:static void std::_Function_base::_Base_manager<_Functor>::_M_init_functor(std::_Any_data&, _Fn&&) [with _Fn = const VoiceMailBox::Codec_TLV320AIC3104::Codec_TLV320AIC3104(VoiceMailBox::VMB_I2S_Handle*, uint16_t, VoiceMailBox::I2C&, uint8_t, VoiceMailBox::VMB_GPIO*, uint16_t)::<lambda(VoiceMailBox::I2S&)>&; _Functor = VoiceMailBox::Codec_TLV320AIC3104::Codec_TLV320AIC3104(VoiceMailBox::VMB_I2S_Handle*, uint16_t, VoiceMailBox::I2C&, uint8_t, VoiceMailBox::VMB_GPIO*, uint16_t)::<lambda(VoiceMailBox::I2S&)>]	24	static
/home/dominik/st/stm32cubeide_1.15.1/plugins/com.st.stm32cube.ide.mcu.externaltools.gnu-tools-for-stm32.12.3.rel1.linux64_1.1.0.202410170702/tools/arm-none-eabi/include/c++/12.3.1/bits/std_function.h:166:2:static void std::_Function_base::_Base_manager<_Functor>::_M_destroy(std::_Any_data&, std::true_type) [with _Functor = VoiceMailBox::Codec_TLV320AIC3104::Codec_TLV320AIC3104(VoiceMailBox::VMB_I2S_Handle*, uint16_t, VoiceMailBox::I2C&, uint8_t, VoiceMailBox::VMB_GPIO*, uint16_t)::<lambda(VoiceMailBox::I2S&)>]	16	static
/home/dominik/st/stm32cubeide_1.15.1/plugins/com.st.stm32cube.ide.mcu.externaltools.gnu-tools-for-stm32.12.3.rel1.linux64_1.1.0.202410170702/tools/arm-none-eabi/include/c++/12.3.1/bits/std_function.h:95:7:const _Tp& std::_Any_data::_M_access() const [with _Tp = VoiceMailBox::Codec_TLV320AIC3104::Codec_TLV320AIC3104(VoiceMailBox::VMB_I2S_Handle*, uint16_t, VoiceMailBox::I2C&, uint8_t, VoiceMailBox::VMB_GPIO*, uint16_t)::<lambda(VoiceMailBox::I2S&)>]	16	static
/home/dominik/st/stm32cubeide_1.15.1/plugins/com.st.stm32cube.ide.mcu.externaltools.gnu-tools-for-stm32.12.3.rel1.linux64_1.1.0.202410170702/tools/arm-none-eabi/include/c++/12.3.1/bits/move.h:49:5:constexpr _Tp* std::__addressof(_Tp&) [with _Tp = const VoiceMailBox::Codec_TLV320AIC3104::Codec_TLV320AIC3104(VoiceMailBox::VMB_I2S_Handle*, uint16_t, VoiceMailBox::I2C&, uint8_t, VoiceMailBox::VMB_GPIO*, uint16_t)::<lambda(VoiceMailBox::I2S&)>]	16	static
/home/dominik/st/stm32cubeide_1.15.1/plugins/com.st.stm32cube.ide.mcu.externaltools.gnu-tools-for-stm32.12.3.rel1.linux64_1.1.0.202410170702/tools/arm-none-eabi/include/c++/12.3.1/bits/move.h:77:5:constexpr _Tp&& std::forward(typename remove_reference<_Tp>::type&) [with _Tp = VoiceMailBox::Codec_TLV320AIC3104::Codec_TLV320AIC3104(VoiceMailBox::VMB_I2S_Handle*, uint16_t, VoiceMailBox::I2C&, uint8_t, VoiceMailBox::VMB_GPIO*, uint16_t)::<lambda(VoiceMailBox::I2S&)>&]	16	static
/home/dominik/st/stm32cubeide_1.15.1/plugins/com.st.stm32cube.ide.mcu.externaltools.gnu-tools-for-stm32.12.3.rel1.linux64_1.1.0.202410170702/tools/arm-none-eabi/include/c++/12.3.1/bits/invoke.h:60:5:) [with _Res = void; _Fn = VoiceMailBox::Codec_TLV320AIC3104::Codec_TLV320AIC3104(VoiceMailBox::VMB_I2S_Handle*, uint16_t, VoiceMailBox::I2C&, uint8_t, VoiceMailBox::VMB_GPIO*, uint16_t)::<lambda(VoiceMailBox::I2S&)>&; _Args = {VoiceMailBox::I2S&}]	32	static
/home/dominik/st/stm32cubeide_1.15.1/plugins/com.st.stm32cube.ide.mcu.externaltools.gnu-tools-for-stm32.12.3.rel1.linux64_1.1.0.202410170702/tools/arm-none-eabi/include/c++/12.3.1/bits/std_function.h:211:4:static void std::_Function_base::_Base_manager<_Functor>::_M_init_functor(std::_Any_data&, _Fn&&) [with _Fn = const VoiceMailBox::Codec_TLV320AIC3104::Codec_TLV320AIC3104(VoiceMailBox::VMB_I2S_Handle*, uint16_t, VoiceMailBox::I2C&, uint8_t, VoiceMailBox::VMB_GPIO*, uint16_t)::<lambda(VoiceMailBox::I2S&)>&; _Functor = VoiceMailBox::Codec_TLV320AIC3104::Codec_TLV320AIC3104(VoiceMailBox::VMB_I2S_Handle*, uint16_t, VoiceMailBox::I2C&, uint8_t, VoiceMailBox::VMB_GPIO*, uint16_t)::<lambda(VoiceMailBox::I2S&)>]	24	static
/home/dominik/st/stm32cubeide_1.15.1/plugins/com.st.stm32cube.ide.mcu.externaltools.gnu-tools-for-stm32.12.3.rel1.linux64_1.1.0.202410170702/tools/arm-none-eabi/include/c++/12.3.1/bits/std_function.h:166:2:static void std::_Function_base::_Base_manager<_Functor>::_M_destroy(std::_Any_data&, std::true_type) [with _Functor = VoiceMailBox::Codec_TLV320AIC3104::Codec_TLV320AIC3104(VoiceMailBox::VMB_I2S_Handle*, uint16_t, VoiceMailBox::I2C&, uint8_t, VoiceMailBox::VMB_GPIO*, uint16_t)::<lambda(VoiceMailBox::I2S&)>]	16	static
/home/dominik/st/stm32cubeide_1.15.1/plugins/com.st.stm32cube.ide.mcu.externaltools.gnu-tools-for-stm32.12.3.rel1.linux64_1.1.0.202410170702/tools/arm-none-eabi/include/c++/12.3.1/bits/move.h:77:5:constexpr _Tp&& std::forward(typename remove_reference<_Tp>::type&) [with _Tp = const VoiceMailBox::Codec_TLV320AIC3104::Codec_TLV320AIC3104(VoiceMailBox::VMB_I2S_Handle*, uint16_t, VoiceMailBox::I2C&, uint8_t, VoiceMailBox::VMB_GPIO*, uint16_t)::<lambda(VoiceMailBox::I2S&)>&]	16	static
/home/dominik/st/stm32cubeide_1.15.1/plugins/com.st.stm32cube.ide.mcu.externaltools.gnu-tools-for-stm32.12.3.rel1.linux64_1.1.0.202410170702/tools/arm-none-eabi/include/c++/12.3.1/bits/std_function.h:150:4:static void std::_Function_base::_Base_manager<_Functor>::_M_create(std::_Any_data&, _Fn&&, std::true_type) [with _Fn = const VoiceMailBox::Codec_TLV320AIC3104::Codec_TLV320AIC3104(VoiceMailBox::VMB_I2S_Handle*, uint16_t, VoiceMailBox::I2C&, uint8_t, VoiceMailBox::VMB_GPIO*, uint16_t)::<lambda(VoiceMailBox::I2S&)>&; _Functor = VoiceMailBox::Codec_TLV320AIC3104::Codec_TLV320AIC3104(VoiceMailBox::VMB_I2S_Handle*, uint16_t, VoiceMailBox::I2C&, uint8_t, VoiceMailBox::VMB_GPIO*, uint16_t)::<lambda(VoiceMailBox::I2S&)>]	32	static
/home/dominik/st/stm32cubeide_1.15.1/plugins/com.st.stm32cube.ide.mcu.externaltools.gnu-tools-for-stm32.12.3.rel1.linux64_1.1.0.202410170702/tools/arm-none-eabi/include/c++/12.3.1/bits/std_function.h:90:7:_Tp& std::_Any_data::_M_access() [with _Tp = VoiceMailBox::Codec_TLV320AIC3104::Codec_TLV320AIC3104(VoiceMailBox::VMB_I2S_Handle*, uint16_t, VoiceMailBox::I2C&, uint8_t, VoiceMailBox::VMB_GPIO*, uint16_t)::<lambda(VoiceMailBox::I2S&)>]	16	static
/home/dominik/st/stm32cubeide_1.15.1/plugins/com.st.stm32cube.ide.mcu.externaltools.gnu-tools-for-stm32.12.3.rel1.linux64_1.1.0.202410170702/tools/arm-none-eabi/include/c++/12.3.1/bits/move.h:77:5:constexpr _Tp&& std::forward(typename remove_reference<_Tp>::type&) [with _Tp = const VoiceMailBox::Codec_TLV320AIC3104::Codec_TLV320AIC3104(VoiceMailBox::VMB_I2S_Handle*, uint16_t, VoiceMailBox::I2C&, uint8_t, VoiceMailBox::VMB_GPIO*, uint16_t)::<lambda(VoiceMailBox::I2S&)>&]	16	static
/home/dominik/st/stm32cubeide_1.15.1/plugins/com.st.stm32cube.ide.mcu.externaltools.gnu-tools-for-stm32.12.3.rel1.linux64_1.1.0.202410170702/tools/arm-none-eabi/include/c++/12.3.1/bits/std_function.h:150:4:static void std::_Function_base::_Base_manager<_Functor>::_M_create(std::_Any_data&, _Fn&&, std::true_type) [with _Fn = const VoiceMailBox::Codec_TLV320AIC3104::Codec_TLV320AIC3104(VoiceMailBox::VMB_I2S_Handle*, uint16_t, VoiceMailBox::I2C&, uint8_t, VoiceMailBox::VMB_GPIO*, uint16_t)::<lambda(VoiceMailBox::I2S&)>&; _Functor = VoiceMailBox::Codec_TLV320AIC3104::Codec_TLV320AIC3104(VoiceMailBox::VMB_I2S_Handle*, uint16_t, VoiceMailBox::I2C&, uint8_t, VoiceMailBox::VMB_GPIO*, uint16_t)::<lambda(VoiceMailBox::I2S&)>]	32	static
/home/dominik/st/stm32cubeide_1.15.1/plugins/com.st.stm32cube.ide.mcu.externaltools.gnu-tools-for-stm32.12.3.rel1.linux64_1.1.0.202410170702/tools/arm-none-eabi/include/c++/12.3.1/bits/std_function.h:90:7:_Tp& std::_Any_data::_M_access() [with _Tp = VoiceMailBox::Codec_TLV320AIC3104::Codec_TLV320AIC3104(VoiceMailBox::VMB_I2S_Handle*, uint16_t, VoiceMailBox::I2C&, uint8_t, VoiceMailBox::VMB_GPIO*, uint16_t)::<lambda(VoiceMailBox::I2S&)>]	16	static
/home/dominik/Documents/studium/sem08/SA/Voicemail-Box/Software/BSP_VoiceMailBox/src/peripherals/Codec_TLV320AIC3104.cpp:194:1:void __static_initialization_and_destruction_0(int, int)	16	static
/home/dominik/Documents/studium/sem08/SA/Voicemail-Box/Software/DevSandbox/F469Discovery_Application/../../BSP_VoiceMailBox/inc/peripherals/digitalPin.hpp:18:8:VoiceMailBox::DigitalPin::~DigitalPin()	16	static
/home/dominik/Documents/studium/sem08/SA/Voicemail-Box/Software/DevSandbox/F469Discovery_Application/../../BSP_VoiceMailBox/inc/peripherals/digitalPin.hpp:18:8:virtual VoiceMailBox::DigitalPin::~DigitalPin()	16	static
/home/dominik/Documents/studium/sem08/SA/Voicemail-Box/Software/BSP_VoiceMailBox/src/peripherals/Codec_TLV320AIC3104.cpp:194:1:cpp)	8	static
/home/dominik/Documents/studium/sem08/SA/Voicemail-Box/Software/BSP_VoiceMailBox/src/peripherals/Codec_TLV320AIC3104.cpp:194:1:cpp)	8	static
