/home/dominik/Documents/studium/sem08/SA/Voicemail-Box/Software/DevSandbox/F469Discovery_Application/../../BSP_VoiceMailBox/inc/HAL_abstraction.hpp:80:14:void VoiceMailBox::VMB_HAL_GPIO_WritePin(VMB_GPIO*, uint16_t, VMB_GPIO_PinState)	16	static
/home/dominik/Documents/studium/sem08/SA/Voicemail-Box/Software/DevSandbox/F469Discovery_Application/../../BSP_VoiceMailBox/inc/HAL_abstraction.hpp:84:14:void VoiceMailBox::VMB_HAL_GPIO_TogglePin(VMB_GPIO*, uint16_t)	16	static
/home/dominik/Documents/studium/sem08/SA/Voicemail-Box/Software/DevSandbox/F469Discovery_Application/../../BSP_VoiceMailBox/inc/HAL_abstraction.hpp:88:27:VoiceMailBox::VMB_GPIO_PinState VoiceMailBox::VMB_HAL_GPIO_ReadPin(VMB_GPIO*, uint16_t)	16	static
/home/dominik/st/stm32cubeide_1.15.1/plugins/com.st.stm32cube.ide.mcu.externaltools.gnu-tools-for-stm32.12.3.rel1.linux64_1.1.0.202410170702/tools/arm-none-eabi/include/c++/12.3.1/bits/std_function.h:241:5:std::_Function_base::~_Function_base()	16	static
/home/dominik/st/stm32cubeide_1.15.1/plugins/com.st.stm32cube.ide.mcu.externaltools.gnu-tools-for-stm32.12.3.rel1.linux64_1.1.0.202410170702/tools/arm-none-eabi/include/c++/12.3.1/bits/std_function.h:247:10:bool std::_Function_base::_M_empty() const	16	static
/home/dominik/st/stm32cubeide_1.15.1/plugins/com.st.stm32cube.ide.mcu.externaltools.gnu-tools-for-stm32.12.3.rel1.linux64_1.1.0.202410170702/tools/arm-none-eabi/include/c++/12.3.1/bits/std_function.h:334:11:std::function<void(VoiceMailBox::DigitalPin&)>::~function()	16	static
/home/dominik/Documents/studium/sem08/SA/Voicemail-Box/Software/BSP_VoiceMailBox/src/peripherals/digitalPin.cpp:5:2:VoiceMailBox::DigitalPin::DigitalPin(VoiceMailBox::VMB_GPIO*, uint16_t)	24	static
/home/dominik/Documents/studium/sem08/SA/Voicemail-Box/Software/BSP_VoiceMailBox/src/peripherals/digitalPin.cpp:17:2:VoiceMailBox::DigitalPin::DigitalPin(VoiceMailBox::VMB_GPIO*, uint16_t, bool)	24	static
/home/dominik/Documents/studium/sem08/SA/Voicemail-Box/Software/BSP_VoiceMailBox/src/peripherals/digitalPin.cpp:29:7:void VoiceMailBox::DigitalPin::set(bool)	16	static
/home/dominik/Documents/studium/sem08/SA/Voicemail-Box/Software/BSP_VoiceMailBox/src/peripherals/digitalPin.cpp:33:7:void VoiceMailBox::DigitalPin::toggle()	16	static
/home/dominik/Documents/studium/sem08/SA/Voicemail-Box/Software/BSP_VoiceMailBox/src/peripherals/digitalPin.cpp:37:7:bool VoiceMailBox::DigitalPin::get()	16	static
/home/dominik/Documents/studium/sem08/SA/Voicemail-Box/Software/BSP_VoiceMailBox/src/peripherals/digitalPin.cpp:42:7:virtual void VoiceMailBox::DigitalPin::update()	24	static
/home/dominik/st/stm32cubeide_1.15.1/plugins/com.st.stm32cube.ide.mcu.externaltools.gnu-tools-for-stm32.12.3.rel1.linux64_1.1.0.202410170702/tools/arm-none-eabi/include/c++/12.3.1/bits/std_function.h:239:5:constexpr std::_Function_base::_Function_base()	16	static
/home/dominik/st/stm32cubeide_1.15.1/plugins/com.st.stm32cube.ide.mcu.externaltools.gnu-tools-for-stm32.12.3.rel1.linux64_1.1.0.202410170702/tools/arm-none-eabi/include/c++/12.3.1/bits/std_function.h:375:7:)>::function(std::nullptr_t) [with _Res = void; _ArgTypes = {VoiceMailBox::DigitalPin&}]	16	static
/home/dominik/st/stm32cubeide_1.15.1/plugins/com.st.stm32cube.ide.mcu.externaltools.gnu-tools-for-stm32.12.3.rel1.linux64_1.1.0.202410170702/tools/arm-none-eabi/include/c++/12.3.1/bits/std_function.h:573:16:)>::operator bool() const [with _Res = void; _ArgTypes = {VoiceMailBox::DigitalPin&}]	16	static
/home/dominik/st/stm32cubeide_1.15.1/plugins/com.st.stm32cube.ide.mcu.externaltools.gnu-tools-for-stm32.12.3.rel1.linux64_1.1.0.202410170702/tools/arm-none-eabi/include/c++/12.3.1/bits/std_function.h:587:7:) const [with _Res = void; _ArgTypes = {VoiceMailBox::DigitalPin&}]	24	static
/home/dominik/st/stm32cubeide_1.15.1/plugins/com.st.stm32cube.ide.mcu.externaltools.gnu-tools-for-stm32.12.3.rel1.linux64_1.1.0.202410170702/tools/arm-none-eabi/include/c++/12.3.1/bits/move.h:77:5:constexpr _Tp&& std::forward(typename remove_reference<_Tp>::type&) [with _Tp = VoiceMailBox::DigitalPin&]	16	static
/home/dominik/Documents/studium/sem08/SA/Voicemail-Box/Software/DevSandbox/F469Discovery_Application/../../BSP_VoiceMailBox/inc/peripherals/digitalPin.hpp:18:8:VoiceMailBox::DigitalPin::~DigitalPin()	16	static
/home/dominik/Documents/studium/sem08/SA/Voicemail-Box/Software/DevSandbox/F469Discovery_Application/../../BSP_VoiceMailBox/inc/peripherals/digitalPin.hpp:18:8:virtual VoiceMailBox::DigitalPin::~DigitalPin()	16	static
