/home/dominik/Documents/studium/sem08/SA/Voicemail-Box/Software/DevSandbox/F469Discovery_Application/../../BSP_VoiceMailBox/inc/HAL_abstraction.hpp:126:24:VoiceMailBox::VMB_HAL_Status VoiceMailBox::VMB_HAL_I2C_Mem_Write(VMB_I2C_Handle*, uint16_t, uint16_t, uint16_t, uint8_t*, uint16_t, uint32_t)	40	static
/home/dominik/Documents/studium/sem08/SA/Voicemail-Box/Software/DevSandbox/F469Discovery_Application/../../BSP_VoiceMailBox/inc/HAL_abstraction.hpp:130:24:VoiceMailBox::VMB_HAL_Status VoiceMailBox::VMB_HAL_I2C_Mem_Read(VMB_I2C_Handle*, uint16_t, uint16_t, uint16_t, uint8_t*, uint16_t, uint32_t)	40	static
/home/dominik/Documents/studium/sem08/SA/Voicemail-Box/Software/BSP_VoiceMailBox/src/peripherals/i2c.cpp:5:2:VoiceMailBox::I2C::I2C(VoiceMailBox::VMB_I2C_Handle*)	16	static
/home/dominik/Documents/studium/sem08/SA/Voicemail-Box/Software/BSP_VoiceMailBox/src/peripherals/i2c.cpp:12:17:VoiceMailBox::VMB_HAL_Status VoiceMailBox::I2C::writeRegister(uint8_t, uint8_t, uint8_t)	40	static
/home/dominik/Documents/studium/sem08/SA/Voicemail-Box/Software/BSP_VoiceMailBox/src/peripherals/i2c.cpp:25:17:VoiceMailBox::VMB_HAL_Status VoiceMailBox::I2C::readRegister(uint8_t, uint8_t, uint8_t&)	48	static
