/home/dominik/Documents/studium/sem08/SA/Voicemail-Box/Software/DevSandbox/F469Discovery_Application/../../BSP_VoiceMailBox/inc/HAL_abstraction.hpp:105:24:VoiceMailBox::VMB_HAL_Status VoiceMailBox::VMB_HAL_UART_Transmit_IT(VMB_UART_Handle*, uint8_t*, uint16_t)	24	static
/home/dominik/Documents/studium/sem08/SA/Voicemail-Box/Software/DevSandbox/F469Discovery_Application/../../BSP_VoiceMailBox/inc/HAL_abstraction.hpp:109:24:VoiceMailBox::VMB_HAL_Status VoiceMailBox::VMB_HAL_UART_Receive_IT(VMB_UART_Handle*, uint8_t*, uint16_t)	24	static
/home/dominik/Documents/studium/sem08/SA/Voicemail-Box/Software/DevSandbox/F469Discovery_Application/../../BSP_VoiceMailBox/inc/HAL_abstraction.hpp:160:18:uint64_t VoiceMailBox::VMB_HAL_UpdateTick(uint64_t)	64	static
/home/dominik/Documents/studium/sem08/SA/Voicemail-Box/Software/DevSandbox/F469Discovery_Application/../../BSP_VoiceMailBox/inc/HAL_abstraction.hpp:195:18:uint64_t VoiceMailBox::VMB_HAL_GetTickCountInMs()	8	static
/home/dominik/st/stm32cubeide_1.15.1/plugins/com.st.stm32cube.ide.mcu.externaltools.gnu-tools-for-stm32.12.3.rel1.linux64_1.1.0.202410170702/tools/arm-none-eabi/include/c++/12.3.1/arm-none-eabi/thumb/v7e-m+fp/softfp/bits/c++config.h:516:3:constexpr bool std::__is_constant_evaluated()	4	static
/home/dominik/st/stm32cubeide_1.15.1/plugins/com.st.stm32cube.ide.mcu.externaltools.gnu-tools-for-stm32.12.3.rel1.linux64_1.1.0.202410170702/tools/arm-none-eabi/include/c++/12.3.1/bits/atomic_base.h:104:3:constexpr std::memory_order std::operator&(memory_order, __memory_order_modifier)	16	static
/home/dominik/st/stm32cubeide_1.15.1/plugins/com.st.stm32cube.ide.mcu.externaltools.gnu-tools-for-stm32.12.3.rel1.linux64_1.1.0.202410170702/tools/arm-none-eabi/include/c++/12.3.1/atomic:812:17:constexpr std::atomic<short unsigned int>::atomic(__integral_type)	16	static
/home/dominik/Documents/studium/sem08/SA/Voicemail-Box/Software/BSP_VoiceMailBox/src/peripherals/uart.cpp:11:2:VoiceMailBox::UART::UART(VoiceMailBox::VMB_UART_Handle*, uint16_t)	32	static
/home/dominik/Documents/studium/sem08/SA/Voicemail-Box/Software/BSP_VoiceMailBox/src/peripherals/uart.cpp:47:2:VoiceMailBox::UART::~UART()	24	static
/home/dominik/Documents/studium/sem08/SA/Voicemail-Box/Software/BSP_VoiceMailBox/src/peripherals/uart.cpp:62:7:void VoiceMailBox::UART::setup()	16	static
/home/dominik/Documents/studium/sem08/SA/Voicemail-Box/Software/BSP_VoiceMailBox/src/peripherals/uart.cpp:67:7:void VoiceMailBox::UART::send(const char*)	16	static
/home/dominik/Documents/studium/sem08/SA/Voicemail-Box/Software/BSP_VoiceMailBox/src/peripherals/uart.cpp:71:7:void VoiceMailBox::UART::send(const uint8_t*, uint32_t)	32	static
/home/dominik/Documents/studium/sem08/SA/Voicemail-Box/Software/BSP_VoiceMailBox/src/peripherals/uart.cpp:96:11:uint32_t VoiceMailBox::UART::hasBytesReceived() const	16	static
/home/dominik/Documents/studium/sem08/SA/Voicemail-Box/Software/BSP_VoiceMailBox/src/peripherals/uart.cpp:100:11:uint32_t VoiceMailBox::UART::receive(uint8_t*, uint32_t)	32	static
/home/dominik/Documents/studium/sem08/SA/Voicemail-Box/Software/BSP_VoiceMailBox/src/peripherals/uart.cpp:122:11:uint32_t VoiceMailBox::UART::receiveUntil(uint8_t*, uint32_t, uint8_t*, uint32_t, uint32_t)	88	static
/home/dominik/Documents/studium/sem08/SA/Voicemail-Box/Software/BSP_VoiceMailBox/src/peripherals/uart.cpp:205:7:bool VoiceMailBox::UART::waitUntil(char, uint32_t)	56	static
/home/dominik/Documents/studium/sem08/SA/Voicemail-Box/Software/BSP_VoiceMailBox/src/peripherals/uart.cpp:238:7:bool VoiceMailBox::UART::waitUntil(const char*, uint32_t)	32	static
/home/dominik/Documents/studium/sem08/SA/Voicemail-Box/Software/BSP_VoiceMailBox/src/peripherals/uart.cpp:243:7:bool VoiceMailBox::UART::waitUntilAndFlush(const char*, uint32_t)	32	static
/home/dominik/Documents/studium/sem08/SA/Voicemail-Box/Software/BSP_VoiceMailBox/src/peripherals/uart.cpp:254:7:bool VoiceMailBox::UART::waitUntil_internal(const char*, uint32_t, uint32_t&)	80	static
/home/dominik/Documents/studium/sem08/SA/Voicemail-Box/Software/BSP_VoiceMailBox/src/peripherals/uart.cpp:316:7:void VoiceMailBox::UART::flush()	16	static
/home/dominik/Documents/studium/sem08/SA/Voicemail-Box/Software/BSP_VoiceMailBox/src/peripherals/uart.cpp:326:7:void VoiceMailBox::UART::flushRX()	16	static
/home/dominik/Documents/studium/sem08/SA/Voicemail-Box/Software/BSP_VoiceMailBox/src/peripherals/uart.cpp:331:11:uint32_t VoiceMailBox::UART::flushNBytes(uint32_t)	24	static
/home/dominik/Documents/studium/sem08/SA/Voicemail-Box/Software/BSP_VoiceMailBox/src/peripherals/uart.cpp:348:7:static void VoiceMailBox::UART::onITReceivedData(VoiceMailBox::VMB_UART_Handle*)	24	static
/home/dominik/Documents/studium/sem08/SA/Voicemail-Box/Software/BSP_VoiceMailBox/src/peripherals/uart.cpp:359:7:static void VoiceMailBox::UART::onITByteSent(VoiceMailBox::VMB_UART_Handle*)	24	static
/home/dominik/Documents/studium/sem08/SA/Voicemail-Box/Software/BSP_VoiceMailBox/src/peripherals/uart.cpp:372:7:void VoiceMailBox::UART::onITReceivedData()	16	static
/home/dominik/Documents/studium/sem08/SA/Voicemail-Box/Software/BSP_VoiceMailBox/src/peripherals/uart.cpp:385:7:void VoiceMailBox::UART::onITByteSent()	16	static
/home/dominik/st/stm32cubeide_1.15.1/plugins/com.st.stm32cube.ide.mcu.externaltools.gnu-tools-for-stm32.12.3.rel1.linux64_1.1.0.202410170702/tools/arm-none-eabi/include/c++/12.3.1/bits/atomic_base.h:345:17:constexpr std::__atomic_base<_IntTp>::__atomic_base(__int_type) [with _ITp = short unsigned int]	16	static
/home/dominik/st/stm32cubeide_1.15.1/plugins/com.st.stm32cube.ide.mcu.externaltools.gnu-tools-for-stm32.12.3.rel1.linux64_1.1.0.202410170702/tools/arm-none-eabi/include/c++/12.3.1/bits/atomic_base.h:400:7:std::__atomic_base<_IntTp>::__int_type std::__atomic_base<_IntTp>::operator+=(__int_type) [with _ITp = short unsigned int]	16	static
/home/dominik/st/stm32cubeide_1.15.1/plugins/com.st.stm32cube.ide.mcu.externaltools.gnu-tools-for-stm32.12.3.rel1.linux64_1.1.0.202410170702/tools/arm-none-eabi/include/c++/12.3.1/bits/atomic_base.h:376:7:std::__atomic_base<_IntTp>::__int_type std::__atomic_base<_IntTp>::operator--(int) [with _ITp = short unsigned int]	24	static
/home/dominik/st/stm32cubeide_1.15.1/plugins/com.st.stm32cube.ide.mcu.externaltools.gnu-tools-for-stm32.12.3.rel1.linux64_1.1.0.202410170702/tools/arm-none-eabi/include/c++/12.3.1/bits/atomic_base.h:347:7:std::__atomic_base<_IntTp>::operator __int_type() const [with _ITp = short unsigned int]	24	static
