Archive member included to satisfy reference by file (symbol)

/home/dominik/st/stm32cubeide_1.15.1/plugins/com.st.stm32cube.ide.mcu.externaltools.gnu-tools-for-stm32.12.3.rel1.linux64_1.1.0.202410170702/tools/bin/../lib/gcc/arm-none-eabi/12.3.1/../../../../arm-none-eabi/lib/thumb/v7e-m+fp/hard/libc_nano.a(libc_a-exit.o)
                              /home/dominik/st/stm32cubeide_1.15.1/plugins/com.st.stm32cube.ide.mcu.externaltools.gnu-tools-for-stm32.12.3.rel1.linux64_1.1.0.202410170702/tools/bin/../lib/gcc/arm-none-eabi/12.3.1/../../../../arm-none-eabi/lib/thumb/v7e-m+fp/hard/crt0.o (exit)
/home/dominik/st/stm32cubeide_1.15.1/plugins/com.st.stm32cube.ide.mcu.externaltools.gnu-tools-for-stm32.12.3.rel1.linux64_1.1.0.202410170702/tools/bin/../lib/gcc/arm-none-eabi/12.3.1/../../../../arm-none-eabi/lib/thumb/v7e-m+fp/hard/libc_nano.a(libc_a-malloc.o)
                              ./Middlewares/ST/STM32_USB_Host_Library/Class/CDC/Src/usbh_cdc.o (malloc)
/home/dominik/st/stm32cubeide_1.15.1/plugins/com.st.stm32cube.ide.mcu.externaltools.gnu-tools-for-stm32.12.3.rel1.linux64_1.1.0.202410170702/tools/bin/../lib/gcc/arm-none-eabi/12.3.1/../../../../arm-none-eabi/lib/thumb/v7e-m+fp/hard/libc_nano.a(libc_a-mallocr.o)
                              /home/dominik/st/stm32cubeide_1.15.1/plugins/com.st.stm32cube.ide.mcu.externaltools.gnu-tools-for-stm32.12.3.rel1.linux64_1.1.0.202410170702/tools/bin/../lib/gcc/arm-none-eabi/12.3.1/../../../../arm-none-eabi/lib/thumb/v7e-m+fp/hard/libc_nano.a(libc_a-malloc.o) (_malloc_r)
/home/dominik/st/stm32cubeide_1.15.1/plugins/com.st.stm32cube.ide.mcu.externaltools.gnu-tools-for-stm32.12.3.rel1.linux64_1.1.0.202410170702/tools/bin/../lib/gcc/arm-none-eabi/12.3.1/../../../../arm-none-eabi/lib/thumb/v7e-m+fp/hard/libc_nano.a(libc_a-mlock.o)
                              /home/dominik/st/stm32cubeide_1.15.1/plugins/com.st.stm32cube.ide.mcu.externaltools.gnu-tools-for-stm32.12.3.rel1.linux64_1.1.0.202410170702/tools/bin/../lib/gcc/arm-none-eabi/12.3.1/../../../../arm-none-eabi/lib/thumb/v7e-m+fp/hard/libc_nano.a(libc_a-mallocr.o) (__malloc_lock)
/home/dominik/st/stm32cubeide_1.15.1/plugins/com.st.stm32cube.ide.mcu.externaltools.gnu-tools-for-stm32.12.3.rel1.linux64_1.1.0.202410170702/tools/bin/../lib/gcc/arm-none-eabi/12.3.1/../../../../arm-none-eabi/lib/thumb/v7e-m+fp/hard/libc_nano.a(libc_a-findfp.o)
                              /home/dominik/st/stm32cubeide_1.15.1/plugins/com.st.stm32cube.ide.mcu.externaltools.gnu-tools-for-stm32.12.3.rel1.linux64_1.1.0.202410170702/tools/bin/../lib/gcc/arm-none-eabi/12.3.1/../../../../arm-none-eabi/lib/thumb/v7e-m+fp/hard/libc_nano.a(libc_a-exit.o) (__stdio_exit_handler)
/home/dominik/st/stm32cubeide_1.15.1/plugins/com.st.stm32cube.ide.mcu.externaltools.gnu-tools-for-stm32.12.3.rel1.linux64_1.1.0.202410170702/tools/bin/../lib/gcc/arm-none-eabi/12.3.1/../../../../arm-none-eabi/lib/thumb/v7e-m+fp/hard/libc_nano.a(libc_a-fwalk.o)
                              /home/dominik/st/stm32cubeide_1.15.1/plugins/com.st.stm32cube.ide.mcu.externaltools.gnu-tools-for-stm32.12.3.rel1.linux64_1.1.0.202410170702/tools/bin/../lib/gcc/arm-none-eabi/12.3.1/../../../../arm-none-eabi/lib/thumb/v7e-m+fp/hard/libc_nano.a(libc_a-findfp.o) (_fwalk_sglue)
/home/dominik/st/stm32cubeide_1.15.1/plugins/com.st.stm32cube.ide.mcu.externaltools.gnu-tools-for-stm32.12.3.rel1.linux64_1.1.0.202410170702/tools/bin/../lib/gcc/arm-none-eabi/12.3.1/../../../../arm-none-eabi/lib/thumb/v7e-m+fp/hard/libc_nano.a(libc_a-stdio.o)
                              /home/dominik/st/stm32cubeide_1.15.1/plugins/com.st.stm32cube.ide.mcu.externaltools.gnu-tools-for-stm32.12.3.rel1.linux64_1.1.0.202410170702/tools/bin/../lib/gcc/arm-none-eabi/12.3.1/../../../../arm-none-eabi/lib/thumb/v7e-m+fp/hard/libc_nano.a(libc_a-findfp.o) (__sread)
/home/dominik/st/stm32cubeide_1.15.1/plugins/com.st.stm32cube.ide.mcu.externaltools.gnu-tools-for-stm32.12.3.rel1.linux64_1.1.0.202410170702/tools/bin/../lib/gcc/arm-none-eabi/12.3.1/../../../../arm-none-eabi/lib/thumb/v7e-m+fp/hard/libc_nano.a(libc_a-memset.o)
                              /home/dominik/st/stm32cubeide_1.15.1/plugins/com.st.stm32cube.ide.mcu.externaltools.gnu-tools-for-stm32.12.3.rel1.linux64_1.1.0.202410170702/tools/bin/../lib/gcc/arm-none-eabi/12.3.1/../../../../arm-none-eabi/lib/thumb/v7e-m+fp/hard/crt0.o (memset)
/home/dominik/st/stm32cubeide_1.15.1/plugins/com.st.stm32cube.ide.mcu.externaltools.gnu-tools-for-stm32.12.3.rel1.linux64_1.1.0.202410170702/tools/bin/../lib/gcc/arm-none-eabi/12.3.1/../../../../arm-none-eabi/lib/thumb/v7e-m+fp/hard/libc_nano.a(libc_a-closer.o)
                              /home/dominik/st/stm32cubeide_1.15.1/plugins/com.st.stm32cube.ide.mcu.externaltools.gnu-tools-for-stm32.12.3.rel1.linux64_1.1.0.202410170702/tools/bin/../lib/gcc/arm-none-eabi/12.3.1/../../../../arm-none-eabi/lib/thumb/v7e-m+fp/hard/libc_nano.a(libc_a-stdio.o) (_close_r)
[...]
Memory Configuration

Name             Origin             Length             Attributes
CCMRAM           0x10000000         0x00010000         xrw
RAM              0x20000000         0x00050000         xrw
FLASH            0x08000000         0x00200000         xr
*default*        0x00000000         0xffffffff

Linker script and memory map

LOAD /home/dominik/st/stm32cubeide_1.15.1/plugins/com.st.stm32cube.ide.mcu.externaltools.gnu-tools-for-stm32.12.3.rel1.linux64_1.1.0.202410170702/tools/bin/../lib/gcc/arm-none-eabi/12.3.1/thumb/v7e-m+fp/hard/crti.o
LOAD /home/dominik/st/stm32cubeide_1.15.1/plugins/com.st.stm32cube.ide.mcu.externaltools.gnu-tools-for-stm32.12.3.rel1.linux64_1.1.0.202410170702/tools/bin/../lib/gcc/arm-none-eabi/12.3.1/thumb/v7e-m+fp/hard/crtbegin.o
LOAD /home/dominik/st/stm32cubeide_1.15.1/plugins/com.st.stm32cube.ide.mcu.externaltools.gnu-tools-for-stm32.12.3.rel1.linux64_1.1.0.202410170702/tools/bin/../lib/gcc/arm-none-eabi/12.3.1/../../../../arm-none-eabi/lib/thumb/v7e-m+fp/hard/crt0.o
LOAD ./Core/Src/main.o
LOAD ./Core/Src/stm32f4xx_hal_msp.o
LOAD ./Core/Src/stm32f4xx_hal_timebase_tim.o
LOAD ./Core/Src/stm32f4xx_it.o
LOAD ./Core/Src/syscalls.o
LOAD ./Core/Src/sysmem.o
LOAD ./Core/Src/system_stm32f4xx.o
LOAD ./Core/Startup/startup_stm32f469nihx.o
LOAD ./Drivers/STM32F4xx_HAL_Driver/Src/stm32f4xx_hal.o
LOAD ./Drivers/STM32F4xx_HAL_Driver/Src/stm32f4xx_hal_cortex.o
LOAD ./Drivers/STM32F4xx_HAL_Driver/Src/stm32f4xx_hal_crc.o
LOAD ./Drivers/STM32F4xx_HAL_Driver/Src/stm32f4xx_hal_dma.o
LOAD ./Drivers/STM32F4xx_HAL_Driver/Src/stm32f4xx_hal_dma2d.o
LOAD ./Drivers/STM32F4xx_HAL_Driver/Src/stm32f4xx_hal_dma_ex.o
LOAD ./Drivers/STM32F4xx_HAL_Driver/Src/stm32f4xx_hal_dsi.o
LOAD ./Drivers/STM32F4xx_HAL_Driver/Src/stm32f4xx_hal_exti.o
LOAD ./Drivers/STM32F4xx_HAL_Driver/Src/stm32f4xx_hal_flash.o
LOAD ./Drivers/STM32F4xx_HAL_Driver/Src/stm32f4xx_hal_flash_ex.o
LOAD ./Drivers/STM32F4xx_HAL_Driver/Src/stm32f4xx_hal_flash_ramfunc.o
LOAD ./Drivers/STM32F4xx_HAL_Driver/Src/stm32f4xx_hal_gpio.o
LOAD ./Drivers/STM32F4xx_HAL_Driver/Src/stm32f4xx_hal_hcd.o
LOAD ./Drivers/STM32F4xx_HAL_Driver/Src/stm32f4xx_hal_i2c.o
LOAD ./Drivers/STM32F4xx_HAL_Driver/Src/stm32f4xx_hal_i2c_ex.o
LOAD ./Drivers/STM32F4xx_HAL_Driver/Src/stm32f4xx_hal_ltdc.o
LOAD ./Drivers/STM32F4xx_HAL_Driver/Src/stm32f4xx_hal_ltdc_ex.o
LOAD ./Drivers/STM32F4xx_HAL_Driver/Src/stm32f4xx_hal_mmc.o
LOAD ./Drivers/STM32F4xx_HAL_Driver/Src/stm32f4xx_hal_nand.o
LOAD ./Drivers/STM32F4xx_HAL_Driver/Src/stm32f4xx_hal_nor.o
LOAD ./Drivers/STM32F4xx_HAL_Driver/Src/stm32f4xx_hal_pwr.o
LOAD ./Drivers/STM32F4xx_HAL_Driver/Src/stm32f4xx_hal_pwr_ex.o
LOAD ./Drivers/STM32F4xx_HAL_Driver/Src/stm32f4xx_hal_qspi.o
LOAD ./Drivers/STM32F4xx_HAL_Driver/Src/stm32f4xx_hal_rcc.o
LOAD ./Drivers/STM32F4xx_HAL_Driver/Src/stm32f4xx_hal_rcc_ex.o
LOAD ./Drivers/STM32F4xx_HAL_Driver/Src/stm32f4xx_hal_sai.o
LOAD ./Drivers/STM32F4xx_HAL_Driver/Src/stm32f4xx_hal_sai_ex.o
LOAD ./Drivers/STM32F4xx_HAL_Driver/Src/stm32f4xx_hal_sd.o
LOAD ./Drivers/STM32F4xx_HAL_Driver/Src/stm32f4xx_hal_sdram.o
LOAD ./Drivers/STM32F4xx_HAL_Driver/Src/stm32f4xx_hal_sram.o
LOAD ./Drivers/STM32F4xx_HAL_Driver/Src/stm32f4xx_hal_tim.o
LOAD ./Drivers/STM32F4xx_HAL_Driver/Src/stm32f4xx_hal_tim_ex.o
LOAD ./Drivers/STM32F4xx_HAL_Driver/Src/stm32f4xx_hal_uart.o
LOAD ./Drivers/STM32F4xx_HAL_Driver/Src/stm32f4xx_ll_fmc.o
LOAD ./Drivers/STM32F4xx_HAL_Driver/Src/stm32f4xx_ll_sdmmc.o
LOAD ./Drivers/STM32F4xx_HAL_Driver/Src/stm32f4xx_ll_usb.o
LOAD ./FATFS/App/fatfs.o
LOAD ./FATFS/Target/bsp_driver_sd.o
LOAD ./FATFS/Target/fatfs_platform.o
LOAD ./FATFS/Target/sd_diskio.o
LOAD ./Middlewares/ST/STM32_USB_Host_Library/Class/CDC/Src/usbh_cdc.o
LOAD ./Middlewares/ST/STM32_USB_Host_Library/Core/Src/usbh_core.o
LOAD ./Middlewares/ST/STM32_USB_Host_Library/Core/Src/usbh_ctlreq.o
LOAD ./Middlewares/ST/STM32_USB_Host_Library/Core/Src/usbh_ioreq.o
LOAD ./Middlewares/ST/STM32_USB_Host_Library/Core/Src/usbh_pipes.o
LOAD ./Middlewares/Third_Party/FatFs/src/diskio.o
LOAD ./Middlewares/Third_Party/FatFs/src/ff.o
LOAD ./Middlewares/Third_Party/FatFs/src/ff_gen_drv.o
LOAD ./Middlewares/Third_Party/FatFs/src/option/syscall.o
LOAD ./USB_HOST/App/usb_host.o
LOAD ./USB_HOST/Target/usbh_conf.o
LOAD ./USB_HOST/Target/usbh_platform.o
START GROUP
LOAD /home/dominik/st/stm32cubeide_1.15.1/plugins/com.st.stm32cube.ide.mcu.externaltools.gnu-tools-for-stm32.12.3.rel1.linux64_1.1.0.202410170702/tools/bin/../lib/gcc/arm-none-eabi/12.3.1/../../../../arm-none-eabi/lib/thumb/v7e-m+fp/hard/libstdc++_nano.a
LOAD /home/dominik/st/stm32cubeide_1.15.1/plugins/com.st.stm32cube.ide.mcu.externaltools.gnu-tools-for-stm32.12.3.rel1.linux64_1.1.0.202410170702/tools/bin/../lib/gcc/arm-none-eabi/12.3.1/../../../../arm-none-eabi/lib/thumb/v7e-m+fp/hard/libsupc++_nano.a
END GROUP
LOAD /home/dominik/st/stm32cubeide_1.15.1/plugins/com.st.stm32cube.ide.mcu.externaltools.gnu-tools-for-stm32.12.3.rel1.linux64_1.1.0.202410170702/tools/bin/../lib/gcc/arm-none-eabi/12.3.1/../../../../arm-none-eabi/lib/thumb/v7e-m+fp/hard/libstdc++_nano.a
LOAD /home/dominik/st/stm32cubeide_1.15.1/plugins/com.st.stm32cube.ide.mcu.externaltools.gnu-tools-for-stm32.12.3.rel1.linux64_1.1.0.202410170702/tools/bin/../lib/gcc/arm-none-eabi/12.3.1/../../../../arm-none-eabi/lib/thumb/v7e-m+fp/hard/libm.a
LOAD /home/dominik/st/stm32cubeide_1.15.1/plugins/com.st.stm32cube.ide.mcu.externaltools.gnu-tools-for-stm32.12.3.rel1.linux64_1.1.0.202410170702/tools/bin/../lib/gcc/arm-none-eabi/12.3.1/../../../../arm-none-eabi/lib/thumb/v7e-m+fp/hard/libc_nano.a
START GROUP
LOAD /home/dominik/st/stm32cubeide_1.15.1/plugins/com.st.stm32cube.ide.mcu.externaltools.gnu-tools-for-stm32.12.3.rel1.linux64_1.1.0.202410170702/tools/bin/../lib/gcc/arm-none-eabi/12.3.1/thumb/v7e-m+fp/hard/libgcc.a
LOAD /home/dominik/st/stm32cubeide_1.15.1/plugins/com.st.stm32cube.ide.mcu.externaltools.gnu-tools-for-stm32.12.3.rel1.linux64_1.1.0.202410170702/tools/bin/../lib/gcc/arm-none-eabi/12.3.1/../../../../arm-none-eabi/lib/thumb/v7e-m+fp/hard/libc_nano.a
END GROUP
START GROUP
LOAD /home/dominik/st/stm32cubeide_1.15.1/plugins/com.st.stm32cube.ide.mcu.externaltools.gnu-tools-for-stm32.12.3.rel1.linux64_1.1.0.202410170702/tools/bin/../lib/gcc/arm-none-eabi/12.3.1/thumb/v7e-m+fp/hard/libgcc.a
LOAD /home/dominik/st/stm32cubeide_1.15.1/plugins/com.st.stm32cube.ide.mcu.externaltools.gnu-tools-for-stm32.12.3.rel1.linux64_1.1.0.202410170702/tools/bin/../lib/gcc/arm-none-eabi/12.3.1/../../../../arm-none-eabi/lib/thumb/v7e-m+fp/hard/libc_nano.a
LOAD /home/dominik/st/stm32cubeide_1.15.1/plugins/com.st.stm32cube.ide.mcu.externaltools.gnu-tools-for-stm32.12.3.rel1.linux64_1.1.0.202410170702/tools/bin/../lib/gcc/arm-none-eabi/12.3.1/../../../../arm-none-eabi/lib/thumb/v7e-m+fp/hard/libnosys.a
END GROUP
START GROUP
LOAD /home/dominik/st/stm32cubeide_1.15.1/plugins/com.st.stm32cube.ide.mcu.externaltools.gnu-tools-for-stm32.12.3.rel1.linux64_1.1.0.202410170702/tools/bin/../lib/gcc/arm-none-eabi/12.3.1/thumb/v7e-m+fp/hard/libgcc.a
LOAD /home/dominik/st/stm32cubeide_1.15.1/plugins/com.st.stm32cube.ide.mcu.externaltools.gnu-tools-for-stm32.12.3.rel1.linux64_1.1.0.202410170702/tools/bin/../lib/gcc/arm-none-eabi/12.3.1/../../../../arm-none-eabi/lib/thumb/v7e-m+fp/hard/libc_nano.a
LOAD /home/dominik/st/stm32cubeide_1.15.1/plugins/com.st.stm32cube.ide.mcu.externaltools.gnu-tools-for-stm32.12.3.rel1.linux64_1.1.0.202410170702/tools/bin/../lib/gcc/arm-none-eabi/12.3.1/../../../../arm-none-eabi/lib/thumb/v7e-m+fp/hard/libnosys.a
END GROUP
LOAD /home/dominik/st/stm32cubeide_1.15.1/plugins/com.st.stm32cube.ide.mcu.externaltools.gnu-tools-for-stm32.12.3.rel1.linux64_1.1.0.202410170702/tools/bin/../lib/gcc/arm-none-eabi/12.3.1/thumb/v7e-m+fp/hard/crtend.o
LOAD /home/dominik/st/stm32cubeide_1.15.1/plugins/com.st.stm32cube.ide.mcu.externaltools.gnu-tools-for-stm32.12.3.rel1.linux64_1.1.0.202410170702/tools/bin/../lib/gcc/arm-none-eabi/12.3.1/thumb/v7e-m+fp/hard/crtn.o
                0x20050000                        _estack = (ORIGIN (RAM) + LENGTH (RAM))
                0x00000400                        _Min_Heap_Size = 0x400
                0x00000800                        _Min_Stack_Size = 0x800

.isr_vector     0x08000000      0x1b4
                0x08000000                        . = ALIGN (0x4)
 *(.isr_vector)
 .isr_vector    0x08000000      0x1b4 ./Core/Startup/startup_stm32f469nihx.o
                0x08000000                g_pfnVectors
                0x080001b4                        . = ALIGN (0x4)

.text           0x080001b4    0x11794
                0x080001b4                        . = ALIGN (0x4)
 *(.text)
 .text          0x080001b4       0x40 /home/dominik/st/stm32cubeide_1.15.1/plugins/com.st.stm32cube.ide.mcu.externaltools.gnu-tools-for-stm32.12.3.rel1.linux64_1.1.0.202410170702/tools/bin/../lib/gcc/arm-none-eabi/12.3.1/thumb/v7e-m+fp/hard/crtbegin.o
 .text          0x080001f4       0x10 /home/dominik/st/stm32cubeide_1.15.1/plugins/com.st.stm32cube.ide.mcu.externaltools.gnu-tools-for-stm32.12.3.rel1.linux64_1.1.0.202410170702/tools/bin/../lib/gcc/arm-none-eabi/12.3.1/../../../../arm-none-eabi/lib/thumb/v7e-m+fp/hard/libc_nano.a(libc_a-strlen.o)
                0x080001f4                strlen
 .text          0x08000204       0x30 /home/dominik/st/stm32cubeide_1.15.1/plugins/com.st.stm32cube.ide.mcu.externaltools.gnu-tools-for-stm32.12.3.rel1.linux64_1.1.0.202410170702/tools/bin/../lib/gcc/arm-none-eabi/12.3.1/thumb/v7e-m+fp/hard/libgcc.a(_aeabi_uldivmod.o)
                0x08000204                __aeabi_uldivmod
 .text          0x08000234      0x2bc /home/dominik/st/stm32cubeide_1.15.1/plugins/com.st.stm32cube.ide.mcu.externaltools.gnu-tools-for-stm32.12.3.rel1.linux64_1.1.0.202410170702/tools/bin/../lib/gcc/arm-none-eabi/12.3.1/thumb/v7e-m+fp/hard/libgcc.a(_udivmoddi4.o)
                0x08000234                __udivmoddi4
 .text          0x080004f0        0x4 /home/dominik/st/stm32cubeide_1.15.1/plugins/com.st.stm32cube.ide.mcu.externaltools.gnu-tools-for-stm32.12.3.rel1.linux64_1.1.0.202410170702/tools/bin/../lib/gcc/arm-none-eabi/12.3.1/thumb/v7e-m+fp/hard/libgcc.a(_dvmd_tls.o)
                0x080004f0                __aeabi_ldiv0
                0x080004f0                __aeabi_idiv0
 *(.text*)
 .text.main     0x080004f4      0x154 ./Core/Src/main.o
                0x080004f4                main
 .text.SystemClock_Config
                0x08000648       0xe4 ./Core/Src/main.o
                0x08000648                SystemClock_Config
 .text.PeriphCommonClock_Config
                0x0800072c       0x56 ./Core/Src/main.o
                0x0800072c                PeriphCommonClock_Config
 *fill*         0x08000782        0x2 
 .text.MX_CRC_Init
                0x08000784       0x28 ./Core/Src/main.o
 .text.MX_DMA2D_Init
                0x080007ac       0x64 ./Core/Src/main.o
 .text.MX_DSIHOST_DSI_Init
                0x08000810      0x200 ./Core/Src/main.o
 .text.MX_I2C1_Init
                0x08000a10       0x5c ./Core/Src/main.o
 .text.MX_I2C2_Init
                0x08000a6c       0x5c ./Core/Src/main.o
 .text.MX_LTDC_Init
                0x08000ac8       0xfc ./Core/Src/main.o
 .text.MX_QUADSPI_Init
                0x08000bc4       0x58 ./Core/Src/main.o
 .text.MX_SAI1_Init
                0x08000c1c       0xbc ./Core/Src/main.o
 .text.MX_SDIO_SD_Init
                0x08000cd8       0x40 ./Core/Src/main.o
 .text.MX_TIM1_Init
                0x08000d18       0xa0 ./Core/Src/main.o
 .text.MX_USART3_UART_Init
                0x08000db8       0x54 ./Core/Src/main.o
 .text.MX_USART6_UART_Init
                0x08000e0c       0x54 ./Core/Src/main.o
 .text.MX_DMA_Init
                0x08000e60       0x50 ./Core/Src/main.o
 .text.MX_FMC_Init
                0x08000eb0       0xa0 ./Core/Src/main.o
 .text.MX_GPIO_Init
                0x08000f50      0x318 ./Core/Src/main.o
 .text.HAL_TIM_PeriodElapsedCallback
                0x08001268       0x24 ./Core/Src/main.o
                0x08001268                HAL_TIM_PeriodElapsedCallback
 .text.Error_Handler
                0x0800128c       0x30 ./Core/Src/main.o
                0x0800128c                Error_Handler
 .text.HAL_MspInit
                0x080012bc       0x5c ./Core/Src/stm32f4xx_hal_msp.o
                0x080012bc                HAL_MspInit
 .text.HAL_CRC_MspInit
                0x08001318       0x44 ./Core/Src/stm32f4xx_hal_msp.o
                0x08001318                HAL_CRC_MspInit
 .text.HAL_DMA2D_MspInit
                0x0800135c       0x50 ./Core/Src/stm32f4xx_hal_msp.o
                0x0800135c                HAL_DMA2D_MspInit
 .text.HAL_DSI_MspInit
                0x080013ac       0xa0 ./Core/Src/stm32f4xx_hal_msp.o
                0x080013ac                HAL_DSI_MspInit
 .text.HAL_I2C_MspInit
                0x0800144c       0xfc ./Core/Src/stm32f4xx_hal_msp.o
                0x0800144c                HAL_I2C_MspInit
 .text.HAL_LTDC_MspInit
                0x08001548       0x50 ./Core/Src/stm32f4xx_hal_msp.o
                0x08001548                HAL_LTDC_MspInit
 .text.HAL_QSPI_MspInit
                0x08001598       0xf4 ./Core/Src/stm32f4xx_hal_msp.o
                0x08001598                HAL_QSPI_MspInit
 .text.HAL_SD_MspInit
                0x0800168c      0x1e0 ./Core/Src/stm32f4xx_hal_msp.o
                0x0800168c                HAL_SD_MspInit
 .text.HAL_TIM_Base_MspInit
                0x0800186c       0x44 ./Core/Src/stm32f4xx_hal_msp.o
                0x0800186c                HAL_TIM_Base_MspInit
 .text.HAL_UART_MspInit
                0x080018b0      0x100 ./Core/Src/stm32f4xx_hal_msp.o
                0x080018b0                HAL_UART_MspInit
 .text.HAL_FMC_MspInit
                0x080019b0      0x14c ./Core/Src/stm32f4xx_hal_msp.o
 .text.HAL_SDRAM_MspInit
                0x08001afc       0x14 ./Core/Src/stm32f4xx_hal_msp.o
                0x08001afc                HAL_SDRAM_MspInit
 .text.HAL_SAI_MspInit
                0x08001b10       0xc0 ./Core/Src/stm32f4xx_hal_msp.o
                0x08001b10                HAL_SAI_MspInit
 .text.HAL_InitTick
                0x08001bd0       0xf8 ./Core/Src/stm32f4xx_hal_timebase_tim.o
                0x08001bd0                HAL_InitTick
 .text.NMI_Handler
                0x08001cc8        0x8 ./Core/Src/stm32f4xx_it.o
                0x08001cc8                NMI_Handler
 .text.HardFault_Handler
                0x08001cd0        0x8 ./Core/Src/stm32f4xx_it.o
                0x08001cd0                HardFault_Handler
 .text.MemManage_Handler
                0x08001cd8        0x8 ./Core/Src/stm32f4xx_it.o
                0x08001cd8                MemManage_Handler
 .text.BusFault_Handler
                0x08001ce0        0x8 ./Core/Src/stm32f4xx_it.o
                0x08001ce0                BusFault_Handler
 .text.UsageFault_Handler
                0x08001ce8        0x8 ./Core/Src/stm32f4xx_it.o
                0x08001ce8                UsageFault_Handler
 .text.SVC_Handler
                0x08001cf0        0xe ./Core/Src/stm32f4xx_it.o
                0x08001cf0                SVC_Handler
 .text.DebugMon_Handler
                0x08001cfe        0xe ./Core/Src/stm32f4xx_it.o
                0x08001cfe                DebugMon_Handler
 .text.PendSV_Handler
                0x08001d0c        0xe ./Core/Src/stm32f4xx_it.o
                0x08001d0c                PendSV_Handler
 .text.SysTick_Handler
                0x08001d1a        0xe ./Core/Src/stm32f4xx_it.o
                0x08001d1a                SysTick_Handler
 .text.RCC_IRQHandler
                0x08001d28        0xe ./Core/Src/stm32f4xx_it.o
                0x08001d28                RCC_IRQHandler
 *fill*         0x08001d36        0x2 
 .text.SDIO_IRQHandler
                0x08001d38       0x14 ./Core/Src/stm32f4xx_it.o
                0x08001d38                SDIO_IRQHandler
 .text.TIM6_DAC_IRQHandler
                0x08001d4c       0x14 ./Core/Src/stm32f4xx_it.o
                0x08001d4c                TIM6_DAC_IRQHandler
 .text.DMA2_Stream3_IRQHandler
                0x08001d60       0x14 ./Core/Src/stm32f4xx_it.o
                0x08001d60                DMA2_Stream3_IRQHandler
 .text.OTG_FS_IRQHandler
                0x08001d74       0x14 ./Core/Src/stm32f4xx_it.o
                0x08001d74                OTG_FS_IRQHandler
 .text.DMA2_Stream6_IRQHandler
                0x08001d88       0x14 ./Core/Src/stm32f4xx_it.o
                0x08001d88                DMA2_Stream6_IRQHandler
 .text.LTDC_IRQHandler
                0x08001d9c       0x14 ./Core/Src/stm32f4xx_it.o
                0x08001d9c                LTDC_IRQHandler
 .text.DMA2D_IRQHandler
                0x08001db0       0x14 ./Core/Src/stm32f4xx_it.o
                0x08001db0                DMA2D_IRQHandler
 .text.DSI_IRQHandler
                0x08001dc4       0x14 ./Core/Src/stm32f4xx_it.o
                0x08001dc4                DSI_IRQHandler
 .text._sbrk    0x08001dd8       0x6c ./Core/Src/sysmem.o
                0x08001dd8                _sbrk
 .text.SystemInit
                0x08001e44       0x24 ./Core/Src/system_stm32f4xx.o
                0x08001e44                SystemInit
 .text.Reset_Handler
                0x08001e68       0x50 ./Core/Startup/startup_stm32f469nihx.o
                0x08001e68                Reset_Handler
 .text.Default_Handler
                0x08001eb8        0x2 ./Core/Startup/startup_stm32f469nihx.o
                0x08001eb8                RTC_Alarm_IRQHandler
                0x08001eb8                HASH_RNG_IRQHandler
                0x08001eb8                EXTI2_IRQHandler
                0x08001eb8                TIM8_CC_IRQHandler
                0x08001eb8                UART8_IRQHandler
                0x08001eb8                SPI4_IRQHandler
                0x08001eb8                TIM1_CC_IRQHandler
                0x08001eb8                DMA2_Stream5_IRQHandler
                0x08001eb8                DMA1_Stream5_IRQHandler
                0x08001eb8                PVD_IRQHandler
                0x08001eb8                TAMP_STAMP_IRQHandler
                0x08001eb8                CAN2_RX1_IRQHandler
                0x08001eb8                EXTI3_IRQHandler
                0x08001eb8                TIM8_TRG_COM_TIM14_IRQHandler
                0x08001eb8                TIM1_UP_TIM10_IRQHandler
                0x08001eb8                TIM8_UP_TIM13_IRQHandler
                0x08001eb8                I2C3_ER_IRQHandler
                0x08001eb8                EXTI0_IRQHandler
                0x08001eb8                I2C2_EV_IRQHandler
                0x08001eb8                DMA1_Stream2_IRQHandler
                0x08001eb8                CAN1_RX0_IRQHandler
                0x08001eb8                FPU_IRQHandler
                0x08001eb8                OTG_HS_WKUP_IRQHandler
                0x08001eb8                LTDC_ER_IRQHandler
                0x08001eb8                CAN2_SCE_IRQHandler
                0x08001eb8                DMA2_Stream2_IRQHandler
                0x08001eb8                SPI1_IRQHandler
                0x08001eb8                TIM1_BRK_TIM9_IRQHandler
                0x08001eb8                DCMI_IRQHandler
                0x08001eb8                CAN2_RX0_IRQHandler
                0x08001eb8                USART6_IRQHandler
                0x08001eb8                USART3_IRQHandler
                0x08001eb8                CAN1_RX1_IRQHandler
                0x08001eb8                UART5_IRQHandler
                0x08001eb8                DMA2_Stream0_IRQHandler
                0x08001eb8                TIM4_IRQHandler
                0x08001eb8                QUADSPI_IRQHandler
                0x08001eb8                I2C1_EV_IRQHandler
                0x08001eb8                DMA1_Stream6_IRQHandler
                0x08001eb8                DMA1_Stream1_IRQHandler
                0x08001eb8                UART4_IRQHandler
                0x08001eb8                TIM3_IRQHandler
                0x08001eb8                TIM8_BRK_TIM12_IRQHandler
                0x08001eb8                Default_Handler
                0x08001eb8                EXTI15_10_IRQHandler
                0x08001eb8                ADC_IRQHandler
                0x08001eb8                DMA1_Stream7_IRQHandler
                0x08001eb8                SPI5_IRQHandler
                0x08001eb8                TIM7_IRQHandler
                0x08001eb8                CAN2_TX_IRQHandler
                0x08001eb8                TIM5_IRQHandler
                0x08001eb8                DMA2_Stream7_IRQHandler
                0x08001eb8                I2C3_EV_IRQHandler
                0x08001eb8                EXTI9_5_IRQHandler
                0x08001eb8                RTC_WKUP_IRQHandler
                0x08001eb8                ETH_WKUP_IRQHandler
                0x08001eb8                SPI2_IRQHandler
                0x08001eb8                OTG_HS_EP1_IN_IRQHandler
                0x08001eb8                DMA1_Stream0_IRQHandler
                0x08001eb8                CAN1_TX_IRQHandler
                0x08001eb8                EXTI4_IRQHandler
                0x08001eb8                ETH_IRQHandler
                0x08001eb8                OTG_HS_EP1_OUT_IRQHandler
                0x08001eb8                WWDG_IRQHandler
                0x08001eb8                SPI6_IRQHandler
                0x08001eb8                TIM2_IRQHandler
                0x08001eb8                OTG_FS_WKUP_IRQHandler
                0x08001eb8                TIM1_TRG_COM_TIM11_IRQHandler
                0x08001eb8                OTG_HS_IRQHandler
                0x08001eb8                EXTI1_IRQHandler
                0x08001eb8                UART7_IRQHandler
                0x08001eb8                USART2_IRQHandler
                0x08001eb8                I2C2_ER_IRQHandler
                0x08001eb8                DMA2_Stream1_IRQHandler
                0x08001eb8                CAN1_SCE_IRQHandler
                0x08001eb8                FLASH_IRQHandler
                0x08001eb8                DMA2_Stream4_IRQHandler
                0x08001eb8                USART1_IRQHandler
                0x08001eb8                SPI3_IRQHandler
                0x08001eb8                DMA1_Stream4_IRQHandler
                0x08001eb8                I2C1_ER_IRQHandler
                0x08001eb8                FMC_IRQHandler
                0x08001eb8                SAI1_IRQHandler
                0x08001eb8                DMA1_Stream3_IRQHandler
 *fill*         0x08001eba        0x2 
 .text.HAL_Init
                0x08001ebc       0x44 ./Drivers/STM32F4xx_HAL_Driver/Src/stm32f4xx_hal.o
                0x08001ebc                HAL_Init
 .text.HAL_IncTick
                0x08001f00       0x28 ./Drivers/STM32F4xx_HAL_Driver/Src/stm32f4xx_hal.o
                0x08001f00                HAL_IncTick
 .text.HAL_GetTick
                0x08001f28       0x18 ./Drivers/STM32F4xx_HAL_Driver/Src/stm32f4xx_hal.o
                0x08001f28                HAL_GetTick
 .text.HAL_Delay
                0x08001f40       0x48 ./Drivers/STM32F4xx_HAL_Driver/Src/stm32f4xx_hal.o
                0x08001f40                HAL_Delay
 .text.__NVIC_SetPriorityGrouping
                0x08001f88       0x48 ./Drivers/STM32F4xx_HAL_Driver/Src/stm32f4xx_hal_cortex.o
 .text.__NVIC_GetPriorityGrouping
                0x08001fd0       0x1c ./Drivers/STM32F4xx_HAL_Driver/Src/stm32f4xx_hal_cortex.o
 .text.__NVIC_EnableIRQ
                0x08001fec       0x3c ./Drivers/STM32F4xx_HAL_Driver/Src/stm32f4xx_hal_cortex.o
 .text.__NVIC_SetPriority
                0x08002028       0x54 ./Drivers/STM32F4xx_HAL_Driver/Src/stm32f4xx_hal_cortex.o
 .text.NVIC_EncodePriority
                0x0800207c       0x66 ./Drivers/STM32F4xx_HAL_Driver/Src/stm32f4xx_hal_cortex.o
 .text.HAL_NVIC_SetPriorityGrouping
                0x080020e2       0x16 ./Drivers/STM32F4xx_HAL_Driver/Src/stm32f4xx_hal_cortex.o
                0x080020e2                HAL_NVIC_SetPriorityGrouping
 .text.HAL_NVIC_SetPriority
                0x080020f8       0x38 ./Drivers/STM32F4xx_HAL_Driver/Src/stm32f4xx_hal_cortex.o
                0x080020f8                HAL_NVIC_SetPriority
 .text.HAL_NVIC_EnableIRQ
                0x08002130       0x1c ./Drivers/STM32F4xx_HAL_Driver/Src/stm32f4xx_hal_cortex.o
                0x08002130                HAL_NVIC_EnableIRQ
 .text.HAL_CRC_Init
                0x0800214c       0x38 ./Drivers/STM32F4xx_HAL_Driver/Src/stm32f4xx_hal_crc.o
                0x0800214c                HAL_CRC_Init
 .text.HAL_DMA_Init
                0x08002184      0x15c ./Drivers/STM32F4xx_HAL_Driver/Src/stm32f4xx_hal_dma.o
                0x08002184                HAL_DMA_Init
 .text.HAL_DMA_Start_IT
                0x080022e0       0xb0 ./Drivers/STM32F4xx_HAL_Driver/Src/stm32f4xx_hal_dma.o
                0x080022e0                HAL_DMA_Start_IT
 .text.HAL_DMA_Abort_IT
                0x08002390       0x44 ./Drivers/STM32F4xx_HAL_Driver/Src/stm32f4xx_hal_dma.o
                0x08002390                HAL_DMA_Abort_IT
 .text.HAL_DMA_IRQHandler
                0x080023d4      0x314 ./Drivers/STM32F4xx_HAL_Driver/Src/stm32f4xx_hal_dma.o
                0x080023d4                HAL_DMA_IRQHandler
 .text.HAL_DMA_GetError
                0x080026e8       0x18 ./Drivers/STM32F4xx_HAL_Driver/Src/stm32f4xx_hal_dma.o
                0x080026e8                HAL_DMA_GetError
 .text.DMA_SetConfig
                0x08002700       0x5c ./Drivers/STM32F4xx_HAL_Driver/Src/stm32f4xx_hal_dma.o
 .text.DMA_CalcBaseAndBitshift
                0x0800275c       0x6c ./Drivers/STM32F4xx_HAL_Driver/Src/stm32f4xx_hal_dma.o
 .text.DMA_CheckFifoParam
                0x080027c8       0xf8 ./Drivers/STM32F4xx_HAL_Driver/Src/stm32f4xx_hal_dma.o
 .text.HAL_DMA2D_Init
                0x080028c0       0x92 ./Drivers/STM32F4xx_HAL_Driver/Src/stm32f4xx_hal_dma2d.o
                0x080028c0                HAL_DMA2D_Init
 .text.HAL_DMA2D_IRQHandler
                0x08002952      0x1f8 ./Drivers/STM32F4xx_HAL_Driver/Src/stm32f4xx_hal_dma2d.o
                0x08002952                HAL_DMA2D_IRQHandler
 .text.HAL_DMA2D_LineEventCallback
                0x08002b4a       0x14 ./Drivers/STM32F4xx_HAL_Driver/Src/stm32f4xx_hal_dma2d.o
                0x08002b4a                HAL_DMA2D_LineEventCallback
 .text.HAL_DMA2D_CLUTLoadingCpltCallback
                0x08002b5e       0x14 ./Drivers/STM32F4xx_HAL_Driver/Src/stm32f4xx_hal_dma2d.o
                0x08002b5e                HAL_DMA2D_CLUTLoadingCpltCallback
 *fill*         0x08002b72        0x2 
 .text.HAL_DMA2D_ConfigLayer
                0x08002b74      0x124 ./Drivers/STM32F4xx_HAL_Driver/Src/stm32f4xx_hal_dma2d.o
                0x08002b74                HAL_DMA2D_ConfigLayer
 .text.HAL_DSI_Init
                0x08002c98      0x300 ./Drivers/STM32F4xx_HAL_Driver/Src/stm32f4xx_hal_dsi.o
                0x08002c98                HAL_DSI_Init
 .text.HAL_DSI_ConfigErrorMonitor
                0x08002f98      0x17a ./Drivers/STM32F4xx_HAL_Driver/Src/stm32f4xx_hal_dsi.o
                0x08002f98                HAL_DSI_ConfigErrorMonitor
 .text.HAL_DSI_IRQHandler
                0x08003112      0x192 ./Drivers/STM32F4xx_HAL_Driver/Src/stm32f4xx_hal_dsi.o
                0x08003112                HAL_DSI_IRQHandler
 .text.HAL_DSI_TearingEffectCallback
                0x080032a4       0x14 ./Drivers/STM32F4xx_HAL_Driver/Src/stm32f4xx_hal_dsi.o
                0x080032a4                HAL_DSI_TearingEffectCallback
 .text.HAL_DSI_EndOfRefreshCallback
                0x080032b8       0x14 ./Drivers/STM32F4xx_HAL_Driver/Src/stm32f4xx_hal_dsi.o
                0x080032b8                HAL_DSI_EndOfRefreshCallback
 .text.HAL_DSI_ErrorCallback
                0x080032cc       0x14 ./Drivers/STM32F4xx_HAL_Driver/Src/stm32f4xx_hal_dsi.o
                0x080032cc                HAL_DSI_ErrorCallback
 .text.HAL_DSI_SetGenericVCID
                0x080032e0       0x50 ./Drivers/STM32F4xx_HAL_Driver/Src/stm32f4xx_hal_dsi.o
                0x080032e0                HAL_DSI_SetGenericVCID
 .text.HAL_DSI_ConfigAdaptedCommandMode
                0x08003330      0x1ae ./Drivers/STM32F4xx_HAL_Driver/Src/stm32f4xx_hal_dsi.o
                0x08003330                HAL_DSI_ConfigAdaptedCommandMode
 *fill*         0x080034de        0x2 
 .text.HAL_DSI_ConfigCommand
                0x080034e0       0xbc ./Drivers/STM32F4xx_HAL_Driver/Src/stm32f4xx_hal_dsi.o
                0x080034e0                HAL_DSI_ConfigCommand
 .text.HAL_DSI_ConfigFlowControl
                0x0800359c       0x50 ./Drivers/STM32F4xx_HAL_Driver/Src/stm32f4xx_hal_dsi.o
                0x0800359c                HAL_DSI_ConfigFlowControl
 .text.HAL_DSI_ConfigPhyTimer
                0x080035ec       0xd4 ./Drivers/STM32F4xx_HAL_Driver/Src/stm32f4xx_hal_dsi.o
                0x080035ec                HAL_DSI_ConfigPhyTimer
 .text.HAL_DSI_ConfigHostTimeouts
                0x080036c0      0x18c ./Drivers/STM32F4xx_HAL_Driver/Src/stm32f4xx_hal_dsi.o
                0x080036c0                HAL_DSI_ConfigHostTimeouts
 .text.HAL_DSI_SetLowPowerRXFilter
                0x0800384c       0x5a ./Drivers/STM32F4xx_HAL_Driver/Src/stm32f4xx_hal_dsi.o
                0x0800384c                HAL_DSI_SetLowPowerRXFilter
 *fill*         0x080038a6        0x2 
 .text.HAL_GPIO_Init
                0x080038a8      0x358 ./Drivers/STM32F4xx_HAL_Driver/Src/stm32f4xx_hal_gpio.o
                0x080038a8                HAL_GPIO_Init
 .text.HAL_GPIO_ReadPin
                0x08003c00       0x30 ./Drivers/STM32F4xx_HAL_Driver/Src/stm32f4xx_hal_gpio.o
                0x08003c00                HAL_GPIO_ReadPin
 .text.HAL_GPIO_WritePin
                0x08003c30       0x32 ./Drivers/STM32F4xx_HAL_Driver/Src/stm32f4xx_hal_gpio.o
                0x08003c30                HAL_GPIO_WritePin
 .text.HAL_HCD_Init
                0x08003c62       0xce ./Drivers/STM32F4xx_HAL_Driver/Src/stm32f4xx_hal_hcd.o
                0x08003c62                HAL_HCD_Init
 .text.HAL_HCD_HC_Init
                0x08003d30      0x170 ./Drivers/STM32F4xx_HAL_Driver/Src/stm32f4xx_hal_hcd.o
                0x08003d30                HAL_HCD_HC_Init
 .text.HAL_HCD_HC_Halt
                0x08003ea0       0x46 ./Drivers/STM32F4xx_HAL_Driver/Src/stm32f4xx_hal_hcd.o
                0x08003ea0                HAL_HCD_HC_Halt
 *fill*         0x08003ee6        0x2 
 .text.HAL_HCD_HC_SubmitRequest
                0x08003ee8      0x33c ./Drivers/STM32F4xx_HAL_Driver/Src/stm32f4xx_hal_hcd.o
                0x08003ee8                HAL_HCD_HC_SubmitRequest
 .text.HAL_HCD_IRQHandler
                0x08004224      0x220 ./Drivers/STM32F4xx_HAL_Driver/Src/stm32f4xx_hal_hcd.o
                0x08004224                HAL_HCD_IRQHandler
 .text.HAL_HCD_Start
                0x08004444       0x46 ./Drivers/STM32F4xx_HAL_Driver/Src/stm32f4xx_hal_hcd.o
                0x08004444                HAL_HCD_Start
 .text.HAL_HCD_Stop
                0x0800448a       0x3a ./Drivers/STM32F4xx_HAL_Driver/Src/stm32f4xx_hal_hcd.o
                0x0800448a                HAL_HCD_Stop
 .text.HAL_HCD_ResetPort
                0x080044c4       0x1c ./Drivers/STM32F4xx_HAL_Driver/Src/stm32f4xx_hal_hcd.o
                0x080044c4                HAL_HCD_ResetPort
 .text.HAL_HCD_HC_GetURBState
                0x080044e0       0x2a ./Drivers/STM32F4xx_HAL_Driver/Src/stm32f4xx_hal_hcd.o
                0x080044e0                HAL_HCD_HC_GetURBState
 .text.HAL_HCD_HC_GetXferCount
                0x0800450a       0x2a ./Drivers/STM32F4xx_HAL_Driver/Src/stm32f4xx_hal_hcd.o
                0x0800450a                HAL_HCD_HC_GetXferCount
 .text.HAL_HCD_GetCurrentFrame
                0x08004534       0x1c ./Drivers/STM32F4xx_HAL_Driver/Src/stm32f4xx_hal_hcd.o
                0x08004534                HAL_HCD_GetCurrentFrame
 .text.HAL_HCD_GetCurrentSpeed
                0x08004550       0x1c ./Drivers/STM32F4xx_HAL_Driver/Src/stm32f4xx_hal_hcd.o
                0x08004550                HAL_HCD_GetCurrentSpeed
 .text.HAL_HCD_HC_ClearHubInfo
                0x0800456c       0x6a ./Drivers/STM32F4xx_HAL_Driver/Src/stm32f4xx_hal_hcd.o
                0x0800456c                HAL_HCD_HC_ClearHubInfo
 .text.HCD_HC_IN_IRQHandler
                0x080045d6      0xcd2 ./Drivers/STM32F4xx_HAL_Driver/Src/stm32f4xx_hal_hcd.o
 .text.HCD_HC_OUT_IRQHandler
                0x080052a8      0x97e ./Drivers/STM32F4xx_HAL_Driver/Src/stm32f4xx_hal_hcd.o
 .text.HCD_RXQLVL_IRQHandler
                0x08005c26      0x1be ./Drivers/STM32F4xx_HAL_Driver/Src/stm32f4xx_hal_hcd.o
 .text.HCD_Port_IRQHandler
                0x08005de4       0xe6 ./Drivers/STM32F4xx_HAL_Driver/Src/stm32f4xx_hal_hcd.o
 *fill*         0x08005eca        0x2 
 .text.HAL_I2C_Init
                0x08005ecc      0x288 ./Drivers/STM32F4xx_HAL_Driver/Src/stm32f4xx_hal_i2c.o
                0x08005ecc                HAL_I2C_Init
 .text.HAL_LTDC_Init
                0x08006154      0x1a0 ./Drivers/STM32F4xx_HAL_Driver/Src/stm32f4xx_hal_ltdc.o
                0x08006154                HAL_LTDC_Init
 .text.HAL_LTDC_IRQHandler
                0x080062f4      0x148 ./Drivers/STM32F4xx_HAL_Driver/Src/stm32f4xx_hal_ltdc.o
                0x080062f4                HAL_LTDC_IRQHandler
 .text.HAL_LTDC_ErrorCallback
                0x0800643c       0x14 ./Drivers/STM32F4xx_HAL_Driver/Src/stm32f4xx_hal_ltdc.o
                0x0800643c                HAL_LTDC_ErrorCallback
 .text.HAL_LTDC_LineEventCallback
                0x08006450       0x14 ./Drivers/STM32F4xx_HAL_Driver/Src/stm32f4xx_hal_ltdc.o
                0x08006450                HAL_LTDC_LineEventCallback
 .text.HAL_LTDC_ReloadEventCallback
                0x08006464       0x14 ./Drivers/STM32F4xx_HAL_Driver/Src/stm32f4xx_hal_ltdc.o
                0x08006464                HAL_LTDC_ReloadEventCallback
 .text.HAL_LTDC_ConfigLayer
                0x08006478       0x7c ./Drivers/STM32F4xx_HAL_Driver/Src/stm32f4xx_hal_ltdc.o
                0x08006478                HAL_LTDC_ConfigLayer
 .text.LTDC_SetConfig
                0x080064f4      0x32e ./Drivers/STM32F4xx_HAL_Driver/Src/stm32f4xx_hal_ltdc.o
 *fill*         0x08006822        0x2 
 .text.HAL_PWREx_EnableOverDrive
                0x08006824       0xa0 ./Drivers/STM32F4xx_HAL_Driver/Src/stm32f4xx_hal_pwr_ex.o
                0x08006824                HAL_PWREx_EnableOverDrive
 .text.HAL_QSPI_Init
                0x080068c4       0xf8 ./Drivers/STM32F4xx_HAL_Driver/Src/stm32f4xx_hal_qspi.o
                0x080068c4                HAL_QSPI_Init
 .text.HAL_QSPI_SetTimeout
                0x080069bc       0x1c ./Drivers/STM32F4xx_HAL_Driver/Src/stm32f4xx_hal_qspi.o
                0x080069bc                HAL_QSPI_SetTimeout
 .text.QSPI_WaitFlagStateUntilTimeout
                0x080069d8       0x6e ./Drivers/STM32F4xx_HAL_Driver/Src/stm32f4xx_hal_qspi.o
 *fill*         0x08006a46        0x2 
 .text.HAL_RCC_ClockConfig
                0x08006a48      0x1cc ./Drivers/STM32F4xx_HAL_Driver/Src/stm32f4xx_hal_rcc.o
                0x08006a48                HAL_RCC_ClockConfig
 .text.HAL_RCC_GetSysClockFreq
                0x08006c14      0x20c ./Drivers/STM32F4xx_HAL_Driver/Src/stm32f4xx_hal_rcc.o
                0x08006c14                HAL_RCC_GetSysClockFreq
 .text.HAL_RCC_GetHCLKFreq
                0x08006e20       0x18 ./Drivers/STM32F4xx_HAL_Driver/Src/stm32f4xx_hal_rcc.o
                0x08006e20                HAL_RCC_GetHCLKFreq
 .text.HAL_RCC_GetPCLK1Freq
                0x08006e38       0x28 ./Drivers/STM32F4xx_HAL_Driver/Src/stm32f4xx_hal_rcc.o
                0x08006e38                HAL_RCC_GetPCLK1Freq
 .text.HAL_RCC_GetPCLK2Freq
                0x08006e60       0x28 ./Drivers/STM32F4xx_HAL_Driver/Src/stm32f4xx_hal_rcc.o
                0x08006e60                HAL_RCC_GetPCLK2Freq
 .text.HAL_RCC_GetClockConfig
                0x08006e88       0x64 ./Drivers/STM32F4xx_HAL_Driver/Src/stm32f4xx_hal_rcc.o
                0x08006e88                HAL_RCC_GetClockConfig
 .text.HAL_RCCEx_PeriphCLKConfig
                0x08006eec      0x47c ./Drivers/STM32F4xx_HAL_Driver/Src/stm32f4xx_hal_rcc_ex.o
                0x08006eec                HAL_RCCEx_PeriphCLKConfig
 .text.HAL_RCC_OscConfig
                0x08007368      0x508 ./Drivers/STM32F4xx_HAL_Driver/Src/stm32f4xx_hal_rcc_ex.o
                0x08007368                HAL_RCC_OscConfig
 .text.HAL_SAI_Init
                0x08007870      0x250 ./Drivers/STM32F4xx_HAL_Driver/Src/stm32f4xx_hal_sai.o
                0x08007870                HAL_SAI_Init
 .text.SAI_Disable
                0x08007ac0       0x70 ./Drivers/STM32F4xx_HAL_Driver/Src/stm32f4xx_hal_sai.o
 .text.SAI_BlockSynchroConfig
                0x08007b30       0x4c ./Drivers/STM32F4xx_HAL_Driver/Src/stm32f4xx_hal_sai_ex.o
                0x08007b30                SAI_BlockSynchroConfig
 .text.SAI_GetInputClock
                0x08007b7c      0x148 ./Drivers/STM32F4xx_HAL_Driver/Src/stm32f4xx_hal_sai_ex.o
                0x08007b7c                SAI_GetInputClock
 .text.HAL_SD_Init
                0x08007cc4       0x60 ./Drivers/STM32F4xx_HAL_Driver/Src/stm32f4xx_hal_sd.o
                0x08007cc4                HAL_SD_Init
 .text.HAL_SD_InitCard
                0x08007d24      0x100 ./Drivers/STM32F4xx_HAL_Driver/Src/stm32f4xx_hal_sd.o
                0x08007d24                HAL_SD_InitCard
 .text.HAL_SD_ReadBlocks_DMA
                0x08007e24      0x1c0 ./Drivers/STM32F4xx_HAL_Driver/Src/stm32f4xx_hal_sd.o
                0x08007e24                HAL_SD_ReadBlocks_DMA
 .text.HAL_SD_WriteBlocks_DMA
                0x08007fe4      0x1c4 ./Drivers/STM32F4xx_HAL_Driver/Src/stm32f4xx_hal_sd.o
                0x08007fe4                HAL_SD_WriteBlocks_DMA
 .text.HAL_SD_IRQHandler
                0x080081a8      0x2ec ./Drivers/STM32F4xx_HAL_Driver/Src/stm32f4xx_hal_sd.o
                0x080081a8                HAL_SD_IRQHandler
 .text.HAL_SD_ErrorCallback
                0x08008494       0x14 ./Drivers/STM32F4xx_HAL_Driver/Src/stm32f4xx_hal_sd.o
                0x08008494                HAL_SD_ErrorCallback
 .text.HAL_SD_GetCardCSD
                0x080084a8      0x348 ./Drivers/STM32F4xx_HAL_Driver/Src/stm32f4xx_hal_sd.o
                0x080084a8                HAL_SD_GetCardCSD
 .text.HAL_SD_GetCardInfo
                0x080087f0       0x58 ./Drivers/STM32F4xx_HAL_Driver/Src/stm32f4xx_hal_sd.o
                0x080087f0                HAL_SD_GetCardInfo
 .text.HAL_SD_GetCardState
                0x08008848       0x40 ./Drivers/STM32F4xx_HAL_Driver/Src/stm32f4xx_hal_sd.o
                0x08008848                HAL_SD_GetCardState
 .text.SD_DMATransmitCplt
                0x08008888       0x2a ./Drivers/STM32F4xx_HAL_Driver/Src/stm32f4xx_hal_sd.o
 .text.SD_DMAReceiveCplt
                0x080088b2       0x70 ./Drivers/STM32F4xx_HAL_Driver/Src/stm32f4xx_hal_sd.o
 *fill*         0x08008922        0x2 
 .text.SD_DMAError
                0x08008924       0xa4 ./Drivers/STM32F4xx_HAL_Driver/Src/stm32f4xx_hal_sd.o
 .text.SD_DMATxAbort
                0x080089c8       0x6e ./Drivers/STM32F4xx_HAL_Driver/Src/stm32f4xx_hal_sd.o
 .text.SD_DMARxAbort
                0x08008a36       0x6e ./Drivers/STM32F4xx_HAL_Driver/Src/stm32f4xx_hal_sd.o
 .text.SD_InitCard
                0x08008aa4      0x19c ./Drivers/STM32F4xx_HAL_Driver/Src/stm32f4xx_hal_sd.o
 .text.SD_PowerON
                0x08008c40      0x11c ./Drivers/STM32F4xx_HAL_Driver/Src/stm32f4xx_hal_sd.o
 .text.SD_SendStatus
                0x08008d5c       0x50 ./Drivers/STM32F4xx_HAL_Driver/Src/stm32f4xx_hal_sd.o
 .text.SD_Read_IT
                0x08008dac       0xa2 ./Drivers/STM32F4xx_HAL_Driver/Src/stm32f4xx_hal_sd.o
 .text.SD_Write_IT
                0x08008e4e       0xaa ./Drivers/STM32F4xx_HAL_Driver/Src/stm32f4xx_hal_sd.o
 .text.HAL_SDRAM_Init
                0x08008ef8       0x68 ./Drivers/STM32F4xx_HAL_Driver/Src/stm32f4xx_hal_sdram.o
                0x08008ef8                HAL_SDRAM_Init
 .text.HAL_TIM_Base_Init
                0x08008f60       0x9e ./Drivers/STM32F4xx_HAL_Driver/Src/stm32f4xx_hal_tim.o
                0x08008f60                HAL_TIM_Base_Init
 *fill*         0x08008ffe        0x2 
 .text.HAL_TIM_Base_Start_IT
                0x08009000       0xe0 ./Drivers/STM32F4xx_HAL_Driver/Src/stm32f4xx_hal_tim.o
                0x08009000                HAL_TIM_Base_Start_IT
 .text.HAL_TIM_IRQHandler
                0x080090e0      0x1e0 ./Drivers/STM32F4xx_HAL_Driver/Src/stm32f4xx_hal_tim.o
                0x080090e0                HAL_TIM_IRQHandler
 .text.HAL_TIM_ConfigClockSource
                0x080092c0      0x18e ./Drivers/STM32F4xx_HAL_Driver/Src/stm32f4xx_hal_tim.o
                0x080092c0                HAL_TIM_ConfigClockSource
 .text.HAL_TIM_OC_DelayElapsedCallback
                0x0800944e       0x14 ./Drivers/STM32F4xx_HAL_Driver/Src/stm32f4xx_hal_tim.o
                0x0800944e                HAL_TIM_OC_DelayElapsedCallback
 .text.HAL_TIM_IC_CaptureCallback
                0x08009462       0x14 ./Drivers/STM32F4xx_HAL_Driver/Src/stm32f4xx_hal_tim.o
                0x08009462                HAL_TIM_IC_CaptureCallback
 .text.HAL_TIM_PWM_PulseFinishedCallback
                0x08009476       0x14 ./Drivers/STM32F4xx_HAL_Driver/Src/stm32f4xx_hal_tim.o
                0x08009476                HAL_TIM_PWM_PulseFinishedCallback
 .text.HAL_TIM_TriggerCallback
                0x0800948a       0x14 ./Drivers/STM32F4xx_HAL_Driver/Src/stm32f4xx_hal_tim.o
                0x0800948a                HAL_TIM_TriggerCallback
 *fill*         0x0800949e        0x2 
 .text.TIM_Base_SetConfig
                0x080094a0      0x158 ./Drivers/STM32F4xx_HAL_Driver/Src/stm32f4xx_hal_tim.o
                0x080094a0                TIM_Base_SetConfig
 .text.TIM_TI1_ConfigInputStage
                0x080095f8       0x5e ./Drivers/STM32F4xx_HAL_Driver/Src/stm32f4xx_hal_tim.o
 .text.TIM_TI2_ConfigInputStage
                0x08009656       0x60 ./Drivers/STM32F4xx_HAL_Driver/Src/stm32f4xx_hal_tim.o
 .text.TIM_ITRx_SetConfig
                0x080096b6       0x36 ./Drivers/STM32F4xx_HAL_Driver/Src/stm32f4xx_hal_tim.o
 .text.TIM_ETR_SetConfig
                0x080096ec       0x40 ./Drivers/STM32F4xx_HAL_Driver/Src/stm32f4xx_hal_tim.o
                0x080096ec                TIM_ETR_SetConfig
 .text.HAL_TIMEx_MasterConfigSynchronization
                0x0800972c       0xf8 ./Drivers/STM32F4xx_HAL_Driver/Src/stm32f4xx_hal_tim_ex.o
                0x0800972c                HAL_TIMEx_MasterConfigSynchronization
 .text.HAL_TIMEx_CommutCallback
                0x08009824       0x14 ./Drivers/STM32F4xx_HAL_Driver/Src/stm32f4xx_hal_tim_ex.o
                0x08009824                HAL_TIMEx_CommutCallback
 .text.HAL_TIMEx_BreakCallback
                0x08009838       0x14 ./Drivers/STM32F4xx_HAL_Driver/Src/stm32f4xx_hal_tim_ex.o
                0x08009838                HAL_TIMEx_BreakCallback
 .text.HAL_UART_Init
                0x0800984c       0xa0 ./Drivers/STM32F4xx_HAL_Driver/Src/stm32f4xx_hal_uart.o
                0x0800984c                HAL_UART_Init
 .text.HAL_UART_Transmit
                0x080098ec      0x116 ./Drivers/STM32F4xx_HAL_Driver/Src/stm32f4xx_hal_uart.o
                0x080098ec                HAL_UART_Transmit
 .text.UART_WaitOnFlagUntilTimeout
                0x08009a02       0xb2 ./Drivers/STM32F4xx_HAL_Driver/Src/stm32f4xx_hal_uart.o
 .text.UART_EndRxTransfer
                0x08009ab4       0xc6 ./Drivers/STM32F4xx_HAL_Driver/Src/stm32f4xx_hal_uart.o
 *fill*         0x08009b7a        0x2 
 .text.UART_SetConfig
                0x08009b7c      0x4e8 ./Drivers/STM32F4xx_HAL_Driver/Src/stm32f4xx_hal_uart.o
 .text.FMC_SDRAM_Init
                0x0800a064       0xba ./Drivers/STM32F4xx_HAL_Driver/Src/stm32f4xx_ll_fmc.o
                0x0800a064                FMC_SDRAM_Init
 .text.FMC_SDRAM_Timing_Init
                0x0800a11e       0xd2 ./Drivers/STM32F4xx_HAL_Driver/Src/stm32f4xx_ll_fmc.o
                0x0800a11e                FMC_SDRAM_Timing_Init
 .text.SDIO_Init
                0x0800a1f0       0x56 ./Drivers/STM32F4xx_HAL_Driver/Src/stm32f4xx_ll_sdmmc.o
                0x0800a1f0                SDIO_Init
 .text.SDIO_ReadFIFO
                0x0800a246       0x1a ./Drivers/STM32F4xx_HAL_Driver/Src/stm32f4xx_ll_sdmmc.o
                0x0800a246                SDIO_ReadFIFO
 .text.SDIO_WriteFIFO
                0x0800a260       0x22 ./Drivers/STM32F4xx_HAL_Driver/Src/stm32f4xx_ll_sdmmc.o
                0x0800a260                SDIO_WriteFIFO
 .text.SDIO_PowerState_ON
                0x0800a282       0x1c ./Drivers/STM32F4xx_HAL_Driver/Src/stm32f4xx_ll_sdmmc.o
                0x0800a282                SDIO_PowerState_ON
 .text.SDIO_GetPowerState
                0x0800a29e       0x1c ./Drivers/STM32F4xx_HAL_Driver/Src/stm32f4xx_ll_sdmmc.o
                0x0800a29e                SDIO_GetPowerState
 .text.SDIO_SendCommand
                0x0800a2ba       0x54 ./Drivers/STM32F4xx_HAL_Driver/Src/stm32f4xx_ll_sdmmc.o
                0x0800a2ba                SDIO_SendCommand
 .text.SDIO_GetCommandResponse
                0x0800a30e       0x1a ./Drivers/STM32F4xx_HAL_Driver/Src/stm32f4xx_ll_sdmmc.o
                0x0800a30e                SDIO_GetCommandResponse
 .text.SDIO_GetResponse
                0x0800a328       0x26 ./Drivers/STM32F4xx_HAL_Driver/Src/stm32f4xx_ll_sdmmc.o
                0x0800a328                SDIO_GetResponse
 .text.SDIO_ConfigData
                0x0800a34e       0x58 ./Drivers/STM32F4xx_HAL_Driver/Src/stm32f4xx_ll_sdmmc.o
                0x0800a34e                SDIO_ConfigData
 .text.SDMMC_CmdBlockLength
                0x0800a3a6       0x44 ./Drivers/STM32F4xx_HAL_Driver/Src/stm32f4xx_ll_sdmmc.o
                0x0800a3a6                SDMMC_CmdBlockLength
 .text.SDMMC_CmdReadSingleBlock
                0x0800a3ea       0x44 ./Drivers/STM32F4xx_HAL_Driver/Src/stm32f4xx_ll_sdmmc.o
                0x0800a3ea                SDMMC_CmdReadSingleBlock
 .text.SDMMC_CmdReadMultiBlock
                0x0800a42e       0x44 ./Drivers/STM32F4xx_HAL_Driver/Src/stm32f4xx_ll_sdmmc.o
                0x0800a42e                SDMMC_CmdReadMultiBlock
 .text.SDMMC_CmdWriteSingleBlock
                0x0800a472       0x44 ./Drivers/STM32F4xx_HAL_Driver/Src/stm32f4xx_ll_sdmmc.o
                0x0800a472                SDMMC_CmdWriteSingleBlock
 .text.SDMMC_CmdWriteMultiBlock
                0x0800a4b6       0x44 ./Drivers/STM32F4xx_HAL_Driver/Src/stm32f4xx_ll_sdmmc.o
                0x0800a4b6                SDMMC_CmdWriteMultiBlock
 *fill*         0x0800a4fa        0x2 
 .text.SDMMC_CmdStopTransfer
                0x0800a4fc       0x44 ./Drivers/STM32F4xx_HAL_Driver/Src/stm32f4xx_ll_sdmmc.o
                0x0800a4fc                SDMMC_CmdStopTransfer
 .text.SDMMC_CmdSelDesel
                0x0800a540       0x46 ./Drivers/STM32F4xx_HAL_Driver/Src/stm32f4xx_ll_sdmmc.o
                0x0800a540                SDMMC_CmdSelDesel
 .text.SDMMC_CmdGoIdleState
                0x0800a586       0x3c ./Drivers/STM32F4xx_HAL_Driver/Src/stm32f4xx_ll_sdmmc.o
                0x0800a586                SDMMC_CmdGoIdleState
 .text.SDMMC_CmdOperCond
                0x0800a5c2       0x3e ./Drivers/STM32F4xx_HAL_Driver/Src/stm32f4xx_ll_sdmmc.o
                0x0800a5c2                SDMMC_CmdOperCond
 .text.SDMMC_CmdAppCommand
                0x0800a600       0x44 ./Drivers/STM32F4xx_HAL_Driver/Src/stm32f4xx_ll_sdmmc.o
                0x0800a600                SDMMC_CmdAppCommand
 .text.SDMMC_CmdAppOperCommand
                0x0800a644       0x46 ./Drivers/STM32F4xx_HAL_Driver/Src/stm32f4xx_ll_sdmmc.o
                0x0800a644                SDMMC_CmdAppOperCommand
 .text.SDMMC_CmdSendCID
                0x0800a68a       0x3c ./Drivers/STM32F4xx_HAL_Driver/Src/stm32f4xx_ll_sdmmc.o
                0x0800a68a                SDMMC_CmdSendCID
 .text.SDMMC_CmdSendCSD
                0x0800a6c6       0x3e ./Drivers/STM32F4xx_HAL_Driver/Src/stm32f4xx_ll_sdmmc.o
                0x0800a6c6                SDMMC_CmdSendCSD
 .text.SDMMC_CmdSetRelAdd
                0x0800a704       0x42 ./Drivers/STM32F4xx_HAL_Driver/Src/stm32f4xx_ll_sdmmc.o
                0x0800a704                SDMMC_CmdSetRelAdd
 .text.SDMMC_CmdSendStatus
                0x0800a746       0x44 ./Drivers/STM32F4xx_HAL_Driver/Src/stm32f4xx_ll_sdmmc.o
                0x0800a746                SDMMC_CmdSendStatus
 *fill*         0x0800a78a        0x2 
 .text.SDMMC_GetCmdResp1
                0x0800a78c      0x1dc ./Drivers/STM32F4xx_HAL_Driver/Src/stm32f4xx_ll_sdmmc.o
                0x0800a78c                SDMMC_GetCmdResp1
 .text.SDMMC_GetCmdResp2
                0x0800a968       0x90 ./Drivers/STM32F4xx_HAL_Driver/Src/stm32f4xx_ll_sdmmc.o
                0x0800a968                SDMMC_GetCmdResp2
 .text.SDMMC_GetCmdResp3
                0x0800a9f8       0x7c ./Drivers/STM32F4xx_HAL_Driver/Src/stm32f4xx_ll_sdmmc.o
                0x0800a9f8                SDMMC_GetCmdResp3
 .text.SDMMC_GetCmdResp6
                0x0800aa74       0xec ./Drivers/STM32F4xx_HAL_Driver/Src/stm32f4xx_ll_sdmmc.o
                0x0800aa74                SDMMC_GetCmdResp6
 .text.SDMMC_GetCmdResp7
                0x0800ab60       0x9c ./Drivers/STM32F4xx_HAL_Driver/Src/stm32f4xx_ll_sdmmc.o
                0x0800ab60                SDMMC_GetCmdResp7
 .text.SDMMC_GetCmdError
                0x0800abfc       0x58 ./Drivers/STM32F4xx_HAL_Driver/Src/stm32f4xx_ll_sdmmc.o
 .text.USB_CoreInit
                0x0800ac54       0xc8 ./Drivers/STM32F4xx_HAL_Driver/Src/stm32f4xx_ll_usb.o
                0x0800ac54                USB_CoreInit
 .text.USB_EnableGlobalInt
                0x0800ad1c       0x22 ./Drivers/STM32F4xx_HAL_Driver/Src/stm32f4xx_ll_usb.o
                0x0800ad1c                USB_EnableGlobalInt
 .text.USB_DisableGlobalInt
                0x0800ad3e       0x22 ./Drivers/STM32F4xx_HAL_Driver/Src/stm32f4xx_ll_usb.o
                0x0800ad3e                USB_DisableGlobalInt
 .text.USB_SetCurrentMode
                0x0800ad60       0x98 ./Drivers/STM32F4xx_HAL_Driver/Src/stm32f4xx_ll_usb.o
                0x0800ad60                USB_SetCurrentMode
 .text.USB_FlushTxFifo
                0x0800adf8       0x64 ./Drivers/STM32F4xx_HAL_Driver/Src/stm32f4xx_ll_usb.o
                0x0800adf8                USB_FlushTxFifo
 .text.USB_FlushRxFifo
                0x0800ae5c       0x5c ./Drivers/STM32F4xx_HAL_Driver/Src/stm32f4xx_ll_usb.o
                0x0800ae5c                USB_FlushRxFifo
 .text.USB_WritePacket
                0x0800aeb8       0x7c ./Drivers/STM32F4xx_HAL_Driver/Src/stm32f4xx_ll_usb.o
                0x0800aeb8                USB_WritePacket
 .text.USB_ReadPacket
                0x0800af34       0xb0 ./Drivers/STM32F4xx_HAL_Driver/Src/stm32f4xx_ll_usb.o
                0x0800af34                USB_ReadPacket
 .text.USB_ReadInterrupts
                0x0800afe4       0x26 ./Drivers/STM32F4xx_HAL_Driver/Src/stm32f4xx_ll_usb.o
                0x0800afe4                USB_ReadInterrupts
 .text.USB_ReadChInterrupts
                0x0800b00a       0x42 ./Drivers/STM32F4xx_HAL_Driver/Src/stm32f4xx_ll_usb.o
                0x0800b00a                USB_ReadChInterrupts
 .text.USB_GetMode
                0x0800b04c       0x1c ./Drivers/STM32F4xx_HAL_Driver/Src/stm32f4xx_ll_usb.o
                0x0800b04c                USB_GetMode
 .text.USB_CoreReset
                0x0800b068       0x62 ./Drivers/STM32F4xx_HAL_Driver/Src/stm32f4xx_ll_usb.o
 *fill*         0x0800b0ca        0x2 
 .text.USB_HostInit
                0x0800b0cc      0x170 ./Drivers/STM32F4xx_HAL_Driver/Src/stm32f4xx_ll_usb.o
                0x0800b0cc                USB_HostInit
 .text.USB_InitFSLSPClkSel
                0x0800b23c       0x7a ./Drivers/STM32F4xx_HAL_Driver/Src/stm32f4xx_ll_usb.o
                0x0800b23c                USB_InitFSLSPClkSel
 .text.USB_ResetPort
                0x0800b2b6       0x54 ./Drivers/STM32F4xx_HAL_Driver/Src/stm32f4xx_ll_usb.o
                0x0800b2b6                USB_ResetPort
 .text.USB_DriveVbus
                0x0800b30a       0x72 ./Drivers/STM32F4xx_HAL_Driver/Src/stm32f4xx_ll_usb.o
                0x0800b30a                USB_DriveVbus
 .text.USB_GetHostSpeed
                0x0800b37c       0x2e ./Drivers/STM32F4xx_HAL_Driver/Src/stm32f4xx_ll_usb.o
                0x0800b37c                USB_GetHostSpeed
 .text.USB_GetCurrentFrame
                0x0800b3aa       0x22 ./Drivers/STM32F4xx_HAL_Driver/Src/stm32f4xx_ll_usb.o
                0x0800b3aa                USB_GetCurrentFrame
 .text.USB_HC_Init
                0x0800b3cc      0x258 ./Drivers/STM32F4xx_HAL_Driver/Src/stm32f4xx_ll_usb.o
                0x0800b3cc                USB_HC_Init
 .text.USB_HC_StartXfer
                0x0800b624      0x4f4 ./Drivers/STM32F4xx_HAL_Driver/Src/stm32f4xx_ll_usb.o
                0x0800b624                USB_HC_StartXfer
 .text.USB_HC_ReadInterrupt
                0x0800bb18       0x22 ./Drivers/STM32F4xx_HAL_Driver/Src/stm32f4xx_ll_usb.o
                0x0800bb18                USB_HC_ReadInterrupt
 .text.USB_HC_Halt
                0x0800bb3a      0x240 ./Drivers/STM32F4xx_HAL_Driver/Src/stm32f4xx_ll_usb.o
                0x0800bb3a                USB_HC_Halt
 *fill*         0x0800bd7a        0x2 
 .text.USB_DoPing
                0x0800bd7c       0x78 ./Drivers/STM32F4xx_HAL_Driver/Src/stm32f4xx_ll_usb.o
                0x0800bd7c                USB_DoPing
 .text.USB_StopHost
                0x0800bdf4      0x124 ./Drivers/STM32F4xx_HAL_Driver/Src/stm32f4xx_ll_usb.o
                0x0800bdf4                USB_StopHost
 .text.MX_FATFS_Init
                0x0800bf18       0x24 ./FATFS/App/fatfs.o
                0x0800bf18                MX_FATFS_Init
 .text.get_fattime
                0x0800bf3c       0x10 ./FATFS/App/fatfs.o
                0x0800bf3c                get_fattime
 .text.BSP_SD_Init
                0x0800bf4c       0x30 ./FATFS/Target/bsp_driver_sd.o
                0x0800bf4c                BSP_SD_Init
 .text.BSP_SD_ReadBlocks_DMA
                0x0800bf7c       0x34 ./FATFS/Target/bsp_driver_sd.o
                0x0800bf7c                BSP_SD_ReadBlocks_DMA
 .text.BSP_SD_WriteBlocks_DMA
                0x0800bfb0       0x34 ./FATFS/Target/bsp_driver_sd.o
                0x0800bfb0                BSP_SD_WriteBlocks_DMA
 .text.BSP_SD_GetCardState
                0x0800bfe4       0x20 ./FATFS/Target/bsp_driver_sd.o
                0x0800bfe4                BSP_SD_GetCardState
 .text.BSP_SD_GetCardInfo
                0x0800c004       0x1c ./FATFS/Target/bsp_driver_sd.o
                0x0800c004                BSP_SD_GetCardInfo
 .text.HAL_SD_AbortCallback
                0x0800c020       0x14 ./FATFS/Target/bsp_driver_sd.o
                0x0800c020                HAL_SD_AbortCallback
 .text.HAL_SD_TxCpltCallback
                0x0800c034       0x14 ./FATFS/Target/bsp_driver_sd.o
                0x0800c034                HAL_SD_TxCpltCallback
 .text.HAL_SD_RxCpltCallback
                0x0800c048       0x14 ./FATFS/Target/bsp_driver_sd.o
                0x0800c048                HAL_SD_RxCpltCallback
 .text.BSP_SD_AbortCallback
                0x0800c05c        0xe ./FATFS/Target/bsp_driver_sd.o
                0x0800c05c                BSP_SD_AbortCallback
 .text.BSP_SD_IsDetected
                0x0800c06a       0x24 ./FATFS/Target/bsp_driver_sd.o
                0x0800c06a                BSP_SD_IsDetected
 *fill*         0x0800c08e        0x2 
 .text.BSP_PlatformIsDetected
                0x0800c090       0x2c ./FATFS/Target/fatfs_platform.o
                0x0800c090                BSP_PlatformIsDetected
 .text.SD_CheckStatusWithTimeout
                0x0800c0bc       0x3a ./FATFS/Target/sd_diskio.o
 *fill*         0x0800c0f6        0x2 
 .text.SD_CheckStatus
                0x0800c0f8       0x3c ./FATFS/Target/sd_diskio.o
 .text.SD_initialize
                0x0800c134       0x38 ./FATFS/Target/sd_diskio.o
                0x0800c134                SD_initialize
 .text.SD_status
                0x0800c16c       0x1c ./FATFS/Target/sd_diskio.o
                0x0800c16c                SD_status
 .text.SD_read  0x0800c188       0xac ./FATFS/Target/sd_diskio.o
                0x0800c188                SD_read
 .text.SD_write
                0x0800c234       0xac ./FATFS/Target/sd_diskio.o
                0x0800c234                SD_write
 .text.SD_ioctl
                0x0800c2e0       0xb0 ./FATFS/Target/sd_diskio.o
                0x0800c2e0                SD_ioctl
 .text.BSP_SD_WriteCpltCallback
                0x0800c390       0x18 ./FATFS/Target/sd_diskio.o
                0x0800c390                BSP_SD_WriteCpltCallback
 .text.BSP_SD_ReadCpltCallback
                0x0800c3a8       0x18 ./FATFS/Target/sd_diskio.o
                0x0800c3a8                BSP_SD_ReadCpltCallback
 .text.USBH_CDC_InterfaceInit
                0x0800c3c0      0x2ac ./Middlewares/ST/STM32_USB_Host_Library/Class/CDC/Src/usbh_cdc.o
 .text.USBH_CDC_InterfaceDeInit
                0x0800c66c       0xb2 ./Middlewares/ST/STM32_USB_Host_Library/Class/CDC/Src/usbh_cdc.o
 .text.USBH_CDC_ClassRequest
                0x0800c71e       0x3e ./Middlewares/ST/STM32_USB_Host_Library/Class/CDC/Src/usbh_cdc.o
 .text.USBH_CDC_Process
                0x0800c75c      0x12c ./Middlewares/ST/STM32_USB_Host_Library/Class/CDC/Src/usbh_cdc.o
 .text.USBH_CDC_SOFProcess
                0x0800c888       0x16 ./Middlewares/ST/STM32_USB_Host_Library/Class/CDC/Src/usbh_cdc.o
 .text.GetLineCoding
                0x0800c89e       0x3e ./Middlewares/ST/STM32_USB_Host_Library/Class/CDC/Src/usbh_cdc.o
 .text.SetLineCoding
                0x0800c8dc       0x3e ./Middlewares/ST/STM32_USB_Host_Library/Class/CDC/Src/usbh_cdc.o
 .text.CDC_ProcessTransmission
                0x0800c91a       0xec ./Middlewares/ST/STM32_USB_Host_Library/Class/CDC/Src/usbh_cdc.o
 .text.CDC_ProcessReception
                0x0800ca06       0xb6 ./Middlewares/ST/STM32_USB_Host_Library/Class/CDC/Src/usbh_cdc.o
 .text.USBH_CDC_TransmitCallback
                0x0800cabc       0x14 ./Middlewares/ST/STM32_USB_Host_Library/Class/CDC/Src/usbh_cdc.o
                0x0800cabc                USBH_CDC_TransmitCallback
 .text.USBH_CDC_ReceiveCallback
                0x0800cad0       0x14 ./Middlewares/ST/STM32_USB_Host_Library/Class/CDC/Src/usbh_cdc.o
                0x0800cad0                USBH_CDC_ReceiveCallback
 .text.USBH_CDC_LineCodingChanged
                0x0800cae4       0x14 ./Middlewares/ST/STM32_USB_Host_Library/Class/CDC/Src/usbh_cdc.o
                0x0800cae4                USBH_CDC_LineCodingChanged
 .text.USBH_Init
                0x0800caf8       0x74 ./Middlewares/ST/STM32_USB_Host_Library/Core/Src/usbh_core.o
                0x0800caf8                USBH_Init
 .text.DeInitStateMachine
                0x0800cb6c       0xe6 ./Middlewares/ST/STM32_USB_Host_Library/Core/Src/usbh_core.o
 .text.USBH_RegisterClass
                0x0800cc52       0x54 ./Middlewares/ST/STM32_USB_Host_Library/Core/Src/usbh_core.o
                0x0800cc52                USBH_RegisterClass
 .text.USBH_SelectInterface
                0x0800cca6       0x38 ./Middlewares/ST/STM32_USB_Host_Library/Core/Src/usbh_core.o
                0x0800cca6                USBH_SelectInterface
 .text.USBH_FindInterface
                0x0800ccde       0x8c ./Middlewares/ST/STM32_USB_Host_Library/Core/Src/usbh_core.o
                0x0800ccde                USBH_FindInterface
 .text.USBH_Start
                0x0800cd6a       0x20 ./Middlewares/ST/STM32_USB_Host_Library/Core/Src/usbh_core.o
                0x0800cd6a                USBH_Start
 *fill*         0x0800cd8a        0x2 
 .text.USBH_Process
                0x0800cd8c      0x3d0 ./Middlewares/ST/STM32_USB_Host_Library/Core/Src/usbh_core.o
                0x0800cd8c                USBH_Process
 .text.USBH_HandleEnum
                0x0800d15c      0x3c0 ./Middlewares/ST/STM32_USB_Host_Library/Core/Src/usbh_core.o
 .text.USBH_LL_SetTimer
                0x0800d51c       0x1e ./Middlewares/ST/STM32_USB_Host_Library/Core/Src/usbh_core.o
                0x0800d51c                USBH_LL_SetTimer
 .text.USBH_LL_IncTimer
                0x0800d53a       0x24 ./Middlewares/ST/STM32_USB_Host_Library/Core/Src/usbh_core.o
                0x0800d53a                USBH_LL_IncTimer
 .text.USBH_HandleSof
                0x0800d55e       0x30 ./Middlewares/ST/STM32_USB_Host_Library/Core/Src/usbh_core.o
 .text.USBH_LL_PortEnabled
                0x0800d58e       0x1c ./Middlewares/ST/STM32_USB_Host_Library/Core/Src/usbh_core.o
                0x0800d58e                USBH_LL_PortEnabled
 .text.USBH_LL_PortDisabled
                0x0800d5aa       0x1c ./Middlewares/ST/STM32_USB_Host_Library/Core/Src/usbh_core.o
                0x0800d5aa                USBH_LL_PortDisabled
 .text.USBH_LL_Connect
                0x0800d5c6       0x2e ./Middlewares/ST/STM32_USB_Host_Library/Core/Src/usbh_core.o
                0x0800d5c6                USBH_LL_Connect
 .text.USBH_LL_Disconnect
                0x0800d5f4       0x48 ./Middlewares/ST/STM32_USB_Host_Library/Core/Src/usbh_core.o
                0x0800d5f4                USBH_LL_Disconnect
 .text.USBH_Get_DevDesc
                0x0800d63c       0x58 ./Middlewares/ST/STM32_USB_Host_Library/Core/Src/usbh_ctlreq.o
                0x0800d63c                USBH_Get_DevDesc
 .text.USBH_Get_CfgDesc
                0x0800d694       0x54 ./Middlewares/ST/STM32_USB_Host_Library/Core/Src/usbh_ctlreq.o
                0x0800d694                USBH_Get_CfgDesc
 .text.USBH_Get_StringDesc
                0x0800d6e8       0x68 ./Middlewares/ST/STM32_USB_Host_Library/Core/Src/usbh_ctlreq.o
                0x0800d6e8                USBH_Get_StringDesc
 .text.USBH_GetDescriptor
                0x0800d750       0x6a ./Middlewares/ST/STM32_USB_Host_Library/Core/Src/usbh_ctlreq.o
                0x0800d750                USBH_GetDescriptor
 .text.USBH_SetAddress
                0x0800d7ba       0x48 ./Middlewares/ST/STM32_USB_Host_Library/Core/Src/usbh_ctlreq.o
                0x0800d7ba                USBH_SetAddress
 .text.USBH_SetCfg
                0x0800d802       0x46 ./Middlewares/ST/STM32_USB_Host_Library/Core/Src/usbh_ctlreq.o
                0x0800d802                USBH_SetCfg
 .text.USBH_SetFeature
                0x0800d848       0x48 ./Middlewares/ST/STM32_USB_Host_Library/Core/Src/usbh_ctlreq.o
                0x0800d848                USBH_SetFeature
 .text.USBH_ClrFeature
                0x0800d890       0x48 ./Middlewares/ST/STM32_USB_Host_Library/Core/Src/usbh_ctlreq.o
                0x0800d890                USBH_ClrFeature
 .text.USBH_ParseDevDesc
                0x0800d8d8      0x160 ./Middlewares/ST/STM32_USB_Host_Library/Core/Src/usbh_ctlreq.o
 .text.USBH_ParseCfgDesc
                0x0800da38      0x1f0 ./Middlewares/ST/STM32_USB_Host_Library/Core/Src/usbh_ctlreq.o
 .text.USBH_ParseInterfaceDesc
                0x0800dc28       0x68 ./Middlewares/ST/STM32_USB_Host_Library/Core/Src/usbh_ctlreq.o
 .text.USBH_ParseEPDesc
                0x0800dc90      0x1d0 ./Middlewares/ST/STM32_USB_Host_Library/Core/Src/usbh_ctlreq.o
 .text.USBH_ParseStringDesc
                0x0800de60       0x66 ./Middlewares/ST/STM32_USB_Host_Library/Core/Src/usbh_ctlreq.o
 .text.USBH_GetNextDesc
                0x0800dec6       0x34 ./Middlewares/ST/STM32_USB_Host_Library/Core/Src/usbh_ctlreq.o
                0x0800dec6                USBH_GetNextDesc
 .text.USBH_CtlReq
                0x0800defa       0x7a ./Middlewares/ST/STM32_USB_Host_Library/Core/Src/usbh_ctlreq.o
                0x0800defa                USBH_CtlReq
 .text.USBH_HandleControl
                0x0800df74      0x2e8 ./Middlewares/ST/STM32_USB_Host_Library/Core/Src/usbh_ctlreq.o
 .text.USBH_CtlSendSetup
                0x0800e25c       0x34 ./Middlewares/ST/STM32_USB_Host_Library/Core/Src/usbh_ioreq.o
                0x0800e25c                USBH_CtlSendSetup
 .text.USBH_CtlSendData
                0x0800e290       0x4a ./Middlewares/ST/STM32_USB_Host_Library/Core/Src/usbh_ioreq.o
                0x0800e290                USBH_CtlSendData
 .text.USBH_CtlReceiveData
                0x0800e2da       0x3c ./Middlewares/ST/STM32_USB_Host_Library/Core/Src/usbh_ioreq.o
                0x0800e2da                USBH_CtlReceiveData
 .text.USBH_BulkSendData
                0x0800e316       0x4a ./Middlewares/ST/STM32_USB_Host_Library/Core/Src/usbh_ioreq.o
                0x0800e316                USBH_BulkSendData
 .text.USBH_BulkReceiveData
                0x0800e360       0x3c ./Middlewares/ST/STM32_USB_Host_Library/Core/Src/usbh_ioreq.o
                0x0800e360                USBH_BulkReceiveData
 .text.USBH_OpenPipe
                0x0800e39c       0x3e ./Middlewares/ST/STM32_USB_Host_Library/Core/Src/usbh_pipes.o
                0x0800e39c                USBH_OpenPipe
 .text.USBH_ClosePipe
                0x0800e3da       0x20 ./Middlewares/ST/STM32_USB_Host_Library/Core/Src/usbh_pipes.o
                0x0800e3da                USBH_ClosePipe
 .text.USBH_AllocPipe
                0x0800e3fa       0x42 ./Middlewares/ST/STM32_USB_Host_Library/Core/Src/usbh_pipes.o
                0x0800e3fa                USBH_AllocPipe
 .text.USBH_FreePipe
                0x0800e43c       0x3c ./Middlewares/ST/STM32_USB_Host_Library/Core/Src/usbh_pipes.o
                0x0800e43c                USBH_FreePipe
 .text.USBH_GetFreePipe
                0x0800e478       0x48 ./Middlewares/ST/STM32_USB_Host_Library/Core/Src/usbh_pipes.o
 .text.disk_status
                0x0800e4c0       0x34 ./Middlewares/Third_Party/FatFs/src/diskio.o
                0x0800e4c0                disk_status
 .text.disk_initialize
                0x0800e4f4       0x50 ./Middlewares/Third_Party/FatFs/src/diskio.o
                0x0800e4f4                disk_initialize
 .text.disk_read
                0x0800e544       0x40 ./Middlewares/Third_Party/FatFs/src/diskio.o
                0x0800e544                disk_read
 .text.disk_write
                0x0800e584       0x40 ./Middlewares/Third_Party/FatFs/src/diskio.o
                0x0800e584                disk_write
 .text.disk_ioctl
                0x0800e5c4       0x3c ./Middlewares/Third_Party/FatFs/src/diskio.o
                0x0800e5c4                disk_ioctl
 .text.ld_word  0x0800e600       0x30 ./Middlewares/Third_Party/FatFs/src/ff.o
 .text.ld_dword
                0x0800e630       0x46 ./Middlewares/Third_Party/FatFs/src/ff.o
 .text.st_word  0x0800e676       0x36 ./Middlewares/Third_Party/FatFs/src/ff.o
 .text.st_dword
                0x0800e6ac       0x58 ./Middlewares/Third_Party/FatFs/src/ff.o
 .text.mem_cpy  0x0800e704       0x42 ./Middlewares/Third_Party/FatFs/src/ff.o
 .text.mem_set  0x0800e746       0x36 ./Middlewares/Third_Party/FatFs/src/ff.o
 .text.mem_cmp  0x0800e77c       0x4e ./Middlewares/Third_Party/FatFs/src/ff.o
 .text.chk_chr  0x0800e7ca       0x36 ./Middlewares/Third_Party/FatFs/src/ff.o
 .text.chk_lock
                0x0800e800       0xb8 ./Middlewares/Third_Party/FatFs/src/ff.o
 .text.enq_lock
                0x0800e8b8       0x44 ./Middlewares/Third_Party/FatFs/src/ff.o
 .text.inc_lock
                0x0800e8fc      0x11c ./Middlewares/Third_Party/FatFs/src/ff.o
 .text.dec_lock
                0x0800ea18       0x78 ./Middlewares/Third_Party/FatFs/src/ff.o
 .text.clear_lock
                0x0800ea90       0x48 ./Middlewares/Third_Party/FatFs/src/ff.o
 .text.sync_window
                0x0800ead8       0x88 ./Middlewares/Third_Party/FatFs/src/ff.o
 .text.move_window
                0x0800eb60       0x5a ./Middlewares/Third_Party/FatFs/src/ff.o
 *fill*         0x0800ebba        0x2 
 .text.sync_fs  0x0800ebbc       0xdc ./Middlewares/Third_Party/FatFs/src/ff.o
 .text.clust2sect
                0x0800ec98       0x3e ./Middlewares/Third_Party/FatFs/src/ff.o
 .text.get_fat  0x0800ecd6      0x14e ./Middlewares/Third_Party/FatFs/src/ff.o
 .text.put_fat  0x0800ee24      0x1d4 ./Middlewares/Third_Party/FatFs/src/ff.o
 .text.remove_chain
                0x0800eff8       0xca ./Middlewares/Third_Party/FatFs/src/ff.o
 .text.create_chain
                0x0800f0c2      0x130 ./Middlewares/Third_Party/FatFs/src/ff.o
 .text.clmt_clust
                0x0800f1f2       0x68 ./Middlewares/Third_Party/FatFs/src/ff.o
 .text.dir_sdi  0x0800f25a       0xf6 ./Middlewares/Third_Party/FatFs/src/ff.o
 .text.dir_next
                0x0800f350      0x18a ./Middlewares/Third_Party/FatFs/src/ff.o
 .text.dir_alloc
                0x0800f4da       0x8e ./Middlewares/Third_Party/FatFs/src/ff.o
 .text.ld_clust
                0x0800f568       0x3e ./Middlewares/Third_Party/FatFs/src/ff.o
 .text.st_clust
                0x0800f5a6       0x40 ./Middlewares/Third_Party/FatFs/src/ff.o
 .text.dir_find
                0x0800f5e6       0xaa ./Middlewares/Third_Party/FatFs/src/ff.o
 .text.dir_register
                0x0800f690       0x64 ./Middlewares/Third_Party/FatFs/src/ff.o
 .text.create_name
                0x0800f6f4      0x128 ./Middlewares/Third_Party/FatFs/src/ff.o
 .text.follow_path
                0x0800f81c       0xe2 ./Middlewares/Third_Party/FatFs/src/ff.o
 .text.get_ldnumber
                0x0800f8fe       0x88 ./Middlewares/Third_Party/FatFs/src/ff.o
 *fill*         0x0800f986        0x2 
 .text.check_fs
                0x0800f988       0xac ./Middlewares/Third_Party/FatFs/src/ff.o
 .text.find_volume
                0x0800fa34      0x498 ./Middlewares/Third_Party/FatFs/src/ff.o
 .text.validate
                0x0800fecc       0x6a ./Middlewares/Third_Party/FatFs/src/ff.o
 *fill*         0x0800ff36        0x2 
 .text.f_mount  0x0800ff38       0x8c ./Middlewares/Third_Party/FatFs/src/ff.o
                0x0800ff38                f_mount
 .text.f_open   0x0800ffc4      0x374 ./Middlewares/Third_Party/FatFs/src/ff.o
                0x0800ffc4                f_open
 .text.f_write  0x08010338      0x2ea ./Middlewares/Third_Party/FatFs/src/ff.o
                0x08010338                f_write
 .text.f_sync   0x08010622       0xfc ./Middlewares/Third_Party/FatFs/src/ff.o
                0x08010622                f_sync
 .text.f_close  0x0801071e       0x54 ./Middlewares/Third_Party/FatFs/src/ff.o
                0x0801071e                f_close
 *fill*         0x08010772        0x2 
 .text.f_mkfs   0x08010774      0x858 ./Middlewares/Third_Party/FatFs/src/ff.o
                0x08010774                f_mkfs
 .text.FATFS_LinkDriverEx
                0x08010fcc       0x98 ./Middlewares/Third_Party/FatFs/src/ff_gen_drv.o
                0x08010fcc                FATFS_LinkDriverEx
 .text.FATFS_LinkDriver
                0x08011064       0x1e ./Middlewares/Third_Party/FatFs/src/ff_gen_drv.o
                0x08011064                FATFS_LinkDriver
 *fill*         0x08011082        0x2 
 .text.MX_USB_HOST_Init
                0x08011084       0x4c ./USB_HOST/App/usb_host.o
                0x08011084                MX_USB_HOST_Init
 .text.MX_USB_HOST_Process
                0x080110d0       0x14 ./USB_HOST/App/usb_host.o
                0x080110d0                MX_USB_HOST_Process
 .text.USBH_UserProcess
                0x080110e4       0x5c ./USB_HOST/App/usb_host.o
 .text.HAL_HCD_MspInit
                0x08011140       0xc4 ./USB_HOST/Target/usbh_conf.o
                0x08011140                HAL_HCD_MspInit
 .text.HAL_HCD_SOF_Callback
                0x08011204       0x1c ./USB_HOST/Target/usbh_conf.o
                0x08011204                HAL_HCD_SOF_Callback
 .text.HAL_HCD_Connect_Callback
                0x08011220       0x1c ./USB_HOST/Target/usbh_conf.o
                0x08011220                HAL_HCD_Connect_Callback
 .text.HAL_HCD_Disconnect_Callback
                0x0801123c       0x1c ./USB_HOST/Target/usbh_conf.o
                0x0801123c                HAL_HCD_Disconnect_Callback
 .text.HAL_HCD_HC_NotifyURBChange_Callback
                0x08011258       0x1c ./USB_HOST/Target/usbh_conf.o
                0x08011258                HAL_HCD_HC_NotifyURBChange_Callback
 .text.HAL_HCD_PortEnabled_Callback
                0x08011274       0x1c ./USB_HOST/Target/usbh_conf.o
                0x08011274                HAL_HCD_PortEnabled_Callback
 .text.HAL_HCD_PortDisabled_Callback
                0x08011290       0x1c ./USB_HOST/Target/usbh_conf.o
                0x08011290                HAL_HCD_PortDisabled_Callback
 .text.USBH_LL_Init
                0x080112ac       0x78 ./USB_HOST/Target/usbh_conf.o
                0x080112ac                USBH_LL_Init
 .text.USBH_LL_Start
                0x08011324       0x36 ./USB_HOST/Target/usbh_conf.o
                0x08011324                USBH_LL_Start
 .text.USBH_LL_Stop
                0x0801135a       0x36 ./USB_HOST/Target/usbh_conf.o
                0x0801135a                USBH_LL_Stop
 .text.USBH_LL_GetSpeed
                0x08011390       0x4e ./USB_HOST/Target/usbh_conf.o
                0x08011390                USBH_LL_GetSpeed
 .text.USBH_LL_ResetPort
                0x080113de       0x36 ./USB_HOST/Target/usbh_conf.o
                0x080113de                USBH_LL_ResetPort
 .text.USBH_LL_GetLastXferSize
                0x08011414       0x26 ./USB_HOST/Target/usbh_conf.o
                0x08011414                USBH_LL_GetLastXferSize
 .text.USBH_LL_OpenPipe
                0x0801143a       0x5e ./USB_HOST/Target/usbh_conf.o
                0x0801143a                USBH_LL_OpenPipe
 .text.USBH_LL_ClosePipe
                0x08011498       0x3e ./USB_HOST/Target/usbh_conf.o
                0x08011498                USBH_LL_ClosePipe
 .text.USBH_LL_SubmitURB
                0x080114d6       0x62 ./USB_HOST/Target/usbh_conf.o
                0x080114d6                USBH_LL_SubmitURB
 .text.USBH_LL_GetURBState
                0x08011538       0x26 ./USB_HOST/Target/usbh_conf.o
                0x08011538                USBH_LL_GetURBState
 .text.USBH_LL_DriverVBUS
                0x0801155e       0x2e ./USB_HOST/Target/usbh_conf.o
                0x0801155e                USBH_LL_DriverVBUS
 .text.USBH_LL_SetToggle
                0x0801158c       0x66 ./USB_HOST/Target/usbh_conf.o
                0x0801158c                USBH_LL_SetToggle
 .text.USBH_Delay
                0x080115f2       0x16 ./USB_HOST/Target/usbh_conf.o
                0x080115f2                USBH_Delay
 .text.USBH_Get_USB_Status
                0x08011608       0x58 ./USB_HOST/Target/usbh_conf.o
                0x08011608                USBH_Get_USB_Status
 .text.MX_DriverVbusFS
                0x08011660       0x38 ./USB_HOST/Target/usbh_platform.o
                0x08011660                MX_DriverVbusFS
 .text.malloc   0x08011698       0x10 /home/dominik/st/stm32cubeide_1.15.1/plugins/com.st.stm32cube.ide.mcu.externaltools.gnu-tools-for-stm32.12.3.rel1.linux64_1.1.0.202410170702/tools/bin/../lib/gcc/arm-none-eabi/12.3.1/../../../../arm-none-eabi/lib/thumb/v7e-m+fp/hard/libc_nano.a(libc_a-malloc.o)
                0x08011698                malloc
 .text.free     0x080116a8       0x10 /home/dominik/st/stm32cubeide_1.15.1/plugins/com.st.stm32cube.ide.mcu.externaltools.gnu-tools-for-stm32.12.3.rel1.linux64_1.1.0.202410170702/tools/bin/../lib/gcc/arm-none-eabi/12.3.1/../../../../arm-none-eabi/lib/thumb/v7e-m+fp/hard/libc_nano.a(libc_a-malloc.o)
                0x080116a8                free
 .text.sbrk_aligned
                0x080116b8       0x44 /home/dominik/st/stm32cubeide_1.15.1/plugins/com.st.stm32cube.ide.mcu.externaltools.gnu-tools-for-stm32.12.3.rel1.linux64_1.1.0.202410170702/tools/bin/../lib/gcc/arm-none-eabi/12.3.1/../../../../arm-none-eabi/lib/thumb/v7e-m+fp/hard/libc_nano.a(libc_a-mallocr.o)
 .text._malloc_r
                0x080116fc      0x100 /home/dominik/st/stm32cubeide_1.15.1/plugins/com.st.stm32cube.ide.mcu.externaltools.gnu-tools-for-stm32.12.3.rel1.linux64_1.1.0.202410170702/tools/bin/../lib/gcc/arm-none-eabi/12.3.1/../../../../arm-none-eabi/lib/thumb/v7e-m+fp/hard/libc_nano.a(libc_a-mallocr.o)
                0x080116fc                _malloc_r
 .text.__malloc_lock
                0x080117fc        0xc /home/dominik/st/stm32cubeide_1.15.1/plugins/com.st.stm32cube.ide.mcu.externaltools.gnu-tools-for-stm32.12.3.rel1.linux64_1.1.0.202410170702/tools/bin/../lib/gcc/arm-none-eabi/12.3.1/../../../../arm-none-eabi/lib/thumb/v7e-m+fp/hard/libc_nano.a(libc_a-mlock.o)
                0x080117fc                __malloc_lock
 .text.__malloc_unlock
                0x08011808        0xc /home/dominik/st/stm32cubeide_1.15.1/plugins/com.st.stm32cube.ide.mcu.externaltools.gnu-tools-for-stm32.12.3.rel1.linux64_1.1.0.202410170702/tools/bin/../lib/gcc/arm-none-eabi/12.3.1/../../../../arm-none-eabi/lib/thumb/v7e-m+fp/hard/libc_nano.a(libc_a-mlock.o)
                0x08011808                __malloc_unlock
 .text.memset   0x08011814       0x10 /home/dominik/st/stm32cubeide_1.15.1/plugins/com.st.stm32cube.ide.mcu.externaltools.gnu-tools-for-stm32.12.3.rel1.linux64_1.1.0.202410170702/tools/bin/../lib/gcc/arm-none-eabi/12.3.1/../../../../arm-none-eabi/lib/thumb/v7e-m+fp/hard/libc_nano.a(libc_a-memset.o)
                0x08011814                memset
 .text._sbrk_r  0x08011824       0x20 /home/dominik/st/stm32cubeide_1.15.1/plugins/com.st.stm32cube.ide.mcu.externaltools.gnu-tools-for-stm32.12.3.rel1.linux64_1.1.0.202410170702/tools/bin/../lib/gcc/arm-none-eabi/12.3.1/../../../../arm-none-eabi/lib/thumb/v7e-m+fp/hard/libc_nano.a(libc_a-sbrkr.o)
                0x08011824                _sbrk_r
 .text.__errno  0x08011844        0xc /home/dominik/st/stm32cubeide_1.15.1/plugins/com.st.stm32cube.ide.mcu.externaltools.gnu-tools-for-stm32.12.3.rel1.linux64_1.1.0.202410170702/tools/bin/../lib/gcc/arm-none-eabi/12.3.1/../../../../arm-none-eabi/lib/thumb/v7e-m+fp/hard/libc_nano.a(libc_a-errno.o)
                0x08011844                __errno
 .text.__libc_init_array
                0x08011850       0x48 /home/dominik/st/stm32cubeide_1.15.1/plugins/com.st.stm32cube.ide.mcu.externaltools.gnu-tools-for-stm32.12.3.rel1.linux64_1.1.0.202410170702/tools/bin/../lib/gcc/arm-none-eabi/12.3.1/../../../../arm-none-eabi/lib/thumb/v7e-m+fp/hard/libc_nano.a(libc_a-init.o)
                0x08011850                __libc_init_array
 .text.__retarget_lock_acquire_recursive
                0x08011898        0x2 /home/dominik/st/stm32cubeide_1.15.1/plugins/com.st.stm32cube.ide.mcu.externaltools.gnu-tools-for-stm32.12.3.rel1.linux64_1.1.0.202410170702/tools/bin/../lib/gcc/arm-none-eabi/12.3.1/../../../../arm-none-eabi/lib/thumb/v7e-m+fp/hard/libc_nano.a(libc_a-lock.o)
                0x08011898                __retarget_lock_acquire_recursive
 .text.__retarget_lock_release_recursive
                0x0801189a        0x2 /home/dominik/st/stm32cubeide_1.15.1/plugins/com.st.stm32cube.ide.mcu.externaltools.gnu-tools-for-stm32.12.3.rel1.linux64_1.1.0.202410170702/tools/bin/../lib/gcc/arm-none-eabi/12.3.1/../../../../arm-none-eabi/lib/thumb/v7e-m+fp/hard/libc_nano.a(libc_a-lock.o)
                0x0801189a                __retarget_lock_release_recursive
 .text._free_r  0x0801189c       0x94 /home/dominik/st/stm32cubeide_1.15.1/plugins/com.st.stm32cube.ide.mcu.externaltools.gnu-tools-for-stm32.12.3.rel1.linux64_1.1.0.202410170702/tools/bin/../lib/gcc/arm-none-eabi/12.3.1/../../../../arm-none-eabi/lib/thumb/v7e-m+fp/hard/libc_nano.a(libc_a-freer.o)
                0x0801189c                _free_r
 *(.glue_7)
 .glue_7        0x08011930        0x0 linker stubs
 *(.glue_7t)
 .glue_7t       0x08011930        0x0 linker stubs
 *(.eh_frame)
 .eh_frame      0x08011930        0x0 /home/dominik/st/stm32cubeide_1.15.1/plugins/com.st.stm32cube.ide.mcu.externaltools.gnu-tools-for-stm32.12.3.rel1.linux64_1.1.0.202410170702/tools/bin/../lib/gcc/arm-none-eabi/12.3.1/thumb/v7e-m+fp/hard/crtbegin.o
 *(.init)
 .init          0x08011930        0x4 /home/dominik/st/stm32cubeide_1.15.1/plugins/com.st.stm32cube.ide.mcu.externaltools.gnu-tools-for-stm32.12.3.rel1.linux64_1.1.0.202410170702/tools/bin/../lib/gcc/arm-none-eabi/12.3.1/thumb/v7e-m+fp/hard/crti.o
                0x08011930                _init
 .init          0x08011934        0x8 /home/dominik/st/stm32cubeide_1.15.1/plugins/com.st.stm32cube.ide.mcu.externaltools.gnu-tools-for-stm32.12.3.rel1.linux64_1.1.0.202410170702/tools/bin/../lib/gcc/arm-none-eabi/12.3.1/thumb/v7e-m+fp/hard/crtn.o
 *(.fini)
 .fini          0x0801193c        0x4 /home/dominik/st/stm32cubeide_1.15.1/plugins/com.st.stm32cube.ide.mcu.externaltools.gnu-tools-for-stm32.12.3.rel1.linux64_1.1.0.202410170702/tools/bin/../lib/gcc/arm-none-eabi/12.3.1/thumb/v7e-m+fp/hard/crti.o
                0x0801193c                _fini
 .fini          0x08011940        0x8 /home/dominik/st/stm32cubeide_1.15.1/plugins/com.st.stm32cube.ide.mcu.externaltools.gnu-tools-for-stm32.12.3.rel1.linux64_1.1.0.202410170702/tools/bin/../lib/gcc/arm-none-eabi/12.3.1/thumb/v7e-m+fp/hard/crtn.o
                0x08011948                        . = ALIGN (0x4)
                0x08011948                        _etext = .

.vfp11_veneer   0x08011948        0x0
 .vfp11_veneer  0x08011948        0x0 linker stubs

.v4_bx          0x08011948        0x0
 .v4_bx         0x08011948        0x0 linker stubs

.iplt           0x08011948        0x0
 .iplt          0x08011948        0x0 /home/dominik/st/stm32cubeide_1.15.1/plugins/com.st.stm32cube.ide.mcu.externaltools.gnu-tools-for-stm32.12.3.rel1.linux64_1.1.0.202410170702/tools/bin/../lib/gcc/arm-none-eabi/12.3.1/thumb/v7e-m+fp/hard/crtbegin.o

.rodata         0x08011948      0x130
                0x08011948                        . = ALIGN (0x4)
 *(.rodata)
 .rodata        0x08011948       0x14 ./Core/Src/main.o
 .rodata        0x0801195c        0x4 ./Middlewares/ST/STM32_USB_Host_Library/Class/CDC/Src/usbh_cdc.o
 .rodata        0x08011960       0x44 ./Middlewares/Third_Party/FatFs/src/ff.o
 *(.rodata*)
 .rodata.AHBPrescTable
                0x080119a4       0x10 ./Core/Src/system_stm32f4xx.o
                0x080119a4                AHBPrescTable
 .rodata.APBPrescTable
                0x080119b4        0x8 ./Core/Src/system_stm32f4xx.o
                0x080119b4                APBPrescTable
 .rodata.flagBitshiftOffset.0
                0x080119bc        0x8 ./Drivers/STM32F4xx_HAL_Driver/Src/stm32f4xx_hal_dma.o
 .rodata.SD_Driver
                0x080119c4       0x14 ./FATFS/Target/sd_diskio.o
                0x080119c4                SD_Driver
 .rodata.ExCvt  0x080119d8       0x80 ./Middlewares/Third_Party/FatFs/src/ff.o
 .rodata.cst32.1
                0x08011a58        0xe ./Middlewares/Third_Party/FatFs/src/ff.o
 *fill*         0x08011a66        0x2 
 .rodata.cst.0  0x08011a68        0xe ./Middlewares/Third_Party/FatFs/src/ff.o
                0x08011a78                        . = ALIGN (0x4)
 *fill*         0x08011a76        0x2 

.ARM.extab      0x08011a78        0x0
                0x08011a78                        . = ALIGN (0x4)
 *(.ARM.extab* .gnu.linkonce.armextab.*)
                0x08011a78                        . = ALIGN (0x4)

.ARM            0x08011a78        0x8
                0x08011a78                        . = ALIGN (0x4)
                0x08011a78                        __exidx_start = .
 *(.ARM.exidx*)
 .ARM.exidx     0x08011a78        0x8 /home/dominik/st/stm32cubeide_1.15.1/plugins/com.st.stm32cube.ide.mcu.externaltools.gnu-tools-for-stm32.12.3.rel1.linux64_1.1.0.202410170702/tools/bin/../lib/gcc/arm-none-eabi/12.3.1/../../../../arm-none-eabi/lib/thumb/v7e-m+fp/hard/libc_nano.a(libc_a-strlen.o)
 .ARM.exidx     0x08011a80        0x0 /home/dominik/st/stm32cubeide_1.15.1/plugins/com.st.stm32cube.ide.mcu.externaltools.gnu-tools-for-stm32.12.3.rel1.linux64_1.1.0.202410170702/tools/bin/../lib/gcc/arm-none-eabi/12.3.1/thumb/v7e-m+fp/hard/libgcc.a(_udivmoddi4.o)
                                  0x8 (size before relaxing)
                0x08011a80                        __exidx_end = .
                0x08011a80                        . = ALIGN (0x4)

.preinit_array  0x08011a80        0x0
                0x08011a80                        . = ALIGN (0x4)
                0x08011a80                        PROVIDE (__preinit_array_start = .)
 *(.preinit_array*)
                0x08011a80                        PROVIDE (__preinit_array_end = .)
                0x08011a80                        . = ALIGN (0x4)

.init_array     0x08011a80        0x4
                0x08011a80                        . = ALIGN (0x4)
                0x08011a80                        PROVIDE (__init_array_start = .)
 *(SORT_BY_NAME(.init_array.*))
 *(.init_array*)
 .init_array    0x08011a80        0x4 /home/dominik/st/stm32cubeide_1.15.1/plugins/com.st.stm32cube.ide.mcu.externaltools.gnu-tools-for-stm32.12.3.rel1.linux64_1.1.0.202410170702/tools/bin/../lib/gcc/arm-none-eabi/12.3.1/thumb/v7e-m+fp/hard/crtbegin.o
                0x08011a84                        PROVIDE (__init_array_end = .)
                0x08011a84                        . = ALIGN (0x4)

.fini_array     0x08011a84        0x4
                0x08011a84                        . = ALIGN (0x4)
                [!provide]                        PROVIDE (__fini_array_start = .)
 *(SORT_BY_NAME(.fini_array.*))
 *(.fini_array*)
 .fini_array    0x08011a84        0x4 /home/dominik/st/stm32cubeide_1.15.1/plugins/com.st.stm32cube.ide.mcu.externaltools.gnu-tools-for-stm32.12.3.rel1.linux64_1.1.0.202410170702/tools/bin/../lib/gcc/arm-none-eabi/12.3.1/thumb/v7e-m+fp/hard/crtbegin.o
                [!provide]                        PROVIDE (__fini_array_end = .)
                0x08011a88                        . = ALIGN (0x4)
                0x08011a88                        _sidata = LOADADDR (.data)

.rel.dyn        0x08011a88        0x0
 .rel.iplt      0x08011a88        0x0 /home/dominik/st/stm32cubeide_1.15.1/plugins/com.st.stm32cube.ide.mcu.externaltools.gnu-tools-for-stm32.12.3.rel1.linux64_1.1.0.202410170702/tools/bin/../lib/gcc/arm-none-eabi/12.3.1/thumb/v7e-m+fp/hard/crtbegin.o

.data           0x20000000       0x98 load address 0x08011a88
                0x20000000                        . = ALIGN (0x4)
                0x20000000                        _sdata = .
 *(.data)
 *(.data*)
 .data.wtext    0x20000000       0x19 ./Core/Src/main.o
                0x20000000                wtext
 *fill*         0x20000019        0x3 
 .data.SystemCoreClock
                0x2000001c        0x4 ./Core/Src/system_stm32f4xx.o
                0x2000001c                SystemCoreClock
 .data.uwTickPrio
                0x20000020        0x4 ./Drivers/STM32F4xx_HAL_Driver/Src/stm32f4xx_hal.o
                0x20000020                uwTickPrio
 .data.uwTickFreq
                0x20000024        0x1 ./Drivers/STM32F4xx_HAL_Driver/Src/stm32f4xx_hal.o
                0x20000024                uwTickFreq
 .data.Stat     0x20000025        0x1 ./FATFS/Target/sd_diskio.o
 *fill*         0x20000026        0x2 
 .data.CDC_Class
                0x20000028       0x20 ./Middlewares/ST/STM32_USB_Host_Library/Class/CDC/Src/usbh_cdc.o
                0x20000028                CDC_Class
 .data._impure_ptr
                0x20000048        0x4 /home/dominik/st/stm32cubeide_1.15.1/plugins/com.st.stm32cube.ide.mcu.externaltools.gnu-tools-for-stm32.12.3.rel1.linux64_1.1.0.202410170702/tools/bin/../lib/gcc/arm-none-eabi/12.3.1/../../../../arm-none-eabi/lib/thumb/v7e-m+fp/hard/libc_nano.a(libc_a-impure.o)
                0x20000048                _impure_ptr
 .data._impure_data
                0x2000004c       0x4c /home/dominik/st/stm32cubeide_1.15.1/plugins/com.st.stm32cube.ide.mcu.externaltools.gnu-tools-for-stm32.12.3.rel1.linux64_1.1.0.202410170702/tools/bin/../lib/gcc/arm-none-eabi/12.3.1/../../../../arm-none-eabi/lib/thumb/v7e-m+fp/hard/libc_nano.a(libc_a-impure.o)
                0x2000004c                _impure_data
 *(.RamFunc)
 *(.RamFunc*)
                0x20000098                        . = ALIGN (0x4)
                0x20000098                        _edata = .
                0x08011b20                        _siccmram = LOADADDR (.ccmram)

.igot.plt       0x20000098        0x0 load address 0x08011b20
 .igot.plt      0x20000098        0x0 /home/dominik/st/stm32cubeide_1.15.1/plugins/com.st.stm32cube.ide.mcu.externaltools.gnu-tools-for-stm32.12.3.rel1.linux64_1.1.0.202410170702/tools/bin/../lib/gcc/arm-none-eabi/12.3.1/thumb/v7e-m+fp/hard/crtbegin.o

.ccmram         0x10000000        0x0 load address 0x08011b20
                0x10000000                        . = ALIGN (0x4)
                0x10000000                        _sccmram = .
 *(.ccmram)
 *(.ccmram*)
                0x10000000                        . = ALIGN (0x4)
                0x10000000                        _eccmram = .
                0x10000000                        . = ALIGN (0x4)

.bss            0x20000098     0x14fc
                0x20000098                        _sbss = .
                0x20000098                        __bss_start__ = _sbss
 *(.bss)
 .bss           0x20000098       0x1c /home/dominik/st/stm32cubeide_1.15.1/plugins/com.st.stm32cube.ide.mcu.externaltools.gnu-tools-for-stm32.12.3.rel1.linux64_1.1.0.202410170702/tools/bin/../lib/gcc/arm-none-eabi/12.3.1/thumb/v7e-m+fp/hard/crtbegin.o
 *(.bss*)
 .bss.hcrc      0x200000b4        0x8 ./Core/Src/main.o
                0x200000b4                hcrc
 .bss.hdma2d    0x200000bc       0x40 ./Core/Src/main.o
                0x200000bc                hdma2d
 .bss.hdsi      0x200000fc       0x1c ./Core/Src/main.o
                0x200000fc                hdsi
 .bss.hi2c1     0x20000118       0x54 ./Core/Src/main.o
                0x20000118                hi2c1
 .bss.hi2c2     0x2000016c       0x54 ./Core/Src/main.o
                0x2000016c                hi2c2
 .bss.hltdc     0x200001c0       0xa8 ./Core/Src/main.o
                0x200001c0                hltdc
 .bss.hqspi     0x20000268       0x4c ./Core/Src/main.o
                0x20000268                hqspi
 .bss.hsai_BlockA1
                0x200002b4       0x88 ./Core/Src/main.o
                0x200002b4                hsai_BlockA1
 .bss.hsd       0x2000033c       0x84 ./Core/Src/main.o
                0x2000033c                hsd
 .bss.hdma_sdio_rx
                0x200003c0       0x60 ./Core/Src/main.o
                0x200003c0                hdma_sdio_rx
 .bss.hdma_sdio_tx
                0x20000420       0x60 ./Core/Src/main.o
                0x20000420                hdma_sdio_tx
 .bss.htim1     0x20000480       0x48 ./Core/Src/main.o
                0x20000480                htim1
 .bss.huart3    0x200004c8       0x48 ./Core/Src/main.o
                0x200004c8                huart3
 .bss.huart6    0x20000510       0x48 ./Core/Src/main.o
                0x20000510                huart6
 .bss.hsdram1   0x20000558       0x34 ./Core/Src/main.o
                0x20000558                hsdram1
 .bss.res       0x2000058c        0x1 ./Core/Src/main.o
                0x2000058c                res
 *fill*         0x2000058d        0x3 
 .bss.byteswritten
                0x20000590        0x4 ./Core/Src/main.o
                0x20000590                byteswritten
 .bss.rtext     0x20000594      0x200 ./Core/Src/main.o
                0x20000594                rtext
 .bss.FMC_Initialized
                0x20000794        0x4 ./Core/Src/stm32f4xx_hal_msp.o
 .bss.SAI1_client
                0x20000798        0x4 ./Core/Src/stm32f4xx_hal_msp.o
 .bss.htim6     0x2000079c       0x48 ./Core/Src/stm32f4xx_hal_timebase_tim.o
                0x2000079c                htim6
 .bss.__sbrk_heap_end
                0x200007e4        0x4 ./Core/Src/sysmem.o
 .bss.uwTick    0x200007e8        0x4 ./Drivers/STM32F4xx_HAL_Driver/Src/stm32f4xx_hal.o
                0x200007e8                uwTick
 .bss.retSD     0x200007ec        0x1 ./FATFS/App/fatfs.o
                0x200007ec                retSD
 *fill*         0x200007ed        0x3 
 .bss.SDPath    0x200007f0        0x4 ./FATFS/App/fatfs.o
                0x200007f0                SDPath
 .bss.SDFatFS   0x200007f4      0x230 ./FATFS/App/fatfs.o
                0x200007f4                SDFatFS
 .bss.SDFile    0x20000a24      0x230 ./FATFS/App/fatfs.o
                0x20000a24                SDFile
 .bss.WriteStatus
                0x20000c54        0x4 ./FATFS/Target/sd_diskio.o
 .bss.ReadStatus
                0x20000c58        0x4 ./FATFS/Target/sd_diskio.o
 .bss.FatFs     0x20000c5c        0x4 ./Middlewares/Third_Party/FatFs/src/ff.o
 .bss.Fsid      0x20000c60        0x2 ./Middlewares/Third_Party/FatFs/src/ff.o
 *fill*         0x20000c62        0x2 
 .bss.Files     0x20000c64       0x20 ./Middlewares/Third_Party/FatFs/src/ff.o
 .bss.disk      0x20000c84        0xc ./Middlewares/Third_Party/FatFs/src/ff_gen_drv.o
                0x20000c84                disk
 .bss.hUsbHostFS
                0x20000c90      0x3d8 ./USB_HOST/App/usb_host.o
                0x20000c90                hUsbHostFS
 .bss.Appli_state
                0x20001068        0x1 ./USB_HOST/App/usb_host.o
                0x20001068                Appli_state
 *fill*         0x20001069        0x3 
 .bss.hhcd_USB_OTG_FS
                0x2000106c      0x3e0 ./USB_HOST/Target/usbh_conf.o
                0x2000106c                hhcd_USB_OTG_FS
 .bss.__malloc_sbrk_start
                0x2000144c        0x4 /home/dominik/st/stm32cubeide_1.15.1/plugins/com.st.stm32cube.ide.mcu.externaltools.gnu-tools-for-stm32.12.3.rel1.linux64_1.1.0.202410170702/tools/bin/../lib/gcc/arm-none-eabi/12.3.1/../../../../arm-none-eabi/lib/thumb/v7e-m+fp/hard/libc_nano.a(libc_a-mallocr.o)
                0x2000144c                __malloc_sbrk_start
 .bss.__malloc_free_list
                0x20001450        0x4 /home/dominik/st/stm32cubeide_1.15.1/plugins/com.st.stm32cube.ide.mcu.externaltools.gnu-tools-for-stm32.12.3.rel1.linux64_1.1.0.202410170702/tools/bin/../lib/gcc/arm-none-eabi/12.3.1/../../../../arm-none-eabi/lib/thumb/v7e-m+fp/hard/libc_nano.a(libc_a-mallocr.o)
                0x20001450                __malloc_free_list
 .bss.__sf      0x20001454      0x138 /home/dominik/st/stm32cubeide_1.15.1/plugins/com.st.stm32cube.ide.mcu.externaltools.gnu-tools-for-stm32.12.3.rel1.linux64_1.1.0.202410170702/tools/bin/../lib/gcc/arm-none-eabi/12.3.1/../../../../arm-none-eabi/lib/thumb/v7e-m+fp/hard/libc_nano.a(libc_a-findfp.o)
                0x20001454                __sf