Archive member included to satisfy reference by file (symbol)

/home/dominik/st/stm32cubeide_1.15.1/plugins/com.st.stm32cube.ide.mcu.externaltools.gnu-tools-for-stm32.12.3.rel1.linux64_1.1.0.202410170702/tools/bin/../lib/gcc/arm-none-eabi/12.3.1/../../../../arm-none-eabi/lib/thumb/v7e-m+dp/hard/libc_nano.a(libc_a-exit.o)
                              /home/dominik/st/stm32cubeide_1.15.1/plugins/com.st.stm32cube.ide.mcu.externaltools.gnu-tools-for-stm32.12.3.rel1.linux64_1.1.0.202410170702/tools/bin/../lib/gcc/arm-none-eabi/12.3.1/../../../../arm-none-eabi/lib/thumb/v7e-m+dp/hard/crt0.o (exit)
/home/dominik/st/stm32cubeide_1.15.1/plugins/com.st.stm32cube.ide.mcu.externaltools.gnu-tools-for-stm32.12.3.rel1.linux64_1.1.0.202410170702/tools/bin/../lib/gcc/arm-none-eabi/12.3.1/../../../../arm-none-eabi/lib/thumb/v7e-m+dp/hard/libc_nano.a(libc_a-findfp.o)
                              /home/dominik/st/stm32cubeide_1.15.1/plugins/com.st.stm32cube.ide.mcu.externaltools.gnu-tools-for-stm32.12.3.rel1.linux64_1.1.0.202410170702/tools/bin/../lib/gcc/arm-none-eabi/12.3.1/../../../../arm-none-eabi/lib/thumb/v7e-m+dp/hard/libc_nano.a(libc_a-exit.o) (__stdio_exit_handler)
/home/dominik/st/stm32cubeide_1.15.1/plugins/com.st.stm32cube.ide.mcu.externaltools.gnu-tools-for-stm32.12.3.rel1.linux64_1.1.0.202410170702/tools/bin/../lib/gcc/arm-none-eabi/12.3.1/../../../../arm-none-eabi/lib/thumb/v7e-m+dp/hard/libc_nano.a(libc_a-fwalk.o)
                              /home/dominik/st/stm32cubeide_1.15.1/plugins/com.st.stm32cube.ide.mcu.externaltools.gnu-tools-for-stm32.12.3.rel1.linux64_1.1.0.202410170702/tools/bin/../lib/gcc/arm-none-eabi/12.3.1/../../../../arm-none-eabi/lib/thumb/v7e-m+dp/hard/libc_nano.a(libc_a-findfp.o) (_fwalk_sglue)
/home/dominik/st/stm32cubeide_1.15.1/plugins/com.st.stm32cube.ide.mcu.externaltools.gnu-tools-for-stm32.12.3.rel1.linux64_1.1.0.202410170702/tools/bin/../lib/gcc/arm-none-eabi/12.3.1/../../../../arm-none-eabi/lib/thumb/v7e-m+dp/hard/libc_nano.a(libc_a-printf.o)
                              ./Core/Src/main.o (printf)
/home/dominik/st/stm32cubeide_1.15.1/plugins/com.st.stm32cube.ide.mcu.externaltools.gnu-tools-for-stm32.12.3.rel1.linux64_1.1.0.202410170702/tools/bin/../lib/gcc/arm-none-eabi/12.3.1/../../../../arm-none-eabi/lib/thumb/v7e-m+dp/hard/libc_nano.a(libc_a-stdio.o)
                              /home/dominik/st/stm32cubeide_1.15.1/plugins/com.st.stm32cube.ide.mcu.externaltools.gnu-tools-for-stm32.12.3.rel1.linux64_1.1.0.202410170702/tools/bin/../lib/gcc/arm-none-eabi/12.3.1/../../../../arm-none-eabi/lib/thumb/v7e-m+dp/hard/libc_nano.a(libc_a-findfp.o) (__sread)
/home/dominik/st/stm32cubeide_1.15.1/plugins/com.st.stm32cube.ide.mcu.externaltools.gnu-tools-for-stm32.12.3.rel1.linux64_1.1.0.202410170702/tools/bin/../lib/gcc/arm-none-eabi/12.3.1/../../../../arm-none-eabi/lib/thumb/v7e-m+dp/hard/libc_nano.a(libc_a-memset.o)
                              /home/dominik/st/stm32cubeide_1.15.1/plugins/com.st.stm32cube.ide.mcu.externaltools.gnu-tools-for-stm32.12.3.rel1.linux64_1.1.0.202410170702/tools/bin/../lib/gcc/arm-none-eabi/12.3.1/../../../../arm-none-eabi/lib/thumb/v7e-m+dp/hard/crt0.o (memset)
/home/dominik/st/stm32cubeide_1.15.1/plugins/com.st.stm32cube.ide.mcu.externaltools.gnu-tools-for-stm32.12.3.rel1.linux64_1.1.0.202410170702/tools/bin/../lib/gcc/arm-none-eabi/12.3.1/../../../../arm-none-eabi/lib/thumb/v7e-m+dp/hard/libc_nano.a(libc_a-closer.o)
                              /home/dominik/st/stm32cubeide_1.15.1/plugins/com.st.stm32cube.ide.mcu.externaltools.gnu-tools-for-stm32.12.3.rel1.linux64_1.1.0.202410170702/tools/bin/../lib/gcc/arm-none-eabi/12.3.1/../../../../arm-none-eabi/lib/thumb/v7e-m+dp/hard/libc_nano.a(libc_a-stdio.o) (_close_r)
/home/dominik/st/stm32cubeide_1.15.1/plugins/com.st.stm32cube.ide.mcu.externaltools.gnu-tools-for-stm32.12.3.rel1.linux64_1.1.0.202410170702/tools/bin/../lib/gcc/arm-none-eabi/12.3.1/../../../../arm-none-eabi/lib/thumb/v7e-m+dp/hard/libc_nano.a(libc_a-reent.o)
                              /home/dominik/st/stm32cubeide_1.15.1/plugins/com.st.stm32cube.ide.mcu.externaltools.gnu-tools-for-stm32.12.3.rel1.linux64_1.1.0.202410170702/tools/bin/../lib/gcc/arm-none-eabi/12.3.1/../../../../arm-none-eabi/lib/thumb/v7e-m+dp/hard/libc_nano.a(libc_a-closer.o) (errno)
/home/dominik/st/stm32cubeide_1.15.1/plugins/com.st.stm32cube.ide.mcu.externaltools.gnu-tools-for-stm32.12.3.rel1.linux64_1.1.0.202410170702/tools/bin/../lib/gcc/arm-none-eabi/12.3.1/../../../../arm-none-eabi/lib/thumb/v7e-m+dp/hard/libc_nano.a(libc_a-impure.o)
                              /home/dominik/st/stm32cubeide_1.15.1/plugins/com.st.stm32cube.ide.mcu.externaltools.gnu-tools-for-stm32.12.3.rel1.linux64_1.1.0.202410170702/tools/bin/../lib/gcc/arm-none-eabi/12.3.1/../../../../arm-none-eabi/lib/thumb/v7e-m+dp/hard/libc_nano.a(libc_a-printf.o) (_impure_ptr)
[...]
Memory Configuration

Name             Origin             Length             Attributes
RAM_D1           0x24000000         0x00080000         xrw
FLASH            0x08000000         0x00100000         xr
DTCMRAM          0x20000000         0x00020000         xrw
RAM_D2           0x30000000         0x00048000         xrw
RAM_D3           0x38000000         0x00010000         xrw
ITCMRAM          0x00000000         0x00010000         xrw
*default*        0x00000000         0xffffffff

Linker script and memory map

LOAD /home/dominik/st/stm32cubeide_1.15.1/plugins/com.st.stm32cube.ide.mcu.externaltools.gnu-tools-for-stm32.12.3.rel1.linux64_1.1.0.202410170702/tools/bin/../lib/gcc/arm-none-eabi/12.3.1/thumb/v7e-m+dp/hard/crti.o
LOAD /home/dominik/st/stm32cubeide_1.15.1/plugins/com.st.stm32cube.ide.mcu.externaltools.gnu-tools-for-stm32.12.3.rel1.linux64_1.1.0.202410170702/tools/bin/../lib/gcc/arm-none-eabi/12.3.1/thumb/v7e-m+dp/hard/crtbegin.o
LOAD /home/dominik/st/stm32cubeide_1.15.1/plugins/com.st.stm32cube.ide.mcu.externaltools.gnu-tools-for-stm32.12.3.rel1.linux64_1.1.0.202410170702/tools/bin/../lib/gcc/arm-none-eabi/12.3.1/../../../../arm-none-eabi/lib/thumb/v7e-m+dp/hard/crt0.o
LOAD ./Common/Src/system_stm32h7xx_dualcore_boot_cm4_cm7.o
LOAD ./Core/Src/main.o
LOAD ./Core/Src/stm32h7xx_hal_msp.o
LOAD ./Core/Src/stm32h7xx_it.o
LOAD ./Core/Src/syscalls.o
LOAD ./Core/Src/sysmem.o
LOAD ./Core/Startup/startup_stm32h755zitx.o
LOAD ./Drivers/STM32H7xx_HAL_Driver/stm32h7xx_hal.o
LOAD ./Drivers/STM32H7xx_HAL_Driver/stm32h7xx_hal_cortex.o
LOAD ./Drivers/STM32H7xx_HAL_Driver/stm32h7xx_hal_dma.o
LOAD ./Drivers/STM32H7xx_HAL_Driver/stm32h7xx_hal_dma_ex.o
LOAD ./Drivers/STM32H7xx_HAL_Driver/stm32h7xx_hal_exti.o
LOAD ./Drivers/STM32H7xx_HAL_Driver/stm32h7xx_hal_flash.o
LOAD ./Drivers/STM32H7xx_HAL_Driver/stm32h7xx_hal_flash_ex.o
LOAD ./Drivers/STM32H7xx_HAL_Driver/stm32h7xx_hal_gpio.o
LOAD ./Drivers/STM32H7xx_HAL_Driver/stm32h7xx_hal_hsem.o
LOAD ./Drivers/STM32H7xx_HAL_Driver/stm32h7xx_hal_i2c.o
LOAD ./Drivers/STM32H7xx_HAL_Driver/stm32h7xx_hal_i2c_ex.o
LOAD ./Drivers/STM32H7xx_HAL_Driver/stm32h7xx_hal_mdma.o
LOAD ./Drivers/STM32H7xx_HAL_Driver/stm32h7xx_hal_mmc.o
LOAD ./Drivers/STM32H7xx_HAL_Driver/stm32h7xx_hal_mmc_ex.o
LOAD ./Drivers/STM32H7xx_HAL_Driver/stm32h7xx_hal_pwr.o
LOAD ./Drivers/STM32H7xx_HAL_Driver/stm32h7xx_hal_pwr_ex.o
LOAD ./Drivers/STM32H7xx_HAL_Driver/stm32h7xx_hal_rcc.o
LOAD ./Drivers/STM32H7xx_HAL_Driver/stm32h7xx_hal_rcc_ex.o
LOAD ./Drivers/STM32H7xx_HAL_Driver/stm32h7xx_hal_sd.o
LOAD ./Drivers/STM32H7xx_HAL_Driver/stm32h7xx_hal_sd_ex.o
LOAD ./Drivers/STM32H7xx_HAL_Driver/stm32h7xx_hal_spi.o
LOAD ./Drivers/STM32H7xx_HAL_Driver/stm32h7xx_hal_spi_ex.o
LOAD ./Drivers/STM32H7xx_HAL_Driver/stm32h7xx_hal_uart.o
LOAD ./Drivers/STM32H7xx_HAL_Driver/stm32h7xx_hal_uart_ex.o
LOAD ./Drivers/STM32H7xx_HAL_Driver/stm32h7xx_ll_delayblock.o
LOAD ./Drivers/STM32H7xx_HAL_Driver/stm32h7xx_ll_sdmmc.o
LOAD ./FATFS/App/fatfs.o
LOAD ./FATFS/Target/bsp_driver_sd.o
LOAD ./FATFS/Target/fatfs_platform.o
LOAD ./FATFS/Target/sd_diskio.o
LOAD ./Middlewares/Third_Party/FatFs/diskio.o
LOAD ./Middlewares/Third_Party/FatFs/ff.o
LOAD ./Middlewares/Third_Party/FatFs/ff_gen_drv.o
LOAD ./Middlewares/Third_Party/FatFs/syscall.o
START GROUP
LOAD /home/dominik/st/stm32cubeide_1.15.1/plugins/com.st.stm32cube.ide.mcu.externaltools.gnu-tools-for-stm32.12.3.rel1.linux64_1.1.0.202410170702/tools/bin/../lib/gcc/arm-none-eabi/12.3.1/../../../../arm-none-eabi/lib/thumb/v7e-m+dp/hard/libstdc++_nano.a
LOAD /home/dominik/st/stm32cubeide_1.15.1/plugins/com.st.stm32cube.ide.mcu.externaltools.gnu-tools-for-stm32.12.3.rel1.linux64_1.1.0.202410170702/tools/bin/../lib/gcc/arm-none-eabi/12.3.1/../../../../arm-none-eabi/lib/thumb/v7e-m+dp/hard/libsupc++_nano.a
END GROUP
LOAD /home/dominik/st/stm32cubeide_1.15.1/plugins/com.st.stm32cube.ide.mcu.externaltools.gnu-tools-for-stm32.12.3.rel1.linux64_1.1.0.202410170702/tools/bin/../lib/gcc/arm-none-eabi/12.3.1/../../../../arm-none-eabi/lib/thumb/v7e-m+dp/hard/libstdc++_nano.a
LOAD /home/dominik/st/stm32cubeide_1.15.1/plugins/com.st.stm32cube.ide.mcu.externaltools.gnu-tools-for-stm32.12.3.rel1.linux64_1.1.0.202410170702/tools/bin/../lib/gcc/arm-none-eabi/12.3.1/../../../../arm-none-eabi/lib/thumb/v7e-m+dp/hard/libm.a
LOAD /home/dominik/st/stm32cubeide_1.15.1/plugins/com.st.stm32cube.ide.mcu.externaltools.gnu-tools-for-stm32.12.3.rel1.linux64_1.1.0.202410170702/tools/bin/../lib/gcc/arm-none-eabi/12.3.1/../../../../arm-none-eabi/lib/thumb/v7e-m+dp/hard/libc_nano.a
START GROUP
LOAD /home/dominik/st/stm32cubeide_1.15.1/plugins/com.st.stm32cube.ide.mcu.externaltools.gnu-tools-for-stm32.12.3.rel1.linux64_1.1.0.202410170702/tools/bin/../lib/gcc/arm-none-eabi/12.3.1/thumb/v7e-m+dp/hard/libgcc.a
LOAD /home/dominik/st/stm32cubeide_1.15.1/plugins/com.st.stm32cube.ide.mcu.externaltools.gnu-tools-for-stm32.12.3.rel1.linux64_1.1.0.202410170702/tools/bin/../lib/gcc/arm-none-eabi/12.3.1/../../../../arm-none-eabi/lib/thumb/v7e-m+dp/hard/libc_nano.a
END GROUP
START GROUP
LOAD /home/dominik/st/stm32cubeide_1.15.1/plugins/com.st.stm32cube.ide.mcu.externaltools.gnu-tools-for-stm32.12.3.rel1.linux64_1.1.0.202410170702/tools/bin/../lib/gcc/arm-none-eabi/12.3.1/thumb/v7e-m+dp/hard/libgcc.a
LOAD /home/dominik/st/stm32cubeide_1.15.1/plugins/com.st.stm32cube.ide.mcu.externaltools.gnu-tools-for-stm32.12.3.rel1.linux64_1.1.0.202410170702/tools/bin/../lib/gcc/arm-none-eabi/12.3.1/../../../../arm-none-eabi/lib/thumb/v7e-m+dp/hard/libc_nano.a
LOAD /home/dominik/st/stm32cubeide_1.15.1/plugins/com.st.stm32cube.ide.mcu.externaltools.gnu-tools-for-stm32.12.3.rel1.linux64_1.1.0.202410170702/tools/bin/../lib/gcc/arm-none-eabi/12.3.1/../../../../arm-none-eabi/lib/thumb/v7e-m+dp/hard/libnosys.a
END GROUP
START GROUP
LOAD /home/dominik/st/stm32cubeide_1.15.1/plugins/com.st.stm32cube.ide.mcu.externaltools.gnu-tools-for-stm32.12.3.rel1.linux64_1.1.0.202410170702/tools/bin/../lib/gcc/arm-none-eabi/12.3.1/thumb/v7e-m+dp/hard/libgcc.a
LOAD /home/dominik/st/stm32cubeide_1.15.1/plugins/com.st.stm32cube.ide.mcu.externaltools.gnu-tools-for-stm32.12.3.rel1.linux64_1.1.0.202410170702/tools/bin/../lib/gcc/arm-none-eabi/12.3.1/../../../../arm-none-eabi/lib/thumb/v7e-m+dp/hard/libc_nano.a
LOAD /home/dominik/st/stm32cubeide_1.15.1/plugins/com.st.stm32cube.ide.mcu.externaltools.gnu-tools-for-stm32.12.3.rel1.linux64_1.1.0.202410170702/tools/bin/../lib/gcc/arm-none-eabi/12.3.1/../../../../arm-none-eabi/lib/thumb/v7e-m+dp/hard/libnosys.a
END GROUP
LOAD /home/dominik/st/stm32cubeide_1.15.1/plugins/com.st.stm32cube.ide.mcu.externaltools.gnu-tools-for-stm32.12.3.rel1.linux64_1.1.0.202410170702/tools/bin/../lib/gcc/arm-none-eabi/12.3.1/thumb/v7e-m+dp/hard/crtend.o
LOAD /home/dominik/st/stm32cubeide_1.15.1/plugins/com.st.stm32cube.ide.mcu.externaltools.gnu-tools-for-stm32.12.3.rel1.linux64_1.1.0.202410170702/tools/bin/../lib/gcc/arm-none-eabi/12.3.1/thumb/v7e-m+dp/hard/crtn.o
                0x24080000                        _estack = (ORIGIN (RAM_D1) + LENGTH (RAM_D1))
                0x00000200                        _Min_Heap_Size = 0x200
                0x00000400                        _Min_Stack_Size = 0x400

.isr_vector     0x08000000      0x298
                0x08000000                        . = ALIGN (0x4)
 *(.isr_vector)
 .isr_vector    0x08000000      0x298 ./Core/Startup/startup_stm32h755zitx.o
                0x08000000                g_pfnVectors
                0x08000298                        . = ALIGN (0x4)

.text           0x080002a0     0xd868
                0x080002a0                        . = ALIGN (0x4)
 *(.text)
 .text          0x080002a0       0x40 /home/dominik/st/stm32cubeide_1.15.1/plugins/com.st.stm32cube.ide.mcu.externaltools.gnu-tools-for-stm32.12.3.rel1.linux64_1.1.0.202410170702/tools/bin/../lib/gcc/arm-none-eabi/12.3.1/thumb/v7e-m+dp/hard/crtbegin.o
 .text          0x080002e0       0xa0 /home/dominik/st/stm32cubeide_1.15.1/plugins/com.st.stm32cube.ide.mcu.externaltools.gnu-tools-for-stm32.12.3.rel1.linux64_1.1.0.202410170702/tools/bin/../lib/gcc/arm-none-eabi/12.3.1/../../../../arm-none-eabi/lib/thumb/v7e-m+dp/hard/libc_nano.a(libc_a-memchr.o)
                0x080002e0                memchr
 .text          0x08000380       0x30 /home/dominik/st/stm32cubeide_1.15.1/plugins/com.st.stm32cube.ide.mcu.externaltools.gnu-tools-for-stm32.12.3.rel1.linux64_1.1.0.202410170702/tools/bin/../lib/gcc/arm-none-eabi/12.3.1/thumb/v7e-m+dp/hard/libgcc.a(_aeabi_uldivmod.o)
                0x08000380                __aeabi_uldivmod
 .text          0x080003b0      0x2bc /home/dominik/st/stm32cubeide_1.15.1/plugins/com.st.stm32cube.ide.mcu.externaltools.gnu-tools-for-stm32.12.3.rel1.linux64_1.1.0.202410170702/tools/bin/../lib/gcc/arm-none-eabi/12.3.1/thumb/v7e-m+dp/hard/libgcc.a(_udivmoddi4.o)
                0x080003b0                __udivmoddi4
 .text          0x0800066c        0x4 /home/dominik/st/stm32cubeide_1.15.1/plugins/com.st.stm32cube.ide.mcu.externaltools.gnu-tools-for-stm32.12.3.rel1.linux64_1.1.0.202410170702/tools/bin/../lib/gcc/arm-none-eabi/12.3.1/thumb/v7e-m+dp/hard/libgcc.a(_dvmd_tls.o)
                0x0800066c                __aeabi_ldiv0
                0x0800066c                __aeabi_idiv0
 *(.text*)
 .text.SystemInit
                0x08000670      0x15c ./Common/Src/system_stm32h7xx_dualcore_boot_cm4_cm7.o
                0x08000670                SystemInit
 .text.ExitRun0Mode
                0x080007cc       0x34 ./Common/Src/system_stm32h7xx_dualcore_boot_cm4_cm7.o
                0x080007cc                ExitRun0Mode
 .text.main     0x08000800      0x14c ./Core/Src/main.o
                0x08000800                main
 .text.SystemClock_Config
                0x0800094c       0xec ./Core/Src/main.o
                0x0800094c                SystemClock_Config
 .text.PeriphCommonClock_Config
                0x08000a38       0x3c ./Core/Src/main.o
                0x08000a38                PeriphCommonClock_Config
 .text.MX_I2C1_Init
                0x08000a74       0x7c ./Core/Src/main.o
 .text.MX_SDMMC1_SD_Init
                0x08000af0       0x48 ./Core/Src/main.o
 .text.MX_SPI1_Init
                0x08000b38       0xb0 ./Core/Src/main.o
 .text.MX_USART3_UART_Init
                0x08000be8       0x98 ./Core/Src/main.o
 .text.MX_GPIO_Init
                0x08000c80      0x228 ./Core/Src/main.o
 .text.MPU_Config
                0x08000ea8       0x58 ./Core/Src/main.o
 .text.Error_Handler
                0x08000f00        0xc ./Core/Src/main.o
                0x08000f00                Error_Handler
 .text.HAL_MspInit
                0x08000f0c       0x34 ./Core/Src/stm32h7xx_hal_msp.o
                0x08000f0c                HAL_MspInit
 .text.HAL_I2C_MspInit
                0x08000f40       0xe4 ./Core/Src/stm32h7xx_hal_msp.o
                0x08000f40                HAL_I2C_MspInit
 .text.HAL_SD_MspInit
                0x08001024      0x140 ./Core/Src/stm32h7xx_hal_msp.o
                0x08001024                HAL_SD_MspInit
 .text.HAL_SPI_MspInit
                0x08001164      0x12c ./Core/Src/stm32h7xx_hal_msp.o
                0x08001164                HAL_SPI_MspInit
 .text.HAL_UART_MspInit
                0x08001290       0xe4 ./Core/Src/stm32h7xx_hal_msp.o
                0x08001290                HAL_UART_MspInit
 .text.NMI_Handler
                0x08001374        0x8 ./Core/Src/stm32h7xx_it.o
                0x08001374                NMI_Handler
 .text.HardFault_Handler
                0x0800137c        0x8 ./Core/Src/stm32h7xx_it.o
                0x0800137c                HardFault_Handler
 .text.MemManage_Handler
                0x08001384        0x8 ./Core/Src/stm32h7xx_it.o
                0x08001384                MemManage_Handler
 .text.BusFault_Handler
                0x0800138c        0x8 ./Core/Src/stm32h7xx_it.o
                0x0800138c                BusFault_Handler
 .text.UsageFault_Handler
                0x08001394        0x8 ./Core/Src/stm32h7xx_it.o
                0x08001394                UsageFault_Handler
 .text.SVC_Handler
                0x0800139c        0xe ./Core/Src/stm32h7xx_it.o
                0x0800139c                SVC_Handler
 .text.DebugMon_Handler
                0x080013aa        0xe ./Core/Src/stm32h7xx_it.o
                0x080013aa                DebugMon_Handler
 .text.PendSV_Handler
                0x080013b8        0xe ./Core/Src/stm32h7xx_it.o
                0x080013b8                PendSV_Handler
 .text.SysTick_Handler
                0x080013c6        0xc ./Core/Src/stm32h7xx_it.o
                0x080013c6                SysTick_Handler
 .text.EXTI3_IRQHandler
                0x080013d2        0xe ./Core/Src/stm32h7xx_it.o
                0x080013d2                EXTI3_IRQHandler
 .text.I2C1_EV_IRQHandler
                0x080013e0       0x14 ./Core/Src/stm32h7xx_it.o
                0x080013e0                I2C1_EV_IRQHandler
 .text.SPI1_IRQHandler
                0x080013f4       0x14 ./Core/Src/stm32h7xx_it.o
                0x080013f4                SPI1_IRQHandler
 .text.USART3_IRQHandler
                0x08001408       0x14 ./Core/Src/stm32h7xx_it.o
                0x08001408                USART3_IRQHandler
 .text.EXTI15_10_IRQHandler
                0x0800141c       0x10 ./Core/Src/stm32h7xx_it.o
                0x0800141c                EXTI15_10_IRQHandler
 .text._read    0x0800142c       0x3a ./Core/Src/syscalls.o
                0x0800142c                _read
 .text._write   0x08001466       0x38 ./Core/Src/syscalls.o
                0x08001466                _write
 .text._close   0x0800149e       0x18 ./Core/Src/syscalls.o
                0x0800149e                _close
 .text._fstat   0x080014b6       0x20 ./Core/Src/syscalls.o
                0x080014b6                _fstat
 .text._isatty  0x080014d6       0x16 ./Core/Src/syscalls.o
                0x080014d6                _isatty
 .text._lseek   0x080014ec       0x1a ./Core/Src/syscalls.o
                0x080014ec                _lseek
 *fill*         0x08001506        0x2 
 .text._sbrk    0x08001508       0x6c ./Core/Src/sysmem.o
                0x08001508                _sbrk
 .text.Reset_Handler
                0x08001574       0x54 ./Core/Startup/startup_stm32h755zitx.o
                0x08001574                Reset_Handler
 .text.Default_Handler
                0x080015c8        0x2 ./Core/Startup/startup_stm32h755zitx.o
                0x080015c8                RTC_Alarm_IRQHandler
                0x080015c8                HASH_RNG_IRQHandler
                0x080015c8                EXTI2_IRQHandler
                0x080015c8                TIM8_CC_IRQHandler
                0x080015c8                HRTIM1_Master_IRQHandler
                0x080015c8                UART8_IRQHandler
                0x080015c8                SPI4_IRQHandler
                0x080015c8                TIM1_CC_IRQHandler
                0x080015c8                BDMA_Channel6_IRQHandler
                0x080015c8                DMA2_Stream5_IRQHandler
                0x080015c8                HRTIM1_FLT_IRQHandler
                0x080015c8                JPEG_IRQHandler
                0x080015c8                DMA1_Stream5_IRQHandler
                0x080015c8                BDMA_Channel1_IRQHandler
                0x080015c8                HRTIM1_TIMD_IRQHandler
                0x080015c8                TAMP_STAMP_IRQHandler
                0x080015c8                LPTIM4_IRQHandler
                0x080015c8                TIM8_TRG_COM_TIM14_IRQHandler
                0x080015c8                LPTIM2_IRQHandler
                0x080015c8                DFSDM1_FLT1_IRQHandler
                0x080015c8                DMAMUX2_OVR_IRQHandler
                0x080015c8                TIM8_UP_TIM13_IRQHandler
                0x080015c8                I2C3_ER_IRQHandler
                0x080015c8                DFSDM1_FLT2_IRQHandler
                0x080015c8                MDMA_IRQHandler
                0x080015c8                LPTIM3_IRQHandler
                0x080015c8                HSEM1_IRQHandler
                0x080015c8                EXTI0_IRQHandler
                0x080015c8                I2C2_EV_IRQHandler
                0x080015c8                DMA1_Stream2_IRQHandler
                0x080015c8                FPU_IRQHandler
                0x080015c8                OTG_HS_WKUP_IRQHandler
                0x080015c8                FDCAN1_IT1_IRQHandler
                0x080015c8                LTDC_ER_IRQHandler
                0x080015c8                DMA2_Stream2_IRQHandler
                0x080015c8                HRTIM1_TIME_IRQHandler
                0x080015c8                TIM6_DAC_IRQHandler
                0x080015c8                DCMI_IRQHandler
                0x080015c8                HRTIM1_TIMC_IRQHandler
                0x080015c8                DMA2_Stream3_IRQHandler
                0x080015c8                SAI2_IRQHandler
                0x080015c8                DFSDM1_FLT3_IRQHandler
                0x080015c8                USART6_IRQHandler
                0x080015c8                TIM17_IRQHandler
                0x080015c8                BDMA_Channel7_IRQHandler
                0x080015c8                CRYP_IRQHandler
                0x080015c8                LPTIM5_IRQHandler
                0x080015c8                UART5_IRQHandler
                0x080015c8                ADC3_IRQHandler
                0x080015c8                DMA2_Stream0_IRQHandler
                0x080015c8                TIM4_IRQHandler
                0x080015c8                BDMA_Channel2_IRQHandler
                0x080015c8                QUADSPI_IRQHandler
                0x080015c8                DMA1_Stream6_IRQHandler
                0x080015c8                DMAMUX1_OVR_IRQHandler
                0x080015c8                DMA1_Stream1_IRQHandler
                0x080015c8                TIM16_IRQHandler
                0x080015c8                UART4_IRQHandler
                0x080015c8                BDMA_Channel5_IRQHandler
                0x080015c8                TIM3_IRQHandler
                0x080015c8                RCC_IRQHandler
                0x080015c8                TIM8_BRK_TIM12_IRQHandler
                0x080015c8                TIM1_TRG_COM_IRQHandler
                0x080015c8                Default_Handler
                0x080015c8                ECC_IRQHandler
                0x080015c8                CEC_IRQHandler
                0x080015c8                BDMA_Channel0_IRQHandler
                0x080015c8                ADC_IRQHandler
                0x080015c8                DMA1_Stream7_IRQHandler
                0x080015c8                HRTIM1_TIMA_IRQHandler
                0x080015c8                SPI5_IRQHandler
                0x080015c8                TIM7_IRQHandler
                0x080015c8                SDMMC1_IRQHandler
                0x080015c8                TIM5_IRQHandler
                0x080015c8                DMA2_Stream7_IRQHandler
                0x080015c8                TIM15_IRQHandler
                0x080015c8                PVD_AVD_IRQHandler
                0x080015c8                I2C3_EV_IRQHandler
                0x080015c8                EXTI9_5_IRQHandler
                0x080015c8                RTC_WKUP_IRQHandler
                0x080015c8                LTDC_IRQHandler
                0x080015c8                SAI3_IRQHandler
                0x080015c8                ETH_WKUP_IRQHandler
                0x080015c8                SPDIF_RX_IRQHandler
                0x080015c8                SPI2_IRQHandler
                0x080015c8                OTG_HS_EP1_IN_IRQHandler
                0x080015c8                DMA1_Stream0_IRQHandler
                0x080015c8                CRS_IRQHandler
                0x080015c8                CM7_SEV_IRQHandler
                0x080015c8                EXTI4_IRQHandler
                0x080015c8                CM4_SEV_IRQHandler
                0x080015c8                HRTIM1_TIMB_IRQHandler
                0x080015c8                FDCAN2_IT1_IRQHandler
                0x080015c8                ETH_IRQHandler
                0x080015c8                TIM1_UP_IRQHandler
                0x080015c8                WWDG_RST_IRQHandler
                0x080015c8                BDMA_Channel4_IRQHandler
                0x080015c8                OTG_HS_EP1_OUT_IRQHandler
                0x080015c8                WWDG_IRQHandler
                0x080015c8                SPI6_IRQHandler
                0x080015c8                MDIOS_IRQHandler
                0x080015c8                I2C4_EV_IRQHandler
                0x080015c8                FDCAN2_IT0_IRQHandler
                0x080015c8                LPUART1_IRQHandler
                0x080015c8                FDCAN1_IT0_IRQHandler
                0x080015c8                TIM2_IRQHandler
                0x080015c8                OTG_FS_WKUP_IRQHandler
                0x080015c8                OTG_HS_IRQHandler
                0x080015c8                HSEM2_IRQHandler
                0x080015c8                DMA2D_IRQHandler
                0x080015c8                TIM1_BRK_IRQHandler
                0x080015c8                EXTI1_IRQHandler
                0x080015c8                SDMMC2_IRQHandler
                0x080015c8                OTG_FS_EP1_OUT_IRQHandler
                0x080015c8                BDMA_Channel3_IRQHandler
                0x080015c8                HOLD_CORE_IRQHandler
                0x080015c8                UART7_IRQHandler
                0x080015c8                MDIOS_WKUP_IRQHandler
                0x080015c8                USART2_IRQHandler
                0x080015c8                DFSDM1_FLT0_IRQHandler
                0x080015c8                SAI4_IRQHandler
                0x080015c8                I2C2_ER_IRQHandler
                0x080015c8                DMA2_Stream1_IRQHandler
                0x080015c8                FLASH_IRQHandler
                0x080015c8                DMA2_Stream4_IRQHandler
                0x080015c8                USART1_IRQHandler
                0x080015c8                OTG_FS_IRQHandler
                0x080015c8                SPI3_IRQHandler
                0x080015c8                WAKEUP_PIN_IRQHandler
                0x080015c8                DMA1_Stream4_IRQHandler
                0x080015c8                OTG_FS_EP1_IN_IRQHandler
                0x080015c8                I2C1_ER_IRQHandler
                0x080015c8                FMC_IRQHandler
                0x080015c8                FDCAN_CAL_IRQHandler
                0x080015c8                SWPMI1_IRQHandler
                0x080015c8                COMP1_IRQHandler
                0x080015c8                LPTIM1_IRQHandler
                0x080015c8                I2C4_ER_IRQHandler
                0x080015c8                DMA2_Stream6_IRQHandler
                0x080015c8                SAI1_IRQHandler
                0x080015c8                DMA1_Stream3_IRQHandler
 *fill*         0x080015ca        0x2 
 .text.HAL_Init
                0x080015cc       0x78 ./Drivers/STM32H7xx_HAL_Driver/stm32h7xx_hal.o
                0x080015cc                HAL_Init
 .text.HAL_InitTick
                0x08001644       0x6c ./Drivers/STM32H7xx_HAL_Driver/stm32h7xx_hal.o
                0x08001644                HAL_InitTick
 .text.HAL_IncTick
                0x080016b0       0x28 ./Drivers/STM32H7xx_HAL_Driver/stm32h7xx_hal.o
                0x080016b0                HAL_IncTick
 .text.HAL_GetTick
                0x080016d8       0x18 ./Drivers/STM32H7xx_HAL_Driver/stm32h7xx_hal.o
                0x080016d8                HAL_GetTick
 .text.HAL_Delay
                0x080016f0       0x48 ./Drivers/STM32H7xx_HAL_Driver/stm32h7xx_hal.o
                0x080016f0                HAL_Delay
 .text.HAL_GetREVID
                0x08001738       0x18 ./Drivers/STM32H7xx_HAL_Driver/stm32h7xx_hal.o
                0x08001738                HAL_GetREVID
 .text.__NVIC_SetPriorityGrouping
                0x08001750       0x48 ./Drivers/STM32H7xx_HAL_Driver/stm32h7xx_hal_cortex.o
 .text.__NVIC_GetPriorityGrouping
                0x08001798       0x1c ./Drivers/STM32H7xx_HAL_Driver/stm32h7xx_hal_cortex.o
 .text.__NVIC_EnableIRQ
                0x080017b4       0x3c ./Drivers/STM32H7xx_HAL_Driver/stm32h7xx_hal_cortex.o
 .text.__NVIC_SetPriority
                0x080017f0       0x54 ./Drivers/STM32H7xx_HAL_Driver/stm32h7xx_hal_cortex.o
 .text.NVIC_EncodePriority
                0x08001844       0x66 ./Drivers/STM32H7xx_HAL_Driver/stm32h7xx_hal_cortex.o
 *fill*         0x080018aa        0x2 
 .text.SysTick_Config
                0x080018ac       0x44 ./Drivers/STM32H7xx_HAL_Driver/stm32h7xx_hal_cortex.o
 .text.HAL_NVIC_SetPriorityGrouping
                0x080018f0       0x16 ./Drivers/STM32H7xx_HAL_Driver/stm32h7xx_hal_cortex.o
                0x080018f0                HAL_NVIC_SetPriorityGrouping
 .text.HAL_NVIC_SetPriority
                0x08001906       0x34 ./Drivers/STM32H7xx_HAL_Driver/stm32h7xx_hal_cortex.o
                0x08001906                HAL_NVIC_SetPriority
 .text.HAL_NVIC_EnableIRQ
                0x0800193a       0x1c ./Drivers/STM32H7xx_HAL_Driver/stm32h7xx_hal_cortex.o
                0x0800193a                HAL_NVIC_EnableIRQ
 .text.HAL_SYSTICK_Config
                0x08001956       0x18 ./Drivers/STM32H7xx_HAL_Driver/stm32h7xx_hal_cortex.o
                0x08001956                HAL_SYSTICK_Config
 *fill*         0x0800196e        0x2 
 .text.HAL_MPU_Disable
                0x08001970       0x30 ./Drivers/STM32H7xx_HAL_Driver/stm32h7xx_hal_cortex.o
                0x08001970                HAL_MPU_Disable
 .text.HAL_MPU_Enable
                0x080019a0       0x40 ./Drivers/STM32H7xx_HAL_Driver/stm32h7xx_hal_cortex.o
                0x080019a0                HAL_MPU_Enable
 .text.HAL_MPU_ConfigRegion
                0x080019e0       0x80 ./Drivers/STM32H7xx_HAL_Driver/stm32h7xx_hal_cortex.o
                0x080019e0                HAL_MPU_ConfigRegion
 .text.HAL_DMA_Abort
                0x08001a60      0x63c ./Drivers/STM32H7xx_HAL_Driver/stm32h7xx_hal_dma.o
                0x08001a60                HAL_DMA_Abort
 .text.HAL_DMA_Abort_IT
                0x0800209c      0x48c ./Drivers/STM32H7xx_HAL_Driver/stm32h7xx_hal_dma.o
                0x0800209c                HAL_DMA_Abort_IT
 .text.HAL_GPIO_Init
                0x08002528      0x360 ./Drivers/STM32H7xx_HAL_Driver/stm32h7xx_hal_gpio.o
                0x08002528                HAL_GPIO_Init
 .text.HAL_GPIO_ReadPin
                0x08002888       0x30 ./Drivers/STM32H7xx_HAL_Driver/stm32h7xx_hal_gpio.o
                0x08002888                HAL_GPIO_ReadPin
 .text.HAL_GPIO_WritePin
                0x080028b8       0x32 ./Drivers/STM32H7xx_HAL_Driver/stm32h7xx_hal_gpio.o
                0x080028b8                HAL_GPIO_WritePin
 .text.HAL_GPIO_EXTI_IRQHandler
                0x080028ea       0x34 ./Drivers/STM32H7xx_HAL_Driver/stm32h7xx_hal_gpio.o
                0x080028ea                HAL_GPIO_EXTI_IRQHandler
 .text.HAL_GPIO_EXTI_Callback
                0x0800291e       0x16 ./Drivers/STM32H7xx_HAL_Driver/stm32h7xx_hal_gpio.o
                0x0800291e                HAL_GPIO_EXTI_Callback
 .text.HAL_HSEM_FastTake
                0x08002934       0x34 ./Drivers/STM32H7xx_HAL_Driver/stm32h7xx_hal_hsem.o
                0x08002934                HAL_HSEM_FastTake
 .text.HAL_HSEM_Release
                0x08002968       0x28 ./Drivers/STM32H7xx_HAL_Driver/stm32h7xx_hal_hsem.o
                0x08002968                HAL_HSEM_Release
 .text.HAL_I2C_Init
                0x08002990      0x138 ./Drivers/STM32H7xx_HAL_Driver/stm32h7xx_hal_i2c.o
                0x08002990                HAL_I2C_Init
 .text.HAL_I2C_EV_IRQHandler
                0x08002ac8       0x34 ./Drivers/STM32H7xx_HAL_Driver/stm32h7xx_hal_i2c.o
                0x08002ac8                HAL_I2C_EV_IRQHandler
 .text.HAL_I2CEx_ConfigAnalogFilter
                0x08002afc       0x96 ./Drivers/STM32H7xx_HAL_Driver/stm32h7xx_hal_i2c_ex.o
                0x08002afc                HAL_I2CEx_ConfigAnalogFilter
 .text.HAL_I2CEx_ConfigDigitalFilter
                0x08002b92       0x98 ./Drivers/STM32H7xx_HAL_Driver/stm32h7xx_hal_i2c_ex.o
                0x08002b92                HAL_I2CEx_ConfigDigitalFilter
 *fill*         0x08002c2a        0x2 
 .text.HAL_PWREx_ConfigSupply
                0x08002c2c       0xb4 ./Drivers/STM32H7xx_HAL_Driver/stm32h7xx_hal_pwr_ex.o
                0x08002c2c                HAL_PWREx_ConfigSupply
 .text.HAL_RCC_OscConfig
                0x08002ce0      0x8b4 ./Drivers/STM32H7xx_HAL_Driver/stm32h7xx_hal_rcc.o
                0x08002ce0                HAL_RCC_OscConfig
 .text.HAL_RCC_ClockConfig
                0x08003594      0x36c ./Drivers/STM32H7xx_HAL_Driver/stm32h7xx_hal_rcc.o
                0x08003594                HAL_RCC_ClockConfig
 .text.HAL_RCC_GetSysClockFreq
                0x08003900      0x2f4 ./Drivers/STM32H7xx_HAL_Driver/stm32h7xx_hal_rcc.o
                0x08003900                HAL_RCC_GetSysClockFreq
 .text.HAL_RCC_GetHCLKFreq
                0x08003bf4       0x60 ./Drivers/STM32H7xx_HAL_Driver/stm32h7xx_hal_rcc.o
                0x08003bf4                HAL_RCC_GetHCLKFreq
 .text.HAL_RCC_GetPCLK1Freq
                0x08003c54       0x2c ./Drivers/STM32H7xx_HAL_Driver/stm32h7xx_hal_rcc.o
                0x08003c54                HAL_RCC_GetPCLK1Freq
 .text.HAL_RCC_GetPCLK2Freq
                0x08003c80       0x2c ./Drivers/STM32H7xx_HAL_Driver/stm32h7xx_hal_rcc.o
                0x08003c80                HAL_RCC_GetPCLK2Freq
 .text.HAL_RCCEx_PeriphCLKConfig
                0x08003cac     0x1414 ./Drivers/STM32H7xx_HAL_Driver/stm32h7xx_hal_rcc_ex.o
                0x08003cac                HAL_RCCEx_PeriphCLKConfig
 .text.HAL_RCCEx_GetPeriphCLKFreq
                0x080050c0      0xb00 ./Drivers/STM32H7xx_HAL_Driver/stm32h7xx_hal_rcc_ex.o
                0x080050c0                HAL_RCCEx_GetPeriphCLKFreq
 .text.HAL_RCCEx_GetD3PCLK1Freq
                0x08005bc0       0x2c ./Drivers/STM32H7xx_HAL_Driver/stm32h7xx_hal_rcc_ex.o
                0x08005bc0                HAL_RCCEx_GetD3PCLK1Freq
 .text.HAL_RCCEx_GetPLL2ClockFreq
                0x08005bec      0x2a8 ./Drivers/STM32H7xx_HAL_Driver/stm32h7xx_hal_rcc_ex.o
                0x08005bec                HAL_RCCEx_GetPLL2ClockFreq
 .text.HAL_RCCEx_GetPLL3ClockFreq
                0x08005e94      0x2a8 ./Drivers/STM32H7xx_HAL_Driver/stm32h7xx_hal_rcc_ex.o
                0x08005e94                HAL_RCCEx_GetPLL3ClockFreq
 .text.HAL_RCCEx_GetPLL1ClockFreq
                0x0800613c      0x2a4 ./Drivers/STM32H7xx_HAL_Driver/stm32h7xx_hal_rcc_ex.o
                0x0800613c                HAL_RCCEx_GetPLL1ClockFreq
 .text.RCCEx_PLL2_Config
                0x080063e0      0x164 ./Drivers/STM32H7xx_HAL_Driver/stm32h7xx_hal_rcc_ex.o
 .text.RCCEx_PLL3_Config
                0x08006544      0x164 ./Drivers/STM32H7xx_HAL_Driver/stm32h7xx_hal_rcc_ex.o
 .text.HAL_SD_Init
                0x080066a8      0x106 ./Drivers/STM32H7xx_HAL_Driver/stm32h7xx_hal_sd.o
                0x080066a8                HAL_SD_Init
 *fill*         0x080067ae        0x2 
 .text.HAL_SD_InitCard
                0x080067b0      0x138 ./Drivers/STM32H7xx_HAL_Driver/stm32h7xx_hal_sd.o
                0x080067b0                HAL_SD_InitCard
 .text.HAL_SD_ReadBlocks_DMA
                0x080068e8      0x150 ./Drivers/STM32H7xx_HAL_Driver/stm32h7xx_hal_sd.o
                0x080068e8                HAL_SD_ReadBlocks_DMA
 .text.HAL_SD_WriteBlocks_DMA
                0x08006a38      0x150 ./Drivers/STM32H7xx_HAL_Driver/stm32h7xx_hal_sd.o
                0x08006a38                HAL_SD_WriteBlocks_DMA
 .text.HAL_SD_GetCardCSD
                0x08006b88      0x348 ./Drivers/STM32H7xx_HAL_Driver/stm32h7xx_hal_sd.o
                0x08006b88                HAL_SD_GetCardCSD
 .text.HAL_SD_GetCardStatus
                0x08006ed0      0x17c ./Drivers/STM32H7xx_HAL_Driver/stm32h7xx_hal_sd.o
                0x08006ed0                HAL_SD_GetCardStatus
 .text.HAL_SD_GetCardInfo
                0x0800704c       0x58 ./Drivers/STM32H7xx_HAL_Driver/stm32h7xx_hal_sd.o
                0x0800704c                HAL_SD_GetCardInfo
 .text.HAL_SD_ConfigWideBusOperation
                0x080070a4      0x224 ./Drivers/STM32H7xx_HAL_Driver/stm32h7xx_hal_sd.o
                0x080070a4                HAL_SD_ConfigWideBusOperation
 .text.HAL_SD_GetCardState
                0x080072c8       0x40 ./Drivers/STM32H7xx_HAL_Driver/stm32h7xx_hal_sd.o
                0x080072c8                HAL_SD_GetCardState
 .text.SD_InitCard
                0x08007308      0x19c ./Drivers/STM32H7xx_HAL_Driver/stm32h7xx_hal_sd.o
 .text.SD_PowerON
                0x080074a4      0x11c ./Drivers/STM32H7xx_HAL_Driver/stm32h7xx_hal_sd.o
 .text.SD_SendSDStatus
                0x080075c0      0x1a0 ./Drivers/STM32H7xx_HAL_Driver/stm32h7xx_hal_sd.o
 .text.SD_SendStatus
                0x08007760       0x50 ./Drivers/STM32H7xx_HAL_Driver/stm32h7xx_hal_sd.o
 .text.SD_WideBus_Enable
                0x080077b0       0x96 ./Drivers/STM32H7xx_HAL_Driver/stm32h7xx_hal_sd.o
 .text.SD_WideBus_Disable
                0x08007846       0x96 ./Drivers/STM32H7xx_HAL_Driver/stm32h7xx_hal_sd.o
 .text.SD_FindSCR
                0x080078dc      0x1a0 ./Drivers/STM32H7xx_HAL_Driver/stm32h7xx_hal_sd.o
 .text.HAL_SPI_Init
                0x08007a7c      0x248 ./Drivers/STM32H7xx_HAL_Driver/stm32h7xx_hal_spi.o
                0x08007a7c                HAL_SPI_Init
 .text.HAL_SPI_IRQHandler
                0x08007cc4      0x39c ./Drivers/STM32H7xx_HAL_Driver/stm32h7xx_hal_spi.o
                0x08007cc4                HAL_SPI_IRQHandler
 .text.HAL_SPI_TxCpltCallback
                0x08008060       0x14 ./Drivers/STM32H7xx_HAL_Driver/stm32h7xx_hal_spi.o
                0x08008060                HAL_SPI_TxCpltCallback
 .text.HAL_SPI_RxCpltCallback
                0x08008074       0x14 ./Drivers/STM32H7xx_HAL_Driver/stm32h7xx_hal_spi.o
                0x08008074                HAL_SPI_RxCpltCallback
 .text.HAL_SPI_TxRxCpltCallback
                0x08008088       0x14 ./Drivers/STM32H7xx_HAL_Driver/stm32h7xx_hal_spi.o
                0x08008088                HAL_SPI_TxRxCpltCallback
 .text.HAL_SPI_ErrorCallback
                0x0800809c       0x14 ./Drivers/STM32H7xx_HAL_Driver/stm32h7xx_hal_spi.o
                0x0800809c                HAL_SPI_ErrorCallback
 .text.HAL_SPI_SuspendCallback
                0x080080b0       0x14 ./Drivers/STM32H7xx_HAL_Driver/stm32h7xx_hal_spi.o
                0x080080b0                HAL_SPI_SuspendCallback
 .text.SPI_DMAAbortOnError
                0x080080c4       0x34 ./Drivers/STM32H7xx_HAL_Driver/stm32h7xx_hal_spi.o
 .text.SPI_CloseTransfer
                0x080080f8      0x140 ./Drivers/STM32H7xx_HAL_Driver/stm32h7xx_hal_spi.o
 .text.SPI_GetPacketSize
                0x08008238       0x36 ./Drivers/STM32H7xx_HAL_Driver/stm32h7xx_hal_spi.o
 .text.HAL_UART_Init
                0x0800826e       0xa0 ./Drivers/STM32H7xx_HAL_Driver/stm32h7xx_hal_uart.o
                0x0800826e                HAL_UART_Init
 *fill*         0x0800830e        0x2 
 .text.HAL_UART_IRQHandler
                0x08008310      0x7ac ./Drivers/STM32H7xx_HAL_Driver/stm32h7xx_hal_uart.o
                0x08008310                HAL_UART_IRQHandler
 .text.HAL_UART_TxCpltCallback
                0x08008abc       0x14 ./Drivers/STM32H7xx_HAL_Driver/stm32h7xx_hal_uart.o
                0x08008abc                HAL_UART_TxCpltCallback
 .text.HAL_UART_ErrorCallback
                0x08008ad0       0x14 ./Drivers/STM32H7xx_HAL_Driver/stm32h7xx_hal_uart.o
                0x08008ad0                HAL_UART_ErrorCallback
 .text.HAL_UARTEx_RxEventCallback
                0x08008ae4       0x18 ./Drivers/STM32H7xx_HAL_Driver/stm32h7xx_hal_uart.o
                0x08008ae4                HAL_UARTEx_RxEventCallback
 .text.UART_SetConfig
                0x08008afc      0xad0 ./Drivers/STM32H7xx_HAL_Driver/stm32h7xx_hal_uart.o
                0x08008afc                UART_SetConfig
 .text.UART_AdvFeatureConfig
                0x080095cc      0x144 ./Drivers/STM32H7xx_HAL_Driver/stm32h7xx_hal_uart.o
                0x080095cc                UART_AdvFeatureConfig
 .text.UART_CheckIdleState
                0x08009710      0x154 ./Drivers/STM32H7xx_HAL_Driver/stm32h7xx_hal_uart.o
                0x08009710                UART_CheckIdleState
 .text.UART_WaitOnFlagUntilTimeout
                0x08009864       0xda ./Drivers/STM32H7xx_HAL_Driver/stm32h7xx_hal_uart.o
                0x08009864                UART_WaitOnFlagUntilTimeout
 *fill*         0x0800993e        0x2 
 .text.UART_EndRxTransfer
                0x08009940       0xcc ./Drivers/STM32H7xx_HAL_Driver/stm32h7xx_hal_uart.o
 .text.UART_DMAAbortOnError
                0x08009a0c       0x24 ./Drivers/STM32H7xx_HAL_Driver/stm32h7xx_hal_uart.o
 .text.UART_EndTransmit_IT
                0x08009a30       0x56 ./Drivers/STM32H7xx_HAL_Driver/stm32h7xx_hal_uart.o
 .text.HAL_UARTEx_WakeupCallback
                0x08009a86       0x14 ./Drivers/STM32H7xx_HAL_Driver/stm32h7xx_hal_uart_ex.o
                0x08009a86                HAL_UARTEx_WakeupCallback
 .text.HAL_UARTEx_RxFifoFullCallback
                0x08009a9a       0x14 ./Drivers/STM32H7xx_HAL_Driver/stm32h7xx_hal_uart_ex.o
                0x08009a9a                HAL_UARTEx_RxFifoFullCallback
 .text.HAL_UARTEx_TxFifoEmptyCallback
                0x08009aae       0x14 ./Drivers/STM32H7xx_HAL_Driver/stm32h7xx_hal_uart_ex.o
                0x08009aae                HAL_UARTEx_TxFifoEmptyCallback
 .text.HAL_UARTEx_DisableFifoMode
                0x08009ac2       0x72 ./Drivers/STM32H7xx_HAL_Driver/stm32h7xx_hal_uart_ex.o
                0x08009ac2                HAL_UARTEx_DisableFifoMode
 .text.HAL_UARTEx_SetTxFifoThreshold
                0x08009b34       0x7c ./Drivers/STM32H7xx_HAL_Driver/stm32h7xx_hal_uart_ex.o
                0x08009b34                HAL_UARTEx_SetTxFifoThreshold
 .text.HAL_UARTEx_SetRxFifoThreshold
                0x08009bb0       0x7c ./Drivers/STM32H7xx_HAL_Driver/stm32h7xx_hal_uart_ex.o
                0x08009bb0                HAL_UARTEx_SetRxFifoThreshold
 .text.UARTEx_SetNbDataToProcess
                0x08009c2c       0x9c ./Drivers/STM32H7xx_HAL_Driver/stm32h7xx_hal_uart_ex.o
 .text.SDMMC_Init
                0x08009cc8       0x54 ./Drivers/STM32H7xx_HAL_Driver/stm32h7xx_ll_sdmmc.o
                0x08009cc8                SDMMC_Init
 .text.SDMMC_ReadFIFO
                0x08009d1c       0x1a ./Drivers/STM32H7xx_HAL_Driver/stm32h7xx_ll_sdmmc.o
                0x08009d1c                SDMMC_ReadFIFO
 .text.SDMMC_PowerState_ON
                0x08009d36       0x22 ./Drivers/STM32H7xx_HAL_Driver/stm32h7xx_ll_sdmmc.o
                0x08009d36                SDMMC_PowerState_ON
 .text.SDMMC_GetPowerState
                0x08009d58       0x1c ./Drivers/STM32H7xx_HAL_Driver/stm32h7xx_ll_sdmmc.o
                0x08009d58                SDMMC_GetPowerState
 .text.SDMMC_SendCommand
                0x08009d74       0x54 ./Drivers/STM32H7xx_HAL_Driver/stm32h7xx_ll_sdmmc.o
                0x08009d74                SDMMC_SendCommand
 .text.SDMMC_GetCommandResponse
                0x08009dc8       0x1a ./Drivers/STM32H7xx_HAL_Driver/stm32h7xx_ll_sdmmc.o
                0x08009dc8                SDMMC_GetCommandResponse
 .text.SDMMC_GetResponse
                0x08009de2       0x26 ./Drivers/STM32H7xx_HAL_Driver/stm32h7xx_ll_sdmmc.o
                0x08009de2                SDMMC_GetResponse
 .text.SDMMC_ConfigData
                0x08009e08       0x58 ./Drivers/STM32H7xx_HAL_Driver/stm32h7xx_ll_sdmmc.o
                0x08009e08                SDMMC_ConfigData
 .text.SDMMC_CmdBlockLength
                0x08009e60       0x46 ./Drivers/STM32H7xx_HAL_Driver/stm32h7xx_ll_sdmmc.o
                0x08009e60                SDMMC_CmdBlockLength
 .text.SDMMC_CmdReadSingleBlock
                0x08009ea6       0x46 ./Drivers/STM32H7xx_HAL_Driver/stm32h7xx_ll_sdmmc.o
                0x08009ea6                SDMMC_CmdReadSingleBlock
 .text.SDMMC_CmdReadMultiBlock
                0x08009eec       0x46 ./Drivers/STM32H7xx_HAL_Driver/stm32h7xx_ll_sdmmc.o
                0x08009eec                SDMMC_CmdReadMultiBlock
 .text.SDMMC_CmdWriteSingleBlock
                0x08009f32       0x46 ./Drivers/STM32H7xx_HAL_Driver/stm32h7xx_ll_sdmmc.o
                0x08009f32                SDMMC_CmdWriteSingleBlock
 .text.SDMMC_CmdWriteMultiBlock
                0x08009f78       0x46 ./Drivers/STM32H7xx_HAL_Driver/stm32h7xx_ll_sdmmc.o
                0x08009f78                SDMMC_CmdWriteMultiBlock
 .text.SDMMC_CmdSelDesel
                0x08009fbe       0x46 ./Drivers/STM32H7xx_HAL_Driver/stm32h7xx_ll_sdmmc.o
                0x08009fbe                SDMMC_CmdSelDesel
 .text.SDMMC_CmdGoIdleState
                0x0800a004       0x3c ./Drivers/STM32H7xx_HAL_Driver/stm32h7xx_ll_sdmmc.o
                0x0800a004                SDMMC_CmdGoIdleState
 .text.SDMMC_CmdOperCond
                0x0800a040       0x40 ./Drivers/STM32H7xx_HAL_Driver/stm32h7xx_ll_sdmmc.o
                0x0800a040                SDMMC_CmdOperCond
 .text.SDMMC_CmdAppCommand
                0x0800a080       0x46 ./Drivers/STM32H7xx_HAL_Driver/stm32h7xx_ll_sdmmc.o
                0x0800a080                SDMMC_CmdAppCommand
 .text.SDMMC_CmdAppOperCommand
                0x0800a0c6       0x40 ./Drivers/STM32H7xx_HAL_Driver/stm32h7xx_ll_sdmmc.o
                0x0800a0c6                SDMMC_CmdAppOperCommand
 .text.SDMMC_CmdBusWidth
                0x0800a106       0x46 ./Drivers/STM32H7xx_HAL_Driver/stm32h7xx_ll_sdmmc.o
                0x0800a106                SDMMC_CmdBusWidth
 .text.SDMMC_CmdSendSCR
                0x0800a14c       0x44 ./Drivers/STM32H7xx_HAL_Driver/stm32h7xx_ll_sdmmc.o
                0x0800a14c                SDMMC_CmdSendSCR
 .text.SDMMC_CmdSendCID
                0x0800a190       0x3e ./Drivers/STM32H7xx_HAL_Driver/stm32h7xx_ll_sdmmc.o
                0x0800a190                SDMMC_CmdSendCID
 .text.SDMMC_CmdSendCSD
                0x0800a1ce       0x40 ./Drivers/STM32H7xx_HAL_Driver/stm32h7xx_ll_sdmmc.o
                0x0800a1ce                SDMMC_CmdSendCSD
 .text.SDMMC_CmdSetRelAdd
                0x0800a20e       0x44 ./Drivers/STM32H7xx_HAL_Driver/stm32h7xx_ll_sdmmc.o
                0x0800a20e                SDMMC_CmdSetRelAdd
 .text.SDMMC_CmdSendStatus
                0x0800a252       0x46 ./Drivers/STM32H7xx_HAL_Driver/stm32h7xx_ll_sdmmc.o
                0x0800a252                SDMMC_CmdSendStatus
 .text.SDMMC_CmdStatusRegister
                0x0800a298       0x44 ./Drivers/STM32H7xx_HAL_Driver/stm32h7xx_ll_sdmmc.o
                0x0800a298                SDMMC_CmdStatusRegister
 .text.SDMMC_GetCmdResp1
                0x0800a2dc      0x1e4 ./Drivers/STM32H7xx_HAL_Driver/stm32h7xx_ll_sdmmc.o
                0x0800a2dc                SDMMC_GetCmdResp1
 .text.SDMMC_GetCmdResp2
                0x0800a4c0       0x94 ./Drivers/STM32H7xx_HAL_Driver/stm32h7xx_ll_sdmmc.o
                0x0800a4c0                SDMMC_GetCmdResp2
 .text.SDMMC_GetCmdResp3
                0x0800a554       0x80 ./Drivers/STM32H7xx_HAL_Driver/stm32h7xx_ll_sdmmc.o
                0x0800a554                SDMMC_GetCmdResp3
 .text.SDMMC_GetCmdResp6
                0x0800a5d4       0xf0 ./Drivers/STM32H7xx_HAL_Driver/stm32h7xx_ll_sdmmc.o
                0x0800a5d4                SDMMC_GetCmdResp6
 .text.SDMMC_GetCmdResp7
                0x0800a6c4       0x9c ./Drivers/STM32H7xx_HAL_Driver/stm32h7xx_ll_sdmmc.o
                0x0800a6c4                SDMMC_GetCmdResp7
 .text.SDMMC_GetCmdError
                0x0800a760       0x5c ./Drivers/STM32H7xx_HAL_Driver/stm32h7xx_ll_sdmmc.o
 .text.MX_FATFS_Init
                0x0800a7bc       0x24 ./FATFS/App/fatfs.o
                0x0800a7bc                MX_FATFS_Init
 .text.get_fattime
                0x0800a7e0       0x10 ./FATFS/App/fatfs.o
                0x0800a7e0                get_fattime
 .text.BSP_SD_Init
                0x0800a7f0       0x4c ./FATFS/Target/bsp_driver_sd.o
                0x0800a7f0                BSP_SD_Init
 .text.BSP_SD_ReadBlocks_DMA
                0x0800a83c       0x34 ./FATFS/Target/bsp_driver_sd.o
                0x0800a83c                BSP_SD_ReadBlocks_DMA
 .text.BSP_SD_WriteBlocks_DMA
                0x0800a870       0x34 ./FATFS/Target/bsp_driver_sd.o
                0x0800a870                BSP_SD_WriteBlocks_DMA
 .text.BSP_SD_GetCardState
                0x0800a8a4       0x20 ./FATFS/Target/bsp_driver_sd.o
                0x0800a8a4                BSP_SD_GetCardState
 .text.BSP_SD_GetCardInfo
                0x0800a8c4       0x1c ./FATFS/Target/bsp_driver_sd.o
                0x0800a8c4                BSP_SD_GetCardInfo
 .text.BSP_SD_IsDetected
                0x0800a8e0       0x24 ./FATFS/Target/bsp_driver_sd.o
                0x0800a8e0                BSP_SD_IsDetected
 .text.BSP_PlatformIsDetected
                0x0800a904       0x2c ./FATFS/Target/fatfs_platform.o
                0x0800a904                BSP_PlatformIsDetected
 .text.SD_CheckStatusWithTimeout
                0x0800a930       0x3a ./FATFS/Target/sd_diskio.o
 *fill*         0x0800a96a        0x2 
 .text.SD_CheckStatus
                0x0800a96c       0x3c ./FATFS/Target/sd_diskio.o
 .text.SD_initialize
                0x0800a9a8       0x38 ./FATFS/Target/sd_diskio.o
                0x0800a9a8                SD_initialize
 .text.SD_status
                0x0800a9e0       0x1c ./FATFS/Target/sd_diskio.o
                0x0800a9e0                SD_status
 .text.SD_read  0x0800a9fc       0xac ./FATFS/Target/sd_diskio.o
                0x0800a9fc                SD_read
 .text.SD_write
                0x0800aaa8       0xac ./FATFS/Target/sd_diskio.o
                0x0800aaa8                SD_write
 .text.SD_ioctl
                0x0800ab54       0xb0 ./FATFS/Target/sd_diskio.o
                0x0800ab54                SD_ioctl
 .text.disk_status
                0x0800ac04       0x34 ./Middlewares/Third_Party/FatFs/diskio.o
                0x0800ac04                disk_status
 .text.disk_initialize
                0x0800ac38       0x50 ./Middlewares/Third_Party/FatFs/diskio.o
                0x0800ac38                disk_initialize
 .text.disk_read
                0x0800ac88       0x40 ./Middlewares/Third_Party/FatFs/diskio.o
                0x0800ac88                disk_read
 .text.disk_write
                0x0800acc8       0x40 ./Middlewares/Third_Party/FatFs/diskio.o
                0x0800acc8                disk_write
 .text.ld_word  0x0800ad08       0x30 ./Middlewares/Third_Party/FatFs/ff.o
 .text.ld_dword
                0x0800ad38       0x46 ./Middlewares/Third_Party/FatFs/ff.o
 .text.st_word  0x0800ad7e       0x36 ./Middlewares/Third_Party/FatFs/ff.o
 .text.st_dword
                0x0800adb4       0x58 ./Middlewares/Third_Party/FatFs/ff.o
 .text.mem_cpy  0x0800ae0c       0x42 ./Middlewares/Third_Party/FatFs/ff.o
 .text.mem_set  0x0800ae4e       0x36 ./Middlewares/Third_Party/FatFs/ff.o
 .text.mem_cmp  0x0800ae84       0x4e ./Middlewares/Third_Party/FatFs/ff.o
 .text.chk_chr  0x0800aed2       0x36 ./Middlewares/Third_Party/FatFs/ff.o
 .text.chk_lock
                0x0800af08       0xb8 ./Middlewares/Third_Party/FatFs/ff.o
 .text.enq_lock
                0x0800afc0       0x44 ./Middlewares/Third_Party/FatFs/ff.o
 .text.inc_lock
                0x0800b004      0x11c ./Middlewares/Third_Party/FatFs/ff.o
 .text.clear_lock
                0x0800b120       0x48 ./Middlewares/Third_Party/FatFs/ff.o
 .text.sync_window
                0x0800b168       0x88 ./Middlewares/Third_Party/FatFs/ff.o
 .text.move_window
                0x0800b1f0       0x5a ./Middlewares/Third_Party/FatFs/ff.o
 .text.clust2sect
                0x0800b24a       0x3e ./Middlewares/Third_Party/FatFs/ff.o
 .text.get_fat  0x0800b288      0x14e ./Middlewares/Third_Party/FatFs/ff.o
 .text.put_fat  0x0800b3d6      0x1d4 ./Middlewares/Third_Party/FatFs/ff.o
 .text.remove_chain
                0x0800b5aa       0xca ./Middlewares/Third_Party/FatFs/ff.o
 .text.create_chain
                0x0800b674      0x130 ./Middlewares/Third_Party/FatFs/ff.o
 .text.clmt_clust
                0x0800b7a4       0x68 ./Middlewares/Third_Party/FatFs/ff.o
 .text.dir_sdi  0x0800b80c       0xf6 ./Middlewares/Third_Party/FatFs/ff.o
 .text.dir_next
                0x0800b902      0x18a ./Middlewares/Third_Party/FatFs/ff.o
 .text.dir_alloc
                0x0800ba8c       0x8e ./Middlewares/Third_Party/FatFs/ff.o
 .text.ld_clust
                0x0800bb1a       0x3e ./Middlewares/Third_Party/FatFs/ff.o
 .text.st_clust
                0x0800bb58       0x40 ./Middlewares/Third_Party/FatFs/ff.o
 .text.dir_find
                0x0800bb98       0xaa ./Middlewares/Third_Party/FatFs/ff.o
 .text.dir_register
                0x0800bc42       0x64 ./Middlewares/Third_Party/FatFs/ff.o
 *fill*         0x0800bca6        0x2 
 .text.create_name
                0x0800bca8      0x128 ./Middlewares/Third_Party/FatFs/ff.o
 .text.follow_path
                0x0800bdd0       0xe2 ./Middlewares/Third_Party/FatFs/ff.o
 .text.get_ldnumber
                0x0800beb2       0x88 ./Middlewares/Third_Party/FatFs/ff.o
 *fill*         0x0800bf3a        0x2 
 .text.check_fs
                0x0800bf3c       0xac ./Middlewares/Third_Party/FatFs/ff.o
 .text.find_volume
                0x0800bfe8      0x498 ./Middlewares/Third_Party/FatFs/ff.o
 .text.validate
                0x0800c480       0x6a ./Middlewares/Third_Party/FatFs/ff.o
 *fill*         0x0800c4ea        0x2 
 .text.f_mount  0x0800c4ec       0x8c ./Middlewares/Third_Party/FatFs/ff.o
                0x0800c4ec                f_mount
 .text.f_open   0x0800c578      0x374 ./Middlewares/Third_Party/FatFs/ff.o
                0x0800c578                f_open
 .text.f_write  0x0800c8ec      0x2ea ./Middlewares/Third_Party/FatFs/ff.o
                0x0800c8ec                f_write
 *fill*         0x0800cbd6        0x2 
 .text.FATFS_LinkDriverEx
                0x0800cbd8       0x98 ./Middlewares/Third_Party/FatFs/ff_gen_drv.o
                0x0800cbd8                FATFS_LinkDriverEx
 .text.FATFS_LinkDriver
                0x0800cc70       0x1e ./Middlewares/Third_Party/FatFs/ff_gen_drv.o
                0x0800cc70                FATFS_LinkDriver
 *fill*         0x0800cc8e        0x2 
 .text.std      0x0800cc90       0x6c /home/dominik/st/stm32cubeide_1.15.1/plugins/com.st.stm32cube.ide.mcu.externaltools.gnu-tools-for-stm32.12.3.rel1.linux64_1.1.0.202410170702/tools/bin/../lib/gcc/arm-none-eabi/12.3.1/../../../../arm-none-eabi/lib/thumb/v7e-m+dp/hard/libc_nano.a(libc_a-findfp.o)
 .text.stdio_exit_handler
                0x0800ccfc       0x18 /home/dominik/st/stm32cubeide_1.15.1/plugins/com.st.stm32cube.ide.mcu.externaltools.gnu-tools-for-stm32.12.3.rel1.linux64_1.1.0.202410170702/tools/bin/../lib/gcc/arm-none-eabi/12.3.1/../../../../arm-none-eabi/lib/thumb/v7e-m+dp/hard/libc_nano.a(libc_a-findfp.o)
 .text.cleanup_stdio
                0x0800cd14       0x40 /home/dominik/st/stm32cubeide_1.15.1/plugins/com.st.stm32cube.ide.mcu.externaltools.gnu-tools-for-stm32.12.3.rel1.linux64_1.1.0.202410170702/tools/bin/../lib/gcc/arm-none-eabi/12.3.1/../../../../arm-none-eabi/lib/thumb/v7e-m+dp/hard/libc_nano.a(libc_a-findfp.o)
 .text.global_stdio_init.part.0
                0x0800cd54       0x3c /home/dominik/st/stm32cubeide_1.15.1/plugins/com.st.stm32cube.ide.mcu.externaltools.gnu-tools-for-stm32.12.3.rel1.linux64_1.1.0.202410170702/tools/bin/../lib/gcc/arm-none-eabi/12.3.1/../../../../arm-none-eabi/lib/thumb/v7e-m+dp/hard/libc_nano.a(libc_a-findfp.o)
 .text.__sfp_lock_acquire
                0x0800cd90        0xc /home/dominik/st/stm32cubeide_1.15.1/plugins/com.st.stm32cube.ide.mcu.externaltools.gnu-tools-for-stm32.12.3.rel1.linux64_1.1.0.202410170702/tools/bin/../lib/gcc/arm-none-eabi/12.3.1/../../../../arm-none-eabi/lib/thumb/v7e-m+dp/hard/libc_nano.a(libc_a-findfp.o)
                0x0800cd90                __sfp_lock_acquire
 .text.__sfp_lock_release
                0x0800cd9c        0xc /home/dominik/st/stm32cubeide_1.15.1/plugins/com.st.stm32cube.ide.mcu.externaltools.gnu-tools-for-stm32.12.3.rel1.linux64_1.1.0.202410170702/tools/bin/../lib/gcc/arm-none-eabi/12.3.1/../../../../arm-none-eabi/lib/thumb/v7e-m+dp/hard/libc_nano.a(libc_a-findfp.o)
                0x0800cd9c                __sfp_lock_release
 .text.__sinit  0x0800cda8       0x30 /home/dominik/st/stm32cubeide_1.15.1/plugins/com.st.stm32cube.ide.mcu.externaltools.gnu-tools-for-stm32.12.3.rel1.linux64_1.1.0.202410170702/tools/bin/../lib/gcc/arm-none-eabi/12.3.1/../../../../arm-none-eabi/lib/thumb/v7e-m+dp/hard/libc_nano.a(libc_a-findfp.o)
                0x0800cda8                __sinit
 .text._fwalk_sglue
                0x0800cdd8       0x3c /home/dominik/st/stm32cubeide_1.15.1/plugins/com.st.stm32cube.ide.mcu.externaltools.gnu-tools-for-stm32.12.3.rel1.linux64_1.1.0.202410170702/tools/bin/../lib/gcc/arm-none-eabi/12.3.1/../../../../arm-none-eabi/lib/thumb/v7e-m+dp/hard/libc_nano.a(libc_a-fwalk.o)
                0x0800cdd8                _fwalk_sglue
 .text.printf   0x0800ce14       0x24 /home/dominik/st/stm32cubeide_1.15.1/plugins/com.st.stm32cube.ide.mcu.externaltools.gnu-tools-for-stm32.12.3.rel1.linux64_1.1.0.202410170702/tools/bin/../lib/gcc/arm-none-eabi/12.3.1/../../../../arm-none-eabi/lib/thumb/v7e-m+dp/hard/libc_nano.a(libc_a-printf.o)
                0x0800ce14                printf
                0x0800ce14                iprintf
 .text.__sread  0x0800ce38       0x22 /home/dominik/st/stm32cubeide_1.15.1/plugins/com.st.stm32cube.ide.mcu.externaltools.gnu-tools-for-stm32.12.3.rel1.linux64_1.1.0.202410170702/tools/bin/../lib/gcc/arm-none-eabi/12.3.1/../../../../arm-none-eabi/lib/thumb/v7e-m+dp/hard/libc_nano.a(libc_a-stdio.o)
                0x0800ce38                __sread
 .text.__swrite
                0x0800ce5a       0x38 /home/dominik/st/stm32cubeide_1.15.1/plugins/com.st.stm32cube.ide.mcu.externaltools.gnu-tools-for-stm32.12.3.rel1.linux64_1.1.0.202410170702/tools/bin/../lib/gcc/arm-none-eabi/12.3.1/../../../../arm-none-eabi/lib/thumb/v7e-m+dp/hard/libc_nano.a(libc_a-stdio.o)
                0x0800ce5a                __swrite
 .text.__sseek  0x0800ce92       0x24 /home/dominik/st/stm32cubeide_1.15.1/plugins/com.st.stm32cube.ide.mcu.externaltools.gnu-tools-for-stm32.12.3.rel1.linux64_1.1.0.202410170702/tools/bin/../lib/gcc/arm-none-eabi/12.3.1/../../../../arm-none-eabi/lib/thumb/v7e-m+dp/hard/libc_nano.a(libc_a-stdio.o)
                0x0800ce92                __sseek
 .text.__sclose
                0x0800ceb6        0x8 /home/dominik/st/stm32cubeide_1.15.1/plugins/com.st.stm32cube.ide.mcu.externaltools.gnu-tools-for-stm32.12.3.rel1.linux64_1.1.0.202410170702/tools/bin/../lib/gcc/arm-none-eabi/12.3.1/../../../../arm-none-eabi/lib/thumb/v7e-m+dp/hard/libc_nano.a(libc_a-stdio.o)
                0x0800ceb6                __sclose
 .text.memset   0x0800cebe       0x10 /home/dominik/st/stm32cubeide_1.15.1/plugins/com.st.stm32cube.ide.mcu.externaltools.gnu-tools-for-stm32.12.3.rel1.linux64_1.1.0.202410170702/tools/bin/../lib/gcc/arm-none-eabi/12.3.1/../../../../arm-none-eabi/lib/thumb/v7e-m+dp/hard/libc_nano.a(libc_a-memset.o)
                0x0800cebe                memset
 *fill*         0x0800cece        0x2 
 .text._close_r
                0x0800ced0       0x20 /home/dominik/st/stm32cubeide_1.15.1/plugins/com.st.stm32cube.ide.mcu.externaltools.gnu-tools-for-stm32.12.3.rel1.linux64_1.1.0.202410170702/tools/bin/../lib/gcc/arm-none-eabi/12.3.1/../../../../arm-none-eabi/lib/thumb/v7e-m+dp/hard/libc_nano.a(libc_a-closer.o)
                0x0800ced0                _close_r
 .text._lseek_r
                0x0800cef0       0x24 /home/dominik/st/stm32cubeide_1.15.1/plugins/com.st.stm32cube.ide.mcu.externaltools.gnu-tools-for-stm32.12.3.rel1.linux64_1.1.0.202410170702/tools/bin/../lib/gcc/arm-none-eabi/12.3.1/../../../../arm-none-eabi/lib/thumb/v7e-m+dp/hard/libc_nano.a(libc_a-lseekr.o)
                0x0800cef0                _lseek_r
 .text._read_r  0x0800cf14       0x24 /home/dominik/st/stm32cubeide_1.15.1/plugins/com.st.stm32cube.ide.mcu.externaltools.gnu-tools-for-stm32.12.3.rel1.linux64_1.1.0.202410170702/tools/bin/../lib/gcc/arm-none-eabi/12.3.1/../../../../arm-none-eabi/lib/thumb/v7e-m+dp/hard/libc_nano.a(libc_a-readr.o)
                0x0800cf14                _read_r
 .text._write_r
                0x0800cf38       0x24 /home/dominik/st/stm32cubeide_1.15.1/plugins/com.st.stm32cube.ide.mcu.externaltools.gnu-tools-for-stm32.12.3.rel1.linux64_1.1.0.202410170702/tools/bin/../lib/gcc/arm-none-eabi/12.3.1/../../../../arm-none-eabi/lib/thumb/v7e-m+dp/hard/libc_nano.a(libc_a-writer.o)
                0x0800cf38                _write_r
 .text.__errno  0x0800cf5c        0xc /home/dominik/st/stm32cubeide_1.15.1/plugins/com.st.stm32cube.ide.mcu.externaltools.gnu-tools-for-stm32.12.3.rel1.linux64_1.1.0.202410170702/tools/bin/../lib/gcc/arm-none-eabi/12.3.1/../../../../arm-none-eabi/lib/thumb/v7e-m+dp/hard/libc_nano.a(libc_a-errno.o)
                0x0800cf5c                __errno
 .text.__libc_init_array
                0x0800cf68       0x48 /home/dominik/st/stm32cubeide_1.15.1/plugins/com.st.stm32cube.ide.mcu.externaltools.gnu-tools-for-stm32.12.3.rel1.linux64_1.1.0.202410170702/tools/bin/../lib/gcc/arm-none-eabi/12.3.1/../../../../arm-none-eabi/lib/thumb/v7e-m+dp/hard/libc_nano.a(libc_a-init.o)
                0x0800cf68                __libc_init_array
 .text.__retarget_lock_init_recursive
                0x0800cfb0        0x2 /home/dominik/st/stm32cubeide_1.15.1/plugins/com.st.stm32cube.ide.mcu.externaltools.gnu-tools-for-stm32.12.3.rel1.linux64_1.1.0.202410170702/tools/bin/../lib/gcc/arm-none-eabi/12.3.1/../../../../arm-none-eabi/lib/thumb/v7e-m+dp/hard/libc_nano.a(libc_a-lock.o)
                0x0800cfb0                __retarget_lock_init_recursive
 .text.__retarget_lock_acquire_recursive
                0x0800cfb2        0x2 /home/dominik/st/stm32cubeide_1.15.1/plugins/com.st.stm32cube.ide.mcu.externaltools.gnu-tools-for-stm32.12.3.rel1.linux64_1.1.0.202410170702/tools/bin/../lib/gcc/arm-none-eabi/12.3.1/../../../../arm-none-eabi/lib/thumb/v7e-m+dp/hard/libc_nano.a(libc_a-lock.o)
                0x0800cfb2                __retarget_lock_acquire_recursive
 .text.__retarget_lock_release_recursive
                0x0800cfb4        0x2 /home/dominik/st/stm32cubeide_1.15.1/plugins/com.st.stm32cube.ide.mcu.externaltools.gnu-tools-for-stm32.12.3.rel1.linux64_1.1.0.202410170702/tools/bin/../lib/gcc/arm-none-eabi/12.3.1/../../../../arm-none-eabi/lib/thumb/v7e-m+dp/hard/libc_nano.a(libc_a-lock.o)
                0x0800cfb4                __retarget_lock_release_recursive
 *fill*         0x0800cfb6        0x2 
 .text._free_r  0x0800cfb8       0x94 /home/dominik/st/stm32cubeide_1.15.1/plugins/com.st.stm32cube.ide.mcu.externaltools.gnu-tools-for-stm32.12.3.rel1.linux64_1.1.0.202410170702/tools/bin/../lib/gcc/arm-none-eabi/12.3.1/../../../../arm-none-eabi/lib/thumb/v7e-m+dp/hard/libc_nano.a(libc_a-freer.o)
                0x0800cfb8                _free_r
 .text.sbrk_aligned
                0x0800d04c       0x44 /home/dominik/st/stm32cubeide_1.15.1/plugins/com.st.stm32cube.ide.mcu.externaltools.gnu-tools-for-stm32.12.3.rel1.linux64_1.1.0.202410170702/tools/bin/../lib/gcc/arm-none-eabi/12.3.1/../../../../arm-none-eabi/lib/thumb/v7e-m+dp/hard/libc_nano.a(libc_a-mallocr.o)
 .text._malloc_r
                0x0800d090      0x100 /home/dominik/st/stm32cubeide_1.15.1/plugins/com.st.stm32cube.ide.mcu.externaltools.gnu-tools-for-stm32.12.3.rel1.linux64_1.1.0.202410170702/tools/bin/../lib/gcc/arm-none-eabi/12.3.1/../../../../arm-none-eabi/lib/thumb/v7e-m+dp/hard/libc_nano.a(libc_a-mallocr.o)
                0x0800d090                _malloc_r
 .text.__malloc_lock
                0x0800d190        0xc /home/dominik/st/stm32cubeide_1.15.1/plugins/com.st.stm32cube.ide.mcu.externaltools.gnu-tools-for-stm32.12.3.rel1.linux64_1.1.0.202410170702/tools/bin/../lib/gcc/arm-none-eabi/12.3.1/../../../../arm-none-eabi/lib/thumb/v7e-m+dp/hard/libc_nano.a(libc_a-mlock.o)
                0x0800d190                __malloc_lock
 .text.__malloc_unlock
                0x0800d19c        0xc /home/dominik/st/stm32cubeide_1.15.1/plugins/com.st.stm32cube.ide.mcu.externaltools.gnu-tools-for-stm32.12.3.rel1.linux64_1.1.0.202410170702/tools/bin/../lib/gcc/arm-none-eabi/12.3.1/../../../../arm-none-eabi/lib/thumb/v7e-m+dp/hard/libc_nano.a(libc_a-mlock.o)
                0x0800d19c                __malloc_unlock
 .text.__sfputc_r
                0x0800d1a8       0x2e /home/dominik/st/stm32cubeide_1.15.1/plugins/com.st.stm32cube.ide.mcu.externaltools.gnu-tools-for-stm32.12.3.rel1.linux64_1.1.0.202410170702/tools/bin/../lib/gcc/arm-none-eabi/12.3.1/../../../../arm-none-eabi/lib/thumb/v7e-m+dp/hard/libc_nano.a(libc_a-nano-vfprintf.o)
 .text.__sfputs_r
                0x0800d1d6       0x24 /home/dominik/st/stm32cubeide_1.15.1/plugins/com.st.stm32cube.ide.mcu.externaltools.gnu-tools-for-stm32.12.3.rel1.linux64_1.1.0.202410170702/tools/bin/../lib/gcc/arm-none-eabi/12.3.1/../../../../arm-none-eabi/lib/thumb/v7e-m+dp/hard/libc_nano.a(libc_a-nano-vfprintf.o)
                0x0800d1d6                __sfputs_r
 *fill*         0x0800d1fa        0x2 
 .text._vfprintf_r
                0x0800d1fc      0x230 /home/dominik/st/stm32cubeide_1.15.1/plugins/com.st.stm32cube.ide.mcu.externaltools.gnu-tools-for-stm32.12.3.rel1.linux64_1.1.0.202410170702/tools/bin/../lib/gcc/arm-none-eabi/12.3.1/../../../../arm-none-eabi/lib/thumb/v7e-m+dp/hard/libc_nano.a(libc_a-nano-vfprintf.o)
                0x0800d1fc                _vfiprintf_r
                0x0800d1fc                _vfprintf_r
 .text._printf_common
                0x0800d42c       0xda /home/dominik/st/stm32cubeide_1.15.1/plugins/com.st.stm32cube.ide.mcu.externaltools.gnu-tools-for-stm32.12.3.rel1.linux64_1.1.0.202410170702/tools/bin/../lib/gcc/arm-none-eabi/12.3.1/../../../../arm-none-eabi/lib/thumb/v7e-m+dp/hard/libc_nano.a(libc_a-nano-vfprintf_i.o)
                0x0800d42c                _printf_common
 *fill*         0x0800d506        0x2 
 .text._printf_i
                0x0800d508      0x240 /home/dominik/st/stm32cubeide_1.15.1/plugins/com.st.stm32cube.ide.mcu.externaltools.gnu-tools-for-stm32.12.3.rel1.linux64_1.1.0.202410170702/tools/bin/../lib/gcc/arm-none-eabi/12.3.1/../../../../arm-none-eabi/lib/thumb/v7e-m+dp/hard/libc_nano.a(libc_a-nano-vfprintf_i.o)
                0x0800d508                _printf_i
 .text.__sflush_r
                0x0800d748      0x108 /home/dominik/st/stm32cubeide_1.15.1/plugins/com.st.stm32cube.ide.mcu.externaltools.gnu-tools-for-stm32.12.3.rel1.linux64_1.1.0.202410170702/tools/bin/../lib/gcc/arm-none-eabi/12.3.1/../../../../arm-none-eabi/lib/thumb/v7e-m+dp/hard/libc_nano.a(libc_a-fflush.o)
                0x0800d748                __sflush_r
 .text._fflush_r
                0x0800d850       0x50 /home/dominik/st/stm32cubeide_1.15.1/plugins/com.st.stm32cube.ide.mcu.externaltools.gnu-tools-for-stm32.12.3.rel1.linux64_1.1.0.202410170702/tools/bin/../lib/gcc/arm-none-eabi/12.3.1/../../../../arm-none-eabi/lib/thumb/v7e-m+dp/hard/libc_nano.a(libc_a-fflush.o)
                0x0800d850                _fflush_r
 .text.__swbuf_r
                0x0800d8a0       0x7c /home/dominik/st/stm32cubeide_1.15.1/plugins/com.st.stm32cube.ide.mcu.externaltools.gnu-tools-for-stm32.12.3.rel1.linux64_1.1.0.202410170702/tools/bin/../lib/gcc/arm-none-eabi/12.3.1/../../../../arm-none-eabi/lib/thumb/v7e-m+dp/hard/libc_nano.a(libc_a-wbuf.o)
                0x0800d8a0                __swbuf_r
 .text.__swsetup_r
                0x0800d91c       0xac /home/dominik/st/stm32cubeide_1.15.1/plugins/com.st.stm32cube.ide.mcu.externaltools.gnu-tools-for-stm32.12.3.rel1.linux64_1.1.0.202410170702/tools/bin/../lib/gcc/arm-none-eabi/12.3.1/../../../../arm-none-eabi/lib/thumb/v7e-m+dp/hard/libc_nano.a(libc_a-wsetup.o)
                0x0800d91c                __swsetup_r
 .text._sbrk_r  0x0800d9c8       0x20 /home/dominik/st/stm32cubeide_1.15.1/plugins/com.st.stm32cube.ide.mcu.externaltools.gnu-tools-for-stm32.12.3.rel1.linux64_1.1.0.202410170702/tools/bin/../lib/gcc/arm-none-eabi/12.3.1/../../../../arm-none-eabi/lib/thumb/v7e-m+dp/hard/libc_nano.a(libc_a-sbrkr.o)
                0x0800d9c8                _sbrk_r
 .text.__swhatbuf_r
                0x0800d9e8       0x4c /home/dominik/st/stm32cubeide_1.15.1/plugins/com.st.stm32cube.ide.mcu.externaltools.gnu-tools-for-stm32.12.3.rel1.linux64_1.1.0.202410170702/tools/bin/../lib/gcc/arm-none-eabi/12.3.1/../../../../arm-none-eabi/lib/thumb/v7e-m+dp/hard/libc_nano.a(libc_a-makebuf.o)
                0x0800d9e8                __swhatbuf_r
 .text.__smakebuf_r
                0x0800da34       0x78 /home/dominik/st/stm32cubeide_1.15.1/plugins/com.st.stm32cube.ide.mcu.externaltools.gnu-tools-for-stm32.12.3.rel1.linux64_1.1.0.202410170702/tools/bin/../lib/gcc/arm-none-eabi/12.3.1/../../../../arm-none-eabi/lib/thumb/v7e-m+dp/hard/libc_nano.a(libc_a-makebuf.o)
                0x0800da34                __smakebuf_r
 .text._fstat_r
                0x0800daac       0x24 /home/dominik/st/stm32cubeide_1.15.1/plugins/com.st.stm32cube.ide.mcu.externaltools.gnu-tools-for-stm32.12.3.rel1.linux64_1.1.0.202410170702/tools/bin/../lib/gcc/arm-none-eabi/12.3.1/../../../../arm-none-eabi/lib/thumb/v7e-m+dp/hard/libc_nano.a(libc_a-fstatr.o)
                0x0800daac                _fstat_r
 .text._isatty_r
                0x0800dad0       0x20 /home/dominik/st/stm32cubeide_1.15.1/plugins/com.st.stm32cube.ide.mcu.externaltools.gnu-tools-for-stm32.12.3.rel1.linux64_1.1.0.202410170702/tools/bin/../lib/gcc/arm-none-eabi/12.3.1/../../../../arm-none-eabi/lib/thumb/v7e-m+dp/hard/libc_nano.a(libc_a-isattyr.o)
                0x0800dad0                _isatty_r
 *(.glue_7)
 .glue_7        0x0800daf0        0x0 linker stubs
 *(.glue_7t)
 .glue_7t       0x0800daf0        0x0 linker stubs
 *(.eh_frame)
 .eh_frame      0x0800daf0        0x0 /home/dominik/st/stm32cubeide_1.15.1/plugins/com.st.stm32cube.ide.mcu.externaltools.gnu-tools-for-stm32.12.3.rel1.linux64_1.1.0.202410170702/tools/bin/../lib/gcc/arm-none-eabi/12.3.1/thumb/v7e-m+dp/hard/crtbegin.o
 *(.init)
 .init          0x0800daf0        0x4 /home/dominik/st/stm32cubeide_1.15.1/plugins/com.st.stm32cube.ide.mcu.externaltools.gnu-tools-for-stm32.12.3.rel1.linux64_1.1.0.202410170702/tools/bin/../lib/gcc/arm-none-eabi/12.3.1/thumb/v7e-m+dp/hard/crti.o
                0x0800daf0                _init
 .init          0x0800daf4        0x8 /home/dominik/st/stm32cubeide_1.15.1/plugins/com.st.stm32cube.ide.mcu.externaltools.gnu-tools-for-stm32.12.3.rel1.linux64_1.1.0.202410170702/tools/bin/../lib/gcc/arm-none-eabi/12.3.1/thumb/v7e-m+dp/hard/crtn.o
 *(.fini)
 .fini          0x0800dafc        0x4 /home/dominik/st/stm32cubeide_1.15.1/plugins/com.st.stm32cube.ide.mcu.externaltools.gnu-tools-for-stm32.12.3.rel1.linux64_1.1.0.202410170702/tools/bin/../lib/gcc/arm-none-eabi/12.3.1/thumb/v7e-m+dp/hard/crti.o
                0x0800dafc                _fini
 .fini          0x0800db00        0x8 /home/dominik/st/stm32cubeide_1.15.1/plugins/com.st.stm32cube.ide.mcu.externaltools.gnu-tools-for-stm32.12.3.rel1.linux64_1.1.0.202410170702/tools/bin/../lib/gcc/arm-none-eabi/12.3.1/thumb/v7e-m+dp/hard/crtn.o
                0x0800db08                        . = ALIGN (0x4)
                0x0800db08                        _etext = .

.vfp11_veneer   0x0800db08        0x0
 .vfp11_veneer  0x0800db08        0x0 linker stubs

.v4_bx          0x0800db08        0x0
 .v4_bx         0x0800db08        0x0 linker stubs

.iplt           0x0800db08        0x0
 .iplt          0x0800db08        0x0 /home/dominik/st/stm32cubeide_1.15.1/plugins/com.st.stm32cube.ide.mcu.externaltools.gnu-tools-for-stm32.12.3.rel1.linux64_1.1.0.202410170702/tools/bin/../lib/gcc/arm-none-eabi/12.3.1/thumb/v7e-m+dp/hard/crtbegin.o

.rodata         0x0800db08      0x180
                0x0800db08                        . = ALIGN (0x4)
 *(.rodata)
 .rodata        0x0800db08       0x3c ./Core/Src/main.o
 .rodata        0x0800db44       0x44 ./Middlewares/Third_Party/FatFs/ff.o
 *(.rodata*)
 .rodata.D1CorePrescTable
                0x0800db88       0x10 ./Common/Src/system_stm32h7xx_dualcore_boot_cm4_cm7.o
                0x0800db88                D1CorePrescTable
 .rodata.UARTPrescTable
                0x0800db98       0x18 ./Drivers/STM32H7xx_HAL_Driver/stm32h7xx_hal_uart.o
                0x0800db98                UARTPrescTable
 .rodata.numerator.1
                0x0800dbb0        0x8 ./Drivers/STM32H7xx_HAL_Driver/stm32h7xx_hal_uart_ex.o
 .rodata.denominator.0
                0x0800dbb8        0x8 ./Drivers/STM32H7xx_HAL_Driver/stm32h7xx_hal_uart_ex.o
 .rodata.SD_Driver
                0x0800dbc0       0x14 ./FATFS/Target/sd_diskio.o
                0x0800dbc0                SD_Driver
 .rodata.ExCvt  0x0800dbd4       0x80 ./Middlewares/Third_Party/FatFs/ff.o
 .rodata._vfprintf_r.str1.1
                0x0800dc54       0x11 /home/dominik/st/stm32cubeide_1.15.1/plugins/com.st.stm32cube.ide.mcu.externaltools.gnu-tools-for-stm32.12.3.rel1.linux64_1.1.0.202410170702/tools/bin/../lib/gcc/arm-none-eabi/12.3.1/../../../../arm-none-eabi/lib/thumb/v7e-m+dp/hard/libc_nano.a(libc_a-nano-vfprintf.o)
 .rodata._printf_i.str1.1
                0x0800dc65       0x22 /home/dominik/st/stm32cubeide_1.15.1/plugins/com.st.stm32cube.ide.mcu.externaltools.gnu-tools-for-stm32.12.3.rel1.linux64_1.1.0.202410170702/tools/bin/../lib/gcc/arm-none-eabi/12.3.1/../../../../arm-none-eabi/lib/thumb/v7e-m+dp/hard/libc_nano.a(libc_a-nano-vfprintf_i.o)
                0x0800dc88                        . = ALIGN (0x4)
 *fill*         0x0800dc87        0x1 

.ARM.extab      0x0800dc88        0x0
                0x0800dc88                        . = ALIGN (0x4)
 *(.ARM.extab* .gnu.linkonce.armextab.*)
                0x0800dc88                        . = ALIGN (0x4)

.ARM            0x0800dc88        0x8
                0x0800dc88                        . = ALIGN (0x4)
                0x0800dc88                        __exidx_start = .
 *(.ARM.exidx*)
 .ARM.exidx     0x0800dc88        0x8 /home/dominik/st/stm32cubeide_1.15.1/plugins/com.st.stm32cube.ide.mcu.externaltools.gnu-tools-for-stm32.12.3.rel1.linux64_1.1.0.202410170702/tools/bin/../lib/gcc/arm-none-eabi/12.3.1/../../../../arm-none-eabi/lib/thumb/v7e-m+dp/hard/libc_nano.a(libc_a-memchr.o)
 .ARM.exidx     0x0800dc90        0x0 /home/dominik/st/stm32cubeide_1.15.1/plugins/com.st.stm32cube.ide.mcu.externaltools.gnu-tools-for-stm32.12.3.rel1.linux64_1.1.0.202410170702/tools/bin/../lib/gcc/arm-none-eabi/12.3.1/thumb/v7e-m+dp/hard/libgcc.a(_udivmoddi4.o)
                                  0x8 (size before relaxing)
                0x0800dc90                        __exidx_end = .
                0x0800dc90                        . = ALIGN (0x4)

.preinit_array  0x0800dc90        0x0
                0x0800dc90                        . = ALIGN (0x4)
                0x0800dc90                        PROVIDE (__preinit_array_start = .)
 *(.preinit_array*)
                0x0800dc90                        PROVIDE (__preinit_array_end = .)
                0x0800dc90                        . = ALIGN (0x4)

.init_array     0x0800dc90        0x4
                0x0800dc90                        . = ALIGN (0x4)
                0x0800dc90                        PROVIDE (__init_array_start = .)
 *(SORT_BY_NAME(.init_array.*))
 *(.init_array*)
 .init_array    0x0800dc90        0x4 /home/dominik/st/stm32cubeide_1.15.1/plugins/com.st.stm32cube.ide.mcu.externaltools.gnu-tools-for-stm32.12.3.rel1.linux64_1.1.0.202410170702/tools/bin/../lib/gcc/arm-none-eabi/12.3.1/thumb/v7e-m+dp/hard/crtbegin.o
                0x0800dc94                        PROVIDE (__init_array_end = .)
                0x0800dc94                        . = ALIGN (0x4)

.fini_array     0x0800dc94        0x4
                0x0800dc94                        . = ALIGN (0x4)
                [!provide]                        PROVIDE (__fini_array_start = .)
 *(SORT_BY_NAME(.fini_array.*))
 *(.fini_array*)
 .fini_array    0x0800dc94        0x4 /home/dominik/st/stm32cubeide_1.15.1/plugins/com.st.stm32cube.ide.mcu.externaltools.gnu-tools-for-stm32.12.3.rel1.linux64_1.1.0.202410170702/tools/bin/../lib/gcc/arm-none-eabi/12.3.1/thumb/v7e-m+dp/hard/crtbegin.o
                [!provide]                        PROVIDE (__fini_array_end = .)
                0x0800dc98                        . = ALIGN (0x4)
                0x0800dc98                        _sidata = LOADADDR (.data)

.rel.dyn        0x0800dc98        0x0
 .rel.iplt      0x0800dc98        0x0 /home/dominik/st/stm32cubeide_1.15.1/plugins/com.st.stm32cube.ide.mcu.externaltools.gnu-tools-for-stm32.12.3.rel1.linux64_1.1.0.202410170702/tools/bin/../lib/gcc/arm-none-eabi/12.3.1/thumb/v7e-m+dp/hard/crtbegin.o

.data           0x24000000       0x78 load address 0x0800dc98
                0x24000000                        . = ALIGN (0x4)
                0x24000000                        _sdata = .
 *(.data)
 *(.data*)
 .data.SystemCoreClock
                0x24000000        0x4 ./Common/Src/system_stm32h7xx_dualcore_boot_cm4_cm7.o
                0x24000000                SystemCoreClock
 .data.SystemD2Clock
                0x24000004        0x4 ./Common/Src/system_stm32h7xx_dualcore_boot_cm4_cm7.o
                0x24000004                SystemD2Clock
 .data.demoText
                0x24000008        0xb ./Core/Src/main.o
                0x24000008                demoText
 *fill*         0x24000013        0x1 
 .data.uwTickPrio
                0x24000014        0x4 ./Drivers/STM32H7xx_HAL_Driver/stm32h7xx_hal.o
                0x24000014                uwTickPrio
 .data.uwTickFreq
                0x24000018        0x1 ./Drivers/STM32H7xx_HAL_Driver/stm32h7xx_hal.o
                0x24000018                uwTickFreq
 .data.Stat     0x24000019        0x1 ./FATFS/Target/sd_diskio.o
 *fill*         0x2400001a        0x2 
 .data.__sglue  0x2400001c        0xc /home/dominik/st/stm32cubeide_1.15.1/plugins/com.st.stm32cube.ide.mcu.externaltools.gnu-tools-for-stm32.12.3.rel1.linux64_1.1.0.202410170702/tools/bin/../lib/gcc/arm-none-eabi/12.3.1/../../../../arm-none-eabi/lib/thumb/v7e-m+dp/hard/libc_nano.a(libc_a-findfp.o)
                0x2400001c                __sglue
 .data._impure_ptr
                0x24000028        0x4 /home/dominik/st/stm32cubeide_1.15.1/plugins/com.st.stm32cube.ide.mcu.externaltools.gnu-tools-for-stm32.12.3.rel1.linux64_1.1.0.202410170702/tools/bin/../lib/gcc/arm-none-eabi/12.3.1/../../../../arm-none-eabi/lib/thumb/v7e-m+dp/hard/libc_nano.a(libc_a-impure.o)
                0x24000028                _impure_ptr
 .data._impure_data
                0x2400002c       0x4c /home/dominik/st/stm32cubeide_1.15.1/plugins/com.st.stm32cube.ide.mcu.externaltools.gnu-tools-for-stm32.12.3.rel1.linux64_1.1.0.202410170702/tools/bin/../lib/gcc/arm-none-eabi/12.3.1/../../../../arm-none-eabi/lib/thumb/v7e-m+dp/hard/libc_nano.a(libc_a-impure.o)
                0x2400002c                _impure_data
 *(.RamFunc)
 *(.RamFunc*)
                0x24000078                        . = ALIGN (0x4)
                0x24000078                        _edata = .

.igot.plt       0x24000078        0x0 load address 0x0800dd10
 .igot.plt      0x24000078        0x0 /home/dominik/st/stm32cubeide_1.15.1/plugins/com.st.stm32cube.ide.mcu.externaltools.gnu-tools-for-stm32.12.3.rel1.linux64_1.1.0.202410170702/tools/bin/../lib/gcc/arm-none-eabi/12.3.1/thumb/v7e-m+dp/hard/crtbegin.o
                0x24000078                        . = ALIGN (0x4)

.bss            0x24000078      0x808 load address 0x0800dd10
                0x24000078                        _sbss = .
                0x24000078                        __bss_start__ = _sbss
 *(.bss)
 .bss           0x24000078       0x1c /home/dominik/st/stm32cubeide_1.15.1/plugins/com.st.stm32cube.ide.mcu.externaltools.gnu-tools-for-stm32.12.3.rel1.linux64_1.1.0.202410170702/tools/bin/../lib/gcc/arm-none-eabi/12.3.1/thumb/v7e-m+dp/hard/crtbegin.o
 *(.bss*)
 .bss.hi2c1     0x24000094       0x54 ./Core/Src/main.o
                0x24000094                hi2c1
 .bss.hsd1      0x240000e8       0x7c ./Core/Src/main.o
                0x240000e8                hsd1
 .bss.hspi1     0x24000164       0x88 ./Core/Src/main.o
                0x24000164                hspi1
 .bss.huart3    0x240001ec       0x94 ./Core/Src/main.o
                0x240001ec                huart3
 .bss.fatfs     0x24000280      0x230 ./Core/Src/main.o
                0x24000280                fatfs
 .bss.fil       0x240004b0      0x230 ./Core/Src/main.o
                0x240004b0                fil
 .bss.fres      0x240006e0        0x1 ./Core/Src/main.o
                0x240006e0                fres
 *fill*         0x240006e1        0x3 
 .bss.bytesWritten
                0x240006e4        0x4 ./Core/Src/main.o
                0x240006e4                bytesWritten
 .bss.__sbrk_heap_end
                0x240006e8        0x4 ./Core/Src/sysmem.o
 .bss.uwTick    0x240006ec        0x4 ./Drivers/STM32H7xx_HAL_Driver/stm32h7xx_hal.o
                0x240006ec                uwTick
 .bss.retSD     0x240006f0        0x1 ./FATFS/App/fatfs.o
                0x240006f0                retSD
 *fill*         0x240006f1        0x3 
 .bss.SDPath    0x240006f4        0x4 ./FATFS/App/fatfs.o
                0x240006f4                SDPath
 .bss.WriteStatus
                0x240006f8        0x4 ./FATFS/Target/sd_diskio.o
 .bss.ReadStatus
                0x240006fc        0x4 ./FATFS/Target/sd_diskio.o
 .bss.FatFs     0x24000700        0x4 ./Middlewares/Third_Party/FatFs/ff.o
 .bss.Fsid      0x24000704        0x2 ./Middlewares/Third_Party/FatFs/ff.o
 *fill*         0x24000706        0x2 
 .bss.Files     0x24000708       0x20 ./Middlewares/Third_Party/FatFs/ff.o
 .bss.disk      0x24000728        0xc ./Middlewares/Third_Party/FatFs/ff_gen_drv.o
                0x24000728                disk
 .bss.__sf      0x24000734      0x138 /home/dominik/st/stm32cubeide_1.15.1/plugins/com.st.stm32cube.ide.mcu.externaltools.gnu-tools-for-stm32.12.3.rel1.linux64_1.1.0.202410170702/tools/bin/../lib/gcc/arm-none-eabi/12.3.1/../../../../arm-none-eabi/lib/thumb/v7e-m+dp/hard/libc_nano.a(libc_a-findfp.o)
                0x24000734                __sf
 .bss.__stdio_exit_handler
                0x2400086c        0x4 /home/dominik/st/stm32cubeide_1.15.1/plugins/com.st.stm32cube.ide.mcu.externaltools.gnu-tools-for-stm32.12.3.rel1.linux64_1.1.0.202410170702/tools/bin/../lib/gcc/arm-none-eabi/12.3.1/../../../../arm-none-eabi/lib/thumb/v7e-m+dp/hard/libc_nano.a(libc_a-findfp.o)
                0x2400086c                __stdio_exit_handler
 .bss.errno     0x24000870        0x4 /home/dominik/st/stm32cubeide_1.15.1/plugins/com.st.stm32cube.ide.mcu.externaltools.gnu-tools-for-stm32.12.3.rel1.linux64_1.1.0.202410170702/tools/bin/../lib/gcc/arm-none-eabi/12.3.1/../../../../arm-none-eabi/lib/thumb/v7e-m+dp/hard/libc_nano.a(libc_a-reent.o)
                0x24000870                errno
 .bss.__lock___malloc_recursive_mutex
                0x24000874        0x1 /home/dominik/st/stm32cubeide_1.15.1/plugins/com.st.stm32cube.ide.mcu.externaltools.gnu-tools-for-stm32.12.3.rel1.linux64_1.1.0.202410170702/tools/bin/../lib/gcc/arm-none-eabi/12.3.1/../../../../arm-none-eabi/lib/thumb/v7e-m+dp/hard/libc_nano.a(libc_a-lock.o)
                0x24000874                __lock___malloc_recursive_mutex
 .bss.__lock___sfp_recursive_mutex
                0x24000875        0x1 /home/dominik/st/stm32cubeide_1.15.1/plugins/com.st.stm32cube.ide.mcu.externaltools.gnu-tools-for-stm32.12.3.rel1.linux64_1.1.0.202410170702/tools/bin/../lib/gcc/arm-none-eabi/12.3.1/../../../../arm-none-eabi/lib/thumb/v7e-m+dp/hard/libc_nano.a(libc_a-lock.o)
                0x24000875                __lock___sfp_recursive_mutex
 *fill*         0x24000876        0x2 
 .bss.__malloc_sbrk_start
                0x24000878        0x4 /home/dominik/st/stm32cubeide_1.15.1/plugins/com.st.stm32cube.ide.mcu.externaltools.gnu-tools-for-stm32.12.3.rel1.linux64_1.1.0.202410170702/tools/bin/../lib/gcc/arm-none-eabi/12.3.1/../../../../arm-none-eabi/lib/thumb/v7e-m+dp/hard/libc_nano.a(libc_a-mallocr.o)
                0x24000878                __malloc_sbrk_start
 .bss.__malloc_free_list
                0x2400087c        0x4 /home/dominik/st/stm32cubeide_1.15.1/plugins/com.st.stm32cube.ide.mcu.externaltools.gnu-tools-for-stm32.12.3.rel1.linux64_1.1.0.202410170702/tools/bin/../lib/gcc/arm-none-eabi/12.3.1/../../../../arm-none-eabi/lib/thumb/v7e-m+dp/hard/libc_nano.a(libc_a-mallocr.o)
                0x2400087c                __malloc_free_list
 *(COMMON)
                0x24000880                        . = ALIGN (0x4)
                0x24000880                        _ebss = .
                0x24000880                        __bss_end__ = _ebss

._user_heap_stack
                0x24000880      0x600 load address 0x0800dd10
                0x24000880                        . = ALIGN (0x8)
                [!provide]                        PROVIDE (end = .)
                0x24000880                        PROVIDE (_end = .)
                0x24000a80                        . = (. + _Min_Heap_Size)
 *fill*         0x24000880      0x200 
                0x24000e80                        . = (. + _Min_Stack_Size)
 *fill*         0x24000a80      0x400 
                0x24000e80                        . = ALIGN (0x8)

/DISCARD/
 libc.a(*)
 libm.a(*)
 libgcc.a(*)

.ARM.attributes
                0x00000000       0x2e
 *(.ARM.attributes)
 .ARM.attributes
                0x00000000       0x20 /home/dominik/st/stm32cubeide_1.15.1/plugins/com.st.stm32cube.ide.mcu.externaltools.gnu-tools-for-stm32.12.3.rel1.linux64_1.1.0.202410170702/tools/bin/../lib/gcc/arm-none-eabi/12.3.1/thumb/v7e-m+dp/hard/crti.o
 .ARM.attributes
                0x00000020       0x32 /home/dominik/st/stm32cubeide_1.15.1/plugins/com.st.stm32cube.ide.mcu.externaltools.gnu-tools-for-stm32.12.3.rel1.linux64_1.1.0.202410170702/tools/bin/../lib/gcc/arm-none-eabi/12.3.1/thumb/v7e-m+dp/hard/crtbegin.o
 .ARM.attributes
                0x00000052       0x32 ./Common/Src/system_stm32h7xx_dualcore_boot_cm4_cm7.o
 .ARM.attributes
                0x00000084       0x32 ./Core/Src/main.o
 .ARM.attributes
                0x000000b6       0x32 ./Core/Src/stm32h7xx_hal_msp.o
 .ARM.attributes
                0x000000e8       0x32 ./Core/Src/stm32h7xx_it.o
 .ARM.attributes
                0x0000011a       0x32 ./Core/Src/syscalls.o
 .ARM.attributes
                0x0000014c       0x32 ./Core/Src/sysmem.o
 .ARM.attributes
                0x0000017e       0x21 ./Core/Startup/startup_stm32h755zitx.o
 .ARM.attributes
                0x0000019f       0x32 ./Drivers/STM32H7xx_HAL_Driver/stm32h7xx_hal.o
 .ARM.attributes
                0x000001d1       0x32 ./Drivers/STM32H7xx_HAL_Driver/stm32h7xx_hal_cortex.o
 .ARM.attributes
                0x00000203       0x32 ./Drivers/STM32H7xx_HAL_Driver/stm32h7xx_hal_dma.o
 .ARM.attributes
                0x00000235       0x32 ./Drivers/STM32H7xx_HAL_Driver/stm32h7xx_hal_gpio.o
 .ARM.attributes
                0x00000267       0x32 ./Drivers/STM32H7xx_HAL_Driver/stm32h7xx_hal_hsem.o
 .ARM.attributes
                0x00000299       0x32 ./Drivers/STM32H7xx_HAL_Driver/stm32h7xx_hal_i2c.o
 .ARM.attributes
                0x000002cb       0x32 ./Drivers/STM32H7xx_HAL_Driver/stm32h7xx_hal_i2c_ex.o
 .ARM.attributes
                0x000002fd       0x32 ./Drivers/STM32H7xx_HAL_Driver/stm32h7xx_hal_pwr_ex.o
 .ARM.attributes
                0x0000032f       0x32 ./Drivers/STM32H7xx_HAL_Driver/stm32h7xx_hal_rcc.o
 .ARM.attributes
                0x00000361       0x32 ./Drivers/STM32H7xx_HAL_Driver/stm32h7xx_hal_rcc_ex.o
 .ARM.attributes
                0x00000393       0x32 ./Drivers/STM32H7xx_HAL_Driver/stm32h7xx_hal_sd.o
 .ARM.attributes
                0x000003c5       0x32 ./Drivers/STM32H7xx_HAL_Driver/stm32h7xx_hal_spi.o
 .ARM.attributes
                0x000003f7       0x32 ./Drivers/STM32H7xx_HAL_Driver/stm32h7xx_hal_uart.o
 .ARM.attributes
                0x00000429       0x32 ./Drivers/STM32H7xx_HAL_Driver/stm32h7xx_hal_uart_ex.o
 .ARM.attributes
                0x0000045b       0x32 ./Drivers/STM32H7xx_HAL_Driver/stm32h7xx_ll_sdmmc.o
 .ARM.attributes
                0x0000048d       0x32 ./FATFS/App/fatfs.o
 .ARM.attributes
                0x000004bf       0x32 ./FATFS/Target/bsp_driver_sd.o
 .ARM.attributes
                0x000004f1       0x32 ./FATFS/Target/fatfs_platform.o
 .ARM.attributes
                0x00000523       0x32 ./FATFS/Target/sd_diskio.o
 .ARM.attributes
                0x00000555       0x32 ./Middlewares/Third_Party/FatFs/diskio.o
 .ARM.attributes
                0x00000587       0x32 ./Middlewares/Third_Party/FatFs/ff.o
 .ARM.attributes
                0x000005b9       0x32 ./Middlewares/Third_Party/FatFs/ff_gen_drv.o
 .ARM.attributes
                0x000005eb       0x32 /home/dominik/st/stm32cubeide_1.15.1/plugins/com.st.stm32cube.ide.mcu.externaltools.gnu-tools-for-stm32.12.3.rel1.linux64_1.1.0.202410170702/tools/bin/../lib/gcc/arm-none-eabi/12.3.1/../../../../arm-none-eabi/lib/thumb/v7e-m+dp/hard/libc_nano.a(libc_a-findfp.o)
 .ARM.attributes
                0x0000061d       0x32 /home/dominik/st/stm32cubeide_1.15.1/plugins/com.st.stm32cube.ide.mcu.externaltools.gnu-tools-for-stm32.12.3.rel1.linux64_1.1.0.202410170702/tools/bin/../lib/gcc/arm-none-eabi/12.3.1/../../../../arm-none-eabi/lib/thumb/v7e-m+dp/hard/libc_nano.a(libc_a-fwalk.o)
 .ARM.attributes
                0x0000064f       0x32 /home/dominik/st/stm32cubeide_1.15.1/plugins/com.st.stm32cube.ide.mcu.externaltools.gnu-tools-for-stm32.12.3.rel1.linux64_1.1.0.202410170702/tools/bin/../lib/gcc/arm-none-eabi/12.3.1/../../../../arm-none-eabi/lib/thumb/v7e-m+dp/hard/libc_nano.a(libc_a-printf.o)
 .ARM.attributes
                0x00000681       0x32 /home/dominik/st/stm32cubeide_1.15.1/plugins/com.st.stm32cube.ide.mcu.externaltools.gnu-tools-for-stm32.12.3.rel1.linux64_1.1.0.202410170702/tools/bin/../lib/gcc/arm-none-eabi/12.3.1/../../../../arm-none-eabi/lib/thumb/v7e-m+dp/hard/libc_nano.a(libc_a-stdio.o)
 .ARM.attributes
                0x000006b3       0x32 /home/dominik/st/stm32cubeide_1.15.1/plugins/com.st.stm32cube.ide.mcu.externaltools.gnu-tools-for-stm32.12.3.rel1.linux64_1.1.0.202410170702/tools/bin/../lib/gcc/arm-none-eabi/12.3.1/../../../../arm-none-eabi/lib/thumb/v7e-m+dp/hard/libc_nano.a(libc_a-memset.o)
 .ARM.attributes
                0x000006e5       0x32 /home/dominik/st/stm32cubeide_1.15.1/plugins/com.st.stm32cube.ide.mcu.externaltools.gnu-tools-for-stm32.12.3.rel1.linux64_1.1.0.202410170702/tools/bin/../lib/gcc/arm-none-eabi/12.3.1/../../../../arm-none-eabi/lib/thumb/v7e-m+dp/hard/libc_nano.a(libc_a-closer.o)
 .ARM.attributes
                0x00000717       0x32 /home/dominik/st/stm32cubeide_1.15.1/plugins/com.st.stm32cube.ide.mcu.externaltools.gnu-tools-for-stm32.12.3.rel1.linux64_1.1.0.202410170702/tools/bin/../lib/gcc/arm-none-eabi/12.3.1/../../../../arm-none-eabi/lib/thumb/v7e-m+dp/hard/libc_nano.a(libc_a-reent.o)
 .ARM.attributes
                0x00000749       0x32 /home/dominik/st/stm32cubeide_1.15.1/plugins/com.st.stm32cube.ide.mcu.externaltools.gnu-tools-for-stm32.12.3.rel1.linux64_1.1.0.202410170702/tools/bin/../lib/gcc/arm-none-eabi/12.3.1/../../../../arm-none-eabi/lib/thumb/v7e-m+dp/hard/libc_nano.a(libc_a-impure.o)
 .ARM.attributes
                0x0000077b       0x32 /home/dominik/st/stm32cubeide_1.15.1/plugins/com.st.stm32cube.ide.mcu.externaltools.gnu-tools-for-stm32.12.3.rel1.linux64_1.1.0.202410170702/tools/bin/../lib/gcc/arm-none-eabi/12.3.1/../../../../arm-none-eabi/lib/thumb/v7e-m+dp/hard/libc_nano.a(libc_a-lseekr.o)
 .ARM.attributes
                0x000007ad       0x32 /home/dominik/st/stm32cubeide_1.15.1/plugins/com.st.stm32cube.ide.mcu.externaltools.gnu-tools-for-stm32.12.3.rel1.linux64_1.1.0.202410170702/tools/bin/../lib/gcc/arm-none-eabi/12.3.1/../../../../arm-none-eabi/lib/thumb/v7e-m+dp/hard/libc_nano.a(libc_a-readr.o)
 .ARM.attributes
                0x000007df       0x32 /home/dominik/st/stm32cubeide_1.15.1/plugins/com.st.stm32cube.ide.mcu.externaltools.gnu-tools-for-stm32.12.3.rel1.linux64_1.1.0.202410170702/tools/bin/../lib/gcc/arm-none-eabi/12.3.1/../../../../arm-none-eabi/lib/thumb/v7e-m+dp/hard/libc_nano.a(libc_a-writer.o)
 .ARM.attributes
                0x00000811       0x32 /home/dominik/st/stm32cubeide_1.15.1/plugins/com.st.stm32cube.ide.mcu.externaltools.gnu-tools-for-stm32.12.3.rel1.linux64_1.1.0.202410170702/tools/bin/../lib/gcc/arm-none-eabi/12.3.1/../../../../arm-none-eabi/lib/thumb/v7e-m+dp/hard/libc_nano.a(libc_a-errno.o)
 .ARM.attributes
                0x00000843       0x32 /home/dominik/st/stm32cubeide_1.15.1/plugins/com.st.stm32cube.ide.mcu.externaltools.gnu-tools-for-stm32.12.3.rel1.linux64_1.1.0.202410170702/tools/bin/../lib/gcc/arm-none-eabi/12.3.1/../../../../arm-none-eabi/lib/thumb/v7e-m+dp/hard/libc_nano.a(libc_a-init.o)
 .ARM.attributes
                0x00000875       0x32 /home/dominik/st/stm32cubeide_1.15.1/plugins/com.st.stm32cube.ide.mcu.externaltools.gnu-tools-for-stm32.12.3.rel1.linux64_1.1.0.202410170702/tools/bin/../lib/gcc/arm-none-eabi/12.3.1/../../../../arm-none-eabi/lib/thumb/v7e-m+dp/hard/libc_nano.a(libc_a-lock.o)
 .ARM.attributes
                0x000008a7       0x32 /home/dominik/st/stm32cubeide_1.15.1/plugins/com.st.stm32cube.ide.mcu.externaltools.gnu-tools-for-stm32.12.3.rel1.linux64_1.1.0.202410170702/tools/bin/../lib/gcc/arm-none-eabi/12.3.1/../../../../arm-none-eabi/lib/thumb/v7e-m+dp/hard/libc_nano.a(libc_a-freer.o)
 .ARM.attributes
                0x000008d9       0x32 /home/dominik/st/stm32cubeide_1.15.1/plugins/com.st.stm32cube.ide.mcu.externaltools.gnu-tools-for-stm32.12.3.rel1.linux64_1.1.0.202410170702/tools/bin/../lib/gcc/arm-none-eabi/12.3.1/../../../../arm-none-eabi/lib/thumb/v7e-m+dp/hard/libc_nano.a(libc_a-mallocr.o)
 .ARM.attributes
                0x0000090b       0x32 /home/dominik/st/stm32cubeide_1.15.1/plugins/com.st.stm32cube.ide.mcu.externaltools.gnu-tools-for-stm32.12.3.rel1.linux64_1.1.0.202410170702/tools/bin/../lib/gcc/arm-none-eabi/12.3.1/../../../../arm-none-eabi/lib/thumb/v7e-m+dp/hard/libc_nano.a(libc_a-mlock.o)
 .ARM.attributes
                0x0000093d       0x32 /home/dominik/st/stm32cubeide_1.15.1/plugins/com.st.stm32cube.ide.mcu.externaltools.gnu-tools-for-stm32.12.3.rel1.linux64_1.1.0.202410170702/tools/bin/../lib/gcc/arm-none-eabi/12.3.1/../../../../arm-none-eabi/lib/thumb/v7e-m+dp/hard/libc_nano.a(libc_a-nano-vfprintf.o)
 .ARM.attributes
                0x0000096f       0x32 /home/dominik/st/stm32cubeide_1.15.1/plugins/com.st.stm32cube.ide.mcu.externaltools.gnu-tools-for-stm32.12.3.rel1.linux64_1.1.0.202410170702/tools/bin/../lib/gcc/arm-none-eabi/12.3.1/../../../../arm-none-eabi/lib/thumb/v7e-m+dp/hard/libc_nano.a(libc_a-nano-vfprintf_i.o)
 .ARM.attributes
                0x000009a1       0x32 /home/dominik/st/stm32cubeide_1.15.1/plugins/com.st.stm32cube.ide.mcu.externaltools.gnu-tools-for-stm32.12.3.rel1.linux64_1.1.0.202410170702/tools/bin/../lib/gcc/arm-none-eabi/12.3.1/../../../../arm-none-eabi/lib/thumb/v7e-m+dp/hard/libc_nano.a(libc_a-fflush.o)
 .ARM.attributes
                0x000009d3       0x32 /home/dominik/st/stm32cubeide_1.15.1/plugins/com.st.stm32cube.ide.mcu.externaltools.gnu-tools-for-stm32.12.3.rel1.linux64_1.1.0.202410170702/tools/bin/../lib/gcc/arm-none-eabi/12.3.1/../../../../arm-none-eabi/lib/thumb/v7e-m+dp/hard/libc_nano.a(libc_a-wbuf.o)
 .ARM.attributes
                0x00000a05       0x32 /home/dominik/st/stm32cubeide_1.15.1/plugins/com.st.stm32cube.ide.mcu.externaltools.gnu-tools-for-stm32.12.3.rel1.linux64_1.1.0.202410170702/tools/bin/../lib/gcc/arm-none-eabi/12.3.1/../../../../arm-none-eabi/lib/thumb/v7e-m+dp/hard/libc_nano.a(libc_a-wsetup.o)
 .ARM.attributes
                0x00000a37       0x32 /home/dominik/st/stm32cubeide_1.15.1/plugins/com.st.stm32cube.ide.mcu.externaltools.gnu-tools-for-stm32.12.3.rel1.linux64_1.1.0.202410170702/tools/bin/../lib/gcc/arm-none-eabi/12.3.1/../../../../arm-none-eabi/lib/thumb/v7e-m+dp/hard/libc_nano.a(libc_a-sbrkr.o)
 .ARM.attributes
                0x00000a69       0x1c /home/dominik/st/stm32cubeide_1.15.1/plugins/com.st.stm32cube.ide.mcu.externaltools.gnu-tools-for-stm32.12.3.rel1.linux64_1.1.0.202410170702/tools/bin/../lib/gcc/arm-none-eabi/12.3.1/../../../../arm-none-eabi/lib/thumb/v7e-m+dp/hard/libc_nano.a(libc_a-memchr.o)
 .ARM.attributes
                0x00000a85       0x32 /home/dominik/st/stm32cubeide_1.15.1/plugins/com.st.stm32cube.ide.mcu.externaltools.gnu-tools-for-stm32.12.3.rel1.linux64_1.1.0.202410170702/tools/bin/../lib/gcc/arm-none-eabi/12.3.1/../../../../arm-none-eabi/lib/thumb/v7e-m+dp/hard/libc_nano.a(libc_a-makebuf.o)
 .ARM.attributes
                0x00000ab7       0x32 /home/dominik/st/stm32cubeide_1.15.1/plugins/com.st.stm32cube.ide.mcu.externaltools.gnu-tools-for-stm32.12.3.rel1.linux64_1.1.0.202410170702/tools/bin/../lib/gcc/arm-none-eabi/12.3.1/../../../../arm-none-eabi/lib/thumb/v7e-m+dp/hard/libc_nano.a(libc_a-fstatr.o)
 .ARM.attributes
                0x00000ae9       0x32 /home/dominik/st/stm32cubeide_1.15.1/plugins/com.st.stm32cube.ide.mcu.externaltools.gnu-tools-for-stm32.12.3.rel1.linux64_1.1.0.202410170702/tools/bin/../lib/gcc/arm-none-eabi/12.3.1/../../../../arm-none-eabi/lib/thumb/v7e-m+dp/hard/libc_nano.a(libc_a-isattyr.o)
 .ARM.attributes
                0x00000b1b       0x20 /home/dominik/st/stm32cubeide_1.15.1/plugins/com.st.stm32cube.ide.mcu.externaltools.gnu-tools-for-stm32.12.3.rel1.linux64_1.1.0.202410170702/tools/bin/../lib/gcc/arm-none-eabi/12.3.1/thumb/v7e-m+dp/hard/libgcc.a(_aeabi_uldivmod.o)
 .ARM.attributes
                0x00000b3b       0x32 /home/dominik/st/stm32cubeide_1.15.1/plugins/com.st.stm32cube.ide.mcu.externaltools.gnu-tools-for-stm32.12.3.rel1.linux64_1.1.0.202410170702/tools/bin/../lib/gcc/arm-none-eabi/12.3.1/thumb/v7e-m+dp/hard/libgcc.a(_udivmoddi4.o)
 .ARM.attributes
                0x00000b6d       0x20 /home/dominik/st/stm32cubeide_1.15.1/plugins/com.st.stm32cube.ide.mcu.externaltools.gnu-tools-for-stm32.12.3.rel1.linux64_1.1.0.202410170702/tools/bin/../lib/gcc/arm-none-eabi/12.3.1/thumb/v7e-m+dp/hard/libgcc.a(_dvmd_tls.o)
 .ARM.attributes