Archive member included to satisfy reference by file (symbol)

/home/dominik/st/stm32cubeide_1.15.1/plugins/com.st.stm32cube.ide.mcu.externaltools.gnu-tools-for-stm32.12.3.rel1.linux64_1.1.0.202410170702/tools/bin/../lib/gcc/arm-none-eabi/12.3.1/../../../../arm-none-eabi/lib/thumb/v7e-m+dp/hard/libc_nano.a(libc_a-exit.o)
                              /home/dominik/st/stm32cubeide_1.15.1/plugins/com.st.stm32cube.ide.mcu.externaltools.gnu-tools-for-stm32.12.3.rel1.linux64_1.1.0.202410170702/tools/bin/../lib/gcc/arm-none-eabi/12.3.1/../../../../arm-none-eabi/lib/thumb/v7e-m+dp/hard/crt0.o (exit)
/home/dominik/st/stm32cubeide_1.15.1/plugins/com.st.stm32cube.ide.mcu.externaltools.gnu-tools-for-stm32.12.3.rel1.linux64_1.1.0.202410170702/tools/bin/../lib/gcc/arm-none-eabi/12.3.1/../../../../arm-none-eabi/lib/thumb/v7e-m+dp/hard/libc_nano.a(libc_a-findfp.o)
                              /home/dominik/st/stm32cubeide_1.15.1/plugins/com.st.stm32cube.ide.mcu.externaltools.gnu-tools-for-stm32.12.3.rel1.linux64_1.1.0.202410170702/tools/bin/../lib/gcc/arm-none-eabi/12.3.1/../../../../arm-none-eabi/lib/thumb/v7e-m+dp/hard/libc_nano.a(libc_a-exit.o) (__stdio_exit_handler)
/home/dominik/st/stm32cubeide_1.15.1/plugins/com.st.stm32cube.ide.mcu.externaltools.gnu-tools-for-stm32.12.3.rel1.linux64_1.1.0.202410170702/tools/bin/../lib/gcc/arm-none-eabi/12.3.1/../../../../arm-none-eabi/lib/thumb/v7e-m+dp/hard/libc_nano.a(libc_a-fwalk.o)
                              /home/dominik/st/stm32cubeide_1.15.1/plugins/com.st.stm32cube.ide.mcu.externaltools.gnu-tools-for-stm32.12.3.rel1.linux64_1.1.0.202410170702/tools/bin/../lib/gcc/arm-none-eabi/12.3.1/../../../../arm-none-eabi/lib/thumb/v7e-m+dp/hard/libc_nano.a(libc_a-findfp.o) (_fwalk_sglue)
/home/dominik/st/stm32cubeide_1.15.1/plugins/com.st.stm32cube.ide.mcu.externaltools.gnu-tools-for-stm32.12.3.rel1.linux64_1.1.0.202410170702/tools/bin/../lib/gcc/arm-none-eabi/12.3.1/../../../../arm-none-eabi/lib/thumb/v7e-m+dp/hard/libc_nano.a(libc_a-stdio.o)
                              /home/dominik/st/stm32cubeide_1.15.1/plugins/com.st.stm32cube.ide.mcu.externaltools.gnu-tools-for-stm32.12.3.rel1.linux64_1.1.0.202410170702/tools/bin/../lib/gcc/arm-none-eabi/12.3.1/../../../../arm-none-eabi/lib/thumb/v7e-m+dp/hard/libc_nano.a(libc_a-findfp.o) (__sread)
/home/dominik/st/stm32cubeide_1.15.1/plugins/com.st.stm32cube.ide.mcu.externaltools.gnu-tools-for-stm32.12.3.rel1.linux64_1.1.0.202410170702/tools/bin/../lib/gcc/arm-none-eabi/12.3.1/../../../../arm-none-eabi/lib/thumb/v7e-m+dp/hard/libc_nano.a(libc_a-memset.o)
                              /home/dominik/st/stm32cubeide_1.15.1/plugins/com.st.stm32cube.ide.mcu.externaltools.gnu-tools-for-stm32.12.3.rel1.linux64_1.1.0.202410170702/tools/bin/../lib/gcc/arm-none-eabi/12.3.1/../../../../arm-none-eabi/lib/thumb/v7e-m+dp/hard/crt0.o (memset)
/home/dominik/st/stm32cubeide_1.15.1/plugins/com.st.stm32cube.ide.mcu.externaltools.gnu-tools-for-stm32.12.3.rel1.linux64_1.1.0.202410170702/tools/bin/../lib/gcc/arm-none-eabi/12.3.1/../../../../arm-none-eabi/lib/thumb/v7e-m+dp/hard/libc_nano.a(libc_a-closer.o)
                              /home/dominik/st/stm32cubeide_1.15.1/plugins/com.st.stm32cube.ide.mcu.externaltools.gnu-tools-for-stm32.12.3.rel1.linux64_1.1.0.202410170702/tools/bin/../lib/gcc/arm-none-eabi/12.3.1/../../../../arm-none-eabi/lib/thumb/v7e-m+dp/hard/libc_nano.a(libc_a-stdio.o) (_close_r)
/home/dominik/st/stm32cubeide_1.15.1/plugins/com.st.stm32cube.ide.mcu.externaltools.gnu-tools-for-stm32.12.3.rel1.linux64_1.1.0.202410170702/tools/bin/../lib/gcc/arm-none-eabi/12.3.1/../../../../arm-none-eabi/lib/thumb/v7e-m+dp/hard/libc_nano.a(libc_a-reent.o)
                              /home/dominik/st/stm32cubeide_1.15.1/plugins/com.st.stm32cube.ide.mcu.externaltools.gnu-tools-for-stm32.12.3.rel1.linux64_1.1.0.202410170702/tools/bin/../lib/gcc/arm-none-eabi/12.3.1/../../../../arm-none-eabi/lib/thumb/v7e-m+dp/hard/libc_nano.a(libc_a-closer.o) (errno)
/home/dominik/st/stm32cubeide_1.15.1/plugins/com.st.stm32cube.ide.mcu.externaltools.gnu-tools-for-stm32.12.3.rel1.linux64_1.1.0.202410170702/tools/bin/../lib/gcc/arm-none-eabi/12.3.1/../../../../arm-none-eabi/lib/thumb/v7e-m+dp/hard/libc_nano.a(libc_a-impure.o)
                              /home/dominik/st/stm32cubeide_1.15.1/plugins/com.st.stm32cube.ide.mcu.externaltools.gnu-tools-for-stm32.12.3.rel1.linux64_1.1.0.202410170702/tools/bin/../lib/gcc/arm-none-eabi/12.3.1/../../../../arm-none-eabi/lib/thumb/v7e-m+dp/hard/libc_nano.a(libc_a-reent.o) (_impure_ptr)
/home/dominik/st/stm32cubeide_1.15.1/plugins/com.st.stm32cube.ide.mcu.externaltools.gnu-tools-for-stm32.12.3.rel1.linux64_1.1.0.202410170702/tools/bin/../lib/gcc/arm-none-eabi/12.3.1/../../../../arm-none-eabi/lib/thumb/v7e-m+dp/hard/libc_nano.a(libc_a-lseekr.o)
[...]
Memory Configuration

Name             Origin             Length             Attributes
RAM_D1           0x24000000         0x00080000         xrw
FLASH            0x08000000         0x00100000         xr
DTCMRAM          0x20000000         0x00020000         xrw
RAM_D2           0x30000000         0x00048000         xrw
RAM_D3           0x38000000         0x00010000         xrw
ITCMRAM          0x00000000         0x00010000         xrw
*default*        0x00000000         0xffffffff

Linker script and memory map

LOAD /home/dominik/st/stm32cubeide_1.15.1/plugins/com.st.stm32cube.ide.mcu.externaltools.gnu-tools-for-stm32.12.3.rel1.linux64_1.1.0.202410170702/tools/bin/../lib/gcc/arm-none-eabi/12.3.1/thumb/v7e-m+dp/hard/crti.o
LOAD /home/dominik/st/stm32cubeide_1.15.1/plugins/com.st.stm32cube.ide.mcu.externaltools.gnu-tools-for-stm32.12.3.rel1.linux64_1.1.0.202410170702/tools/bin/../lib/gcc/arm-none-eabi/12.3.1/thumb/v7e-m+dp/hard/crtbegin.o
LOAD /home/dominik/st/stm32cubeide_1.15.1/plugins/com.st.stm32cube.ide.mcu.externaltools.gnu-tools-for-stm32.12.3.rel1.linux64_1.1.0.202410170702/tools/bin/../lib/gcc/arm-none-eabi/12.3.1/../../../../arm-none-eabi/lib/thumb/v7e-m+dp/hard/crt0.o
LOAD ./Common/Src/system_stm32h7xx_dualcore_boot_cm4_cm7.o
LOAD ./Core/Src/main.o
LOAD ./Core/Src/stm32h7xx_hal_msp.o
LOAD ./Core/Src/stm32h7xx_it.o
LOAD ./Core/Src/syscalls.o
LOAD ./Core/Src/sysmem.o
LOAD ./Core/Startup/startup_stm32h755zitx.o
LOAD ./Drivers/STM32H7xx_HAL_Driver/stm32h7xx_hal.o
LOAD ./Drivers/STM32H7xx_HAL_Driver/stm32h7xx_hal_cortex.o
LOAD ./Drivers/STM32H7xx_HAL_Driver/stm32h7xx_hal_dma.o
LOAD ./Drivers/STM32H7xx_HAL_Driver/stm32h7xx_hal_dma_ex.o
LOAD ./Drivers/STM32H7xx_HAL_Driver/stm32h7xx_hal_exti.o
LOAD ./Drivers/STM32H7xx_HAL_Driver/stm32h7xx_hal_flash.o
LOAD ./Drivers/STM32H7xx_HAL_Driver/stm32h7xx_hal_flash_ex.o
LOAD ./Drivers/STM32H7xx_HAL_Driver/stm32h7xx_hal_gpio.o
LOAD ./Drivers/STM32H7xx_HAL_Driver/stm32h7xx_hal_hsem.o
LOAD ./Drivers/STM32H7xx_HAL_Driver/stm32h7xx_hal_i2c.o
LOAD ./Drivers/STM32H7xx_HAL_Driver/stm32h7xx_hal_i2c_ex.o
LOAD ./Drivers/STM32H7xx_HAL_Driver/stm32h7xx_hal_mdma.o
LOAD ./Drivers/STM32H7xx_HAL_Driver/stm32h7xx_hal_mmc.o
LOAD ./Drivers/STM32H7xx_HAL_Driver/stm32h7xx_hal_mmc_ex.o
LOAD ./Drivers/STM32H7xx_HAL_Driver/stm32h7xx_hal_pwr.o
LOAD ./Drivers/STM32H7xx_HAL_Driver/stm32h7xx_hal_pwr_ex.o
LOAD ./Drivers/STM32H7xx_HAL_Driver/stm32h7xx_hal_rcc.o
LOAD ./Drivers/STM32H7xx_HAL_Driver/stm32h7xx_hal_rcc_ex.o
LOAD ./Drivers/STM32H7xx_HAL_Driver/stm32h7xx_hal_sd.o
LOAD ./Drivers/STM32H7xx_HAL_Driver/stm32h7xx_hal_sd_ex.o
LOAD ./Drivers/STM32H7xx_HAL_Driver/stm32h7xx_hal_spi.o
LOAD ./Drivers/STM32H7xx_HAL_Driver/stm32h7xx_hal_spi_ex.o
LOAD ./Drivers/STM32H7xx_HAL_Driver/stm32h7xx_hal_uart.o
LOAD ./Drivers/STM32H7xx_HAL_Driver/stm32h7xx_hal_uart_ex.o
LOAD ./Drivers/STM32H7xx_HAL_Driver/stm32h7xx_ll_delayblock.o
LOAD ./Drivers/STM32H7xx_HAL_Driver/stm32h7xx_ll_sdmmc.o
LOAD ./FATFS/App/fatfs.o
LOAD ./FATFS/Target/bsp_driver_sd.o
LOAD ./FATFS/Target/sd_diskio.o
LOAD ./Middlewares/Third_Party/FatFs/diskio.o
LOAD ./Middlewares/Third_Party/FatFs/ff.o
LOAD ./Middlewares/Third_Party/FatFs/ff_gen_drv.o
LOAD ./Middlewares/Third_Party/FatFs/syscall.o
START GROUP
LOAD /home/dominik/st/stm32cubeide_1.15.1/plugins/com.st.stm32cube.ide.mcu.externaltools.gnu-tools-for-stm32.12.3.rel1.linux64_1.1.0.202410170702/tools/bin/../lib/gcc/arm-none-eabi/12.3.1/../../../../arm-none-eabi/lib/thumb/v7e-m+dp/hard/libstdc++_nano.a
LOAD /home/dominik/st/stm32cubeide_1.15.1/plugins/com.st.stm32cube.ide.mcu.externaltools.gnu-tools-for-stm32.12.3.rel1.linux64_1.1.0.202410170702/tools/bin/../lib/gcc/arm-none-eabi/12.3.1/../../../../arm-none-eabi/lib/thumb/v7e-m+dp/hard/libsupc++_nano.a
END GROUP
LOAD /home/dominik/st/stm32cubeide_1.15.1/plugins/com.st.stm32cube.ide.mcu.externaltools.gnu-tools-for-stm32.12.3.rel1.linux64_1.1.0.202410170702/tools/bin/../lib/gcc/arm-none-eabi/12.3.1/../../../../arm-none-eabi/lib/thumb/v7e-m+dp/hard/libstdc++_nano.a
LOAD /home/dominik/st/stm32cubeide_1.15.1/plugins/com.st.stm32cube.ide.mcu.externaltools.gnu-tools-for-stm32.12.3.rel1.linux64_1.1.0.202410170702/tools/bin/../lib/gcc/arm-none-eabi/12.3.1/../../../../arm-none-eabi/lib/thumb/v7e-m+dp/hard/libm.a
LOAD /home/dominik/st/stm32cubeide_1.15.1/plugins/com.st.stm32cube.ide.mcu.externaltools.gnu-tools-for-stm32.12.3.rel1.linux64_1.1.0.202410170702/tools/bin/../lib/gcc/arm-none-eabi/12.3.1/../../../../arm-none-eabi/lib/thumb/v7e-m+dp/hard/libc_nano.a
START GROUP
LOAD /home/dominik/st/stm32cubeide_1.15.1/plugins/com.st.stm32cube.ide.mcu.externaltools.gnu-tools-for-stm32.12.3.rel1.linux64_1.1.0.202410170702/tools/bin/../lib/gcc/arm-none-eabi/12.3.1/thumb/v7e-m+dp/hard/libgcc.a
LOAD /home/dominik/st/stm32cubeide_1.15.1/plugins/com.st.stm32cube.ide.mcu.externaltools.gnu-tools-for-stm32.12.3.rel1.linux64_1.1.0.202410170702/tools/bin/../lib/gcc/arm-none-eabi/12.3.1/../../../../arm-none-eabi/lib/thumb/v7e-m+dp/hard/libc_nano.a
END GROUP
START GROUP
LOAD /home/dominik/st/stm32cubeide_1.15.1/plugins/com.st.stm32cube.ide.mcu.externaltools.gnu-tools-for-stm32.12.3.rel1.linux64_1.1.0.202410170702/tools/bin/../lib/gcc/arm-none-eabi/12.3.1/thumb/v7e-m+dp/hard/libgcc.a
LOAD /home/dominik/st/stm32cubeide_1.15.1/plugins/com.st.stm32cube.ide.mcu.externaltools.gnu-tools-for-stm32.12.3.rel1.linux64_1.1.0.202410170702/tools/bin/../lib/gcc/arm-none-eabi/12.3.1/../../../../arm-none-eabi/lib/thumb/v7e-m+dp/hard/libc_nano.a
LOAD /home/dominik/st/stm32cubeide_1.15.1/plugins/com.st.stm32cube.ide.mcu.externaltools.gnu-tools-for-stm32.12.3.rel1.linux64_1.1.0.202410170702/tools/bin/../lib/gcc/arm-none-eabi/12.3.1/../../../../arm-none-eabi/lib/thumb/v7e-m+dp/hard/libnosys.a
END GROUP
START GROUP
LOAD /home/dominik/st/stm32cubeide_1.15.1/plugins/com.st.stm32cube.ide.mcu.externaltools.gnu-tools-for-stm32.12.3.rel1.linux64_1.1.0.202410170702/tools/bin/../lib/gcc/arm-none-eabi/12.3.1/thumb/v7e-m+dp/hard/libgcc.a
LOAD /home/dominik/st/stm32cubeide_1.15.1/plugins/com.st.stm32cube.ide.mcu.externaltools.gnu-tools-for-stm32.12.3.rel1.linux64_1.1.0.202410170702/tools/bin/../lib/gcc/arm-none-eabi/12.3.1/../../../../arm-none-eabi/lib/thumb/v7e-m+dp/hard/libc_nano.a
LOAD /home/dominik/st/stm32cubeide_1.15.1/plugins/com.st.stm32cube.ide.mcu.externaltools.gnu-tools-for-stm32.12.3.rel1.linux64_1.1.0.202410170702/tools/bin/../lib/gcc/arm-none-eabi/12.3.1/../../../../arm-none-eabi/lib/thumb/v7e-m+dp/hard/libnosys.a
END GROUP
LOAD /home/dominik/st/stm32cubeide_1.15.1/plugins/com.st.stm32cube.ide.mcu.externaltools.gnu-tools-for-stm32.12.3.rel1.linux64_1.1.0.202410170702/tools/bin/../lib/gcc/arm-none-eabi/12.3.1/thumb/v7e-m+dp/hard/crtend.o
LOAD /home/dominik/st/stm32cubeide_1.15.1/plugins/com.st.stm32cube.ide.mcu.externaltools.gnu-tools-for-stm32.12.3.rel1.linux64_1.1.0.202410170702/tools/bin/../lib/gcc/arm-none-eabi/12.3.1/thumb/v7e-m+dp/hard/crtn.o
                0x24080000                        _estack = (ORIGIN (RAM_D1) + LENGTH (RAM_D1))
                0x00000200                        _Min_Heap_Size = 0x200
                0x00000400                        _Min_Stack_Size = 0x400

.isr_vector     0x08000000      0x298
                0x08000000                        . = ALIGN (0x4)
 *(.isr_vector)
 .isr_vector    0x08000000      0x298 ./Core/Startup/startup_stm32h755zitx.o
                0x08000000                g_pfnVectors
                0x08000298                        . = ALIGN (0x4)

.text           0x08000298     0xa77c
                0x08000298                        . = ALIGN (0x4)
 *(.text)
 .text          0x08000298       0x40 /home/dominik/st/stm32cubeide_1.15.1/plugins/com.st.stm32cube.ide.mcu.externaltools.gnu-tools-for-stm32.12.3.rel1.linux64_1.1.0.202410170702/tools/bin/../lib/gcc/arm-none-eabi/12.3.1/thumb/v7e-m+dp/hard/crtbegin.o
 .text          0x080002d8       0x30 /home/dominik/st/stm32cubeide_1.15.1/plugins/com.st.stm32cube.ide.mcu.externaltools.gnu-tools-for-stm32.12.3.rel1.linux64_1.1.0.202410170702/tools/bin/../lib/gcc/arm-none-eabi/12.3.1/thumb/v7e-m+dp/hard/libgcc.a(_aeabi_uldivmod.o)
                0x080002d8                __aeabi_uldivmod
 .text          0x08000308      0x2bc /home/dominik/st/stm32cubeide_1.15.1/plugins/com.st.stm32cube.ide.mcu.externaltools.gnu-tools-for-stm32.12.3.rel1.linux64_1.1.0.202410170702/tools/bin/../lib/gcc/arm-none-eabi/12.3.1/thumb/v7e-m+dp/hard/libgcc.a(_udivmoddi4.o)
                0x08000308                __udivmoddi4
 .text          0x080005c4        0x4 /home/dominik/st/stm32cubeide_1.15.1/plugins/com.st.stm32cube.ide.mcu.externaltools.gnu-tools-for-stm32.12.3.rel1.linux64_1.1.0.202410170702/tools/bin/../lib/gcc/arm-none-eabi/12.3.1/thumb/v7e-m+dp/hard/libgcc.a(_dvmd_tls.o)
                0x080005c4                __aeabi_ldiv0
                0x080005c4                __aeabi_idiv0
 *(.text*)
 .text.SystemInit
                0x080005c8      0x15c ./Common/Src/system_stm32h7xx_dualcore_boot_cm4_cm7.o
                0x080005c8                SystemInit
 .text.ExitRun0Mode
                0x08000724       0x34 ./Common/Src/system_stm32h7xx_dualcore_boot_cm4_cm7.o
                0x08000724                ExitRun0Mode
 .text.main     0x08000758       0xb4 ./Core/Src/main.o
                0x08000758                main
 .text.SystemClock_Config
                0x0800080c       0xec ./Core/Src/main.o
                0x0800080c                SystemClock_Config
 .text.PeriphCommonClock_Config
                0x080008f8       0x3c ./Core/Src/main.o
                0x080008f8                PeriphCommonClock_Config
 .text.MX_I2C1_Init
                0x08000934       0x7c ./Core/Src/main.o
 .text.MX_SDMMC1_SD_Init
                0x080009b0       0x48 ./Core/Src/main.o
 .text.MX_SPI1_Init
                0x080009f8       0xb0 ./Core/Src/main.o
 .text.MX_USART3_UART_Init
                0x08000aa8       0x98 ./Core/Src/main.o
 .text.MX_GPIO_Init
                0x08000b40      0x210 ./Core/Src/main.o
 .text.MPU_Config
                0x08000d50       0x58 ./Core/Src/main.o
 .text.Error_Handler
                0x08000da8        0xc ./Core/Src/main.o
                0x08000da8                Error_Handler
 .text.HAL_MspInit
                0x08000db4       0x34 ./Core/Src/stm32h7xx_hal_msp.o
                0x08000db4                HAL_MspInit
 .text.HAL_I2C_MspInit
                0x08000de8       0xe4 ./Core/Src/stm32h7xx_hal_msp.o
                0x08000de8                HAL_I2C_MspInit
 .text.HAL_SD_MspInit
                0x08000ecc      0x140 ./Core/Src/stm32h7xx_hal_msp.o
                0x08000ecc                HAL_SD_MspInit
 .text.HAL_SPI_MspInit
                0x0800100c      0x12c ./Core/Src/stm32h7xx_hal_msp.o
                0x0800100c                HAL_SPI_MspInit
 .text.HAL_UART_MspInit
                0x08001138       0xe4 ./Core/Src/stm32h7xx_hal_msp.o
                0x08001138                HAL_UART_MspInit
 .text.NMI_Handler
                0x0800121c        0x8 ./Core/Src/stm32h7xx_it.o
                0x0800121c                NMI_Handler
 .text.HardFault_Handler
                0x08001224        0x8 ./Core/Src/stm32h7xx_it.o
                0x08001224                HardFault_Handler
 .text.MemManage_Handler
                0x0800122c        0x8 ./Core/Src/stm32h7xx_it.o
                0x0800122c                MemManage_Handler
 .text.BusFault_Handler
                0x08001234        0x8 ./Core/Src/stm32h7xx_it.o
                0x08001234                BusFault_Handler
 .text.UsageFault_Handler
                0x0800123c        0x8 ./Core/Src/stm32h7xx_it.o
                0x0800123c                UsageFault_Handler
 .text.SVC_Handler
                0x08001244        0xe ./Core/Src/stm32h7xx_it.o
                0x08001244                SVC_Handler
 .text.DebugMon_Handler
                0x08001252        0xe ./Core/Src/stm32h7xx_it.o
                0x08001252                DebugMon_Handler
 .text.PendSV_Handler
                0x08001260        0xe ./Core/Src/stm32h7xx_it.o
                0x08001260                PendSV_Handler
 .text.SysTick_Handler
                0x0800126e        0xc ./Core/Src/stm32h7xx_it.o
                0x0800126e                SysTick_Handler
 .text.EXTI3_IRQHandler
                0x0800127a        0xe ./Core/Src/stm32h7xx_it.o
                0x0800127a                EXTI3_IRQHandler
 .text.I2C1_EV_IRQHandler
                0x08001288       0x14 ./Core/Src/stm32h7xx_it.o
                0x08001288                I2C1_EV_IRQHandler
 .text.SPI1_IRQHandler
                0x0800129c       0x14 ./Core/Src/stm32h7xx_it.o
                0x0800129c                SPI1_IRQHandler
 .text.USART3_IRQHandler
                0x080012b0       0x14 ./Core/Src/stm32h7xx_it.o
                0x080012b0                USART3_IRQHandler
 .text.EXTI15_10_IRQHandler
                0x080012c4       0x10 ./Core/Src/stm32h7xx_it.o
                0x080012c4                EXTI15_10_IRQHandler
 .text.Reset_Handler
                0x080012d4       0x54 ./Core/Startup/startup_stm32h755zitx.o
                0x080012d4                Reset_Handler
 .text.Default_Handler
                0x08001328        0x2 ./Core/Startup/startup_stm32h755zitx.o
                0x08001328                RTC_Alarm_IRQHandler
                0x08001328                HASH_RNG_IRQHandler
                0x08001328                EXTI2_IRQHandler
                0x08001328                TIM8_CC_IRQHandler
                0x08001328                HRTIM1_Master_IRQHandler
                0x08001328                UART8_IRQHandler
                0x08001328                SPI4_IRQHandler
                0x08001328                TIM1_CC_IRQHandler
                0x08001328                BDMA_Channel6_IRQHandler
                0x08001328                DMA2_Stream5_IRQHandler
                0x08001328                HRTIM1_FLT_IRQHandler
                0x08001328                JPEG_IRQHandler
                0x08001328                DMA1_Stream5_IRQHandler
                0x08001328                BDMA_Channel1_IRQHandler
                0x08001328                HRTIM1_TIMD_IRQHandler
                0x08001328                TAMP_STAMP_IRQHandler
                0x08001328                LPTIM4_IRQHandler
                0x08001328                TIM8_TRG_COM_TIM14_IRQHandler
                0x08001328                LPTIM2_IRQHandler
                0x08001328                DFSDM1_FLT1_IRQHandler
                0x08001328                DMAMUX2_OVR_IRQHandler
                0x08001328                TIM8_UP_TIM13_IRQHandler
                0x08001328                I2C3_ER_IRQHandler
                0x08001328                DFSDM1_FLT2_IRQHandler
                0x08001328                MDMA_IRQHandler
                0x08001328                LPTIM3_IRQHandler
                0x08001328                HSEM1_IRQHandler
                0x08001328                EXTI0_IRQHandler
                0x08001328                I2C2_EV_IRQHandler
                0x08001328                DMA1_Stream2_IRQHandler
                0x08001328                FPU_IRQHandler
                0x08001328                OTG_HS_WKUP_IRQHandler
                0x08001328                FDCAN1_IT1_IRQHandler
                0x08001328                LTDC_ER_IRQHandler
                0x08001328                DMA2_Stream2_IRQHandler
                0x08001328                HRTIM1_TIME_IRQHandler
                0x08001328                TIM6_DAC_IRQHandler
                0x08001328                DCMI_IRQHandler
                0x08001328                HRTIM1_TIMC_IRQHandler
                0x08001328                DMA2_Stream3_IRQHandler
                0x08001328                SAI2_IRQHandler
                0x08001328                DFSDM1_FLT3_IRQHandler
                0x08001328                USART6_IRQHandler
                0x08001328                TIM17_IRQHandler
                0x08001328                BDMA_Channel7_IRQHandler
                0x08001328                CRYP_IRQHandler
                0x08001328                LPTIM5_IRQHandler
                0x08001328                UART5_IRQHandler
                0x08001328                ADC3_IRQHandler
                0x08001328                DMA2_Stream0_IRQHandler
                0x08001328                TIM4_IRQHandler
                0x08001328                BDMA_Channel2_IRQHandler
                0x08001328                QUADSPI_IRQHandler
                0x08001328                DMA1_Stream6_IRQHandler
                0x08001328                DMAMUX1_OVR_IRQHandler
                0x08001328                DMA1_Stream1_IRQHandler
                0x08001328                TIM16_IRQHandler
                0x08001328                UART4_IRQHandler
                0x08001328                BDMA_Channel5_IRQHandler
                0x08001328                TIM3_IRQHandler
                0x08001328                RCC_IRQHandler
                0x08001328                TIM8_BRK_TIM12_IRQHandler
                0x08001328                TIM1_TRG_COM_IRQHandler
                0x08001328                Default_Handler
                0x08001328                ECC_IRQHandler
                0x08001328                CEC_IRQHandler
                0x08001328                BDMA_Channel0_IRQHandler
                0x08001328                ADC_IRQHandler
                0x08001328                DMA1_Stream7_IRQHandler
                0x08001328                HRTIM1_TIMA_IRQHandler
                0x08001328                SPI5_IRQHandler
                0x08001328                TIM7_IRQHandler
                0x08001328                SDMMC1_IRQHandler
                0x08001328                TIM5_IRQHandler
                0x08001328                DMA2_Stream7_IRQHandler
                0x08001328                TIM15_IRQHandler
                0x08001328                PVD_AVD_IRQHandler
                0x08001328                I2C3_EV_IRQHandler
                0x08001328                EXTI9_5_IRQHandler
                0x08001328                RTC_WKUP_IRQHandler
                0x08001328                LTDC_IRQHandler
                0x08001328                SAI3_IRQHandler
                0x08001328                ETH_WKUP_IRQHandler
                0x08001328                SPDIF_RX_IRQHandler
                0x08001328                SPI2_IRQHandler
                0x08001328                OTG_HS_EP1_IN_IRQHandler
                0x08001328                DMA1_Stream0_IRQHandler
                0x08001328                CRS_IRQHandler
                0x08001328                CM7_SEV_IRQHandler
                0x08001328                EXTI4_IRQHandler
                0x08001328                CM4_SEV_IRQHandler
                0x08001328                HRTIM1_TIMB_IRQHandler
                0x08001328                FDCAN2_IT1_IRQHandler
                0x08001328                ETH_IRQHandler
                0x08001328                TIM1_UP_IRQHandler
                0x08001328                WWDG_RST_IRQHandler
                0x08001328                BDMA_Channel4_IRQHandler
                0x08001328                OTG_HS_EP1_OUT_IRQHandler
                0x08001328                WWDG_IRQHandler
                0x08001328                SPI6_IRQHandler
                0x08001328                MDIOS_IRQHandler
                0x08001328                I2C4_EV_IRQHandler
                0x08001328                FDCAN2_IT0_IRQHandler
                0x08001328                LPUART1_IRQHandler
                0x08001328                FDCAN1_IT0_IRQHandler
                0x08001328                TIM2_IRQHandler
                0x08001328                OTG_FS_WKUP_IRQHandler
                0x08001328                OTG_HS_IRQHandler
                0x08001328                HSEM2_IRQHandler
                0x08001328                DMA2D_IRQHandler
                0x08001328                TIM1_BRK_IRQHandler
                0x08001328                EXTI1_IRQHandler
                0x08001328                SDMMC2_IRQHandler
                0x08001328                OTG_FS_EP1_OUT_IRQHandler
                0x08001328                BDMA_Channel3_IRQHandler
                0x08001328                HOLD_CORE_IRQHandler
                0x08001328                UART7_IRQHandler
                0x08001328                MDIOS_WKUP_IRQHandler
                0x08001328                USART2_IRQHandler
                0x08001328                DFSDM1_FLT0_IRQHandler
                0x08001328                SAI4_IRQHandler
                0x08001328                I2C2_ER_IRQHandler
                0x08001328                DMA2_Stream1_IRQHandler
                0x08001328                FLASH_IRQHandler
                0x08001328                DMA2_Stream4_IRQHandler
                0x08001328                USART1_IRQHandler
                0x08001328                OTG_FS_IRQHandler
                0x08001328                SPI3_IRQHandler
                0x08001328                WAKEUP_PIN_IRQHandler
                0x08001328                DMA1_Stream4_IRQHandler
                0x08001328                OTG_FS_EP1_IN_IRQHandler
                0x08001328                I2C1_ER_IRQHandler
                0x08001328                FMC_IRQHandler
                0x08001328                FDCAN_CAL_IRQHandler
                0x08001328                SWPMI1_IRQHandler
                0x08001328                COMP1_IRQHandler
                0x08001328                LPTIM1_IRQHandler
                0x08001328                I2C4_ER_IRQHandler
                0x08001328                DMA2_Stream6_IRQHandler
                0x08001328                SAI1_IRQHandler
                0x08001328                DMA1_Stream3_IRQHandler
 *fill*         0x0800132a        0x2 
 .text.HAL_Init
                0x0800132c       0x78 ./Drivers/STM32H7xx_HAL_Driver/stm32h7xx_hal.o
                0x0800132c                HAL_Init
 .text.HAL_InitTick
                0x080013a4       0x6c ./Drivers/STM32H7xx_HAL_Driver/stm32h7xx_hal.o
                0x080013a4                HAL_InitTick
 .text.HAL_IncTick
                0x08001410       0x28 ./Drivers/STM32H7xx_HAL_Driver/stm32h7xx_hal.o
                0x08001410                HAL_IncTick
 .text.HAL_GetTick
                0x08001438       0x18 ./Drivers/STM32H7xx_HAL_Driver/stm32h7xx_hal.o
                0x08001438                HAL_GetTick
 .text.HAL_Delay
                0x08001450       0x48 ./Drivers/STM32H7xx_HAL_Driver/stm32h7xx_hal.o
                0x08001450                HAL_Delay
 .text.HAL_GetREVID
                0x08001498       0x18 ./Drivers/STM32H7xx_HAL_Driver/stm32h7xx_hal.o
                0x08001498                HAL_GetREVID
 .text.__NVIC_SetPriorityGrouping
                0x080014b0       0x48 ./Drivers/STM32H7xx_HAL_Driver/stm32h7xx_hal_cortex.o
 .text.__NVIC_GetPriorityGrouping
                0x080014f8       0x1c ./Drivers/STM32H7xx_HAL_Driver/stm32h7xx_hal_cortex.o
 .text.__NVIC_EnableIRQ
                0x08001514       0x3c ./Drivers/STM32H7xx_HAL_Driver/stm32h7xx_hal_cortex.o
 .text.__NVIC_SetPriority
                0x08001550       0x54 ./Drivers/STM32H7xx_HAL_Driver/stm32h7xx_hal_cortex.o
 .text.NVIC_EncodePriority
                0x080015a4       0x66 ./Drivers/STM32H7xx_HAL_Driver/stm32h7xx_hal_cortex.o
 *fill*         0x0800160a        0x2 
 .text.SysTick_Config
                0x0800160c       0x44 ./Drivers/STM32H7xx_HAL_Driver/stm32h7xx_hal_cortex.o
 .text.HAL_NVIC_SetPriorityGrouping
                0x08001650       0x16 ./Drivers/STM32H7xx_HAL_Driver/stm32h7xx_hal_cortex.o
                0x08001650                HAL_NVIC_SetPriorityGrouping
 .text.HAL_NVIC_SetPriority
                0x08001666       0x34 ./Drivers/STM32H7xx_HAL_Driver/stm32h7xx_hal_cortex.o
                0x08001666                HAL_NVIC_SetPriority
 .text.HAL_NVIC_EnableIRQ
                0x0800169a       0x1c ./Drivers/STM32H7xx_HAL_Driver/stm32h7xx_hal_cortex.o
                0x0800169a                HAL_NVIC_EnableIRQ
 .text.HAL_SYSTICK_Config
                0x080016b6       0x18 ./Drivers/STM32H7xx_HAL_Driver/stm32h7xx_hal_cortex.o
                0x080016b6                HAL_SYSTICK_Config
 *fill*         0x080016ce        0x2 
 .text.HAL_MPU_Disable
                0x080016d0       0x30 ./Drivers/STM32H7xx_HAL_Driver/stm32h7xx_hal_cortex.o
                0x080016d0                HAL_MPU_Disable
 .text.HAL_MPU_Enable
                0x08001700       0x40 ./Drivers/STM32H7xx_HAL_Driver/stm32h7xx_hal_cortex.o
                0x08001700                HAL_MPU_Enable
 .text.HAL_MPU_ConfigRegion
                0x08001740       0x80 ./Drivers/STM32H7xx_HAL_Driver/stm32h7xx_hal_cortex.o
                0x08001740                HAL_MPU_ConfigRegion
 .text.HAL_DMA_Abort
                0x080017c0      0x63c ./Drivers/STM32H7xx_HAL_Driver/stm32h7xx_hal_dma.o
                0x080017c0                HAL_DMA_Abort
 .text.HAL_DMA_Abort_IT
                0x08001dfc      0x48c ./Drivers/STM32H7xx_HAL_Driver/stm32h7xx_hal_dma.o
                0x08001dfc                HAL_DMA_Abort_IT
 .text.HAL_GPIO_Init
                0x08002288      0x360 ./Drivers/STM32H7xx_HAL_Driver/stm32h7xx_hal_gpio.o
                0x08002288                HAL_GPIO_Init
 .text.HAL_GPIO_WritePin
                0x080025e8       0x32 ./Drivers/STM32H7xx_HAL_Driver/stm32h7xx_hal_gpio.o
                0x080025e8                HAL_GPIO_WritePin
 .text.HAL_GPIO_EXTI_IRQHandler
                0x0800261a       0x34 ./Drivers/STM32H7xx_HAL_Driver/stm32h7xx_hal_gpio.o
                0x0800261a                HAL_GPIO_EXTI_IRQHandler
 .text.HAL_GPIO_EXTI_Callback
                0x0800264e       0x16 ./Drivers/STM32H7xx_HAL_Driver/stm32h7xx_hal_gpio.o
                0x0800264e                HAL_GPIO_EXTI_Callback
 .text.HAL_HSEM_FastTake
                0x08002664       0x34 ./Drivers/STM32H7xx_HAL_Driver/stm32h7xx_hal_hsem.o
                0x08002664                HAL_HSEM_FastTake
 .text.HAL_HSEM_Release
                0x08002698       0x28 ./Drivers/STM32H7xx_HAL_Driver/stm32h7xx_hal_hsem.o
                0x08002698                HAL_HSEM_Release
 .text.HAL_I2C_Init
                0x080026c0      0x138 ./Drivers/STM32H7xx_HAL_Driver/stm32h7xx_hal_i2c.o
                0x080026c0                HAL_I2C_Init
 .text.HAL_I2C_EV_IRQHandler
                0x080027f8       0x34 ./Drivers/STM32H7xx_HAL_Driver/stm32h7xx_hal_i2c.o
                0x080027f8                HAL_I2C_EV_IRQHandler
 .text.HAL_I2CEx_ConfigAnalogFilter
                0x0800282c       0x96 ./Drivers/STM32H7xx_HAL_Driver/stm32h7xx_hal_i2c_ex.o
                0x0800282c                HAL_I2CEx_ConfigAnalogFilter
 .text.HAL_I2CEx_ConfigDigitalFilter
                0x080028c2       0x98 ./Drivers/STM32H7xx_HAL_Driver/stm32h7xx_hal_i2c_ex.o
                0x080028c2                HAL_I2CEx_ConfigDigitalFilter
 *fill*         0x0800295a        0x2 
 .text.HAL_PWREx_ConfigSupply
                0x0800295c       0xb4 ./Drivers/STM32H7xx_HAL_Driver/stm32h7xx_hal_pwr_ex.o
                0x0800295c                HAL_PWREx_ConfigSupply
 .text.HAL_RCC_OscConfig
                0x08002a10      0x8b4 ./Drivers/STM32H7xx_HAL_Driver/stm32h7xx_hal_rcc.o
                0x08002a10                HAL_RCC_OscConfig
 .text.HAL_RCC_ClockConfig
                0x080032c4      0x36c ./Drivers/STM32H7xx_HAL_Driver/stm32h7xx_hal_rcc.o
                0x080032c4                HAL_RCC_ClockConfig
 .text.HAL_RCC_GetSysClockFreq
                0x08003630      0x2f4 ./Drivers/STM32H7xx_HAL_Driver/stm32h7xx_hal_rcc.o
                0x08003630                HAL_RCC_GetSysClockFreq
 .text.HAL_RCC_GetHCLKFreq
                0x08003924       0x60 ./Drivers/STM32H7xx_HAL_Driver/stm32h7xx_hal_rcc.o
                0x08003924                HAL_RCC_GetHCLKFreq
 .text.HAL_RCC_GetPCLK1Freq
                0x08003984       0x2c ./Drivers/STM32H7xx_HAL_Driver/stm32h7xx_hal_rcc.o
                0x08003984                HAL_RCC_GetPCLK1Freq
 .text.HAL_RCC_GetPCLK2Freq
                0x080039b0       0x2c ./Drivers/STM32H7xx_HAL_Driver/stm32h7xx_hal_rcc.o
                0x080039b0                HAL_RCC_GetPCLK2Freq
 .text.HAL_RCCEx_PeriphCLKConfig
                0x080039dc     0x1414 ./Drivers/STM32H7xx_HAL_Driver/stm32h7xx_hal_rcc_ex.o
                0x080039dc                HAL_RCCEx_PeriphCLKConfig
 .text.HAL_RCCEx_GetPeriphCLKFreq
                0x08004df0      0xb00 ./Drivers/STM32H7xx_HAL_Driver/stm32h7xx_hal_rcc_ex.o
                0x08004df0                HAL_RCCEx_GetPeriphCLKFreq
 .text.HAL_RCCEx_GetD3PCLK1Freq
                0x080058f0       0x2c ./Drivers/STM32H7xx_HAL_Driver/stm32h7xx_hal_rcc_ex.o
                0x080058f0                HAL_RCCEx_GetD3PCLK1Freq
 .text.HAL_RCCEx_GetPLL2ClockFreq
                0x0800591c      0x2a8 ./Drivers/STM32H7xx_HAL_Driver/stm32h7xx_hal_rcc_ex.o
                0x0800591c                HAL_RCCEx_GetPLL2ClockFreq
 .text.HAL_RCCEx_GetPLL3ClockFreq
                0x08005bc4      0x2a8 ./Drivers/STM32H7xx_HAL_Driver/stm32h7xx_hal_rcc_ex.o
                0x08005bc4                HAL_RCCEx_GetPLL3ClockFreq
 .text.HAL_RCCEx_GetPLL1ClockFreq
                0x08005e6c      0x2a4 ./Drivers/STM32H7xx_HAL_Driver/stm32h7xx_hal_rcc_ex.o
                0x08005e6c                HAL_RCCEx_GetPLL1ClockFreq
 .text.RCCEx_PLL2_Config
                0x08006110      0x164 ./Drivers/STM32H7xx_HAL_Driver/stm32h7xx_hal_rcc_ex.o
 .text.RCCEx_PLL3_Config
                0x08006274      0x164 ./Drivers/STM32H7xx_HAL_Driver/stm32h7xx_hal_rcc_ex.o
 .text.HAL_SD_Init
                0x080063d8      0x106 ./Drivers/STM32H7xx_HAL_Driver/stm32h7xx_hal_sd.o
                0x080063d8                HAL_SD_Init
 *fill*         0x080064de        0x2 
 .text.HAL_SD_InitCard
                0x080064e0      0x138 ./Drivers/STM32H7xx_HAL_Driver/stm32h7xx_hal_sd.o
                0x080064e0                HAL_SD_InitCard
 .text.HAL_SD_ReadBlocks_DMA
                0x08006618      0x150 ./Drivers/STM32H7xx_HAL_Driver/stm32h7xx_hal_sd.o
                0x08006618                HAL_SD_ReadBlocks_DMA
 .text.HAL_SD_WriteBlocks_DMA
                0x08006768      0x150 ./Drivers/STM32H7xx_HAL_Driver/stm32h7xx_hal_sd.o
                0x08006768                HAL_SD_WriteBlocks_DMA
 .text.HAL_SD_GetCardCSD
                0x080068b8      0x348 ./Drivers/STM32H7xx_HAL_Driver/stm32h7xx_hal_sd.o
                0x080068b8                HAL_SD_GetCardCSD
 .text.HAL_SD_GetCardStatus
                0x08006c00      0x17c ./Drivers/STM32H7xx_HAL_Driver/stm32h7xx_hal_sd.o
                0x08006c00                HAL_SD_GetCardStatus
 .text.HAL_SD_GetCardInfo
                0x08006d7c       0x58 ./Drivers/STM32H7xx_HAL_Driver/stm32h7xx_hal_sd.o
                0x08006d7c                HAL_SD_GetCardInfo
 .text.HAL_SD_ConfigWideBusOperation
                0x08006dd4      0x224 ./Drivers/STM32H7xx_HAL_Driver/stm32h7xx_hal_sd.o
                0x08006dd4                HAL_SD_ConfigWideBusOperation
 .text.HAL_SD_GetCardState
                0x08006ff8       0x40 ./Drivers/STM32H7xx_HAL_Driver/stm32h7xx_hal_sd.o
                0x08006ff8                HAL_SD_GetCardState
 .text.SD_InitCard
                0x08007038      0x19c ./Drivers/STM32H7xx_HAL_Driver/stm32h7xx_hal_sd.o
 .text.SD_PowerON
                0x080071d4      0x11c ./Drivers/STM32H7xx_HAL_Driver/stm32h7xx_hal_sd.o
 .text.SD_SendSDStatus
                0x080072f0      0x1a0 ./Drivers/STM32H7xx_HAL_Driver/stm32h7xx_hal_sd.o
 .text.SD_SendStatus
                0x08007490       0x50 ./Drivers/STM32H7xx_HAL_Driver/stm32h7xx_hal_sd.o
 .text.SD_WideBus_Enable
                0x080074e0       0x96 ./Drivers/STM32H7xx_HAL_Driver/stm32h7xx_hal_sd.o
 .text.SD_WideBus_Disable
                0x08007576       0x96 ./Drivers/STM32H7xx_HAL_Driver/stm32h7xx_hal_sd.o
 .text.SD_FindSCR
                0x0800760c      0x1a0 ./Drivers/STM32H7xx_HAL_Driver/stm32h7xx_hal_sd.o
 .text.HAL_SPI_Init
                0x080077ac      0x248 ./Drivers/STM32H7xx_HAL_Driver/stm32h7xx_hal_spi.o
                0x080077ac                HAL_SPI_Init
 .text.HAL_SPI_IRQHandler
                0x080079f4      0x39c ./Drivers/STM32H7xx_HAL_Driver/stm32h7xx_hal_spi.o
                0x080079f4                HAL_SPI_IRQHandler
 .text.HAL_SPI_TxCpltCallback
                0x08007d90       0x14 ./Drivers/STM32H7xx_HAL_Driver/stm32h7xx_hal_spi.o
                0x08007d90                HAL_SPI_TxCpltCallback
 .text.HAL_SPI_RxCpltCallback
                0x08007da4       0x14 ./Drivers/STM32H7xx_HAL_Driver/stm32h7xx_hal_spi.o
                0x08007da4                HAL_SPI_RxCpltCallback
 .text.HAL_SPI_TxRxCpltCallback
                0x08007db8       0x14 ./Drivers/STM32H7xx_HAL_Driver/stm32h7xx_hal_spi.o
                0x08007db8                HAL_SPI_TxRxCpltCallback
 .text.HAL_SPI_ErrorCallback
                0x08007dcc       0x14 ./Drivers/STM32H7xx_HAL_Driver/stm32h7xx_hal_spi.o
                0x08007dcc                HAL_SPI_ErrorCallback
 .text.HAL_SPI_SuspendCallback
                0x08007de0       0x14 ./Drivers/STM32H7xx_HAL_Driver/stm32h7xx_hal_spi.o
                0x08007de0                HAL_SPI_SuspendCallback
 .text.SPI_DMAAbortOnError
                0x08007df4       0x34 ./Drivers/STM32H7xx_HAL_Driver/stm32h7xx_hal_spi.o
 .text.SPI_CloseTransfer
                0x08007e28      0x140 ./Drivers/STM32H7xx_HAL_Driver/stm32h7xx_hal_spi.o
 .text.SPI_GetPacketSize
                0x08007f68       0x36 ./Drivers/STM32H7xx_HAL_Driver/stm32h7xx_hal_spi.o
 .text.HAL_UART_Init
                0x08007f9e       0xa0 ./Drivers/STM32H7xx_HAL_Driver/stm32h7xx_hal_uart.o
                0x08007f9e                HAL_UART_Init
 *fill*         0x0800803e        0x2 
 .text.HAL_UART_IRQHandler
                0x08008040      0x7ac ./Drivers/STM32H7xx_HAL_Driver/stm32h7xx_hal_uart.o
                0x08008040                HAL_UART_IRQHandler
 .text.HAL_UART_TxCpltCallback
                0x080087ec       0x14 ./Drivers/STM32H7xx_HAL_Driver/stm32h7xx_hal_uart.o
                0x080087ec                HAL_UART_TxCpltCallback
 .text.HAL_UART_ErrorCallback
                0x08008800       0x14 ./Drivers/STM32H7xx_HAL_Driver/stm32h7xx_hal_uart.o
                0x08008800                HAL_UART_ErrorCallback
 .text.HAL_UARTEx_RxEventCallback
                0x08008814       0x18 ./Drivers/STM32H7xx_HAL_Driver/stm32h7xx_hal_uart.o
                0x08008814                HAL_UARTEx_RxEventCallback
 .text.UART_SetConfig
                0x0800882c      0xad0 ./Drivers/STM32H7xx_HAL_Driver/stm32h7xx_hal_uart.o
                0x0800882c                UART_SetConfig
 .text.UART_AdvFeatureConfig
                0x080092fc      0x144 ./Drivers/STM32H7xx_HAL_Driver/stm32h7xx_hal_uart.o
                0x080092fc                UART_AdvFeatureConfig
 .text.UART_CheckIdleState
                0x08009440      0x154 ./Drivers/STM32H7xx_HAL_Driver/stm32h7xx_hal_uart.o
                0x08009440                UART_CheckIdleState
 .text.UART_WaitOnFlagUntilTimeout
                0x08009594       0xda ./Drivers/STM32H7xx_HAL_Driver/stm32h7xx_hal_uart.o
                0x08009594                UART_WaitOnFlagUntilTimeout
 *fill*         0x0800966e        0x2 
 .text.UART_EndRxTransfer
                0x08009670       0xcc ./Drivers/STM32H7xx_HAL_Driver/stm32h7xx_hal_uart.o
 .text.UART_DMAAbortOnError
                0x0800973c       0x24 ./Drivers/STM32H7xx_HAL_Driver/stm32h7xx_hal_uart.o
 .text.UART_EndTransmit_IT
                0x08009760       0x56 ./Drivers/STM32H7xx_HAL_Driver/stm32h7xx_hal_uart.o
 .text.HAL_UARTEx_WakeupCallback
                0x080097b6       0x14 ./Drivers/STM32H7xx_HAL_Driver/stm32h7xx_hal_uart_ex.o
                0x080097b6                HAL_UARTEx_WakeupCallback
 .text.HAL_UARTEx_RxFifoFullCallback
                0x080097ca       0x14 ./Drivers/STM32H7xx_HAL_Driver/stm32h7xx_hal_uart_ex.o
                0x080097ca                HAL_UARTEx_RxFifoFullCallback
 .text.HAL_UARTEx_TxFifoEmptyCallback
                0x080097de       0x14 ./Drivers/STM32H7xx_HAL_Driver/stm32h7xx_hal_uart_ex.o
                0x080097de                HAL_UARTEx_TxFifoEmptyCallback
 .text.HAL_UARTEx_DisableFifoMode
                0x080097f2       0x72 ./Drivers/STM32H7xx_HAL_Driver/stm32h7xx_hal_uart_ex.o
                0x080097f2                HAL_UARTEx_DisableFifoMode
 .text.HAL_UARTEx_SetTxFifoThreshold
                0x08009864       0x7c ./Drivers/STM32H7xx_HAL_Driver/stm32h7xx_hal_uart_ex.o
                0x08009864                HAL_UARTEx_SetTxFifoThreshold
 .text.HAL_UARTEx_SetRxFifoThreshold
                0x080098e0       0x7c ./Drivers/STM32H7xx_HAL_Driver/stm32h7xx_hal_uart_ex.o
                0x080098e0                HAL_UARTEx_SetRxFifoThreshold
 .text.UARTEx_SetNbDataToProcess
                0x0800995c       0x9c ./Drivers/STM32H7xx_HAL_Driver/stm32h7xx_hal_uart_ex.o
 .text.SDMMC_Init
                0x080099f8       0x54 ./Drivers/STM32H7xx_HAL_Driver/stm32h7xx_ll_sdmmc.o
                0x080099f8                SDMMC_Init
 .text.SDMMC_ReadFIFO
                0x08009a4c       0x1a ./Drivers/STM32H7xx_HAL_Driver/stm32h7xx_ll_sdmmc.o
                0x08009a4c                SDMMC_ReadFIFO
 .text.SDMMC_PowerState_ON
                0x08009a66       0x22 ./Drivers/STM32H7xx_HAL_Driver/stm32h7xx_ll_sdmmc.o
                0x08009a66                SDMMC_PowerState_ON
 .text.SDMMC_GetPowerState
                0x08009a88       0x1c ./Drivers/STM32H7xx_HAL_Driver/stm32h7xx_ll_sdmmc.o
                0x08009a88                SDMMC_GetPowerState
 .text.SDMMC_SendCommand
                0x08009aa4       0x54 ./Drivers/STM32H7xx_HAL_Driver/stm32h7xx_ll_sdmmc.o
                0x08009aa4                SDMMC_SendCommand
 .text.SDMMC_GetCommandResponse
                0x08009af8       0x1a ./Drivers/STM32H7xx_HAL_Driver/stm32h7xx_ll_sdmmc.o
                0x08009af8                SDMMC_GetCommandResponse
 .text.SDMMC_GetResponse
                0x08009b12       0x26 ./Drivers/STM32H7xx_HAL_Driver/stm32h7xx_ll_sdmmc.o
                0x08009b12                SDMMC_GetResponse
 .text.SDMMC_ConfigData
                0x08009b38       0x58 ./Drivers/STM32H7xx_HAL_Driver/stm32h7xx_ll_sdmmc.o
                0x08009b38                SDMMC_ConfigData
 .text.SDMMC_CmdBlockLength
                0x08009b90       0x46 ./Drivers/STM32H7xx_HAL_Driver/stm32h7xx_ll_sdmmc.o
                0x08009b90                SDMMC_CmdBlockLength
 .text.SDMMC_CmdReadSingleBlock
                0x08009bd6       0x46 ./Drivers/STM32H7xx_HAL_Driver/stm32h7xx_ll_sdmmc.o
                0x08009bd6                SDMMC_CmdReadSingleBlock
 .text.SDMMC_CmdReadMultiBlock
                0x08009c1c       0x46 ./Drivers/STM32H7xx_HAL_Driver/stm32h7xx_ll_sdmmc.o
                0x08009c1c                SDMMC_CmdReadMultiBlock
 .text.SDMMC_CmdWriteSingleBlock
                0x08009c62       0x46 ./Drivers/STM32H7xx_HAL_Driver/stm32h7xx_ll_sdmmc.o
                0x08009c62                SDMMC_CmdWriteSingleBlock
 .text.SDMMC_CmdWriteMultiBlock
                0x08009ca8       0x46 ./Drivers/STM32H7xx_HAL_Driver/stm32h7xx_ll_sdmmc.o
                0x08009ca8                SDMMC_CmdWriteMultiBlock
 .text.SDMMC_CmdSelDesel
                0x08009cee       0x46 ./Drivers/STM32H7xx_HAL_Driver/stm32h7xx_ll_sdmmc.o
                0x08009cee                SDMMC_CmdSelDesel
 .text.SDMMC_CmdGoIdleState
                0x08009d34       0x3c ./Drivers/STM32H7xx_HAL_Driver/stm32h7xx_ll_sdmmc.o
                0x08009d34                SDMMC_CmdGoIdleState
 .text.SDMMC_CmdOperCond
                0x08009d70       0x40 ./Drivers/STM32H7xx_HAL_Driver/stm32h7xx_ll_sdmmc.o
                0x08009d70                SDMMC_CmdOperCond
 .text.SDMMC_CmdAppCommand
                0x08009db0       0x46 ./Drivers/STM32H7xx_HAL_Driver/stm32h7xx_ll_sdmmc.o
                0x08009db0                SDMMC_CmdAppCommand
 .text.SDMMC_CmdAppOperCommand
                0x08009df6       0x40 ./Drivers/STM32H7xx_HAL_Driver/stm32h7xx_ll_sdmmc.o
                0x08009df6                SDMMC_CmdAppOperCommand
 .text.SDMMC_CmdBusWidth
                0x08009e36       0x46 ./Drivers/STM32H7xx_HAL_Driver/stm32h7xx_ll_sdmmc.o
                0x08009e36                SDMMC_CmdBusWidth
 .text.SDMMC_CmdSendSCR
                0x08009e7c       0x44 ./Drivers/STM32H7xx_HAL_Driver/stm32h7xx_ll_sdmmc.o
                0x08009e7c                SDMMC_CmdSendSCR
 .text.SDMMC_CmdSendCID
                0x08009ec0       0x3e ./Drivers/STM32H7xx_HAL_Driver/stm32h7xx_ll_sdmmc.o
                0x08009ec0                SDMMC_CmdSendCID
 .text.SDMMC_CmdSendCSD
                0x08009efe       0x40 ./Drivers/STM32H7xx_HAL_Driver/stm32h7xx_ll_sdmmc.o
                0x08009efe                SDMMC_CmdSendCSD
 .text.SDMMC_CmdSetRelAdd
                0x08009f3e       0x44 ./Drivers/STM32H7xx_HAL_Driver/stm32h7xx_ll_sdmmc.o
                0x08009f3e                SDMMC_CmdSetRelAdd
 .text.SDMMC_CmdSendStatus
                0x08009f82       0x46 ./Drivers/STM32H7xx_HAL_Driver/stm32h7xx_ll_sdmmc.o
                0x08009f82                SDMMC_CmdSendStatus
 .text.SDMMC_CmdStatusRegister
                0x08009fc8       0x44 ./Drivers/STM32H7xx_HAL_Driver/stm32h7xx_ll_sdmmc.o
                0x08009fc8                SDMMC_CmdStatusRegister
 .text.SDMMC_GetCmdResp1
                0x0800a00c      0x1e4 ./Drivers/STM32H7xx_HAL_Driver/stm32h7xx_ll_sdmmc.o
                0x0800a00c                SDMMC_GetCmdResp1
 .text.SDMMC_GetCmdResp2
                0x0800a1f0       0x94 ./Drivers/STM32H7xx_HAL_Driver/stm32h7xx_ll_sdmmc.o
                0x0800a1f0                SDMMC_GetCmdResp2
 .text.SDMMC_GetCmdResp3
                0x0800a284       0x80 ./Drivers/STM32H7xx_HAL_Driver/stm32h7xx_ll_sdmmc.o
                0x0800a284                SDMMC_GetCmdResp3
 .text.SDMMC_GetCmdResp6
                0x0800a304       0xf0 ./Drivers/STM32H7xx_HAL_Driver/stm32h7xx_ll_sdmmc.o
                0x0800a304                SDMMC_GetCmdResp6
 .text.SDMMC_GetCmdResp7
                0x0800a3f4       0x9c ./Drivers/STM32H7xx_HAL_Driver/stm32h7xx_ll_sdmmc.o
                0x0800a3f4                SDMMC_GetCmdResp7
 .text.SDMMC_GetCmdError
                0x0800a490       0x5c ./Drivers/STM32H7xx_HAL_Driver/stm32h7xx_ll_sdmmc.o
 .text.MX_FATFS_Init
                0x0800a4ec       0x24 ./FATFS/App/fatfs.o
                0x0800a4ec                MX_FATFS_Init
 .text.BSP_SD_Init
                0x0800a510       0x4c ./FATFS/Target/bsp_driver_sd.o
                0x0800a510                BSP_SD_Init
 .text.BSP_SD_ReadBlocks_DMA
                0x0800a55c       0x34 ./FATFS/Target/bsp_driver_sd.o
                0x0800a55c                BSP_SD_ReadBlocks_DMA
 .text.BSP_SD_WriteBlocks_DMA
                0x0800a590       0x34 ./FATFS/Target/bsp_driver_sd.o
                0x0800a590                BSP_SD_WriteBlocks_DMA
 .text.BSP_SD_GetCardState
                0x0800a5c4       0x20 ./FATFS/Target/bsp_driver_sd.o
                0x0800a5c4                BSP_SD_GetCardState
 .text.BSP_SD_GetCardInfo
                0x0800a5e4       0x1c ./FATFS/Target/bsp_driver_sd.o
                0x0800a5e4                BSP_SD_GetCardInfo
 .text.BSP_SD_IsDetected
                0x0800a600       0x1a ./FATFS/Target/bsp_driver_sd.o
                0x0800a600                BSP_SD_IsDetected
 .text.SD_CheckStatusWithTimeout
                0x0800a61a       0x3a ./FATFS/Target/sd_diskio.o
 .text.SD_CheckStatus
                0x0800a654       0x3c ./FATFS/Target/sd_diskio.o
 .text.SD_initialize
                0x0800a690       0x38 ./FATFS/Target/sd_diskio.o
                0x0800a690                SD_initialize
 .text.SD_status
                0x0800a6c8       0x1c ./FATFS/Target/sd_diskio.o
                0x0800a6c8                SD_status
 .text.SD_read  0x0800a6e4       0xac ./FATFS/Target/sd_diskio.o
                0x0800a6e4                SD_read
 .text.SD_write
                0x0800a790       0xac ./FATFS/Target/sd_diskio.o
                0x0800a790                SD_write
 .text.SD_ioctl
                0x0800a83c       0xb0 ./FATFS/Target/sd_diskio.o
                0x0800a83c                SD_ioctl
 .text.FATFS_LinkDriverEx
                0x0800a8ec       0x98 ./Middlewares/Third_Party/FatFs/ff_gen_drv.o
                0x0800a8ec                FATFS_LinkDriverEx
 .text.FATFS_LinkDriver
                0x0800a984       0x1e ./Middlewares/Third_Party/FatFs/ff_gen_drv.o
                0x0800a984                FATFS_LinkDriver
 .text.memset   0x0800a9a2       0x10 /home/dominik/st/stm32cubeide_1.15.1/plugins/com.st.stm32cube.ide.mcu.externaltools.gnu-tools-for-stm32.12.3.rel1.linux64_1.1.0.202410170702/tools/bin/../lib/gcc/arm-none-eabi/12.3.1/../../../../arm-none-eabi/lib/thumb/v7e-m+dp/hard/libc_nano.a(libc_a-memset.o)
                0x0800a9a2                memset
 *fill*         0x0800a9b2        0x2 
 .text.__libc_init_array
                0x0800a9b4       0x48 /home/dominik/st/stm32cubeide_1.15.1/plugins/com.st.stm32cube.ide.mcu.externaltools.gnu-tools-for-stm32.12.3.rel1.linux64_1.1.0.202410170702/tools/bin/../lib/gcc/arm-none-eabi/12.3.1/../../../../arm-none-eabi/lib/thumb/v7e-m+dp/hard/libc_nano.a(libc_a-init.o)
                0x0800a9b4                __libc_init_array
 *(.glue_7)
 .glue_7        0x0800a9fc        0x0 linker stubs
 *(.glue_7t)
 .glue_7t       0x0800a9fc        0x0 linker stubs
 *(.eh_frame)
 .eh_frame      0x0800a9fc        0x0 /home/dominik/st/stm32cubeide_1.15.1/plugins/com.st.stm32cube.ide.mcu.externaltools.gnu-tools-for-stm32.12.3.rel1.linux64_1.1.0.202410170702/tools/bin/../lib/gcc/arm-none-eabi/12.3.1/thumb/v7e-m+dp/hard/crtbegin.o
 *(.init)
 .init          0x0800a9fc        0x4 /home/dominik/st/stm32cubeide_1.15.1/plugins/com.st.stm32cube.ide.mcu.externaltools.gnu-tools-for-stm32.12.3.rel1.linux64_1.1.0.202410170702/tools/bin/../lib/gcc/arm-none-eabi/12.3.1/thumb/v7e-m+dp/hard/crti.o
                0x0800a9fc                _init
 .init          0x0800aa00        0x8 /home/dominik/st/stm32cubeide_1.15.1/plugins/com.st.stm32cube.ide.mcu.externaltools.gnu-tools-for-stm32.12.3.rel1.linux64_1.1.0.202410170702/tools/bin/../lib/gcc/arm-none-eabi/12.3.1/thumb/v7e-m+dp/hard/crtn.o
 *(.fini)
 .fini          0x0800aa08        0x4 /home/dominik/st/stm32cubeide_1.15.1/plugins/com.st.stm32cube.ide.mcu.externaltools.gnu-tools-for-stm32.12.3.rel1.linux64_1.1.0.202410170702/tools/bin/../lib/gcc/arm-none-eabi/12.3.1/thumb/v7e-m+dp/hard/crti.o
                0x0800aa08                _fini
 .fini          0x0800aa0c        0x8 /home/dominik/st/stm32cubeide_1.15.1/plugins/com.st.stm32cube.ide.mcu.externaltools.gnu-tools-for-stm32.12.3.rel1.linux64_1.1.0.202410170702/tools/bin/../lib/gcc/arm-none-eabi/12.3.1/thumb/v7e-m+dp/hard/crtn.o
                0x0800aa14                        . = ALIGN (0x4)
                0x0800aa14                        _etext = .

.vfp11_veneer   0x0800aa14        0x0
 .vfp11_veneer  0x0800aa14        0x0 linker stubs

.v4_bx          0x0800aa14        0x0
 .v4_bx         0x0800aa14        0x0 linker stubs

.iplt           0x0800aa14        0x0
 .iplt          0x0800aa14        0x0 /home/dominik/st/stm32cubeide_1.15.1/plugins/com.st.stm32cube.ide.mcu.externaltools.gnu-tools-for-stm32.12.3.rel1.linux64_1.1.0.202410170702/tools/bin/../lib/gcc/arm-none-eabi/12.3.1/thumb/v7e-m+dp/hard/crtbegin.o

.rodata         0x0800aa14       0x4c
                0x0800aa14                        . = ALIGN (0x4)
 *(.rodata)
 *(.rodata*)
 .rodata.D1CorePrescTable
                0x0800aa14       0x10 ./Common/Src/system_stm32h7xx_dualcore_boot_cm4_cm7.o
                0x0800aa14                D1CorePrescTable
 .rodata.UARTPrescTable
                0x0800aa24       0x18 ./Drivers/STM32H7xx_HAL_Driver/stm32h7xx_hal_uart.o
                0x0800aa24                UARTPrescTable
 .rodata.numerator.1
                0x0800aa3c        0x8 ./Drivers/STM32H7xx_HAL_Driver/stm32h7xx_hal_uart_ex.o
 .rodata.denominator.0
                0x0800aa44        0x8 ./Drivers/STM32H7xx_HAL_Driver/stm32h7xx_hal_uart_ex.o
 .rodata.SD_Driver
                0x0800aa4c       0x14 ./FATFS/Target/sd_diskio.o
                0x0800aa4c                SD_Driver
                0x0800aa60                        . = ALIGN (0x4)

.ARM.extab      0x0800aa60        0x0
                0x0800aa60                        . = ALIGN (0x4)
 *(.ARM.extab* .gnu.linkonce.armextab.*)
                0x0800aa60                        . = ALIGN (0x4)

.ARM            0x0800aa60        0x8
                0x0800aa60                        . = ALIGN (0x4)
                0x0800aa60                        __exidx_start = .
 *(.ARM.exidx*)
 .ARM.exidx     0x0800aa60        0x8 /home/dominik/st/stm32cubeide_1.15.1/plugins/com.st.stm32cube.ide.mcu.externaltools.gnu-tools-for-stm32.12.3.rel1.linux64_1.1.0.202410170702/tools/bin/../lib/gcc/arm-none-eabi/12.3.1/thumb/v7e-m+dp/hard/libgcc.a(_udivmoddi4.o)
                0x0800aa68                        __exidx_end = .
                0x0800aa68                        . = ALIGN (0x4)

.preinit_array  0x0800aa68        0x0
                0x0800aa68                        . = ALIGN (0x4)
                0x0800aa68                        PROVIDE (__preinit_array_start = .)
 *(.preinit_array*)
                0x0800aa68                        PROVIDE (__preinit_array_end = .)
                0x0800aa68                        . = ALIGN (0x4)

.init_array     0x0800aa68        0x4
                0x0800aa68                        . = ALIGN (0x4)
                0x0800aa68                        PROVIDE (__init_array_start = .)
 *(SORT_BY_NAME(.init_array.*))
 *(.init_array*)
 .init_array    0x0800aa68        0x4 /home/dominik/st/stm32cubeide_1.15.1/plugins/com.st.stm32cube.ide.mcu.externaltools.gnu-tools-for-stm32.12.3.rel1.linux64_1.1.0.202410170702/tools/bin/../lib/gcc/arm-none-eabi/12.3.1/thumb/v7e-m+dp/hard/crtbegin.o
                0x0800aa6c                        PROVIDE (__init_array_end = .)
                0x0800aa6c                        . = ALIGN (0x4)

.fini_array     0x0800aa6c        0x4
                0x0800aa6c                        . = ALIGN (0x4)
                [!provide]                        PROVIDE (__fini_array_start = .)
 *(SORT_BY_NAME(.fini_array.*))
 *(.fini_array*)
 .fini_array    0x0800aa6c        0x4 /home/dominik/st/stm32cubeide_1.15.1/plugins/com.st.stm32cube.ide.mcu.externaltools.gnu-tools-for-stm32.12.3.rel1.linux64_1.1.0.202410170702/tools/bin/../lib/gcc/arm-none-eabi/12.3.1/thumb/v7e-m+dp/hard/crtbegin.o
                [!provide]                        PROVIDE (__fini_array_end = .)
                0x0800aa70                        . = ALIGN (0x4)
                0x0800aa70                        _sidata = LOADADDR (.data)

.rel.dyn        0x0800aa70        0x0
 .rel.iplt      0x0800aa70        0x0 /home/dominik/st/stm32cubeide_1.15.1/plugins/com.st.stm32cube.ide.mcu.externaltools.gnu-tools-for-stm32.12.3.rel1.linux64_1.1.0.202410170702/tools/bin/../lib/gcc/arm-none-eabi/12.3.1/thumb/v7e-m+dp/hard/crtbegin.o

.data           0x24000000       0x10 load address 0x0800aa70
                0x24000000                        . = ALIGN (0x4)
                0x24000000                        _sdata = .
 *(.data)
 *(.data*)
 .data.SystemCoreClock
                0x24000000        0x4 ./Common/Src/system_stm32h7xx_dualcore_boot_cm4_cm7.o
                0x24000000                SystemCoreClock
 .data.SystemD2Clock
                0x24000004        0x4 ./Common/Src/system_stm32h7xx_dualcore_boot_cm4_cm7.o
                0x24000004                SystemD2Clock
 .data.uwTickPrio
                0x24000008        0x4 ./Drivers/STM32H7xx_HAL_Driver/stm32h7xx_hal.o
                0x24000008                uwTickPrio
 .data.uwTickFreq
                0x2400000c        0x1 ./Drivers/STM32H7xx_HAL_Driver/stm32h7xx_hal.o
                0x2400000c                uwTickFreq
 .data.Stat     0x2400000d        0x1 ./FATFS/Target/sd_diskio.o
 *(.RamFunc)
 *(.RamFunc*)
                0x24000010                        . = ALIGN (0x4)
 *fill*         0x2400000e        0x2 
                0x24000010                        _edata = .

.igot.plt       0x24000010        0x0 load address 0x0800aa80
 .igot.plt      0x24000010        0x0 /home/dominik/st/stm32cubeide_1.15.1/plugins/com.st.stm32cube.ide.mcu.externaltools.gnu-tools-for-stm32.12.3.rel1.linux64_1.1.0.202410170702/tools/bin/../lib/gcc/arm-none-eabi/12.3.1/thumb/v7e-m+dp/hard/crtbegin.o
                0x24000010                        . = ALIGN (0x4)

.bss            0x24000010      0x228 load address 0x0800aa80
                0x24000010                        _sbss = .
                0x24000010                        __bss_start__ = _sbss
 *(.bss)
 .bss           0x24000010       0x1c /home/dominik/st/stm32cubeide_1.15.1/plugins/com.st.stm32cube.ide.mcu.externaltools.gnu-tools-for-stm32.12.3.rel1.linux64_1.1.0.202410170702/tools/bin/../lib/gcc/arm-none-eabi/12.3.1/thumb/v7e-m+dp/hard/crtbegin.o
 *(.bss*)
 .bss.hi2c1     0x2400002c       0x54 ./Core/Src/main.o
                0x2400002c                hi2c1
 .bss.hsd1      0x24000080       0x7c ./Core/Src/main.o
                0x24000080                hsd1
 .bss.hspi1     0x240000fc       0x88 ./Core/Src/main.o
                0x240000fc                hspi1
 .bss.huart3    0x24000184       0x94 ./Core/Src/main.o
                0x24000184                huart3
 .bss.uwTick    0x24000218        0x4 ./Drivers/STM32H7xx_HAL_Driver/stm32h7xx_hal.o
                0x24000218                uwTick
 .bss.retSD     0x2400021c        0x1 ./FATFS/App/fatfs.o
                0x2400021c                retSD
 *fill*         0x2400021d        0x3 
 .bss.SDPath    0x24000220        0x4 ./FATFS/App/fatfs.o
                0x24000220                SDPath
 .bss.WriteStatus
                0x24000224        0x4 ./FATFS/Target/sd_diskio.o
 .bss.ReadStatus
                0x24000228        0x4 ./FATFS/Target/sd_diskio.o
 .bss.disk      0x2400022c        0xc ./Middlewares/Third_Party/FatFs/ff_gen_drv.o
                0x2400022c                disk
 *(COMMON)
                0x24000238                        . = ALIGN (0x4)
                0x24000238                        _ebss = .
                0x24000238                        __bss_end__ = _ebss

._user_heap_stack
                0x24000238      0x600 load address 0x0800aa80
                0x24000238                        . = ALIGN (0x8)
                [!provide]                        PROVIDE (end = .)
                0x24000238                        PROVIDE (_end = .)
                0x24000438                        . = (. + _Min_Heap_Size)
 *fill*         0x24000238      0x200 
                0x24000838                        . = (. + _Min_Stack_Size)
 *fill*         0x24000438      0x400 
                0x24000838                        . = ALIGN (0x8)

/DISCARD/
 libc.a(*)
 libm.a(*)
 libgcc.a(*)

.ARM.attributes
                0x00000000       0x2e
 *(.ARM.attributes)
 .ARM.attributes
                0x00000000       0x20 /home/dominik/st/stm32cubeide_1.15.1/plugins/com.st.stm32cube.ide.mcu.externaltools.gnu-tools-for-stm32.12.3.rel1.linux64_1.1.0.202410170702/tools/bin/../lib/gcc/arm-none-eabi/12.3.1/thumb/v7e-m+dp/hard/crti.o
 .ARM.attributes
                0x00000020       0x32 /home/dominik/st/stm32cubeide_1.15.1/plugins/com.st.stm32cube.ide.mcu.externaltools.gnu-tools-for-stm32.12.3.rel1.linux64_1.1.0.202410170702/tools/bin/../lib/gcc/arm-none-eabi/12.3.1/thumb/v7e-m+dp/hard/crtbegin.o
 .ARM.attributes
                0x00000052       0x32 ./Common/Src/system_stm32h7xx_dualcore_boot_cm4_cm7.o
 .ARM.attributes
                0x00000084       0x32 ./Core/Src/main.o
 .ARM.attributes
                0x000000b6       0x32 ./Core/Src/stm32h7xx_hal_msp.o
 .ARM.attributes
                0x000000e8       0x32 ./Core/Src/stm32h7xx_it.o
 .ARM.attributes
                0x0000011a       0x21 ./Core/Startup/startup_stm32h755zitx.o
 .ARM.attributes
                0x0000013b       0x32 ./Drivers/STM32H7xx_HAL_Driver/stm32h7xx_hal.o
 .ARM.attributes
                0x0000016d       0x32 ./Drivers/STM32H7xx_HAL_Driver/stm32h7xx_hal_cortex.o
 .ARM.attributes
                0x0000019f       0x32 ./Drivers/STM32H7xx_HAL_Driver/stm32h7xx_hal_dma.o
 .ARM.attributes
                0x000001d1       0x32 ./Drivers/STM32H7xx_HAL_Driver/stm32h7xx_hal_gpio.o
 .ARM.attributes
                0x00000203       0x32 ./Drivers/STM32H7xx_HAL_Driver/stm32h7xx_hal_hsem.o
 .ARM.attributes
                0x00000235       0x32 ./Drivers/STM32H7xx_HAL_Driver/stm32h7xx_hal_i2c.o
 .ARM.attributes
                0x00000267       0x32 ./Drivers/STM32H7xx_HAL_Driver/stm32h7xx_hal_i2c_ex.o
 .ARM.attributes
                0x00000299       0x32 ./Drivers/STM32H7xx_HAL_Driver/stm32h7xx_hal_pwr_ex.o
 .ARM.attributes
                0x000002cb       0x32 ./Drivers/STM32H7xx_HAL_Driver/stm32h7xx_hal_rcc.o
 .ARM.attributes
                0x000002fd       0x32 ./Drivers/STM32H7xx_HAL_Driver/stm32h7xx_hal_rcc_ex.o
 .ARM.attributes
                0x0000032f       0x32 ./Drivers/STM32H7xx_HAL_Driver/stm32h7xx_hal_sd.o
 .ARM.attributes
                0x00000361       0x32 ./Drivers/STM32H7xx_HAL_Driver/stm32h7xx_hal_spi.o
 .ARM.attributes
                0x00000393       0x32 ./Drivers/STM32H7xx_HAL_Driver/stm32h7xx_hal_uart.o
 .ARM.attributes
                0x000003c5       0x32 ./Drivers/STM32H7xx_HAL_Driver/stm32h7xx_hal_uart_ex.o
 .ARM.attributes
                0x000003f7       0x32 ./Drivers/STM32H7xx_HAL_Driver/stm32h7xx_ll_sdmmc.o
 .ARM.attributes
                0x00000429       0x32 ./FATFS/App/fatfs.o
 .ARM.attributes
                0x0000045b       0x32 ./FATFS/Target/bsp_driver_sd.o
 .ARM.attributes
                0x0000048d       0x32 ./FATFS/Target/sd_diskio.o
 .ARM.attributes
                0x000004bf       0x32 ./Middlewares/Third_Party/FatFs/ff_gen_drv.o
 .ARM.attributes
                0x000004f1       0x32 /home/dominik/st/stm32cubeide_1.15.1/plugins/com.st.stm32cube.ide.mcu.externaltools.gnu-tools-for-stm32.12.3.rel1.linux64_1.1.0.202410170702/tools/bin/../lib/gcc/arm-none-eabi/12.3.1/../../../../arm-none-eabi/lib/thumb/v7e-m+dp/hard/libc_nano.a(libc_a-memset.o)
 .ARM.attributes
                0x00000523       0x32 /home/dominik/st/stm32cubeide_1.15.1/plugins/com.st.stm32cube.ide.mcu.externaltools.gnu-tools-for-stm32.12.3.rel1.linux64_1.1.0.202410170702/tools/bin/../lib/gcc/arm-none-eabi/12.3.1/../../../../arm-none-eabi/lib/thumb/v7e-m+dp/hard/libc_nano.a(libc_a-init.o)
 .ARM.attributes
                0x00000555       0x20 /home/dominik/st/stm32cubeide_1.15.1/plugins/com.st.stm32cube.ide.mcu.externaltools.gnu-tools-for-stm32.12.3.rel1.linux64_1.1.0.202410170702/tools/bin/../lib/gcc/arm-none-eabi/12.3.1/thumb/v7e-m+dp/hard/libgcc.a(_aeabi_uldivmod.o)
 .ARM.attributes
                0x00000575       0x32 /home/dominik/st/stm32cubeide_1.15.1/plugins/com.st.stm32cube.ide.mcu.externaltools.gnu-tools-for-stm32.12.3.rel1.linux64_1.1.0.202410170702/tools/bin/../lib/gcc/arm-none-eabi/12.3.1/thumb/v7e-m+dp/hard/libgcc.a(_udivmoddi4.o)
 .ARM.attributes
                0x000005a7       0x20 /home/dominik/st/stm32cubeide_1.15.1/plugins/com.st.stm32cube.ide.mcu.externaltools.gnu-tools-for-stm32.12.3.rel1.linux64_1.1.0.202410170702/tools/bin/../lib/gcc/arm-none-eabi/12.3.1/thumb/v7e-m+dp/hard/libgcc.a(_dvmd_tls.o)
 .ARM.attributes
                0x000005c7       0x20 /home/dominik/st/stm32cubeide_1.15.1/plugins/com.st.stm32cube.ide.mcu.externaltools.gnu-tools-for-stm32.12.3.rel1.linux64_1.1.0.202410170702/tools/bin/../lib/gcc/arm-none-eabi/12.3.1/thumb/v7e-m+dp/hard/crtn.o
OUTPUT(uSD_Demo_CM7.elf elf32-littlearm)
LOAD linker stubs
LOAD /home/dominik/st/stm32cubeide_1.15.1/plugins/com.st.stm32cube.ide.mcu.externaltools.gnu-tools-for-stm32.12.3.rel1.linux64_1.1.0.202410170702/tools/bin/../lib/gcc/arm-none-eabi/12.3.1/../../../../arm-none-eabi/lib/thumb/v7e-m+dp/hard/libc.a
LOAD /home/dominik/st/stm32cubeide_1.15.1/plugins/com.st.stm32cube.ide.mcu.externaltools.gnu-tools-for-stm32.12.3.rel1.linux64_1.1.0.202410170702/tools/bin/../lib/gcc/arm-none-eabi/12.3.1/../../../../arm-none-eabi/lib/thumb/v7e-m+dp/hard/libm.a
LOAD /home/dominik/st/stm32cubeide_1.15.1/plugins/com.st.stm32cube.ide.mcu.externaltools.gnu-tools-for-stm32.12.3.rel1.linux64_1.1.0.202410170702/tools/bin/../lib/gcc/arm-none-eabi/12.3.1/thumb/v7e-m+dp/hard/libgcc.a

.debug_info     0x00000000    0x1c36a
 .debug_info    0x00000000      0xe73 ./Common/Src/system_stm32h7xx_dualcore_boot_cm4_cm7.o
 .debug_info    0x00000e73     0x26c6 ./Core/Src/main.o
 .debug_info    0x00003539     0x207b ./Core/Src/stm32h7xx_hal_msp.o
 .debug_info    0x000055b4      0xf58 ./Core/Src/stm32h7xx_it.o
 .debug_info    0x0000650c       0x30 ./Core/Startup/startup_stm32h755zitx.o
 .debug_info    0x0000653c     0x177a ./Drivers/STM32H7xx_HAL_Driver/stm32h7xx_hal.o
 .debug_info    0x00007cb6     0x10d5 ./Drivers/STM32H7xx_HAL_Driver/stm32h7xx_hal_cortex.o
 .debug_info    0x00008d8b      0xc43 ./Drivers/STM32H7xx_HAL_Driver/stm32h7xx_hal_dma.o
 .debug_info    0x000099ce      0xd06 ./Drivers/STM32H7xx_HAL_Driver/stm32h7xx_hal_gpio.o
 .debug_info    0x0000a6d4      0x3d3 ./Drivers/STM32H7xx_HAL_Driver/stm32h7xx_hal_hsem.o
 .debug_info    0x0000aaa7     0x22c9 ./Drivers/STM32H7xx_HAL_Driver/stm32h7xx_hal_i2c.o
 .debug_info    0x0000cd70      0xd84 ./Drivers/STM32H7xx_HAL_Driver/stm32h7xx_hal_i2c_ex.o
 .debug_info    0x0000daf4     0x1225 ./Drivers/STM32H7xx_HAL_Driver/stm32h7xx_hal_pwr_ex.o
 .debug_info    0x0000ed19      0xe67 ./Drivers/STM32H7xx_HAL_Driver/stm32h7xx_hal_rcc.o
 .debug_info    0x0000fb80     0x1303 ./Drivers/STM32H7xx_HAL_Driver/stm32h7xx_hal_rcc_ex.o
 .debug_info    0x00010e83     0x1a93 ./Drivers/STM32H7xx_HAL_Driver/stm32h7xx_hal_sd.o
 .debug_info    0x00012916     0x144a ./Drivers/STM32H7xx_HAL_Driver/stm32h7xx_hal_spi.o
 .debug_info    0x00013d60     0x4b1d ./Drivers/STM32H7xx_HAL_Driver/stm32h7xx_hal_uart.o
 .debug_info    0x0001887d      0xfbf ./Drivers/STM32H7xx_HAL_Driver/stm32h7xx_hal_uart_ex.o
 .debug_info    0x0001983c     0x142c ./Drivers/STM32H7xx_HAL_Driver/stm32h7xx_ll_sdmmc.o
 .debug_info    0x0001ac68      0x4ff ./FATFS/App/fatfs.o
 .debug_info    0x0001b167      0x8dd ./FATFS/Target/bsp_driver_sd.o
 .debug_info    0x0001ba44      0x581 ./FATFS/Target/sd_diskio.o
 .debug_info    0x0001bfc5      0x3a5 ./Middlewares/Third_Party/FatFs/ff_gen_drv.o

.debug_abbrev   0x00000000     0x35c9
 .debug_abbrev  0x00000000      0x165 ./Common/Src/system_stm32h7xx_dualcore_boot_cm4_cm7.o
 .debug_abbrev  0x00000165      0x316 ./Core/Src/main.o
 .debug_abbrev  0x0000047b      0x26c ./Core/Src/stm32h7xx_hal_msp.o
 .debug_abbrev  0x000006e7      0x1b9 ./Core/Src/stm32h7xx_it.o
 .debug_abbrev  0x000008a0       0x24 ./Core/Startup/startup_stm32h755zitx.o
 .debug_abbrev  0x000008c4      0x295 ./Drivers/STM32H7xx_HAL_Driver/stm32h7xx_hal.o
 .debug_abbrev  0x00000b59      0x339 ./Drivers/STM32H7xx_HAL_Driver/stm32h7xx_hal_cortex.o
 .debug_abbrev  0x00000e92      0x248 ./Drivers/STM32H7xx_HAL_Driver/stm32h7xx_hal_dma.o
 .debug_abbrev  0x000010da      0x205 ./Drivers/STM32H7xx_HAL_Driver/stm32h7xx_hal_gpio.o
 .debug_abbrev  0x000012df      0x1d3 ./Drivers/STM32H7xx_HAL_Driver/stm32h7xx_hal_hsem.o
 .debug_abbrev  0x000014b2      0x25d ./Drivers/STM32H7xx_HAL_Driver/stm32h7xx_hal_i2c.o
 .debug_abbrev  0x0000170f      0x1f5 ./Drivers/STM32H7xx_HAL_Driver/stm32h7xx_hal_i2c_ex.o
 .debug_abbrev  0x00001904      0x2d7 ./Drivers/STM32H7xx_HAL_Driver/stm32h7xx_hal_pwr_ex.o
 .debug_abbrev  0x00001bdb      0x2c8 ./Drivers/STM32H7xx_HAL_Driver/stm32h7xx_hal_rcc.o
 .debug_abbrev  0x00001ea3      0x269 ./Drivers/STM32H7xx_HAL_Driver/stm32h7xx_hal_rcc_ex.o
 .debug_abbrev  0x0000210c      0x26b ./Drivers/STM32H7xx_HAL_Driver/stm32h7xx_hal_sd.o
 .debug_abbrev  0x00002377      0x2b1 ./Drivers/STM32H7xx_HAL_Driver/stm32h7xx_hal_spi.o
 .debug_abbrev  0x00002628      0x33d ./Drivers/STM32H7xx_HAL_Driver/stm32h7xx_hal_uart.o
 .debug_abbrev  0x00002965      0x2d2 ./Drivers/STM32H7xx_HAL_Driver/stm32h7xx_hal_uart_ex.o
 .debug_abbrev  0x00002c37      0x206 ./Drivers/STM32H7xx_HAL_Driver/stm32h7xx_ll_sdmmc.o
 .debug_abbrev  0x00002e3d      0x160 ./FATFS/App/fatfs.o
 .debug_abbrev  0x00002f9d      0x24b ./FATFS/Target/bsp_driver_sd.o
 .debug_abbrev  0x000031e8      0x242 ./FATFS/Target/sd_diskio.o
 .debug_abbrev  0x0000342a      0x19f ./Middlewares/Third_Party/FatFs/ff_gen_drv.o

.debug_aranges  0x00000000     0x1558
 .debug_aranges
                0x00000000       0x30 ./Common/Src/system_stm32h7xx_dualcore_boot_cm4_cm7.o
 .debug_aranges
                0x00000030       0x68 ./Core/Src/main.o
 .debug_aranges
                0x00000098       0x60 ./Core/Src/stm32h7xx_hal_msp.o
 .debug_aranges
                0x000000f8       0x88 ./Core/Src/stm32h7xx_it.o
 .debug_aranges
                0x00000180       0x28 ./Core/Startup/startup_stm32h755zitx.o
 .debug_aranges
                0x000001a8      0x200 ./Drivers/STM32H7xx_HAL_Driver/stm32h7xx_hal.o
 .debug_aranges
                0x000003a8      0x130 ./Drivers/STM32H7xx_HAL_Driver/stm32h7xx_hal_cortex.o
 .debug_aranges
                0x000004d8       0xa0 ./Drivers/STM32H7xx_HAL_Driver/stm32h7xx_hal_dma.o
 .debug_aranges
                0x00000578       0x58 ./Drivers/STM32H7xx_HAL_Driver/stm32h7xx_hal_gpio.o
 .debug_aranges
                0x000005d0       0x70 ./Drivers/STM32H7xx_HAL_Driver/stm32h7xx_hal_hsem.o
 .debug_aranges
                0x00000640      0x2a0 ./Drivers/STM32H7xx_HAL_Driver/stm32h7xx_hal_i2c.o
 .debug_aranges
                0x000008e0       0x48 ./Drivers/STM32H7xx_HAL_Driver/stm32h7xx_hal_i2c_ex.o
 .debug_aranges
                0x00000928      0x170 ./Drivers/STM32H7xx_HAL_Driver/stm32h7xx_hal_pwr_ex.o
 .debug_aranges
                0x00000a98       0x88 ./Drivers/STM32H7xx_HAL_Driver/stm32h7xx_hal_rcc.o
 .debug_aranges
                0x00000b20      0x100 ./Drivers/STM32H7xx_HAL_Driver/stm32h7xx_hal_rcc_ex.o
 .debug_aranges
                0x00000c20      0x170 ./Drivers/STM32H7xx_HAL_Driver/stm32h7xx_hal_sd.o
 .debug_aranges
                0x00000d90      0x1a8 ./Drivers/STM32H7xx_HAL_Driver/stm32h7xx_hal_spi.o
 .debug_aranges
                0x00000f38      0x248 ./Drivers/STM32H7xx_HAL_Driver/stm32h7xx_hal_uart.o
 .debug_aranges
                0x00001180       0xa8 ./Drivers/STM32H7xx_HAL_Driver/stm32h7xx_hal_uart_ex.o
 .debug_aranges
                0x00001228      0x1d0 ./Drivers/STM32H7xx_HAL_Driver/stm32h7xx_ll_sdmmc.o
 .debug_aranges
                0x000013f8       0x28 ./FATFS/App/fatfs.o
 .debug_aranges
                0x00001420       0x98 ./FATFS/Target/bsp_driver_sd.o
 .debug_aranges
                0x000014b8       0x60 ./FATFS/Target/sd_diskio.o
 .debug_aranges
                0x00001518       0x40 ./Middlewares/Third_Party/FatFs/ff_gen_drv.o

.debug_rnglists
                0x00000000     0x1083
 .debug_rnglists
                0x00000000       0x21 ./Common/Src/system_stm32h7xx_dualcore_boot_cm4_cm7.o
 .debug_rnglists
                0x00000021       0x4e ./Core/Src/main.o
 .debug_rnglists
                0x0000006f       0x47 ./Core/Src/stm32h7xx_hal_msp.o
 .debug_rnglists
                0x000000b6       0x61 ./Core/Src/stm32h7xx_it.o
 .debug_rnglists
                0x00000117       0x19 ./Core/Startup/startup_stm32h755zitx.o
 .debug_rnglists
                0x00000130      0x180 ./Drivers/STM32H7xx_HAL_Driver/stm32h7xx_hal.o
 .debug_rnglists
                0x000002b0       0xe0 ./Drivers/STM32H7xx_HAL_Driver/stm32h7xx_hal_cortex.o
 .debug_rnglists
                0x00000390       0x82 ./Drivers/STM32H7xx_HAL_Driver/stm32h7xx_hal_dma.o
 .debug_rnglists
                0x00000412       0x3f ./Drivers/STM32H7xx_HAL_Driver/stm32h7xx_hal_gpio.o
 .debug_rnglists
                0x00000451       0x4f ./Drivers/STM32H7xx_HAL_Driver/stm32h7xx_hal_hsem.o
 .debug_rnglists
                0x000004a0      0x22a ./Drivers/STM32H7xx_HAL_Driver/stm32h7xx_hal_i2c.o
 .debug_rnglists
                0x000006ca       0x35 ./Drivers/STM32H7xx_HAL_Driver/stm32h7xx_hal_i2c_ex.o
 .debug_rnglists
                0x000006ff      0x117 ./Drivers/STM32H7xx_HAL_Driver/stm32h7xx_hal_pwr_ex.o
 .debug_rnglists
                0x00000816       0x68 ./Drivers/STM32H7xx_HAL_Driver/stm32h7xx_hal_rcc.o
 .debug_rnglists
                0x0000087e       0xc6 ./Drivers/STM32H7xx_HAL_Driver/stm32h7xx_hal_rcc_ex.o
 .debug_rnglists
                0x00000944      0x128 ./Drivers/STM32H7xx_HAL_Driver/stm32h7xx_hal_sd.o
 .debug_rnglists
                0x00000a6c      0x148 ./Drivers/STM32H7xx_HAL_Driver/stm32h7xx_hal_spi.o
 .debug_rnglists
                0x00000bb4      0x1fa ./Drivers/STM32H7xx_HAL_Driver/stm32h7xx_hal_uart.o
 .debug_rnglists
                0x00000dae       0x7f ./Drivers/STM32H7xx_HAL_Driver/stm32h7xx_hal_uart_ex.o
 .debug_rnglists
                0x00000e2d      0x15e ./Drivers/STM32H7xx_HAL_Driver/stm32h7xx_ll_sdmmc.o
 .debug_rnglists
                0x00000f8b       0x19 ./FATFS/App/fatfs.o
 .debug_rnglists
                0x00000fa4       0x6d ./FATFS/Target/bsp_driver_sd.o
 .debug_rnglists
                0x00001011       0x46 ./FATFS/Target/sd_diskio.o
 .debug_rnglists
                0x00001057       0x2c ./Middlewares/Third_Party/FatFs/ff_gen_drv.o

.debug_macro    0x00000000    0x3cc68
 .debug_macro   0x00000000      0x2db ./Common/Src/system_stm32h7xx_dualcore_boot_cm4_cm7.o
 .debug_macro   0x000002db      0xade ./Common/Src/system_stm32h7xx_dualcore_boot_cm4_cm7.o
 .debug_macro   0x00000db9       0x2e ./Common/Src/system_stm32h7xx_dualcore_boot_cm4_cm7.o
 .debug_macro   0x00000de7       0x49 ./Common/Src/system_stm32h7xx_dualcore_boot_cm4_cm7.o
 .debug_macro   0x00000e30       0x22 ./Common/Src/system_stm32h7xx_dualcore_boot_cm4_cm7.o
 .debug_macro   0x00000e52       0x8e ./Common/Src/system_stm32h7xx_dualcore_boot_cm4_cm7.o
 .debug_macro   0x00000ee0       0x51 ./Common/Src/system_stm32h7xx_dualcore_boot_cm4_cm7.o
 .debug_macro   0x00000f31      0x103 ./Common/Src/system_stm32h7xx_dualcore_boot_cm4_cm7.o
 .debug_macro   0x00001034       0x6a ./Common/Src/system_stm32h7xx_dualcore_boot_cm4_cm7.o
 .debug_macro   0x0000109e      0x1df ./Common/Src/system_stm32h7xx_dualcore_boot_cm4_cm7.o
 .debug_macro   0x0000127d       0x1c ./Common/Src/system_stm32h7xx_dualcore_boot_cm4_cm7.o
 .debug_macro   0x00001299       0x22 ./Common/Src/system_stm32h7xx_dualcore_boot_cm4_cm7.o
 .debug_macro   0x000012bb       0xfb ./Common/Src/system_stm32h7xx_dualcore_boot_cm4_cm7.o
 .debug_macro   0x000013b6     0x1305 ./Common/Src/system_stm32h7xx_dualcore_boot_cm4_cm7.o
 .debug_macro   0x000026bb      0x11f ./Common/Src/system_stm32h7xx_dualcore_boot_cm4_cm7.o
 .debug_macro   0x000027da       0x27 ./Common/Src/system_stm32h7xx_dualcore_boot_cm4_cm7.o
 .debug_macro   0x00002801    0x2769e ./Common/Src/system_stm32h7xx_dualcore_boot_cm4_cm7.o
 .debug_macro   0x00029e9f       0x6d ./Common/Src/system_stm32h7xx_dualcore_boot_cm4_cm7.o
 .debug_macro   0x00029f0c      0x23e ./Common/Src/system_stm32h7xx_dualcore_boot_cm4_cm7.o
 .debug_macro   0x0002a14a     0x3d79 ./Common/Src/system_stm32h7xx_dualcore_boot_cm4_cm7.o
 .debug_macro   0x0002dec3      0x189 ./Common/Src/system_stm32h7xx_dualcore_boot_cm4_cm7.o
 .debug_macro   0x0002e04c       0x61 ./Common/Src/system_stm32h7xx_dualcore_boot_cm4_cm7.o
 .debug_macro   0x0002e0ad       0x29 ./Common/Src/system_stm32h7xx_dualcore_boot_cm4_cm7.o
 .debug_macro   0x0002e0d6       0x43 ./Common/Src/system_stm32h7xx_dualcore_boot_cm4_cm7.o
 .debug_macro   0x0002e119       0x34 ./Common/Src/system_stm32h7xx_dualcore_boot_cm4_cm7.o
 .debug_macro   0x0002e14d       0x16 ./Common/Src/system_stm32h7xx_dualcore_boot_cm4_cm7.o
 .debug_macro   0x0002e163       0x43 ./Common/Src/system_stm32h7xx_dualcore_boot_cm4_cm7.o
 .debug_macro   0x0002e1a6       0x34 ./Common/Src/system_stm32h7xx_dualcore_boot_cm4_cm7.o
 .debug_macro   0x0002e1da       0x10 ./Common/Src/system_stm32h7xx_dualcore_boot_cm4_cm7.o
 .debug_macro   0x0002e1ea       0x58 ./Common/Src/system_stm32h7xx_dualcore_boot_cm4_cm7.o
 .debug_macro   0x0002e242       0x8e ./Common/Src/system_stm32h7xx_dualcore_boot_cm4_cm7.o
 .debug_macro   0x0002e2d0       0x1c ./Common/Src/system_stm32h7xx_dualcore_boot_cm4_cm7.o
 .debug_macro   0x0002e2ec      0x177 ./Common/Src/system_stm32h7xx_dualcore_boot_cm4_cm7.o
 .debug_macro   0x0002e463      0x369 ./Common/Src/system_stm32h7xx_dualcore_boot_cm4_cm7.o
 .debug_macro   0x0002e7cc      0x19b ./Common/Src/system_stm32h7xx_dualcore_boot_cm4_cm7.o
 .debug_macro   0x0002e967       0x5d ./Common/Src/system_stm32h7xx_dualcore_boot_cm4_cm7.o
 .debug_macro   0x0002e9c4     0x3b99 ./Common/Src/system_stm32h7xx_dualcore_boot_cm4_cm7.o
 .debug_macro   0x0003255d     0x1072 ./Common/Src/system_stm32h7xx_dualcore_boot_cm4_cm7.o
 .debug_macro   0x000335cf      0x154 ./Common/Src/system_stm32h7xx_dualcore_boot_cm4_cm7.o
 .debug_macro   0x00033723      0x130 ./Common/Src/system_stm32h7xx_dualcore_boot_cm4_cm7.o
 .debug_macro   0x00033853      0x3c2 ./Common/Src/system_stm32h7xx_dualcore_boot_cm4_cm7.o
 .debug_macro   0x00033c15       0xac ./Common/Src/system_stm32h7xx_dualcore_boot_cm4_cm7.o
 .debug_macro   0x00033cc1      0x72d ./Common/Src/system_stm32h7xx_dualcore_boot_cm4_cm7.o
 .debug_macro   0x000343ee      0x228 ./Common/Src/system_stm32h7xx_dualcore_boot_cm4_cm7.o
 .debug_macro   0x00034616       0x66 ./Common/Src/system_stm32h7xx_dualcore_boot_cm4_cm7.o
 .debug_macro   0x0003467c      0x3bb ./Common/Src/system_stm32h7xx_dualcore_boot_cm4_cm7.o
 .debug_macro   0x00034a37      0x407 ./Common/Src/system_stm32h7xx_dualcore_boot_cm4_cm7.o
 .debug_macro   0x00034e3e      0x27c ./Common/Src/system_stm32h7xx_dualcore_boot_cm4_cm7.o
 .debug_macro   0x000350ba      0x3ca ./Common/Src/system_stm32h7xx_dualcore_boot_cm4_cm7.o
 .debug_macro   0x00035484      0x4a2 ./Common/Src/system_stm32h7xx_dualcore_boot_cm4_cm7.o
 .debug_macro   0x00035926       0x51 ./Common/Src/system_stm32h7xx_dualcore_boot_cm4_cm7.o
 .debug_macro   0x00035977       0x4a ./Common/Src/system_stm32h7xx_dualcore_boot_cm4_cm7.o
 .debug_macro   0x000359c1      0x22c ./Common/Src/system_stm32h7xx_dualcore_boot_cm4_cm7.o
 .debug_macro   0x00035bed       0x67 ./Common/Src/system_stm32h7xx_dualcore_boot_cm4_cm7.o
 .debug_macro   0x00035c54       0xa5 ./Common/Src/system_stm32h7xx_dualcore_boot_cm4_cm7.o
 .debug_macro   0x00035cf9      0x218 ./Common/Src/system_stm32h7xx_dualcore_boot_cm4_cm7.o
 .debug_macro   0x00035f11      0x2ea ./Common/Src/system_stm32h7xx_dualcore_boot_cm4_cm7.o
 .debug_macro   0x000361fb       0x35 ./Common/Src/system_stm32h7xx_dualcore_boot_cm4_cm7.o
 .debug_macro   0x00036230      0xa0c ./Common/Src/system_stm32h7xx_dualcore_boot_cm4_cm7.o
 .debug_macro   0x00036c3c       0x16 ./Common/Src/system_stm32h7xx_dualcore_boot_cm4_cm7.o
 .debug_macro   0x00036c52      0x1ce ./Common/Src/system_stm32h7xx_dualcore_boot_cm4_cm7.o
 .debug_macro   0x00036e20      0x5e4 ./Common/Src/system_stm32h7xx_dualcore_boot_cm4_cm7.o
 .debug_macro   0x00037404       0xc1 ./Common/Src/system_stm32h7xx_dualcore_boot_cm4_cm7.o
 .debug_macro   0x000374c5      0x693 ./Common/Src/system_stm32h7xx_dualcore_boot_cm4_cm7.o
 .debug_macro   0x00037b58       0xa6 ./Common/Src/system_stm32h7xx_dualcore_boot_cm4_cm7.o
 .debug_macro   0x00037bfe      0x7a4 ./Common/Src/system_stm32h7xx_dualcore_boot_cm4_cm7.o
 .debug_macro   0x000383a2      0x386 ./Core/Src/main.o
 .debug_macro   0x00038728       0x7c ./Core/Src/main.o
 .debug_macro   0x000387a4       0x46 ./Core/Src/main.o
 .debug_macro   0x000387ea       0xe5 ./Core/Src/main.o
 .debug_macro   0x000388cf       0x16 ./Core/Src/main.o
 .debug_macro   0x000388e5       0x35 ./Core/Src/main.o
 .debug_macro   0x0003891a       0x16 ./Core/Src/main.o
 .debug_macro   0x00038930       0x29 ./Core/Src/main.o
 .debug_macro   0x00038959       0x12 ./Core/Src/main.o
 .debug_macro   0x0003896b       0xe2 ./Core/Src/main.o
 .debug_macro   0x00038a4d       0x8e ./Core/Src/main.o
 .debug_macro   0x00038adb      0x2ea ./Core/Src/stm32h7xx_hal_msp.o
 .debug_macro   0x00038dc5      0x2f4 ./Core/Src/stm32h7xx_it.o
 .debug_macro   0x000390b9      0x305 ./Drivers/STM32H7xx_HAL_Driver/stm32h7xx_hal.o
 .debug_macro   0x000393be      0x2db ./Drivers/STM32H7xx_HAL_Driver/stm32h7xx_hal_cortex.o
 .debug_macro   0x00039699      0x32f ./Drivers/STM32H7xx_HAL_Driver/stm32h7xx_hal_dma.o
 .debug_macro   0x000399c8      0x2ef ./Drivers/STM32H7xx_HAL_Driver/stm32h7xx_hal_gpio.o
 .debug_macro   0x00039cb7      0x2ed ./Drivers/STM32H7xx_HAL_Driver/stm32h7xx_hal_hsem.o
 .debug_macro   0x00039fa4      0x3a7 ./Drivers/STM32H7xx_HAL_Driver/stm32h7xx_hal_i2c.o
 .debug_macro   0x0003a34b      0x2db ./Drivers/STM32H7xx_HAL_Driver/stm32h7xx_hal_i2c_ex.o
 .debug_macro   0x0003a626      0x314 ./Drivers/STM32H7xx_HAL_Driver/stm32h7xx_hal_pwr_ex.o
 .debug_macro   0x0003a93a      0x2ff ./Drivers/STM32H7xx_HAL_Driver/stm32h7xx_hal_rcc.o
 .debug_macro   0x0003ac39      0x2f9 ./Drivers/STM32H7xx_HAL_Driver/stm32h7xx_hal_rcc_ex.o
 .debug_macro   0x0003af32      0x2f8 ./Drivers/STM32H7xx_HAL_Driver/stm32h7xx_hal_sd.o
 .debug_macro   0x0003b22a      0x2e3 ./Drivers/STM32H7xx_HAL_Driver/stm32h7xx_hal_spi.o
 .debug_macro   0x0003b50d      0x306 ./Drivers/STM32H7xx_HAL_Driver/stm32h7xx_hal_uart.o
 .debug_macro   0x0003b813      0x2e7 ./Drivers/STM32H7xx_HAL_Driver/stm32h7xx_hal_uart_ex.o
 .debug_macro   0x0003bafa      0x2dc ./Drivers/STM32H7xx_HAL_Driver/stm32h7xx_ll_sdmmc.o
 .debug_macro   0x0003bdd6      0x380 ./FATFS/App/fatfs.o
 .debug_macro   0x0003c156      0x2ea ./FATFS/Target/bsp_driver_sd.o
 .debug_macro   0x0003c440       0x40 ./FATFS/Target/bsp_driver_sd.o
 .debug_macro   0x0003c480      0x3b3 ./FATFS/Target/sd_diskio.o
 .debug_macro   0x0003c833       0x16 ./FATFS/Target/sd_diskio.o
 .debug_macro   0x0003c849       0x7c ./FATFS/Target/sd_diskio.o
 .debug_macro   0x0003c8c5       0x16 ./FATFS/Target/sd_diskio.o
 .debug_macro   0x0003c8db       0x20 ./FATFS/Target/sd_diskio.o
 .debug_macro   0x0003c8fb      0x36d ./Middlewares/Third_Party/FatFs/ff_gen_drv.o

.debug_line     0x00000000    0x1e99c
 .debug_line    0x00000000      0xb03 ./Common/Src/system_stm32h7xx_dualcore_boot_cm4_cm7.o
 .debug_line    0x00000b03      0xc81 ./Core/Src/main.o
 .debug_line    0x00001784      0xa6d ./Core/Src/stm32h7xx_hal_msp.o
 .debug_line    0x000021f1      0x9e7 ./Core/Src/stm32h7xx_it.o
 .debug_line    0x00002bd8       0x7b ./Core/Startup/startup_stm32h755zitx.o
 .debug_line    0x00002c53      0xfeb ./Drivers/STM32H7xx_HAL_Driver/stm32h7xx_hal.o
 .debug_line    0x00003c3e      0xec7 ./Drivers/STM32H7xx_HAL_Driver/stm32h7xx_hal_cortex.o
 .debug_line    0x00004b05     0x27ef ./Drivers/STM32H7xx_HAL_Driver/stm32h7xx_hal_dma.o
 .debug_line    0x000072f4      0xd64 ./Drivers/STM32H7xx_HAL_Driver/stm32h7xx_hal_gpio.o
 .debug_line    0x00008058      0xa54 ./Drivers/STM32H7xx_HAL_Driver/stm32h7xx_hal_hsem.o
 .debug_line    0x00008aac     0x3f33 ./Drivers/STM32H7xx_HAL_Driver/stm32h7xx_hal_i2c.o
 .debug_line    0x0000c9df      0xaf9 ./Drivers/STM32H7xx_HAL_Driver/stm32h7xx_hal_i2c_ex.o
 .debug_line    0x0000d4d8     0x10cc ./Drivers/STM32H7xx_HAL_Driver/stm32h7xx_hal_pwr_ex.o
 .debug_line    0x0000e5a4     0x145c ./Drivers/STM32H7xx_HAL_Driver/stm32h7xx_hal_rcc.o
 .debug_line    0x0000fa00     0x1e10 ./Drivers/STM32H7xx_HAL_Driver/stm32h7xx_hal_rcc_ex.o
 .debug_line    0x00011810     0x224c ./Drivers/STM32H7xx_HAL_Driver/stm32h7xx_hal_sd.o
 .debug_line    0x00013a5c     0x23bf ./Drivers/STM32H7xx_HAL_Driver/stm32h7xx_hal_spi.o
 .debug_line    0x00015e1b     0x3f59 ./Drivers/STM32H7xx_HAL_Driver/stm32h7xx_hal_uart.o
 .debug_line    0x00019d74      0xf2a ./Drivers/STM32H7xx_HAL_Driver/stm32h7xx_hal_uart_ex.o
 .debug_line    0x0001ac9e     0x1348 ./Drivers/STM32H7xx_HAL_Driver/stm32h7xx_ll_sdmmc.o
 .debug_line    0x0001bfe6      0x980 ./FATFS/App/fatfs.o
 .debug_line    0x0001c966      0xa6a ./FATFS/Target/bsp_driver_sd.o
 .debug_line    0x0001d3d0      0xb91 ./FATFS/Target/sd_diskio.o
 .debug_line    0x0001df61      0xa3b ./Middlewares/Third_Party/FatFs/ff_gen_drv.o

.debug_str      0x00000000   0x187dc2
 .debug_str     0x00000000   0x17f93a ./Common/Src/system_stm32h7xx_dualcore_boot_cm4_cm7.o
                             0x17fdb5 (size before relaxing)
 .debug_str     0x0017f93a     0x2656 ./Core/Src/main.o
                             0x182292 (size before relaxing)
 .debug_str     0x00181f90       0xe8 ./Core/Src/stm32h7xx_hal_msp.o
                             0x1815ad (size before relaxing)
 .debug_str     0x00182078      0x17a ./Core/Src/stm32h7xx_it.o
                             0x180577 (size before relaxing)
 .debug_str     0x001821f2       0x44 ./Core/Startup/startup_stm32h755zitx.o
                                 0x80 (size before relaxing)
 .debug_str     0x00182236      0x99d ./Drivers/STM32H7xx_HAL_Driver/stm32h7xx_hal.o
                             0x180e22 (size before relaxing)
 .debug_str     0x00182bd3      0x2de ./Drivers/STM32H7xx_HAL_Driver/stm32h7xx_hal_cortex.o
                             0x180689 (size before relaxing)
 .debug_str     0x00182eb1      0x8b5 ./Drivers/STM32H7xx_HAL_Driver/stm32h7xx_hal_dma.o
                             0x180423 (size before relaxing)
 .debug_str     0x00183766      0x132 ./Drivers/STM32H7xx_HAL_Driver/stm32h7xx_hal_gpio.o
                             0x17fd14 (size before relaxing)
 .debug_str     0x00183898      0x215 ./Drivers/STM32H7xx_HAL_Driver/stm32h7xx_hal_hsem.o
                             0x17f99f (size before relaxing)
 .debug_str     0x00183aad      0xdef ./Drivers/STM32H7xx_HAL_Driver/stm32h7xx_hal_i2c.o
                             0x180d3f (size before relaxing)
 .debug_str     0x0018489c       0xe7 ./Drivers/STM32H7xx_HAL_Driver/stm32h7xx_hal_i2c_ex.o
                             0x1800e3 (size before relaxing)
 .debug_str     0x00184983      0x6b5 ./Drivers/STM32H7xx_HAL_Driver/stm32h7xx_hal_pwr_ex.o
                             0x18021f (size before relaxing)
 .debug_str     0x00185038      0x25d ./Drivers/STM32H7xx_HAL_Driver/stm32h7xx_hal_rcc.o
                             0x180095 (size before relaxing)
 .debug_str     0x00185295      0x68c ./Drivers/STM32H7xx_HAL_Driver/stm32h7xx_hal_rcc_ex.o
                             0x1805ca (size before relaxing)
 .debug_str     0x00185921      0xa38 ./Drivers/STM32H7xx_HAL_Driver/stm32h7xx_hal_sd.o
                             0x18067d (size before relaxing)
 .debug_str     0x00186359      0x543 ./Drivers/STM32H7xx_HAL_Driver/stm32h7xx_hal_spi.o
                             0x1803a6 (size before relaxing)
 .debug_str     0x0018689c      0x9f6 ./Drivers/STM32H7xx_HAL_Driver/stm32h7xx_hal_uart.o
                             0x180bc3 (size before relaxing)
 .debug_str     0x00187292      0x29c ./Drivers/STM32H7xx_HAL_Driver/stm32h7xx_hal_uart_ex.o
                             0x180183 (size before relaxing)
 .debug_str     0x0018752e      0x353 ./Drivers/STM32H7xx_HAL_Driver/stm32h7xx_ll_sdmmc.o
                             0x17ff03 (size before relaxing)
 .debug_str     0x00187881      0x1bc ./FATFS/App/fatfs.o
                             0x180392 (size before relaxing)
 .debug_str     0x00187a3d      0x154 ./FATFS/Target/bsp_driver_sd.o
                             0x17fe1d (size before relaxing)
 .debug_str     0x00187b91      0x148 ./FATFS/Target/sd_diskio.o
                             0x1804c5 (size before relaxing)
 .debug_str     0x00187cd9       0xe9 ./Middlewares/Third_Party/FatFs/ff_gen_drv.o
                             0x18032d (size before relaxing)

.comment        0x00000000       0x43
 .comment       0x00000000       0x43 ./Common/Src/system_stm32h7xx_dualcore_boot_cm4_cm7.o
                                 0x44 (size before relaxing)
 .comment       0x00000043       0x44 ./Core/Src/main.o
 .comment       0x00000043       0x44 ./Core/Src/stm32h7xx_hal_msp.o
 .comment       0x00000043       0x44 ./Core/Src/stm32h7xx_it.o
 .comment       0x00000043       0x44 ./Drivers/STM32H7xx_HAL_Driver/stm32h7xx_hal.o
 .comment       0x00000043       0x44 ./Drivers/STM32H7xx_HAL_Driver/stm32h7xx_hal_cortex.o
 .comment       0x00000043       0x44 ./Drivers/STM32H7xx_HAL_Driver/stm32h7xx_hal_dma.o
 .comment       0x00000043       0x44 ./Drivers/STM32H7xx_HAL_Driver/stm32h7xx_hal_gpio.o
 .comment       0x00000043       0x44 ./Drivers/STM32H7xx_HAL_Driver/stm32h7xx_hal_hsem.o
 .comment       0x00000043       0x44 ./Drivers/STM32H7xx_HAL_Driver/stm32h7xx_hal_i2c.o
 .comment       0x00000043       0x44 ./Drivers/STM32H7xx_HAL_Driver/stm32h7xx_hal_i2c_ex.o
 .comment       0x00000043       0x44 ./Drivers/STM32H7xx_HAL_Driver/stm32h7xx_hal_pwr_ex.o
 .comment       0x00000043       0x44 ./Drivers/STM32H7xx_HAL_Driver/stm32h7xx_hal_rcc.o
 .comment       0x00000043       0x44 ./Drivers/STM32H7xx_HAL_Driver/stm32h7xx_hal_rcc_ex.o
 .comment       0x00000043       0x44 ./Drivers/STM32H7xx_HAL_Driver/stm32h7xx_hal_sd.o
 .comment       0x00000043       0x44 ./Drivers/STM32H7xx_HAL_Driver/stm32h7xx_hal_spi.o
 .comment       0x00000043       0x44 ./Drivers/STM32H7xx_HAL_Driver/stm32h7xx_hal_uart.o
 .comment       0x00000043       0x44 ./Drivers/STM32H7xx_HAL_Driver/stm32h7xx_hal_uart_ex.o
 .comment       0x00000043       0x44 ./Drivers/STM32H7xx_HAL_Driver/stm32h7xx_ll_sdmmc.o
 .comment       0x00000043       0x44 ./FATFS/App/fatfs.o
 .comment       0x00000043       0x44 ./FATFS/Target/bsp_driver_sd.o
 .comment       0x00000043       0x44 ./FATFS/Target/sd_diskio.o
 .comment       0x00000043       0x44 ./Middlewares/Third_Party/FatFs/ff_gen_drv.o

.debug_frame    0x00000000     0x59f0
 .debug_frame   0x00000000       0x78 ./Common/Src/system_stm32h7xx_dualcore_boot_cm4_cm7.o
 .debug_frame   0x00000078      0x148 ./Core/Src/main.o
 .debug_frame   0x000001c0      0x168 ./Core/Src/stm32h7xx_hal_msp.o
 .debug_frame   0x00000328      0x190 ./Core/Src/stm32h7xx_it.o
 .debug_frame   0x000004b8      0x848 ./Drivers/STM32H7xx_HAL_Driver/stm32h7xx_hal.o
 .debug_frame   0x00000d00      0x508 ./Drivers/STM32H7xx_HAL_Driver/stm32h7xx_hal_cortex.o
 .debug_frame   0x00001208      0x2b4 ./Drivers/STM32H7xx_HAL_Driver/stm32h7xx_hal_dma.o
 .debug_frame   0x000014bc      0x14c ./Drivers/STM32H7xx_HAL_Driver/stm32h7xx_hal_gpio.o
 .debug_frame   0x00001608      0x1bc ./Drivers/STM32H7xx_HAL_Driver/stm32h7xx_hal_hsem.o
 .debug_frame   0x000017c4      0xc40 ./Drivers/STM32H7xx_HAL_Driver/stm32h7xx_hal_i2c.o
 .debug_frame   0x00002404      0x100 ./Drivers/STM32H7xx_HAL_Driver/stm32h7xx_hal_i2c_ex.o
 .debug_frame   0x00002504      0x5ec ./Drivers/STM32H7xx_HAL_Driver/stm32h7xx_hal_pwr_ex.o
 .debug_frame   0x00002af0      0x1f8 ./Drivers/STM32H7xx_HAL_Driver/stm32h7xx_hal_rcc.o
 .debug_frame   0x00002ce8      0x43c ./Drivers/STM32H7xx_HAL_Driver/stm32h7xx_hal_rcc_ex.o
 .debug_frame   0x00003124      0x670 ./Drivers/STM32H7xx_HAL_Driver/stm32h7xx_hal_sd.o
 .debug_frame   0x00003794      0x7a8 ./Drivers/STM32H7xx_HAL_Driver/stm32h7xx_hal_spi.o
 .debug_frame   0x00003f3c      0xa94 ./Drivers/STM32H7xx_HAL_Driver/stm32h7xx_hal_uart.o
 .debug_frame   0x000049d0      0x2c0 ./Drivers/STM32H7xx_HAL_Driver/stm32h7xx_hal_uart_ex.o
 .debug_frame   0x00004c90      0x818 ./Drivers/STM32H7xx_HAL_Driver/stm32h7xx_ll_sdmmc.o
 .debug_frame   0x000054a8       0x4c ./FATFS/App/fatfs.o
 .debug_frame   0x000054f4      0x23c ./FATFS/Target/bsp_driver_sd.o
 .debug_frame   0x00005730      0x14c ./FATFS/Target/sd_diskio.o
 .debug_frame   0x0000587c       0xc8 ./Middlewares/Third_Party/FatFs/ff_gen_drv.o
 .debug_frame   0x00005944       0x20 /home/dominik/st/stm32cubeide_1.15.1/plugins/com.st.stm32cube.ide.mcu.externaltools.gnu-tools-for-stm32.12.3.rel1.linux64_1.1.0.202410170702/tools/bin/../lib/gcc/arm-none-eabi/12.3.1/../../../../arm-none-eabi/lib/thumb/v7e-m+dp/hard/libc_nano.a(libc_a-memset.o)
 .debug_frame   0x00005964       0x2c /home/dominik/st/stm32cubeide_1.15.1/plugins/com.st.stm32cube.ide.mcu.externaltools.gnu-tools-for-stm32.12.3.rel1.linux64_1.1.0.202410170702/tools/bin/../lib/gcc/arm-none-eabi/12.3.1/../../../../arm-none-eabi/lib/thumb/v7e-m+dp/hard/libc_nano.a(libc_a-init.o)
 .debug_frame   0x00005990       0x2c /home/dominik/st/stm32cubeide_1.15.1/plugins/com.st.stm32cube.ide.mcu.externaltools.gnu-tools-for-stm32.12.3.rel1.linux64_1.1.0.202410170702/tools/bin/../lib/gcc/arm-none-eabi/12.3.1/thumb/v7e-m+dp/hard/libgcc.a(_aeabi_uldivmod.o)
 .debug_frame   0x000059bc       0x34 /home/dominik/st/stm32cubeide_1.15.1/plugins/com.st.stm32cube.ide.mcu.externaltools.gnu-tools-for-stm32.12.3.rel1.linux64_1.1.0.202410170702/tools/bin/../lib/gcc/arm-none-eabi/12.3.1/thumb/v7e-m+dp/hard/libgcc.a(_udivmoddi4.o)

.debug_line_str
                0x00000000       0x64
 .debug_line_str
                0x00000000       0x64 ./Core/Startup/startup_stm32h755zitx.o
