/home/dominik/st/stm32cubeide_1.15.1/plugins/com.st.stm32cube.ide.mcu.externaltools.gnu-tools-for-stm32.12.3.rel1.linux64_1.1.0.202410170702/tools/arm-none-eabi/include/c++/12.3.1/bits/char_traits.h:393:7:static std::size_t std::char_traits<char>::length(const char_type*)	16	static
/home/dominik/st/stm32cubeide_1.15.1/plugins/com.st.stm32cube.ide.mcu.externaltools.gnu-tools-for-stm32.12.3.rel1.linux64_1.1.0.202410170702/tools/arm-none-eabi/include/c++/12.3.1/arm-none-eabi/thumb/v7e-m+fp/softfp/bits/gthr-default.h:229:1:int __gthread_key_delete(__gthread_key_t)	16	static
/home/dominik/Documents/studium/sem08/SA/Voicemail-Box/Software/BSP_VoiceMailBox/src/utilities/Logger.cpp:11:2:VoiceMailBox::Logger::Logger(const std::string&)	16	static
/home/dominik/Documents/studium/sem08/SA/Voicemail-Box/Software/BSP_VoiceMailBox/src/utilities/Logger.cpp:20:2:VoiceMailBox::Logger::~Logger()	16	static
/home/dominik/Documents/studium/sem08/SA/Voicemail-Box/Software/BSP_VoiceMailBox/src/utilities/Logger.cpp:20:2:virtual VoiceMailBox::Logger::~Logger()	16	static
/home/dominik/Documents/studium/sem08/SA/Voicemail-Box/Software/BSP_VoiceMailBox/src/utilities/Logger.cpp:24:7:void VoiceMailBox::Logger::log(const std::string&)	72	static
/home/dominik/Documents/studium/sem08/SA/Voicemail-Box/Software/BSP_VoiceMailBox/src/utilities/Logger.cpp:31:7:)	332	static
/home/dominik/Documents/studium/sem08/SA/Voicemail-Box/Software/BSP_VoiceMailBox/src/utilities/Logger.cpp:49:7:void VoiceMailBox::Logger::logln(const std::string&)	72	static
/home/dominik/Documents/studium/sem08/SA/Voicemail-Box/Software/BSP_VoiceMailBox/src/utilities/Logger.cpp:57:7:)	332	static
/home/dominik/st/stm32cubeide_1.15.1/plugins/com.st.stm32cube.ide.mcu.externaltools.gnu-tools-for-stm32.12.3.rel1.linux64_1.1.0.202410170702/tools/arm-none-eabi/include/c++/12.3.1/bits/basic_string.tcc:610:5:std::__cxx11::basic_string<_CharT, _Traits, _Alloc> std::operator+(const _CharT*, const __cxx11::basic_string<_CharT, _Traits, _Alloc>&) [with _CharT = char; _Traits = char_traits<char>; _Alloc = allocator<char>]	40	static
/home/dominik/st/stm32cubeide_1.15.1/plugins/com.st.stm32cube.ide.mcu.externaltools.gnu-tools-for-stm32.12.3.rel1.linux64_1.1.0.202410170702/tools/arm-none-eabi/include/c++/12.3.1/bits/basic_string.h:3561:5:std::__cxx11::basic_string<_CharT, _Traits, _Alloc> std::operator+(__cxx11::basic_string<_CharT, _Traits, _Alloc>&&, const _CharT*) [with _CharT = char; _Traits = char_traits<char>; _Alloc = allocator<char>]	24	static
/home/dominik/st/stm32cubeide_1.15.1/plugins/com.st.stm32cube.ide.mcu.externaltools.gnu-tools-for-stm32.12.3.rel1.linux64_1.1.0.202410170702/tools/arm-none-eabi/include/c++/12.3.1/bits/move.h:104:5:constexpr typename std::remove_reference<_Tp>::type&& std::move(_Tp&&) [with _Tp = __cxx11::basic_string<char>&]	16	static
/home/dominik/st/stm32cubeide_1.15.1/plugins/com.st.stm32cube.ide.mcu.externaltools.gnu-tools-for-stm32.12.3.rel1.linux64_1.1.0.202410170702/tools/arm-none-eabi/include/c++/12.3.1/ext/alloc_traits.h:97:29:static constexpr _Alloc __gnu_cxx::__alloc_traits<_Alloc, <template-parameter-1-2> >::_S_select_on_copy(const _Alloc&) [with _Alloc = std::allocator<char>; <template-parameter-1-2> = char]	16	static
/home/dominik/st/stm32cubeide_1.15.1/plugins/com.st.stm32cube.ide.mcu.externaltools.gnu-tools-for-stm32.12.3.rel1.linux64_1.1.0.202410170702/tools/arm-none-eabi/include/c++/12.3.1/bits/alloc_traits.h:562:7:static std::allocator_traits<std::allocator<_CharT> >::allocator_type std::allocator_traits<std::allocator<_CharT> >::select_on_container_copy_construction(const allocator_type&) [with _Tp = char]	16	static
/home/dominik/Documents/studium/sem08/SA/Voicemail-Box/Software/BSP_VoiceMailBox/src/utilities/Logger.cpp:77:1:void __static_initialization_and_destruction_0(int, int)	16	static
/home/dominik/Documents/studium/sem08/SA/Voicemail-Box/Software/BSP_VoiceMailBox/src/utilities/Logger.cpp:77:1:cpp)	8	static
/home/dominik/Documents/studium/sem08/SA/Voicemail-Box/Software/BSP_VoiceMailBox/src/utilities/Logger.cpp:77:1:cpp)	8	static
