/home/dominik/st/stm32cubeide_1.15.1/plugins/com.st.stm32cube.ide.mcu.externaltools.gnu-tools-for-stm32.12.3.rel1.linux64_1.1.0.202410170702/tools/arm-none-eabi/include/c++/12.3.1/new:174:33:void* operator new(std::size_t, void*)	16	static
/home/dominik/Documents/studium/sem08/SA/Voicemail-Box/Software/BSP_VoiceMailBox/src/utilities/Updatable.cpp:8:2:VoiceMailBox::Updatable::Updatable()	24	static
/home/dominik/Documents/studium/sem08/SA/Voicemail-Box/Software/BSP_VoiceMailBox/src/utilities/Updatable.cpp:12:2:VoiceMailBox::Updatable::~Updatable()	48	static
/home/dominik/Documents/studium/sem08/SA/Voicemail-Box/Software/BSP_VoiceMailBox/src/utilities/Updatable.cpp:12:2:virtual VoiceMailBox::Updatable::~Updatable()	16	static
/home/dominik/Documents/studium/sem08/SA/Voicemail-Box/Software/BSP_VoiceMailBox/src/utilities/Updatable.cpp:20:7:static void VoiceMailBox::Updatable::updateInstances()	24	static
/home/dominik/st/stm32cubeide_1.15.1/plugins/com.st.stm32cube.ide.mcu.externaltools.gnu-tools-for-stm32.12.3.rel1.linux64_1.1.0.202410170702/tools/arm-none-eabi/include/c++/12.3.1/bits/stl_vector.h:133:14:std::_Vector_base<VoiceMailBox::Updatable*, std::allocator<VoiceMailBox::Updatable*> >::_Vector_impl::~_Vector_impl()	16	static
/home/dominik/st/stm32cubeide_1.15.1/plugins/com.st.stm32cube.ide.mcu.externaltools.gnu-tools-for-stm32.12.3.rel1.linux64_1.1.0.202410170702/tools/arm-none-eabi/include/c++/12.3.1/bits/stl_vector.h:312:7:std::_Vector_base<_Tp, _Alloc>::_Vector_base() [with _Tp = VoiceMailBox::Updatable*; _Alloc = std::allocator<VoiceMailBox::Updatable*>]	16	static
/home/dominik/st/stm32cubeide_1.15.1/plugins/com.st.stm32cube.ide.mcu.externaltools.gnu-tools-for-stm32.12.3.rel1.linux64_1.1.0.202410170702/tools/arm-none-eabi/include/c++/12.3.1/bits/stl_vector.h:526:7:std::vector<_Tp, _Alloc>::vector() [with _Tp = VoiceMailBox::Updatable*; _Alloc = std::allocator<VoiceMailBox::Updatable*>]	16	static
/home/dominik/Documents/studium/sem08/SA/Voicemail-Box/Software/BSP_VoiceMailBox/src/utilities/Updatable.cpp:28:34:void __tcf_0()	8	static
/home/dominik/Documents/studium/sem08/SA/Voicemail-Box/Software/BSP_VoiceMailBox/src/utilities/Updatable.cpp:26:27:static std::vector<VoiceMailBox::Updatable*>& VoiceMailBox::Updatable::getInstances()	8	static
/home/dominik/st/stm32cubeide_1.15.1/plugins/com.st.stm32cube.ide.mcu.externaltools.gnu-tools-for-stm32.12.3.rel1.linux64_1.1.0.202410170702/tools/arm-none-eabi/include/c++/12.3.1/bits/stl_vector.h:1293:7:void std::vector<_Tp, _Alloc>::push_back(value_type&&) [with _Tp = VoiceMailBox::Updatable*; _Alloc = std::allocator<VoiceMailBox::Updatable*>]	16	static
/home/dominik/st/stm32cubeide_1.15.1/plugins/com.st.stm32cube.ide.mcu.externaltools.gnu-tools-for-stm32.12.3.rel1.linux64_1.1.0.202410170702/tools/arm-none-eabi/include/c++/12.3.1/bits/stl_vector.h:868:7:std::vector<_Tp, _Alloc>::iterator std::vector<_Tp, _Alloc>::begin() [with _Tp = VoiceMailBox::Updatable*; _Alloc = std::allocator<VoiceMailBox::Updatable*>]	24	static
/home/dominik/st/stm32cubeide_1.15.1/plugins/com.st.stm32cube.ide.mcu.externaltools.gnu-tools-for-stm32.12.3.rel1.linux64_1.1.0.202410170702/tools/arm-none-eabi/include/c++/12.3.1/bits/stl_vector.h:888:7:std::vector<_Tp, _Alloc>::iterator std::vector<_Tp, _Alloc>::end() [with _Tp = VoiceMailBox::Updatable*; _Alloc = std::allocator<VoiceMailBox::Updatable*>]	24	static
/home/dominik/st/stm32cubeide_1.15.1/plugins/com.st.stm32cube.ide.mcu.externaltools.gnu-tools-for-stm32.12.3.rel1.linux64_1.1.0.202410170702/tools/arm-none-eabi/include/c++/12.3.1/bits/stl_algo.h:3843:5:_IIter std::find(_IIter, _IIter, const _Tp&) [with _IIter = __gnu_cxx::__normal_iterator<VoiceMailBox::Updatable**, vector<VoiceMailBox::Updatable*> >; _Tp = VoiceMailBox::Updatable*]	24	static
/home/dominik/st/stm32cubeide_1.15.1/plugins/com.st.stm32cube.ide.mcu.externaltools.gnu-tools-for-stm32.12.3.rel1.linux64_1.1.0.202410170702/tools/arm-none-eabi/include/c++/12.3.1/bits/stl_iterator.h:1237:5:bool __gnu_cxx::operator!=(const __normal_iterator<_Iterator, _Container>&, const __normal_iterator<_Iterator, _Container>&) [with _Iterator = VoiceMailBox::Updatable**; _Container = std::vector<VoiceMailBox::Updatable*>]	24	static
/home/dominik/st/stm32cubeide_1.15.1/plugins/com.st.stm32cube.ide.mcu.externaltools.gnu-tools-for-stm32.12.3.rel1.linux64_1.1.0.202410170702/tools/arm-none-eabi/include/c++/12.3.1/bits/stl_iterator.h:1079:2:__gnu_cxx::__normal_iterator<_Iterator, _Container>::__normal_iterator(const __gnu_cxx::__normal_iterator<_Iter, _Container>&) [with _Iter = VoiceMailBox::Updatable**; <template-parameter-2-2> = void; _Iterator = VoiceMailBox::Updatable* const*; _Container = std::vector<VoiceMailBox::Updatable*>]	16	static
/home/dominik/st/stm32cubeide_1.15.1/plugins/com.st.stm32cube.ide.mcu.externaltools.gnu-tools-for-stm32.12.3.rel1.linux64_1.1.0.202410170702/tools/arm-none-eabi/include/c++/12.3.1/bits/stl_vector.h:1529:7:std::vector<_Tp, _Alloc>::iterator std::vector<_Tp, _Alloc>::erase(const_iterator) [with _Tp = VoiceMailBox::Updatable*; _Alloc = std::allocator<VoiceMailBox::Updatable*>]	24	static
/home/dominik/st/stm32cubeide_1.15.1/plugins/com.st.stm32cube.ide.mcu.externaltools.gnu-tools-for-stm32.12.3.rel1.linux64_1.1.0.202410170702/tools/arm-none-eabi/include/c++/12.3.1/bits/stl_iterator.h:1105:7:__gnu_cxx::__normal_iterator<_Iterator, _Container>& __gnu_cxx::__normal_iterator<_Iterator, _Container>::operator++() [with _Iterator = VoiceMailBox::Updatable**; _Container = std::vector<VoiceMailBox::Updatable*>]	16	static
/home/dominik/st/stm32cubeide_1.15.1/plugins/com.st.stm32cube.ide.mcu.externaltools.gnu-tools-for-stm32.12.3.rel1.linux64_1.1.0.202410170702/tools/arm-none-eabi/include/c++/12.3.1/bits/stl_iterator.h:1095:7:__gnu_cxx::__normal_iterator<_Iterator, _Container>::reference __gnu_cxx::__normal_iterator<_Iterator, _Container>::operator*() const [with _Iterator = VoiceMailBox::Updatable**; _Container = std::vector<VoiceMailBox::Updatable*>]	16	static
/home/dominik/st/stm32cubeide_1.15.1/plugins/com.st.stm32cube.ide.mcu.externaltools.gnu-tools-for-stm32.12.3.rel1.linux64_1.1.0.202410170702/tools/arm-none-eabi/include/c++/12.3.1/bits/stl_vector.h:137:2:std::_Vector_base<_Tp, _Alloc>::_Vector_impl::_Vector_impl() [with _Tp = VoiceMailBox::Updatable*; _Alloc = std::allocator<VoiceMailBox::Updatable*>]	16	static
/home/dominik/st/stm32cubeide_1.15.1/plugins/com.st.stm32cube.ide.mcu.externaltools.gnu-tools-for-stm32.12.3.rel1.linux64_1.1.0.202410170702/tools/arm-none-eabi/include/c++/12.3.1/bits/allocator.h:174:7:std::allocator< <template-parameter-1-1> >::~allocator() [with _Tp = VoiceMailBox::Updatable*]	16	static
/home/dominik/st/stm32cubeide_1.15.1/plugins/com.st.stm32cube.ide.mcu.externaltools.gnu-tools-for-stm32.12.3.rel1.linux64_1.1.0.202410170702/tools/arm-none-eabi/include/c++/12.3.1/bits/stl_vector.h:364:7:std::_Vector_base<_Tp, _Alloc>::~_Vector_base() [with _Tp = VoiceMailBox::Updatable*; _Alloc = std::allocator<VoiceMailBox::Updatable*>]	16	static
/home/dominik/st/stm32cubeide_1.15.1/plugins/com.st.stm32cube.ide.mcu.externaltools.gnu-tools-for-stm32.12.3.rel1.linux64_1.1.0.202410170702/tools/arm-none-eabi/include/c++/12.3.1/bits/stl_vector.h:728:7:std::vector<_Tp, _Alloc>::~vector() [with _Tp = VoiceMailBox::Updatable*; _Alloc = std::allocator<VoiceMailBox::Updatable*>]	24	static
/home/dominik/st/stm32cubeide_1.15.1/plugins/com.st.stm32cube.ide.mcu.externaltools.gnu-tools-for-stm32.12.3.rel1.linux64_1.1.0.202410170702/tools/arm-none-eabi/include/c++/12.3.1/bits/move.h:104:5:constexpr typename std::remove_reference<_Tp>::type&& std::move(_Tp&&) [with _Tp = VoiceMailBox::Updatable*&]	16	static
/home/dominik/st/stm32cubeide_1.15.1/plugins/com.st.stm32cube.ide.mcu.externaltools.gnu-tools-for-stm32.12.3.rel1.linux64_1.1.0.202410170702/tools/arm-none-eabi/include/c++/12.3.1/bits/vector.tcc:111:7:) [with _Args = {VoiceMailBox::Updatable*}; _Tp = VoiceMailBox::Updatable*; _Alloc = std::allocator<VoiceMailBox::Updatable*>]	24	static
/home/dominik/st/stm32cubeide_1.15.1/plugins/com.st.stm32cube.ide.mcu.externaltools.gnu-tools-for-stm32.12.3.rel1.linux64_1.1.0.202410170702/tools/arm-none-eabi/include/c++/12.3.1/bits/stl_iterator.h:1072:7:__gnu_cxx::__normal_iterator<_Iterator, _Container>::__normal_iterator(const _Iterator&) [with _Iterator = VoiceMailBox::Updatable**; _Container = std::vector<VoiceMailBox::Updatable*>]	16	static
/home/dominik/st/stm32cubeide_1.15.1/plugins/com.st.stm32cube.ide.mcu.externaltools.gnu-tools-for-stm32.12.3.rel1.linux64_1.1.0.202410170702/tools/arm-none-eabi/include/c++/12.3.1/bits/predefined_ops.h:276:5:__gnu_cxx::__ops::_Iter_equals_val<_Value> __gnu_cxx::__ops::__iter_equals_val(_Value&) [with _Value = VoiceMailBox::Updatable* const]	24	static
/home/dominik/st/stm32cubeide_1.15.1/plugins/com.st.stm32cube.ide.mcu.externaltools.gnu-tools-for-stm32.12.3.rel1.linux64_1.1.0.202410170702/tools/arm-none-eabi/include/c++/12.3.1/bits/stl_algobase.h:2110:5:_Iterator std::__find_if(_Iterator, _Iterator, _Predicate) [with _Iterator = __gnu_cxx::__normal_iterator<VoiceMailBox::Updatable**, vector<VoiceMailBox::Updatable*> >; _Predicate = __gnu_cxx::__ops::_Iter_equals_val<VoiceMailBox::Updatable* const>]	32	static
/home/dominik/st/stm32cubeide_1.15.1/plugins/com.st.stm32cube.ide.mcu.externaltools.gnu-tools-for-stm32.12.3.rel1.linux64_1.1.0.202410170702/tools/arm-none-eabi/include/c++/12.3.1/bits/stl_iterator.h:1158:7:const _Iterator& __gnu_cxx::__normal_iterator<_Iterator, _Container>::base() const [with _Iterator = VoiceMailBox::Updatable**; _Container = std::vector<VoiceMailBox::Updatable*>]	16	static
/home/dominik/st/stm32cubeide_1.15.1/plugins/com.st.stm32cube.ide.mcu.externaltools.gnu-tools-for-stm32.12.3.rel1.linux64_1.1.0.202410170702/tools/arm-none-eabi/include/c++/12.3.1/bits/stl_vector.h:949:7:std::vector<_Tp, _Alloc>::const_iterator std::vector<_Tp, _Alloc>::cbegin() const [with _Tp = VoiceMailBox::Updatable*; _Alloc = std::allocator<VoiceMailBox::Updatable*>]	24	static
/home/dominik/st/stm32cubeide_1.15.1/plugins/com.st.stm32cube.ide.mcu.externaltools.gnu-tools-for-stm32.12.3.rel1.linux64_1.1.0.202410170702/tools/arm-none-eabi/include/c++/12.3.1/bits/stl_iterator.h:1330:5:typename __gnu_cxx::__normal_iterator<_Iterator, _Container>::difference_type __gnu_cxx::operator-(const __normal_iterator<_Iterator, _Container>&, const __normal_iterator<_Iterator, _Container>&) [with _Iterator = VoiceMailBox::Updatable* const*; _Container = std::vector<VoiceMailBox::Updatable*>]	24	static
/home/dominik/st/stm32cubeide_1.15.1/plugins/com.st.stm32cube.ide.mcu.externaltools.gnu-tools-for-stm32.12.3.rel1.linux64_1.1.0.202410170702/tools/arm-none-eabi/include/c++/12.3.1/bits/stl_iterator.h:1143:7:__gnu_cxx::__normal_iterator<_Iterator, _Container> __gnu_cxx::__normal_iterator<_Iterator, _Container>::operator+(difference_type) const [with _Iterator = VoiceMailBox::Updatable**; _Container = std::vector<VoiceMailBox::Updatable*>]	24	static
/home/dominik/st/stm32cubeide_1.15.1/plugins/com.st.stm32cube.ide.mcu.externaltools.gnu-tools-for-stm32.12.3.rel1.linux64_1.1.0.202410170702/tools/arm-none-eabi/include/c++/12.3.1/bits/vector.tcc:175:5:std::vector<_Tp, _Alloc>::iterator std::vector<_Tp, _Alloc>::_M_erase(iterator) [with _Tp = VoiceMailBox::Updatable*; _Alloc = std::allocator<VoiceMailBox::Updatable*>]	32	static
/home/dominik/st/stm32cubeide_1.15.1/plugins/com.st.stm32cube.ide.mcu.externaltools.gnu-tools-for-stm32.12.3.rel1.linux64_1.1.0.202410170702/tools/arm-none-eabi/include/c++/12.3.1/bits/allocator.h:156:7:std::allocator< <template-parameter-1-1> >::allocator() [with _Tp = VoiceMailBox::Updatable*]	16	static
/home/dominik/st/stm32cubeide_1.15.1/plugins/com.st.stm32cube.ide.mcu.externaltools.gnu-tools-for-stm32.12.3.rel1.linux64_1.1.0.202410170702/tools/arm-none-eabi/include/c++/12.3.1/bits/stl_vector.h:99:2:std::_Vector_base<_Tp, _Alloc>::_Vector_impl_data::_Vector_impl_data() [with _Tp = VoiceMailBox::Updatable*; _Alloc = std::allocator<VoiceMailBox::Updatable*>]	16	static
/home/dominik/st/stm32cubeide_1.15.1/plugins/com.st.stm32cube.ide.mcu.externaltools.gnu-tools-for-stm32.12.3.rel1.linux64_1.1.0.202410170702/tools/arm-none-eabi/include/c++/12.3.1/bits/new_allocator.h:90:7:std::__new_allocator<_Tp>::~__new_allocator() [with _Tp = VoiceMailBox::Updatable*]	16	static
/home/dominik/st/stm32cubeide_1.15.1/plugins/com.st.stm32cube.ide.mcu.externaltools.gnu-tools-for-stm32.12.3.rel1.linux64_1.1.0.202410170702/tools/arm-none-eabi/include/c++/12.3.1/bits/stl_vector.h:383:7:void std::_Vector_base<_Tp, _Alloc>::_M_deallocate(pointer, std::size_t) [with _Tp = VoiceMailBox::Updatable*; _Alloc = std::allocator<VoiceMailBox::Updatable*>]	24	static
/home/dominik/st/stm32cubeide_1.15.1/plugins/com.st.stm32cube.ide.mcu.externaltools.gnu-tools-for-stm32.12.3.rel1.linux64_1.1.0.202410170702/tools/arm-none-eabi/include/c++/12.3.1/bits/stl_vector.h:298:7:std::_Vector_base<_Tp, _Alloc>::_Tp_alloc_type& std::_Vector_base<_Tp, _Alloc>::_M_get_Tp_allocator() [with _Tp = VoiceMailBox::Updatable*; _Alloc = std::allocator<VoiceMailBox::Updatable*>]	16	static
/home/dominik/st/stm32cubeide_1.15.1/plugins/com.st.stm32cube.ide.mcu.externaltools.gnu-tools-for-stm32.12.3.rel1.linux64_1.1.0.202410170702/tools/arm-none-eabi/include/c++/12.3.1/bits/alloc_traits.h:847:5:void std::_Destroy(_ForwardIterator, _ForwardIterator, allocator<_T2>&) [with _ForwardIterator = VoiceMailBox::Updatable**; _Tp = VoiceMailBox::Updatable*]	24	static
/home/dominik/st/stm32cubeide_1.15.1/plugins/com.st.stm32cube.ide.mcu.externaltools.gnu-tools-for-stm32.12.3.rel1.linux64_1.1.0.202410170702/tools/arm-none-eabi/include/c++/12.3.1/bits/move.h:77:5:constexpr _Tp&& std::forward(typename remove_reference<_Tp>::type&) [with _Tp = VoiceMailBox::Updatable*]	16	static
/home/dominik/st/stm32cubeide_1.15.1/plugins/com.st.stm32cube.ide.mcu.externaltools.gnu-tools-for-stm32.12.3.rel1.linux64_1.1.0.202410170702/tools/arm-none-eabi/include/c++/12.3.1/bits/alloc_traits.h:511:2:) [with _Up = VoiceMailBox::Updatable*; _Args = {VoiceMailBox::Updatable*}; _Tp = VoiceMailBox::Updatable*]	24	static
/home/dominik/st/stm32cubeide_1.15.1/plugins/com.st.stm32cube.ide.mcu.externaltools.gnu-tools-for-stm32.12.3.rel1.linux64_1.1.0.202410170702/tools/arm-none-eabi/include/c++/12.3.1/bits/stl_vector.h:478:7:static constexpr bool std::vector<_Tp, _Alloc>::_S_use_relocate() [with _Tp = VoiceMailBox::Updatable*; _Alloc = std::allocator<VoiceMailBox::Updatable*>]	16	static
/home/dominik/st/stm32cubeide_1.15.1/plugins/com.st.stm32cube.ide.mcu.externaltools.gnu-tools-for-stm32.12.3.rel1.linux64_1.1.0.202410170702/tools/arm-none-eabi/include/c++/12.3.1/bits/stl_vector.h:465:7:static constexpr bool std::vector<_Tp, _Alloc>::_S_nothrow_relocate(std::true_type) [with _Tp = VoiceMailBox::Updatable*; _Alloc = std::allocator<VoiceMailBox::Updatable*>]	16	static
/home/dominik/st/stm32cubeide_1.15.1/plugins/com.st.stm32cube.ide.mcu.externaltools.gnu-tools-for-stm32.12.3.rel1.linux64_1.1.0.202410170702/tools/arm-none-eabi/include/c++/12.3.1/bits/vector.tcc:439:7:) [with _Args = {VoiceMailBox::Updatable*}; _Tp = VoiceMailBox::Updatable*; _Alloc = std::allocator<VoiceMailBox::Updatable*>]	64	static
/home/dominik/st/stm32cubeide_1.15.1/plugins/com.st.stm32cube.ide.mcu.externaltools.gnu-tools-for-stm32.12.3.rel1.linux64_1.1.0.202410170702/tools/arm-none-eabi/include/c++/12.3.1/bits/predefined_ops.h:262:7:__gnu_cxx::__ops::_Iter_equals_val<_Value>::_Iter_equals_val(_Value&) [with _Value = VoiceMailBox::Updatable* const]	16	static
/home/dominik/st/stm32cubeide_1.15.1/plugins/com.st.stm32cube.ide.mcu.externaltools.gnu-tools-for-stm32.12.3.rel1.linux64_1.1.0.202410170702/tools/arm-none-eabi/include/c++/12.3.1/bits/stl_iterator_base_types.h:238:5:constexpr typename std::iterator_traits< <template-parameter-1-1> >::iterator_category std::__iterator_category(const _Iter&) [with _Iter = __gnu_cxx::__normal_iterator<VoiceMailBox::Updatable**, vector<VoiceMailBox::Updatable*> >]	16	static
/home/dominik/st/stm32cubeide_1.15.1/plugins/com.st.stm32cube.ide.mcu.externaltools.gnu-tools-for-stm32.12.3.rel1.linux64_1.1.0.202410170702/tools/arm-none-eabi/include/c++/12.3.1/bits/stl_algobase.h:2059:5:_RandomAccessIterator std::__find_if(_RandomAccessIterator, _RandomAccessIterator, _Predicate, random_access_iterator_tag) [with _RandomAccessIterator = __gnu_cxx::__normal_iterator<VoiceMailBox::Updatable**, vector<VoiceMailBox::Updatable*> >; _Predicate = __gnu_cxx::__ops::_Iter_equals_val<VoiceMailBox::Updatable* const>]	32	static
/home/dominik/st/stm32cubeide_1.15.1/plugins/com.st.stm32cube.ide.mcu.externaltools.gnu-tools-for-stm32.12.3.rel1.linux64_1.1.0.202410170702/tools/arm-none-eabi/include/c++/12.3.1/bits/stl_iterator.h:1072:7:__gnu_cxx::__normal_iterator<_Iterator, _Container>::__normal_iterator(const _Iterator&) [with _Iterator = VoiceMailBox::Updatable* const*; _Container = std::vector<VoiceMailBox::Updatable*>]	16	static
/home/dominik/st/stm32cubeide_1.15.1/plugins/com.st.stm32cube.ide.mcu.externaltools.gnu-tools-for-stm32.12.3.rel1.linux64_1.1.0.202410170702/tools/arm-none-eabi/include/c++/12.3.1/bits/stl_iterator.h:1158:7:const _Iterator& __gnu_cxx::__normal_iterator<_Iterator, _Container>::base() const [with _Iterator = VoiceMailBox::Updatable* const*; _Container = std::vector<VoiceMailBox::Updatable*>]	16	static
/home/dominik/st/stm32cubeide_1.15.1/plugins/com.st.stm32cube.ide.mcu.externaltools.gnu-tools-for-stm32.12.3.rel1.linux64_1.1.0.202410170702/tools/arm-none-eabi/include/c++/12.3.1/bits/stl_algobase.h:644:5:_OI std::move(_II, _II, _OI) [with _II = __gnu_cxx::__normal_iterator<VoiceMailBox::Updatable**, vector<VoiceMailBox::Updatable*> >; _OI = __gnu_cxx::__normal_iterator<VoiceMailBox::Updatable**, vector<VoiceMailBox::Updatable*> >]	32	static
/home/dominik/st/stm32cubeide_1.15.1/plugins/com.st.stm32cube.ide.mcu.externaltools.gnu-tools-for-stm32.12.3.rel1.linux64_1.1.0.202410170702/tools/arm-none-eabi/include/c++/12.3.1/bits/alloc_traits.h:531:2:static void std::allocator_traits<std::allocator<_Tp1> >::destroy(allocator_type&, _Up*) [with _Up = VoiceMailBox::Updatable*; _Tp = VoiceMailBox::Updatable*]	16	static
/home/dominik/st/stm32cubeide_1.15.1/plugins/com.st.stm32cube.ide.mcu.externaltools.gnu-tools-for-stm32.12.3.rel1.linux64_1.1.0.202410170702/tools/arm-none-eabi/include/c++/12.3.1/bits/new_allocator.h:80:7:std::__new_allocator<_Tp>::__new_allocator() [with _Tp = VoiceMailBox::Updatable*]	16	static
/home/dominik/st/stm32cubeide_1.15.1/plugins/com.st.stm32cube.ide.mcu.externaltools.gnu-tools-for-stm32.12.3.rel1.linux64_1.1.0.202410170702/tools/arm-none-eabi/include/c++/12.3.1/bits/alloc_traits.h:495:7:static void std::allocator_traits<std::allocator<_Tp1> >::deallocate(allocator_type&, pointer, size_type) [with _Tp = VoiceMailBox::Updatable*]	24	static
/home/dominik/st/stm32cubeide_1.15.1/plugins/com.st.stm32cube.ide.mcu.externaltools.gnu-tools-for-stm32.12.3.rel1.linux64_1.1.0.202410170702/tools/arm-none-eabi/include/c++/12.3.1/bits/stl_construct.h:182:5:void std::_Destroy(_ForwardIterator, _ForwardIterator) [with _ForwardIterator = VoiceMailBox::Updatable**]	16	static
/home/dominik/st/stm32cubeide_1.15.1/plugins/com.st.stm32cube.ide.mcu.externaltools.gnu-tools-for-stm32.12.3.rel1.linux64_1.1.0.202410170702/tools/arm-none-eabi/include/c++/12.3.1/bits/new_allocator.h:173:2:) [with _Up = VoiceMailBox::Updatable*; _Args = {VoiceMailBox::Updatable*}; _Tp = VoiceMailBox::Updatable*]	32	static
/home/dominik/st/stm32cubeide_1.15.1/plugins/com.st.stm32cube.ide.mcu.externaltools.gnu-tools-for-stm32.12.3.rel1.linux64_1.1.0.202410170702/tools/arm-none-eabi/include/c++/12.3.1/bits/stl_vector.h:1891:7:std::vector<_Tp, _Alloc>::size_type std::vector<_Tp, _Alloc>::_M_check_len(size_type, const char*) const [with _Tp = VoiceMailBox::Updatable*; _Alloc = std::allocator<VoiceMailBox::Updatable*>]	40	static
/home/dominik/st/stm32cubeide_1.15.1/plugins/com.st.stm32cube.ide.mcu.externaltools.gnu-tools-for-stm32.12.3.rel1.linux64_1.1.0.202410170702/tools/arm-none-eabi/include/c++/12.3.1/bits/stl_iterator.h:1330:5:typename __gnu_cxx::__normal_iterator<_Iterator, _Container>::difference_type __gnu_cxx::operator-(const __normal_iterator<_Iterator, _Container>&, const __normal_iterator<_Iterator, _Container>&) [with _Iterator = VoiceMailBox::Updatable**; _Container = std::vector<VoiceMailBox::Updatable*>]	24	static
/home/dominik/st/stm32cubeide_1.15.1/plugins/com.st.stm32cube.ide.mcu.externaltools.gnu-tools-for-stm32.12.3.rel1.linux64_1.1.0.202410170702/tools/arm-none-eabi/include/c++/12.3.1/bits/stl_vector.h:375:7:std::_Vector_base<_Tp, _Alloc>::pointer std::_Vector_base<_Tp, _Alloc>::_M_allocate(std::size_t) [with _Tp = VoiceMailBox::Updatable*; _Alloc = std::allocator<VoiceMailBox::Updatable*>]	16	static
/home/dominik/st/stm32cubeide_1.15.1/plugins/com.st.stm32cube.ide.mcu.externaltools.gnu-tools-for-stm32.12.3.rel1.linux64_1.1.0.202410170702/tools/arm-none-eabi/include/c++/12.3.1/bits/stl_vector.h:499:7:static std::vector<_Tp, _Alloc>::pointer std::vector<_Tp, _Alloc>::_S_relocate(pointer, pointer, pointer, _Tp_alloc_type&) [with _Tp = VoiceMailBox::Updatable*; _Alloc = std::allocator<VoiceMailBox::Updatable*>]	40	static
/home/dominik/st/stm32cubeide_1.15.1/plugins/com.st.stm32cube.ide.mcu.externaltools.gnu-tools-for-stm32.12.3.rel1.linux64_1.1.0.202410170702/tools/arm-none-eabi/include/c++/12.3.1/bits/stl_uninitialized.h:391:5:_ForwardIterator std::__uninitialized_move_if_noexcept_a(_InputIterator, _InputIterator, _ForwardIterator, _Allocator&) [with _InputIterator = VoiceMailBox::Updatable**; _ForwardIterator = VoiceMailBox::Updatable**; _Allocator = allocator<VoiceMailBox::Updatable*>]	32	static
/home/dominik/st/stm32cubeide_1.15.1/plugins/com.st.stm32cube.ide.mcu.externaltools.gnu-tools-for-stm32.12.3.rel1.linux64_1.1.0.202410170702/tools/arm-none-eabi/include/c++/12.3.1/bits/predefined_ops.h:269:2:bool __gnu_cxx::__ops::_Iter_equals_val<_Value>::operator()(_Iterator) [with _Iterator = __gnu_cxx::__normal_iterator<VoiceMailBox::Updatable**, std::vector<VoiceMailBox::Updatable*> >; _Value = VoiceMailBox::Updatable* const]	16	static
/home/dominik/st/stm32cubeide_1.15.1/plugins/com.st.stm32cube.ide.mcu.externaltools.gnu-tools-for-stm32.12.3.rel1.linux64_1.1.0.202410170702/tools/arm-none-eabi/include/c++/12.3.1/bits/cpp_type_traits.h:562:5:_Iterator std::__miter_base(_Iterator) [with _Iterator = __gnu_cxx::__normal_iterator<VoiceMailBox::Updatable**, vector<VoiceMailBox::Updatable*> >]	16	static
/home/dominik/st/stm32cubeide_1.15.1/plugins/com.st.stm32cube.ide.mcu.externaltools.gnu-tools-for-stm32.12.3.rel1.linux64_1.1.0.202410170702/tools/arm-none-eabi/include/c++/12.3.1/bits/stl_algobase.h:527:5:_OI std::__copy_move_a(_II, _II, _OI) [with bool _IsMove = true; _II = __gnu_cxx::__normal_iterator<VoiceMailBox::Updatable**, vector<VoiceMailBox::Updatable*> >; _OI = __gnu_cxx::__normal_iterator<VoiceMailBox::Updatable**, vector<VoiceMailBox::Updatable*> >]	32	static
/home/dominik/st/stm32cubeide_1.15.1/plugins/com.st.stm32cube.ide.mcu.externaltools.gnu-tools-for-stm32.12.3.rel1.linux64_1.1.0.202410170702/tools/arm-none-eabi/include/c++/12.3.1/bits/new_allocator.h:179:2:void std::__new_allocator<_Tp>::destroy(_Up*) [with _Up = VoiceMailBox::Updatable*; _Tp = VoiceMailBox::Updatable*]	16	static
/home/dominik/st/stm32cubeide_1.15.1/plugins/com.st.stm32cube.ide.mcu.externaltools.gnu-tools-for-stm32.12.3.rel1.linux64_1.1.0.202410170702/tools/arm-none-eabi/include/c++/12.3.1/bits/new_allocator.h:142:7:void std::__new_allocator<_Tp>::deallocate(_Tp*, size_type) [with _Tp = VoiceMailBox::Updatable*]	24	static
/home/dominik/st/stm32cubeide_1.15.1/plugins/com.st.stm32cube.ide.mcu.externaltools.gnu-tools-for-stm32.12.3.rel1.linux64_1.1.0.202410170702/tools/arm-none-eabi/include/c++/12.3.1/bits/stl_construct.h:172:9:static void std::_Destroy_aux<true>::__destroy(_ForwardIterator, _ForwardIterator) [with _ForwardIterator = VoiceMailBox::Updatable**]	16	static
/home/dominik/st/stm32cubeide_1.15.1/plugins/com.st.stm32cube.ide.mcu.externaltools.gnu-tools-for-stm32.12.3.rel1.linux64_1.1.0.202410170702/tools/arm-none-eabi/include/c++/12.3.1/bits/stl_vector.h:993:7:std::vector<_Tp, _Alloc>::size_type std::vector<_Tp, _Alloc>::max_size() const [with _Tp = VoiceMailBox::Updatable*; _Alloc = std::allocator<VoiceMailBox::Updatable*>]	16	static
/home/dominik/st/stm32cubeide_1.15.1/plugins/com.st.stm32cube.ide.mcu.externaltools.gnu-tools-for-stm32.12.3.rel1.linux64_1.1.0.202410170702/tools/arm-none-eabi/include/c++/12.3.1/bits/stl_vector.h:987:7:std::vector<_Tp, _Alloc>::size_type std::vector<_Tp, _Alloc>::size() const [with _Tp = VoiceMailBox::Updatable*; _Alloc = std::allocator<VoiceMailBox::Updatable*>]	16	static
/home/dominik/st/stm32cubeide_1.15.1/plugins/com.st.stm32cube.ide.mcu.externaltools.gnu-tools-for-stm32.12.3.rel1.linux64_1.1.0.202410170702/tools/arm-none-eabi/include/c++/12.3.1/bits/stl_algobase.h:254:5:constexpr const _Tp& std::max(const _Tp&, const _Tp&) [with _Tp = unsigned int]	16	static
/home/dominik/st/stm32cubeide_1.15.1/plugins/com.st.stm32cube.ide.mcu.externaltools.gnu-tools-for-stm32.12.3.rel1.linux64_1.1.0.202410170702/tools/arm-none-eabi/include/c++/12.3.1/bits/alloc_traits.h:463:7:static _Tp* std::allocator_traits<std::allocator<_Tp1> >::allocate(allocator_type&, size_type) [with _Tp = VoiceMailBox::Updatable*]	16	static
/home/dominik/st/stm32cubeide_1.15.1/plugins/com.st.stm32cube.ide.mcu.externaltools.gnu-tools-for-stm32.12.3.rel1.linux64_1.1.0.202410170702/tools/arm-none-eabi/include/c++/12.3.1/bits/stl_vector.h:487:7:static std::vector<_Tp, _Alloc>::pointer std::vector<_Tp, _Alloc>::_S_do_relocate(pointer, pointer, pointer, _Tp_alloc_type&, std::true_type) [with _Tp = VoiceMailBox::Updatable*; _Alloc = std::allocator<VoiceMailBox::Updatable*>]	24	static
/home/dominik/st/stm32cubeide_1.15.1/plugins/com.st.stm32cube.ide.mcu.externaltools.gnu-tools-for-stm32.12.3.rel1.linux64_1.1.0.202410170702/tools/arm-none-eabi/include/c++/12.3.1/bits/stl_iterator.h:1828:5:_ReturnType std::__make_move_if_noexcept_iterator(_Tp*) [with _Tp = VoiceMailBox::Updatable*; _ReturnType = move_iterator<VoiceMailBox::Updatable**>]	24	static
/home/dominik/st/stm32cubeide_1.15.1/plugins/com.st.stm32cube.ide.mcu.externaltools.gnu-tools-for-stm32.12.3.rel1.linux64_1.1.0.202410170702/tools/arm-none-eabi/include/c++/12.3.1/bits/stl_uninitialized.h:365:5:_ForwardIterator std::__uninitialized_copy_a(_InputIterator, _InputIterator, _ForwardIterator, allocator<_Tp>&) [with _InputIterator = move_iterator<VoiceMailBox::Updatable**>; _ForwardIterator = VoiceMailBox::Updatable**; _Tp = VoiceMailBox::Updatable*]	24	static
/home/dominik/st/stm32cubeide_1.15.1/plugins/com.st.stm32cube.ide.mcu.externaltools.gnu-tools-for-stm32.12.3.rel1.linux64_1.1.0.202410170702/tools/arm-none-eabi/include/c++/12.3.1/bits/stl_iterator.h:1353:5:_Iterator std::__niter_base(__gnu_cxx::__normal_iterator<_Iterator, _Container>) [with _Iterator = VoiceMailBox::Updatable**; _Container = vector<VoiceMailBox::Updatable*>]	16	static
/home/dominik/st/stm32cubeide_1.15.1/plugins/com.st.stm32cube.ide.mcu.externaltools.gnu-tools-for-stm32.12.3.rel1.linux64_1.1.0.202410170702/tools/arm-none-eabi/include/c++/12.3.1/bits/stl_algobase.h:521:5:_OI std::__copy_move_a1(_II, _II, _OI) [with bool _IsMove = true; _II = VoiceMailBox::Updatable**; _OI = VoiceMailBox::Updatable**]	24	static
/home/dominik/st/stm32cubeide_1.15.1/plugins/com.st.stm32cube.ide.mcu.externaltools.gnu-tools-for-stm32.12.3.rel1.linux64_1.1.0.202410170702/tools/arm-none-eabi/include/c++/12.3.1/bits/stl_algobase.h:328:5:_From std::__niter_wrap(_From, _To) [with _From = __gnu_cxx::__normal_iterator<VoiceMailBox::Updatable**, vector<VoiceMailBox::Updatable*> >; _To = VoiceMailBox::Updatable**]	16	static
/home/dominik/st/stm32cubeide_1.15.1/plugins/com.st.stm32cube.ide.mcu.externaltools.gnu-tools-for-stm32.12.3.rel1.linux64_1.1.0.202410170702/tools/arm-none-eabi/include/c++/12.3.1/bits/stl_vector.h:1911:7:static std::vector<_Tp, _Alloc>::size_type std::vector<_Tp, _Alloc>::_S_max_size(const _Tp_alloc_type&) [with _Tp = VoiceMailBox::Updatable*; _Alloc = std::allocator<VoiceMailBox::Updatable*>]	24	static
/home/dominik/st/stm32cubeide_1.15.1/plugins/com.st.stm32cube.ide.mcu.externaltools.gnu-tools-for-stm32.12.3.rel1.linux64_1.1.0.202410170702/tools/arm-none-eabi/include/c++/12.3.1/bits/stl_vector.h:303:7:const std::_Vector_base<_Tp, _Alloc>::_Tp_alloc_type& std::_Vector_base<_Tp, _Alloc>::_M_get_Tp_allocator() const [with _Tp = VoiceMailBox::Updatable*; _Alloc = std::allocator<VoiceMailBox::Updatable*>]	16	static
/home/dominik/st/stm32cubeide_1.15.1/plugins/com.st.stm32cube.ide.mcu.externaltools.gnu-tools-for-stm32.12.3.rel1.linux64_1.1.0.202410170702/tools/arm-none-eabi/include/c++/12.3.1/bits/new_allocator.h:112:7:_Tp* std::__new_allocator<_Tp>::allocate(size_type, const void*) [with _Tp = VoiceMailBox::Updatable*]	24	static
/home/dominik/st/stm32cubeide_1.15.1/plugins/com.st.stm32cube.ide.mcu.externaltools.gnu-tools-for-stm32.12.3.rel1.linux64_1.1.0.202410170702/tools/arm-none-eabi/include/c++/12.3.1/bits/stl_uninitialized.h:1127:5:_ForwardIterator std::__relocate_a(_InputIterator, _InputIterator, _ForwardIterator, _Allocator&) [with _InputIterator = VoiceMailBox::Updatable**; _ForwardIterator = VoiceMailBox::Updatable**; _Allocator = allocator<VoiceMailBox::Updatable*>]	32	static
/home/dominik/st/stm32cubeide_1.15.1/plugins/com.st.stm32cube.ide.mcu.externaltools.gnu-tools-for-stm32.12.3.rel1.linux64_1.1.0.202410170702/tools/arm-none-eabi/include/c++/12.3.1/bits/stl_iterator.h:1515:7:std::move_iterator<_Iterator>::move_iterator(iterator_type) [with _Iterator = VoiceMailBox::Updatable**]	16	static
/home/dominik/st/stm32cubeide_1.15.1/plugins/com.st.stm32cube.ide.mcu.externaltools.gnu-tools-for-stm32.12.3.rel1.linux64_1.1.0.202410170702/tools/arm-none-eabi/include/c++/12.3.1/bits/stl_uninitialized.h:163:5:_ForwardIterator std::uninitialized_copy(_InputIterator, _InputIterator, _ForwardIterator) [with _InputIterator = move_iterator<VoiceMailBox::Updatable**>; _ForwardIterator = VoiceMailBox::Updatable**]	32	static
/home/dominik/st/stm32cubeide_1.15.1/plugins/com.st.stm32cube.ide.mcu.externaltools.gnu-tools-for-stm32.12.3.rel1.linux64_1.1.0.202410170702/tools/arm-none-eabi/include/c++/12.3.1/bits/stl_algobase.h:486:5:_OI std::__copy_move_a2(_II, _II, _OI) [with bool _IsMove = true; _II = VoiceMailBox::Updatable**; _OI = VoiceMailBox::Updatable**]	24	static
/home/dominik/st/stm32cubeide_1.15.1/plugins/com.st.stm32cube.ide.mcu.externaltools.gnu-tools-for-stm32.12.3.rel1.linux64_1.1.0.202410170702/tools/arm-none-eabi/include/c++/12.3.1/bits/alloc_traits.h:547:7:static std::allocator_traits<std::allocator<_Tp1> >::size_type std::allocator_traits<std::allocator<_Tp1> >::max_size(const allocator_type&) [with _Tp = VoiceMailBox::Updatable*]	16	static
/home/dominik/st/stm32cubeide_1.15.1/plugins/com.st.stm32cube.ide.mcu.externaltools.gnu-tools-for-stm32.12.3.rel1.linux64_1.1.0.202410170702/tools/arm-none-eabi/include/c++/12.3.1/bits/stl_algobase.h:230:5:constexpr const _Tp& std::min(const _Tp&, const _Tp&) [with _Tp = unsigned int]	16	static
/home/dominik/st/stm32cubeide_1.15.1/plugins/com.st.stm32cube.ide.mcu.externaltools.gnu-tools-for-stm32.12.3.rel1.linux64_1.1.0.202410170702/tools/arm-none-eabi/include/c++/12.3.1/bits/new_allocator.h:210:7:constexpr std::__new_allocator<_Tp>::size_type std::__new_allocator<_Tp>::_M_max_size() const [with _Tp = VoiceMailBox::Updatable*]	16	static
/home/dominik/st/stm32cubeide_1.15.1/plugins/com.st.stm32cube.ide.mcu.externaltools.gnu-tools-for-stm32.12.3.rel1.linux64_1.1.0.202410170702/tools/arm-none-eabi/include/c++/12.3.1/bits/stl_algobase.h:313:5:_Iterator std::__niter_base(_Iterator) [with _Iterator = VoiceMailBox::Updatable**]	16	static
/home/dominik/st/stm32cubeide_1.15.1/plugins/com.st.stm32cube.ide.mcu.externaltools.gnu-tools-for-stm32.12.3.rel1.linux64_1.1.0.202410170702/tools/arm-none-eabi/include/c++/12.3.1/bits/stl_uninitialized.h:1100:5:std::__enable_if_t<std::__is_bitwise_relocatable<_Tp>::value, _Tp*> std::__relocate_a_1(_Tp*, _Tp*, _Tp*, allocator<_T2>&) [with _Tp = VoiceMailBox::Updatable*; _Up = VoiceMailBox::Updatable*]	32	static
/home/dominik/st/stm32cubeide_1.15.1/plugins/com.st.stm32cube.ide.mcu.externaltools.gnu-tools-for-stm32.12.3.rel1.linux64_1.1.0.202410170702/tools/arm-none-eabi/include/c++/12.3.1/bits/move.h:104:5:constexpr typename std::remove_reference<_Tp>::type&& std::move(_Tp&&) [with _Tp = VoiceMailBox::Updatable**&]	16	static
/home/dominik/st/stm32cubeide_1.15.1/plugins/com.st.stm32cube.ide.mcu.externaltools.gnu-tools-for-stm32.12.3.rel1.linux64_1.1.0.202410170702/tools/arm-none-eabi/include/c++/12.3.1/bits/stl_uninitialized.h:145:9:static _ForwardIterator std::__uninitialized_copy<true>::__uninit_copy(_InputIterator, _InputIterator, _ForwardIterator) [with _InputIterator = std::move_iterator<VoiceMailBox::Updatable**>; _ForwardIterator = VoiceMailBox::Updatable**]	24	static
/home/dominik/st/stm32cubeide_1.15.1/plugins/com.st.stm32cube.ide.mcu.externaltools.gnu-tools-for-stm32.12.3.rel1.linux64_1.1.0.202410170702/tools/arm-none-eabi/include/c++/12.3.1/bits/stl_algobase.h:420:2:static _Tp* std::__copy_move<_IsMove, true, std::random_access_iterator_tag>::__copy_m(const _Tp*, const _Tp*, _Tp*) [with _Tp = VoiceMailBox::Updatable*; bool _IsMove = true]	32	static
/home/dominik/st/stm32cubeide_1.15.1/plugins/com.st.stm32cube.ide.mcu.externaltools.gnu-tools-for-stm32.12.3.rel1.linux64_1.1.0.202410170702/tools/arm-none-eabi/include/c++/12.3.1/bits/new_allocator.h:167:7:std::__new_allocator<_Tp>::size_type std::__new_allocator<_Tp>::max_size() const [with _Tp = VoiceMailBox::Updatable*]	16	static
/home/dominik/st/stm32cubeide_1.15.1/plugins/com.st.stm32cube.ide.mcu.externaltools.gnu-tools-for-stm32.12.3.rel1.linux64_1.1.0.202410170702/tools/arm-none-eabi/include/c++/12.3.1/bits/stl_algobase.h:611:5:_OI std::copy(_II, _II, _OI) [with _II = move_iterator<VoiceMailBox::Updatable**>; _OI = VoiceMailBox::Updatable**]	32	static
/home/dominik/st/stm32cubeide_1.15.1/plugins/com.st.stm32cube.ide.mcu.externaltools.gnu-tools-for-stm32.12.3.rel1.linux64_1.1.0.202410170702/tools/arm-none-eabi/include/c++/12.3.1/bits/stl_iterator.h:2587:5:base())) std::__miter_base(move_iterator<_IteratorL>) [with _Iterator = VoiceMailBox::Updatable**]	16	static
/home/dominik/st/stm32cubeide_1.15.1/plugins/com.st.stm32cube.ide.mcu.externaltools.gnu-tools-for-stm32.12.3.rel1.linux64_1.1.0.202410170702/tools/arm-none-eabi/include/c++/12.3.1/bits/stl_algobase.h:527:5:_OI std::__copy_move_a(_II, _II, _OI) [with bool _IsMove = true; _II = VoiceMailBox::Updatable**; _OI = VoiceMailBox::Updatable**]	32	static
/home/dominik/st/stm32cubeide_1.15.1/plugins/com.st.stm32cube.ide.mcu.externaltools.gnu-tools-for-stm32.12.3.rel1.linux64_1.1.0.202410170702/tools/arm-none-eabi/include/c++/12.3.1/bits/stl_iterator.h:1541:7:std::move_iterator<_Iterator>::iterator_type std::move_iterator<_Iterator>::base() const [with _Iterator = VoiceMailBox::Updatable**]	16	static
/home/dominik/st/stm32cubeide_1.15.1/plugins/com.st.stm32cube.ide.mcu.externaltools.gnu-tools-for-stm32.12.3.rel1.linux64_1.1.0.202410170702/tools/arm-none-eabi/include/c++/12.3.1/bits/cpp_type_traits.h:562:5:_Iterator std::__miter_base(_Iterator) [with _Iterator = VoiceMailBox::Updatable**]	16	static
/home/dominik/st/stm32cubeide_1.15.1/plugins/com.st.stm32cube.ide.mcu.externaltools.gnu-tools-for-stm32.12.3.rel1.linux64_1.1.0.202410170702/tools/arm-none-eabi/include/c++/12.3.1/bits/stl_algobase.h:335:5:_Iterator std::__niter_wrap(const _Iterator&, _Iterator) [with _Iterator = VoiceMailBox::Updatable**]	16	static
